############ RUN A (pilot_mode=last) started Wed Sep  2 00:31:06 EDT 2026 ############
split=train  episodes=1665  steps=69606
scans=6
marginal-prior loss H(actions) = 0.9744  (uniform ln(4) = 1.3863)
Eq.14 target coverage: 0.952 (irrelevant here -- Stage 0' has no L_pil)

mean ||v_bar|| = 14.798 (D18 bias-init target)

action prior: LEFT=0.183  FWD=0.639  RIGHT=0.154  STOP=0.024
BASELINES  loss: uniform=1.3863  marginal=0.9744
           acc : majority-class(FWD)=0.639

pilot_mode=last  (A: h_act == h_pil == H[-1])
LR cosine: warmup 100 -> peak 1.00e-04 -> 5.00e-06 at step 17400 (floor 5% of peak)
epochs over 69,606 steps at batch 8: 2.00

step     50  loss 2.1317  acc 0.443  STOP-recall 0.143 (n=7)  lr 5.10e-05  2.03 it/s
step    100  loss 1.0837  acc 0.603  STOP-recall 0.000 (n=7)  lr 1.00e-04  2.05 it/s
step    150  loss 0.9920  acc 0.630  STOP-recall 0.000 (n=9)  lr 1.00e-04  2.05 it/s
step    200  loss 0.8915  acc 0.685  STOP-recall 0.000 (n=7)  lr 1.00e-04  2.04 it/s
step    250  loss 0.9236  acc 0.662  STOP-recall 0.000 (n=9)  lr 1.00e-04  2.04 it/s
step    300  loss 0.9166  acc 0.655  STOP-recall 0.000 (n=13)  lr 1.00e-04  2.04 it/s
step    350  loss 0.9563  acc 0.637  STOP-recall 0.000 (n=12)  lr 1.00e-04  2.04 it/s
step    400  loss 0.8775  acc 0.685  STOP-recall 0.000 (n=11)  lr 9.99e-05  2.04 it/s
step    450  loss 0.8401  acc 0.670  STOP-recall 0.000 (n=7)  lr 9.99e-05  2.04 it/s
step    500  loss 0.7634  acc 0.695  STOP-recall 0.000 (n=8)  lr 9.99e-05  2.04 it/s
  saved -> checkpoints/stage0prime_A/step500
step    550  loss 0.8132  acc 0.708  STOP-recall 0.000 (n=7)  lr 9.98e-05  2.02 it/s
step    600  loss 0.7324  acc 0.723  STOP-recall 0.000 (n=9)  lr 9.98e-05  2.02 it/s
step    650  loss 0.7565  acc 0.715  STOP-recall 0.000 (n=4)  lr 9.98e-05  2.02 it/s
step    700  loss 0.8635  acc 0.698  STOP-recall 0.000 (n=14)  lr 9.97e-05  2.03 it/s
step    750  loss 0.7049  acc 0.735  STOP-recall 0.000 (n=11)  lr 9.97e-05  2.03 it/s
step    800  loss 0.8437  acc 0.708  STOP-recall 0.000 (n=10)  lr 9.96e-05  2.03 it/s
step    850  loss 0.6889  acc 0.760  STOP-recall 0.000 (n=10)  lr 9.96e-05  2.03 it/s
step    900  loss 0.6791  acc 0.762  STOP-recall 0.000 (n=8)  lr 9.95e-05  2.03 it/s
step    950  loss 0.7456  acc 0.703  STOP-recall 0.000 (n=9)  lr 9.94e-05  2.03 it/s
step   1000  loss 0.6640  acc 0.787  STOP-recall 0.000 (n=15)  lr 9.94e-05  2.03 it/s
  saved -> checkpoints/stage0prime_A/step1000
step   1050  loss 0.6792  acc 0.750  STOP-recall 0.000 (n=10)  lr 9.93e-05  2.02 it/s
step   1100  loss 0.6596  acc 0.755  STOP-recall 0.000 (n=8)  lr 9.92e-05  2.03 it/s
step   1150  loss 0.5716  acc 0.805  STOP-recall 0.000 (n=9)  lr 9.91e-05  2.03 it/s
step   1200  loss 0.6053  acc 0.782  STOP-recall 0.000 (n=7)  lr 9.91e-05  2.03 it/s
step   1250  loss 0.6499  acc 0.762  STOP-recall 0.000 (n=7)  lr 9.90e-05  2.03 it/s
step   1300  loss 0.6083  acc 0.780  STOP-recall 0.000 (n=8)  lr 9.89e-05  2.03 it/s
step   1350  loss 0.5928  acc 0.797  STOP-recall 0.000 (n=13)  lr 9.88e-05  2.03 it/s
step   1400  loss 0.5865  acc 0.795  STOP-recall 0.000 (n=13)  lr 9.87e-05  2.03 it/s
step   1450  loss 0.5652  acc 0.797  STOP-recall 0.000 (n=8)  lr 9.86e-05  2.03 it/s
step   1500  loss 0.5074  acc 0.838  STOP-recall 0.000 (n=6)  lr 9.85e-05  2.03 it/s
  saved -> checkpoints/stage0prime_A/step1500
step   1550  loss 0.6000  acc 0.818  STOP-recall 0.000 (n=10)  lr 9.84e-05  2.03 it/s
step   1600  loss 0.6200  acc 0.810  STOP-recall 0.000 (n=13)  lr 9.82e-05  2.03 it/s
step   1650  loss 0.4785  acc 0.845  STOP-recall 0.000 (n=6)  lr 9.81e-05  2.03 it/s
step   1700  loss 0.5398  acc 0.812  STOP-recall 0.000 (n=16)  lr 9.80e-05  2.03 it/s
step   1750  loss 0.4449  acc 0.848  STOP-recall 0.000 (n=6)  lr 9.79e-05  2.03 it/s
step   1800  loss 0.6102  acc 0.777  STOP-recall 0.000 (n=9)  lr 9.78e-05  2.03 it/s
step   1850  loss 0.4925  acc 0.840  STOP-recall 0.000 (n=10)  lr 9.76e-05  2.03 it/s
step   1900  loss 0.5474  acc 0.835  STOP-recall 0.000 (n=10)  lr 9.75e-05  2.03 it/s
step   1950  loss 0.5001  acc 0.828  STOP-recall 0.000 (n=10)  lr 9.73e-05  2.03 it/s
step   2000  loss 0.5337  acc 0.835  STOP-recall 0.000 (n=7)  lr 9.72e-05  2.03 it/s
  saved -> checkpoints/stage0prime_A/step2000
step   2050  loss 0.4696  acc 0.843  STOP-recall 0.000 (n=5)  lr 9.71e-05  2.03 it/s
step   2100  loss 0.4700  acc 0.838  STOP-recall 0.000 (n=7)  lr 9.69e-05  2.03 it/s
step   2150  loss 0.5412  acc 0.838  STOP-recall 0.000 (n=9)  lr 9.67e-05  2.03 it/s
step   2200  loss 0.4501  acc 0.858  STOP-recall 0.000 (n=14)  lr 9.66e-05  2.03 it/s
step   2250  loss 0.4673  acc 0.850  STOP-recall 0.000 (n=14)  lr 9.64e-05  2.03 it/s
step   2300  loss 0.5065  acc 0.838  STOP-recall 0.000 (n=7)  lr 9.63e-05  2.03 it/s
step   2350  loss 0.4871  acc 0.850  STOP-recall 0.000 (n=15)  lr 9.61e-05  2.03 it/s
step   2400  loss 0.5271  acc 0.823  STOP-recall 0.000 (n=9)  lr 9.59e-05  2.03 it/s
step   2450  loss 0.5336  acc 0.830  STOP-recall 0.000 (n=9)  lr 9.57e-05  2.03 it/s
step   2500  loss 0.4784  acc 0.860  STOP-recall 0.000 (n=10)  lr 9.56e-05  2.03 it/s
  saved -> checkpoints/stage0prime_A/step2500
step   2550  loss 0.5637  acc 0.800  STOP-recall 0.000 (n=15)  lr 9.54e-05  2.02 it/s
step   2600  loss 0.5093  acc 0.815  STOP-recall 0.000 (n=8)  lr 9.52e-05  2.03 it/s
step   2650  loss 0.3629  acc 0.902  STOP-recall 0.000 (n=8)  lr 9.50e-05  2.03 it/s
