############ RUN A (pilot_mode=last) started Wed Sep  2 00:54:01 EDT 2026 ############
split=train  episodes=1665  steps=69606
scans=6
marginal-prior loss H(actions) = 0.9744  (uniform ln(4) = 1.3863)
Eq.14 target coverage: 0.952 (irrelevant here -- Stage 0' has no L_pil)

mean ||v_bar|| = 14.798 (D18 bias-init target)

action prior: LEFT=0.183  FWD=0.639  RIGHT=0.154  STOP=0.024
BASELINES  loss: uniform=1.3863  marginal=0.9744
           acc : majority-class(FWD)=0.639

pilot_mode=last  (A: h_act == h_pil == H[-1])
LR cosine: warmup 100 -> peak 1.00e-04 -> 5.00e-06 at step 17400 (floor 5% of peak)
epochs over 69,606 steps at batch 8: 2.00

step     50  loss 2.1317  acc 0.443  STOP-recall 0.143 (n=7)  lr 5.10e-05  2.03 it/s
step    100  loss 1.0837  acc 0.603  STOP-recall 0.000 (n=7)  lr 1.00e-04  2.05 it/s
step    150  loss 0.9920  acc 0.630  STOP-recall 0.000 (n=9)  lr 1.00e-04  2.04 it/s
step    200  loss 0.8915  acc 0.685  STOP-recall 0.000 (n=7)  lr 1.00e-04  2.04 it/s
step    250  loss 0.9236  acc 0.662  STOP-recall 0.000 (n=9)  lr 1.00e-04  2.04 it/s
step    300  loss 0.9166  acc 0.655  STOP-recall 0.000 (n=13)  lr 1.00e-04  2.03 it/s
step    350  loss 0.9563  acc 0.637  STOP-recall 0.000 (n=12)  lr 1.00e-04  2.03 it/s
step    400  loss 0.8775  acc 0.685  STOP-recall 0.000 (n=11)  lr 9.99e-05  2.03 it/s
step    450  loss 0.8401  acc 0.670  STOP-recall 0.000 (n=7)  lr 9.99e-05  2.03 it/s
step    500  loss 0.7634  acc 0.695  STOP-recall 0.000 (n=8)  lr 9.99e-05  2.03 it/s
  saved -> checkpoints/stage0prime_A/step500
step    550  loss 0.8132  acc 0.708  STOP-recall 0.000 (n=7)  lr 9.98e-05  2.02 it/s
step    600  loss 0.7324  acc 0.723  STOP-recall 0.000 (n=9)  lr 9.98e-05  2.02 it/s
step    650  loss 0.7565  acc 0.715  STOP-recall 0.000 (n=4)  lr 9.98e-05  2.02 it/s
step    700  loss 0.8635  acc 0.698  STOP-recall 0.000 (n=14)  lr 9.97e-05  2.02 it/s
step    750  loss 0.7049  acc 0.735  STOP-recall 0.000 (n=11)  lr 9.97e-05  2.02 it/s
step    800  loss 0.8437  acc 0.708  STOP-recall 0.000 (n=10)  lr 9.96e-05  2.02 it/s
step    850  loss 0.6889  acc 0.760  STOP-recall 0.000 (n=10)  lr 9.96e-05  2.02 it/s
step    900  loss 0.6791  acc 0.762  STOP-recall 0.000 (n=8)  lr 9.95e-05  2.02 it/s
step    950  loss 0.7456  acc 0.703  STOP-recall 0.000 (n=9)  lr 9.94e-05  2.03 it/s
step   1000  loss 0.6640  acc 0.787  STOP-recall 0.000 (n=15)  lr 9.94e-05  2.03 it/s
  saved -> checkpoints/stage0prime_A/step1000
step   1050  loss 0.6792  acc 0.750  STOP-recall 0.000 (n=10)  lr 9.93e-05  2.02 it/s
step   1100  loss 0.6596  acc 0.755  STOP-recall 0.000 (n=8)  lr 9.92e-05  2.02 it/s
step   1150  loss 0.5716  acc 0.805  STOP-recall 0.000 (n=9)  lr 9.91e-05  2.02 it/s
step   1200  loss 0.6053  acc 0.782  STOP-recall 0.000 (n=7)  lr 9.91e-05  2.02 it/s
step   1250  loss 0.6499  acc 0.762  STOP-recall 0.000 (n=7)  lr 9.90e-05  2.02 it/s
step   1300  loss 0.6083  acc 0.780  STOP-recall 0.000 (n=8)  lr 9.89e-05  2.02 it/s
step   1350  loss 0.5928  acc 0.797  STOP-recall 0.000 (n=13)  lr 9.88e-05  2.02 it/s
step   1400  loss 0.5865  acc 0.795  STOP-recall 0.000 (n=13)  lr 9.87e-05  2.02 it/s
step   1450  loss 0.5652  acc 0.797  STOP-recall 0.000 (n=8)  lr 9.86e-05  2.02 it/s
step   1500  loss 0.5074  acc 0.838  STOP-recall 0.000 (n=6)  lr 9.85e-05  2.02 it/s
  saved -> checkpoints/stage0prime_A/step1500
step   1550  loss 0.6000  acc 0.818  STOP-recall 0.000 (n=10)  lr 9.84e-05  2.02 it/s
step   1600  loss 0.6200  acc 0.810  STOP-recall 0.000 (n=13)  lr 9.82e-05  2.02 it/s
step   1650  loss 0.4785  acc 0.845  STOP-recall 0.000 (n=6)  lr 9.81e-05  2.02 it/s
step   1700  loss 0.5398  acc 0.812  STOP-recall 0.000 (n=16)  lr 9.80e-05  2.02 it/s
step   1750  loss 0.4449  acc 0.848  STOP-recall 0.000 (n=6)  lr 9.79e-05  2.02 it/s
step   1800  loss 0.6102  acc 0.777  STOP-recall 0.000 (n=9)  lr 9.78e-05  2.02 it/s
step   1850  loss 0.4925  acc 0.840  STOP-recall 0.000 (n=10)  lr 9.76e-05  2.02 it/s
step   1900  loss 0.5474  acc 0.835  STOP-recall 0.000 (n=10)  lr 9.75e-05  2.02 it/s
step   1950  loss 0.5001  acc 0.828  STOP-recall 0.000 (n=10)  lr 9.73e-05  2.02 it/s
step   2000  loss 0.5337  acc 0.835  STOP-recall 0.000 (n=7)  lr 9.72e-05  2.02 it/s
  saved -> checkpoints/stage0prime_A/step2000
step   2050  loss 0.4696  acc 0.843  STOP-recall 0.000 (n=5)  lr 9.71e-05  2.01 it/s
step   2100  loss 0.4700  acc 0.838  STOP-recall 0.000 (n=7)  lr 9.69e-05  2.01 it/s
step   2150  loss 0.5412  acc 0.838  STOP-recall 0.000 (n=9)  lr 9.67e-05  2.01 it/s
step   2200  loss 0.4501  acc 0.858  STOP-recall 0.000 (n=14)  lr 9.66e-05  2.01 it/s
step   2250  loss 0.4673  acc 0.850  STOP-recall 0.000 (n=14)  lr 9.64e-05  2.01 it/s
step   2300  loss 0.5065  acc 0.838  STOP-recall 0.000 (n=7)  lr 9.63e-05  2.01 it/s
step   2350  loss 0.4871  acc 0.850  STOP-recall 0.000 (n=15)  lr 9.61e-05  2.02 it/s
step   2400  loss 0.5271  acc 0.823  STOP-recall 0.000 (n=9)  lr 9.59e-05  2.02 it/s
step   2450  loss 0.5336  acc 0.830  STOP-recall 0.000 (n=9)  lr 9.57e-05  2.02 it/s
step   2500  loss 0.4784  acc 0.860  STOP-recall 0.000 (n=10)  lr 9.56e-05  2.02 it/s
  saved -> checkpoints/stage0prime_A/step2500
step   2550  loss 0.5637  acc 0.800  STOP-recall 0.000 (n=15)  lr 9.54e-05  2.01 it/s
step   2600  loss 0.5093  acc 0.815  STOP-recall 0.000 (n=8)  lr 9.52e-05  2.01 it/s
step   2650  loss 0.3629  acc 0.902  STOP-recall 0.000 (n=8)  lr 9.50e-05  2.01 it/s
step   2700  loss 0.5152  acc 0.853  STOP-recall 0.000 (n=15)  lr 9.48e-05  2.01 it/s
step   2750  loss 0.4268  acc 0.873  STOP-recall 0.000 (n=14)  lr 9.46e-05  2.01 it/s
step   2800  loss 0.3846  acc 0.882  STOP-recall 0.000 (n=7)  lr 9.44e-05  2.01 it/s
step   2850  loss 0.4266  acc 0.880  STOP-recall 0.000 (n=11)  lr 9.42e-05  2.02 it/s
step   2900  loss 0.4850  acc 0.843  STOP-recall 0.000 (n=13)  lr 9.40e-05  2.02 it/s
step   2950  loss 0.5094  acc 0.850  STOP-recall 0.000 (n=10)  lr 9.38e-05  2.02 it/s
step   3000  loss 0.5001  acc 0.855  STOP-recall 0.000 (n=7)  lr 9.36e-05  2.02 it/s
  saved -> checkpoints/stage0prime_A/step3000
step   3050  loss 0.4729  acc 0.848  STOP-recall 0.000 (n=16)  lr 9.33e-05  2.01 it/s
step   3100  loss 0.4238  acc 0.860  STOP-recall 0.000 (n=7)  lr 9.31e-05  2.01 it/s
step   3150  loss 0.4841  acc 0.843  STOP-recall 0.000 (n=9)  lr 9.29e-05  2.01 it/s
step   3200  loss 0.4682  acc 0.843  STOP-recall 0.000 (n=10)  lr 9.27e-05  2.01 it/s
step   3250  loss 0.3942  acc 0.887  STOP-recall 0.000 (n=9)  lr 9.24e-05  2.01 it/s
step   3300  loss 0.3953  acc 0.882  STOP-recall 0.000 (n=8)  lr 9.22e-05  2.01 it/s
step   3350  loss 0.4081  acc 0.868  STOP-recall 0.000 (n=8)  lr 9.20e-05  2.02 it/s
step   3400  loss 0.3745  acc 0.873  STOP-recall 0.000 (n=3)  lr 9.17e-05  2.02 it/s
step   3450  loss 0.4089  acc 0.875  STOP-recall 0.000 (n=7)  lr 9.15e-05  2.02 it/s
step   3500  loss 0.4531  acc 0.863  STOP-recall 0.000 (n=10)  lr 9.12e-05  2.02 it/s
  saved -> checkpoints/stage0prime_A/step3500
step   3550  loss 0.3346  acc 0.887  STOP-recall 0.000 (n=9)  lr 9.10e-05  2.01 it/s
step   3600  loss 0.4470  acc 0.877  STOP-recall 0.000 (n=8)  lr 9.07e-05  2.01 it/s
step   3650  loss 0.4334  acc 0.865  STOP-recall 0.000 (n=8)  lr 9.05e-05  2.01 it/s
step   3700  loss 0.3326  acc 0.905  STOP-recall 0.000 (n=6)  lr 9.02e-05  2.01 it/s
step   3750  loss 0.4207  acc 0.873  STOP-recall 0.000 (n=12)  lr 8.99e-05  2.01 it/s
step   3800  loss 0.4621  acc 0.860  STOP-recall 0.000 (n=12)  lr 8.97e-05  2.01 it/s
step   3850  loss 0.3678  acc 0.897  STOP-recall 0.111 (n=9)  lr 8.94e-05  2.01 it/s
step   3900  loss 0.4394  acc 0.875  STOP-recall 0.000 (n=10)  lr 8.91e-05  2.01 it/s
step   3950  loss 0.3111  acc 0.902  STOP-recall 0.000 (n=11)  lr 8.89e-05  2.01 it/s
step   4000  loss 0.4592  acc 0.877  STOP-recall 0.000 (n=8)  lr 8.86e-05  2.01 it/s
  saved -> checkpoints/stage0prime_A/step4000
step   4050  loss 0.3031  acc 0.910  STOP-recall 0.000 (n=9)  lr 8.83e-05  2.01 it/s
step   4100  loss 0.3306  acc 0.907  STOP-recall 0.000 (n=9)  lr 8.80e-05  2.01 it/s
step   4150  loss 0.3998  acc 0.882  STOP-recall 0.000 (n=11)  lr 8.77e-05  2.01 it/s
step   4200  loss 0.3515  acc 0.895  STOP-recall 0.000 (n=10)  lr 8.74e-05  2.01 it/s
step   4250  loss 0.3389  acc 0.905  STOP-recall 0.000 (n=9)  lr 8.71e-05  2.01 it/s
step   4300  loss 0.4024  acc 0.890  STOP-recall 0.000 (n=12)  lr 8.68e-05  2.01 it/s
step   4350  loss 0.4021  acc 0.865  STOP-recall 0.000 (n=12)  lr 8.65e-05  2.01 it/s
step   4400  loss 0.3974  acc 0.858  STOP-recall 0.000 (n=11)  lr 8.62e-05  2.01 it/s
step   4450  loss 0.4099  acc 0.890  STOP-recall 0.000 (n=10)  lr 8.59e-05  2.01 it/s
step   4500  loss 0.3771  acc 0.892  STOP-recall 0.000 (n=12)  lr 8.56e-05  2.02 it/s
  saved -> checkpoints/stage0prime_A/step4500
step   4550  loss 0.3073  acc 0.910  STOP-recall 0.000 (n=10)  lr 8.53e-05  2.01 it/s
step   4600  loss 0.3069  acc 0.917  STOP-recall 0.000 (n=4)  lr 8.50e-05  2.01 it/s
step   4650  loss 0.3782  acc 0.895  STOP-recall 0.000 (n=6)  lr 8.47e-05  2.01 it/s
step   4700  loss 0.3792  acc 0.868  STOP-recall 0.000 (n=10)  lr 8.44e-05  2.01 it/s
step   4750  loss 0.3250  acc 0.895  STOP-recall 0.000 (n=6)  lr 8.40e-05  2.01 it/s
step   4800  loss 0.3696  acc 0.887  STOP-recall 0.000 (n=7)  lr 8.37e-05  2.01 it/s
step   4850  loss 0.4014  acc 0.880  STOP-recall 0.000 (n=9)  lr 8.34e-05  2.01 it/s
step   4900  loss 0.3314  acc 0.880  STOP-recall 0.000 (n=6)  lr 8.31e-05  2.01 it/s
step   4950  loss 0.3783  acc 0.890  STOP-recall 0.000 (n=12)  lr 8.27e-05  2.01 it/s
step   5000  loss 0.3380  acc 0.887  STOP-recall 0.059 (n=17)  lr 8.24e-05  2.01 it/s
  saved -> checkpoints/stage0prime_A/step5000
step   5050  loss 0.3913  acc 0.880  STOP-recall 0.000 (n=10)  lr 8.21e-05  2.01 it/s
step   5100  loss 0.2854  acc 0.915  STOP-recall 0.000 (n=6)  lr 8.17e-05  2.01 it/s
step   5150  loss 0.3874  acc 0.905  STOP-recall 0.000 (n=17)  lr 8.14e-05  2.01 it/s
step   5200  loss 0.3614  acc 0.900  STOP-recall 0.000 (n=13)  lr 8.10e-05  2.01 it/s
step   5250  loss 0.3402  acc 0.907  STOP-recall 0.000 (n=15)  lr 8.07e-05  2.01 it/s
step   5300  loss 0.4107  acc 0.887  STOP-recall 0.000 (n=6)  lr 8.03e-05  2.01 it/s
step   5350  loss 0.3323  acc 0.902  STOP-recall 0.000 (n=7)  lr 8.00e-05  2.01 it/s
step   5400  loss 0.3138  acc 0.900  STOP-recall 0.000 (n=7)  lr 7.96e-05  2.01 it/s
step   5450  loss 0.3316  acc 0.915  STOP-recall 0.000 (n=7)  lr 7.93e-05  2.01 it/s
step   5500  loss 0.3038  acc 0.912  STOP-recall 0.000 (n=11)  lr 7.89e-05  2.01 it/s
  saved -> checkpoints/stage0prime_A/step5500
step   5550  loss 0.2556  acc 0.920  STOP-recall 0.000 (n=7)  lr 7.86e-05  2.01 it/s
step   5600  loss 0.2910  acc 0.917  STOP-recall 0.111 (n=9)  lr 7.82e-05  2.01 it/s
step   5650  loss 0.2953  acc 0.920  STOP-recall 0.000 (n=9)  lr 7.78e-05  2.01 it/s
step   5700  loss 0.3480  acc 0.897  STOP-recall 0.125 (n=8)  lr 7.75e-05  2.01 it/s
step   5750  loss 0.2408  acc 0.940  STOP-recall 0.000 (n=9)  lr 7.71e-05  2.01 it/s
step   5800  loss 0.2642  acc 0.930  STOP-recall 0.000 (n=8)  lr 7.67e-05  2.01 it/s
step   5850  loss 0.3971  acc 0.902  STOP-recall 0.143 (n=7)  lr 7.64e-05  2.01 it/s
step   5900  loss 0.2940  acc 0.927  STOP-recall 0.000 (n=7)  lr 7.60e-05  2.01 it/s
step   5950  loss 0.3711  acc 0.887  STOP-recall 0.000 (n=12)  lr 7.56e-05  2.01 it/s
step   6000  loss 0.3066  acc 0.907  STOP-recall 0.067 (n=15)  lr 7.52e-05  2.01 it/s
  saved -> checkpoints/stage0prime_A/step6000
step   6050  loss 0.3152  acc 0.915  STOP-recall 0.100 (n=10)  lr 7.49e-05  2.01 it/s
step   6100  loss 0.3858  acc 0.902  STOP-recall 0.083 (n=12)  lr 7.45e-05  2.01 it/s
step   6150  loss 0.2410  acc 0.912  STOP-recall 0.111 (n=9)  lr 7.41e-05  2.01 it/s
step   6200  loss 0.3924  acc 0.895  STOP-recall 0.154 (n=13)  lr 7.37e-05  2.01 it/s
step   6250  loss 0.3336  acc 0.892  STOP-recall 0.000 (n=9)  lr 7.33e-05  2.01 it/s
step   6300  loss 0.3802  acc 0.912  STOP-recall 0.100 (n=10)  lr 7.29e-05  2.01 it/s
step   6350  loss 0.2996  acc 0.902  STOP-recall 0.000 (n=13)  lr 7.26e-05  2.01 it/s
step   6400  loss 0.2268  acc 0.940  STOP-recall 0.250 (n=8)  lr 7.22e-05  2.01 it/s
step   6450  loss 0.2804  acc 0.920  STOP-recall 0.000 (n=6)  lr 7.18e-05  2.01 it/s
step   6500  loss 0.2949  acc 0.920  STOP-recall 0.286 (n=7)  lr 7.14e-05  2.01 it/s
  saved -> checkpoints/stage0prime_A/step6500
step   6550  loss 0.3000  acc 0.920  STOP-recall 0.300 (n=10)  lr 7.10e-05  2.01 it/s
step   6600  loss 0.2987  acc 0.915  STOP-recall 0.308 (n=13)  lr 7.06e-05  2.01 it/s
step   6650  loss 0.2795  acc 0.915  STOP-recall 0.000 (n=9)  lr 7.02e-05  2.01 it/s
step   6700  loss 0.3402  acc 0.920  STOP-recall 0.154 (n=13)  lr 6.98e-05  2.01 it/s
step   6750  loss 0.2700  acc 0.930  STOP-recall 0.091 (n=11)  lr 6.94e-05  2.01 it/s
step   6800  loss 0.2918  acc 0.925  STOP-recall 0.000 (n=7)  lr 6.90e-05  2.01 it/s
step   6850  loss 0.3263  acc 0.902  STOP-recall 0.100 (n=10)  lr 6.86e-05  2.01 it/s
step   6900  loss 0.2808  acc 0.910  STOP-recall 0.111 (n=9)  lr 6.82e-05  2.01 it/s
step   6950  loss 0.3426  acc 0.887  STOP-recall 0.125 (n=16)  lr 6.78e-05  2.01 it/s
step   7000  loss 0.2922  acc 0.917  STOP-recall 0.071 (n=14)  lr 6.73e-05  2.01 it/s
  saved -> checkpoints/stage0prime_A/step7000
step   7050  loss 0.2737  acc 0.920  STOP-recall 0.083 (n=12)  lr 6.69e-05  2.01 it/s
step   7100  loss 0.2943  acc 0.912  STOP-recall 0.286 (n=14)  lr 6.65e-05  2.01 it/s
step   7150  loss 0.3311  acc 0.910  STOP-recall 0.091 (n=11)  lr 6.61e-05  2.01 it/s
step   7200  loss 0.2146  acc 0.953  STOP-recall 0.200 (n=5)  lr 6.57e-05  2.01 it/s
step   7250  loss 0.2590  acc 0.925  STOP-recall 0.000 (n=5)  lr 6.53e-05  2.01 it/s
step   7300  loss 0.2554  acc 0.938  STOP-recall 0.500 (n=10)  lr 6.49e-05  2.01 it/s
step   7350  loss 0.3159  acc 0.917  STOP-recall 0.286 (n=7)  lr 6.44e-05  2.01 it/s
step   7400  loss 0.2367  acc 0.925  STOP-recall 0.250 (n=8)  lr 6.40e-05  2.01 it/s
step   7450  loss 0.2095  acc 0.940  STOP-recall 0.308 (n=13)  lr 6.36e-05  2.01 it/s
step   7500  loss 0.2797  acc 0.922  STOP-recall 0.167 (n=12)  lr 6.32e-05  2.01 it/s
  saved -> checkpoints/stage0prime_A/step7500
step   7550  loss 0.2600  acc 0.912  STOP-recall 0.100 (n=10)  lr 6.28e-05  2.01 it/s
step   7600  loss 0.3023  acc 0.925  STOP-recall 0.091 (n=11)  lr 6.23e-05  2.01 it/s
step   7650  loss 0.2208  acc 0.940  STOP-recall 0.125 (n=8)  lr 6.19e-05  2.01 it/s
step   7700  loss 0.2670  acc 0.925  STOP-recall 0.000 (n=7)  lr 6.15e-05  2.01 it/s
step   7750  loss 0.2408  acc 0.938  STOP-recall 0.182 (n=11)  lr 6.11e-05  2.01 it/s
step   7800  loss 0.3242  acc 0.915  STOP-recall 0.125 (n=8)  lr 6.07e-05  2.01 it/s
step   7850  loss 0.3125  acc 0.910  STOP-recall 0.000 (n=8)  lr 6.02e-05  2.01 it/s
step   7900  loss 0.2900  acc 0.920  STOP-recall 0.167 (n=12)  lr 5.98e-05  2.01 it/s
step   7950  loss 0.1909  acc 0.935  STOP-recall 0.357 (n=14)  lr 5.94e-05  2.01 it/s
step   8000  loss 0.2398  acc 0.938  STOP-recall 0.167 (n=6)  lr 5.89e-05  2.01 it/s
  saved -> checkpoints/stage0prime_A/step8000
step   8050  loss 0.1558  acc 0.945  STOP-recall 0.250 (n=8)  lr 5.85e-05  2.01 it/s
step   8100  loss 0.2858  acc 0.940  STOP-recall 0.400 (n=10)  lr 5.81e-05  2.01 it/s
step   8150  loss 0.2284  acc 0.940  STOP-recall 0.429 (n=7)  lr 5.77e-05  2.01 it/s
step   8200  loss 0.1974  acc 0.953  STOP-recall 0.273 (n=11)  lr 5.72e-05  2.01 it/s
step   8250  loss 0.2823  acc 0.930  STOP-recall 0.231 (n=13)  lr 5.68e-05  2.01 it/s
step   8300  loss 0.2155  acc 0.948  STOP-recall 0.286 (n=7)  lr 5.64e-05  2.01 it/s
step   8350  loss 0.1749  acc 0.943  STOP-recall 0.200 (n=5)  lr 5.59e-05  2.01 it/s
step   8400  loss 0.2224  acc 0.935  STOP-recall 0.333 (n=6)  lr 5.55e-05  2.01 it/s
step   8450  loss 0.2561  acc 0.935  STOP-recall 0.111 (n=9)  lr 5.51e-05  2.01 it/s
step   8500  loss 0.2032  acc 0.938  STOP-recall 0.000 (n=8)  lr 5.47e-05  2.01 it/s
  saved -> checkpoints/stage0prime_A/step8500
step   8550  loss 0.2648  acc 0.927  STOP-recall 0.154 (n=13)  lr 5.42e-05  2.01 it/s
step   8600  loss 0.2376  acc 0.927  STOP-recall 0.143 (n=7)  lr 5.38e-05  2.01 it/s
step   8650  loss 0.2575  acc 0.930  STOP-recall 0.000 (n=7)  lr 5.34e-05  2.01 it/s
step   8700  loss 0.2450  acc 0.917  STOP-recall 0.182 (n=11)  lr 5.29e-05  2.01 it/s
step   8750  loss 0.1444  acc 0.950  STOP-recall 0.375 (n=8)  lr 5.25e-05  2.01 it/s
step   8800  loss 0.1679  acc 0.953  STOP-recall 0.143 (n=7)  lr 5.21e-05  2.01 it/s
step   8850  loss 0.1289  acc 0.970  STOP-recall 0.692 (n=13)  lr 5.16e-05  2.01 it/s
step   8900  loss 0.2093  acc 0.953  STOP-recall 0.455 (n=11)  lr 5.12e-05  2.01 it/s
step   8950  loss 0.2047  acc 0.932  STOP-recall 0.429 (n=14)  lr 5.08e-05  2.01 it/s
step   9000  loss 0.1557  acc 0.960  STOP-recall 0.444 (n=9)  lr 5.03e-05  2.01 it/s
  saved -> checkpoints/stage0prime_A/step9000
step   9050  loss 0.1941  acc 0.950  STOP-recall 0.538 (n=13)  lr 4.99e-05  2.01 it/s
step   9100  loss 0.1525  acc 0.950  STOP-recall 0.167 (n=6)  lr 4.95e-05  2.01 it/s
step   9150  loss 0.1231  acc 0.968  STOP-recall 0.429 (n=7)  lr 4.91e-05  2.01 it/s
step   9200  loss 0.2406  acc 0.940  STOP-recall 0.500 (n=8)  lr 4.86e-05  2.01 it/s
step   9250  loss 0.1452  acc 0.953  STOP-recall 0.400 (n=5)  lr 4.82e-05  2.01 it/s
step   9300  loss 0.2053  acc 0.945  STOP-recall 0.300 (n=10)  lr 4.78e-05  2.01 it/s
step   9350  loss 0.1864  acc 0.943  STOP-recall 0.333 (n=12)  lr 4.73e-05  2.01 it/s
step   9400  loss 0.3417  acc 0.920  STOP-recall 0.429 (n=14)  lr 4.69e-05  2.01 it/s
step   9450  loss 0.1546  acc 0.955  STOP-recall 0.300 (n=10)  lr 4.65e-05  2.01 it/s
step   9500  loss 0.2009  acc 0.943  STOP-recall 0.500 (n=12)  lr 4.61e-05  2.01 it/s
  saved -> checkpoints/stage0prime_A/step9500
step   9550  loss 0.1462  acc 0.965  STOP-recall 0.300 (n=10)  lr 4.56e-05  2.01 it/s
step   9600  loss 0.2285  acc 0.938  STOP-recall 0.182 (n=11)  lr 4.52e-05  2.01 it/s
step   9650  loss 0.1878  acc 0.953  STOP-recall 0.500 (n=8)  lr 4.48e-05  2.01 it/s
step   9700  loss 0.1974  acc 0.940  STOP-recall 0.111 (n=9)  lr 4.43e-05  2.01 it/s
step   9750  loss 0.1326  acc 0.958  STOP-recall 0.333 (n=12)  lr 4.39e-05  2.01 it/s
step   9800  loss 0.1957  acc 0.953  STOP-recall 0.571 (n=7)  lr 4.35e-05  2.01 it/s
step   9850  loss 0.1105  acc 0.970  STOP-recall 0.625 (n=8)  lr 4.31e-05  2.01 it/s
step   9900  loss 0.2442  acc 0.940  STOP-recall 0.571 (n=14)  lr 4.27e-05  2.01 it/s
step   9950  loss 0.2301  acc 0.953  STOP-recall 0.667 (n=3)  lr 4.22e-05  2.01 it/s
step  10000  loss 0.1645  acc 0.950  STOP-recall 0.692 (n=13)  lr 4.18e-05  2.01 it/s
  saved -> checkpoints/stage0prime_A/step10000
step  10050  loss 0.1915  acc 0.943  STOP-recall 0.222 (n=9)  lr 4.14e-05  2.01 it/s
step  10100  loss 0.0942  acc 0.975  STOP-recall 0.571 (n=7)  lr 4.10e-05  2.01 it/s
step  10150  loss 0.2276  acc 0.950  STOP-recall 0.250 (n=8)  lr 4.06e-05  2.01 it/s
step  10200  loss 0.1403  acc 0.963  STOP-recall 0.444 (n=9)  lr 4.01e-05  2.01 it/s
step  10250  loss 0.0620  acc 0.983  STOP-recall 0.700 (n=10)  lr 3.97e-05  2.01 it/s
step  10300  loss 0.2898  acc 0.920  STOP-recall 0.429 (n=7)  lr 3.93e-05  2.01 it/s
step  10350  loss 0.1953  acc 0.940  STOP-recall 0.400 (n=10)  lr 3.89e-05  2.01 it/s
step  10400  loss 0.1254  acc 0.968  STOP-recall 0.625 (n=8)  lr 3.85e-05  2.01 it/s
step  10450  loss 0.1976  acc 0.950  STOP-recall 0.400 (n=10)  lr 3.81e-05  2.01 it/s
step  10500  loss 0.1660  acc 0.953  STOP-recall 0.286 (n=7)  lr 3.77e-05  2.01 it/s
  saved -> checkpoints/stage0prime_A/step10500
step  10550  loss 0.1140  acc 0.973  STOP-recall 0.333 (n=6)  lr 3.72e-05  2.01 it/s
step  10600  loss 0.1493  acc 0.953  STOP-recall 0.250 (n=12)  lr 3.68e-05  2.01 it/s
step  10650  loss 0.1475  acc 0.970  STOP-recall 0.286 (n=7)  lr 3.64e-05  2.01 it/s
step  10700  loss 0.1905  acc 0.955  STOP-recall 0.143 (n=7)  lr 3.60e-05  2.01 it/s
step  10750  loss 0.1645  acc 0.958  STOP-recall 0.750 (n=8)  lr 3.56e-05  2.01 it/s
step  10800  loss 0.1271  acc 0.963  STOP-recall 0.636 (n=11)  lr 3.52e-05  2.01 it/s
step  10850  loss 0.1157  acc 0.968  STOP-recall 0.429 (n=7)  lr 3.48e-05  2.01 it/s
step  10900  loss 0.2311  acc 0.945  STOP-recall 0.571 (n=14)  lr 3.44e-05  2.01 it/s
step  10950  loss 0.1453  acc 0.965  STOP-recall 0.636 (n=11)  lr 3.40e-05  2.01 it/s
step  11000  loss 0.1628  acc 0.958  STOP-recall 0.571 (n=14)  lr 3.36e-05  2.01 it/s
  saved -> checkpoints/stage0prime_A/step11000
step  11050  loss 0.1200  acc 0.960  STOP-recall 0.250 (n=4)  lr 3.32e-05  2.01 it/s
step  11100  loss 0.2278  acc 0.948  STOP-recall 0.529 (n=17)  lr 3.28e-05  2.01 it/s
step  11150  loss 0.1390  acc 0.973  STOP-recall 0.333 (n=6)  lr 3.24e-05  2.01 it/s
step  11200  loss 0.1040  acc 0.965  STOP-recall 0.600 (n=10)  lr 3.21e-05  2.01 it/s
step  11250  loss 0.1153  acc 0.968  STOP-recall 0.625 (n=8)  lr 3.17e-05  2.01 it/s
step  11300  loss 0.1056  acc 0.973  STOP-recall 0.750 (n=8)  lr 3.13e-05  2.01 it/s
step  11350  loss 0.0859  acc 0.978  STOP-recall 0.444 (n=9)  lr 3.09e-05  2.01 it/s
step  11400  loss 0.1660  acc 0.973  STOP-recall 0.800 (n=5)  lr 3.05e-05  2.01 it/s
step  11450  loss 0.1559  acc 0.960  STOP-recall 0.250 (n=8)  lr 3.01e-05  2.01 it/s
step  11500  loss 0.1505  acc 0.953  STOP-recall 0.091 (n=11)  lr 2.98e-05  2.01 it/s
  saved -> checkpoints/stage0prime_A/step11500
step  11550  loss 0.1198  acc 0.958  STOP-recall 0.300 (n=10)  lr 2.94e-05  2.01 it/s
step  11600  loss 0.0944  acc 0.973  STOP-recall 0.600 (n=10)  lr 2.90e-05  2.01 it/s
step  11650  loss 0.1333  acc 0.968  STOP-recall 0.778 (n=9)  lr 2.86e-05  2.01 it/s
step  11700  loss 0.1302  acc 0.963  STOP-recall 0.500 (n=12)  lr 2.83e-05  2.01 it/s
step  11750  loss 0.0858  acc 0.973  STOP-recall 0.625 (n=8)  lr 2.79e-05  2.01 it/s
step  11800  loss 0.0868  acc 0.978  STOP-recall 0.727 (n=11)  lr 2.75e-05  2.01 it/s
step  11850  loss 0.1037  acc 0.975  STOP-recall 0.625 (n=8)  lr 2.72e-05  2.01 it/s
step  11900  loss 0.2914  acc 0.943  STOP-recall 0.385 (n=13)  lr 2.68e-05  2.01 it/s
step  11950  loss 0.1327  acc 0.968  STOP-recall 0.167 (n=6)  lr 2.64e-05  2.01 it/s
step  12000  loss 0.0797  acc 0.973  STOP-recall 0.556 (n=9)  lr 2.61e-05  2.01 it/s
  saved -> checkpoints/stage0prime_A/step12000
step  12050  loss 0.1369  acc 0.970  STOP-recall 0.733 (n=15)  lr 2.57e-05  2.01 it/s
step  12100  loss 0.1358  acc 0.975  STOP-recall 0.867 (n=15)  lr 2.54e-05  2.01 it/s
step  12150  loss 0.1727  acc 0.963  STOP-recall 0.583 (n=12)  lr 2.50e-05  2.01 it/s
step  12200  loss 0.1564  acc 0.955  STOP-recall 0.714 (n=7)  lr 2.47e-05  2.01 it/s
step  12250  loss 0.0624  acc 0.985  STOP-recall 0.800 (n=10)  lr 2.43e-05  2.01 it/s
step  12300  loss 0.1385  acc 0.963  STOP-recall 0.500 (n=10)  lr 2.40e-05  2.01 it/s
step  12350  loss 0.1271  acc 0.970  STOP-recall 0.444 (n=9)  lr 2.36e-05  2.01 it/s
step  12400  loss 0.1687  acc 0.965  STOP-recall 0.556 (n=9)  lr 2.33e-05  2.01 it/s
step  12450  loss 0.2097  acc 0.953  STOP-recall 0.353 (n=17)  lr 2.29e-05  2.01 it/s
step  12500  loss 0.1777  acc 0.958  STOP-recall 0.583 (n=12)  lr 2.26e-05  2.01 it/s
  saved -> checkpoints/stage0prime_A/step12500
step  12550  loss 0.1166  acc 0.965  STOP-recall 0.636 (n=11)  lr 2.23e-05  2.01 it/s
step  12600  loss 0.1293  acc 0.965  STOP-recall 0.583 (n=12)  lr 2.19e-05  2.01 it/s
step  12650  loss 0.0695  acc 0.970  STOP-recall 0.667 (n=12)  lr 2.16e-05  2.01 it/s
step  12700  loss 0.0669  acc 0.973  STOP-recall 0.625 (n=8)  lr 2.13e-05  2.01 it/s
step  12750  loss 0.1527  acc 0.960  STOP-recall 0.583 (n=12)  lr 2.10e-05  2.01 it/s
step  12800  loss 0.1530  acc 0.973  STOP-recall 0.500 (n=6)  lr 2.06e-05  2.01 it/s
step  12850  loss 0.1540  acc 0.958  STOP-recall 0.286 (n=7)  lr 2.03e-05  2.01 it/s
step  12900  loss 0.0864  acc 0.973  STOP-recall 0.375 (n=8)  lr 2.00e-05  2.01 it/s
step  12950  loss 0.1441  acc 0.965  STOP-recall 0.571 (n=7)  lr 1.97e-05  2.01 it/s
step  13000  loss 0.0973  acc 0.983  STOP-recall 0.778 (n=9)  lr 1.94e-05  2.01 it/s
  saved -> checkpoints/stage0prime_A/step13000
step  13050  loss 0.0870  acc 0.985  STOP-recall 0.500 (n=4)  lr 1.91e-05  2.01 it/s
step  13100  loss 0.0617  acc 0.988  STOP-recall 0.833 (n=6)  lr 1.88e-05  2.01 it/s
step  13150  loss 0.1829  acc 0.960  STOP-recall 0.692 (n=13)  lr 1.85e-05  2.01 it/s
step  13200  loss 0.0678  acc 0.980  STOP-recall 0.400 (n=5)  lr 1.82e-05  2.01 it/s
step  13250  loss 0.1138  acc 0.968  STOP-recall 0.286 (n=7)  lr 1.79e-05  2.01 it/s
step  13300  loss 0.0892  acc 0.983  STOP-recall 0.500 (n=8)  lr 1.76e-05  2.01 it/s
step  13350  loss 0.0999  acc 0.965  STOP-recall 0.667 (n=15)  lr 1.73e-05  2.01 it/s
step  13400  loss 0.0774  acc 0.983  STOP-recall 0.667 (n=3)  lr 1.70e-05  2.01 it/s
step  13450  loss 0.1377  acc 0.963  STOP-recall 0.500 (n=6)  lr 1.67e-05  2.01 it/s
step  13500  loss 0.0956  acc 0.973  STOP-recall 0.583 (n=12)  lr 1.64e-05  2.01 it/s
  saved -> checkpoints/stage0prime_A/step13500
step  13550  loss 0.0986  acc 0.985  STOP-recall 0.700 (n=10)  lr 1.61e-05  2.01 it/s
step  13600  loss 0.0666  acc 0.980  STOP-recall 1.000 (n=8)  lr 1.59e-05  2.01 it/s
step  13650  loss 0.1035  acc 0.985  STOP-recall 0.818 (n=11)  lr 1.56e-05  2.01 it/s
step  13700  loss 0.0969  acc 0.973  STOP-recall 0.778 (n=9)  lr 1.53e-05  2.01 it/s
step  13750  loss 0.0752  acc 0.985  STOP-recall 0.750 (n=8)  lr 1.51e-05  2.01 it/s
step  13800  loss 0.1065  acc 0.975  STOP-recall 0.727 (n=11)  lr 1.48e-05  2.01 it/s
step  13850  loss 0.1269  acc 0.978  STOP-recall 0.714 (n=7)  lr 1.45e-05  2.01 it/s
step  13900  loss 0.0704  acc 0.980  STOP-recall 0.600 (n=5)  lr 1.43e-05  2.01 it/s
step  13950  loss 0.0602  acc 0.985  STOP-recall 0.692 (n=13)  lr 1.40e-05  2.01 it/s
step  14000  loss 0.0964  acc 0.975  STOP-recall 0.722 (n=18)  lr 1.38e-05  2.01 it/s
  saved -> checkpoints/stage0prime_A/step14000
step  14050  loss 0.1138  acc 0.975  STOP-recall 0.500 (n=6)  lr 1.35e-05  2.01 it/s
step  14100  loss 0.1469  acc 0.968  STOP-recall 0.714 (n=14)  lr 1.33e-05  2.01 it/s
step  14150  loss 0.0762  acc 0.980  STOP-recall 0.875 (n=8)  lr 1.30e-05  2.01 it/s
step  14200  loss 0.1125  acc 0.975  STOP-recall 0.667 (n=9)  lr 1.28e-05  2.01 it/s
step  14250  loss 0.0743  acc 0.983  STOP-recall 0.778 (n=9)  lr 1.26e-05  2.01 it/s
step  14300  loss 0.1051  acc 0.975  STOP-recall 0.444 (n=9)  lr 1.23e-05  2.01 it/s
step  14350  loss 0.1216  acc 0.968  STOP-recall 0.778 (n=9)  lr 1.21e-05  2.01 it/s
step  14400  loss 0.0991  acc 0.970  STOP-recall 0.692 (n=13)  lr 1.19e-05  2.01 it/s
step  14450  loss 0.0620  acc 0.980  STOP-recall 0.857 (n=7)  lr 1.17e-05  2.01 it/s
step  14500  loss 0.0681  acc 0.978  STOP-recall 0.714 (n=14)  lr 1.14e-05  2.01 it/s
  saved -> checkpoints/stage0prime_A/step14500
step  14550  loss 0.1054  acc 0.973  STOP-recall 0.900 (n=10)  lr 1.12e-05  2.01 it/s
step  14600  loss 0.0912  acc 0.973  STOP-recall 0.500 (n=8)  lr 1.10e-05  2.01 it/s
step  14650  loss 0.0996  acc 0.978  STOP-recall 0.667 (n=9)  lr 1.08e-05  2.01 it/s
step  14700  loss 0.0545  acc 0.985  STOP-recall 0.500 (n=8)  lr 1.06e-05  2.01 it/s
step  14750  loss 0.0515  acc 0.988  STOP-recall 0.833 (n=6)  lr 1.04e-05  2.01 it/s
step  14800  loss 0.0517  acc 0.983  STOP-recall 0.667 (n=9)  lr 1.02e-05  2.01 it/s
step  14850  loss 0.0576  acc 0.988  STOP-recall 0.818 (n=11)  lr 1.00e-05  2.01 it/s
step  14900  loss 0.0380  acc 0.990  STOP-recall 0.857 (n=7)  lr 9.81e-06  2.01 it/s
step  14950  loss 0.1261  acc 0.975  STOP-recall 0.800 (n=5)  lr 9.62e-06  2.01 it/s
step  15000  loss 0.0738  acc 0.983  STOP-recall 0.667 (n=9)  lr 9.44e-06  2.01 it/s
  saved -> checkpoints/stage0prime_A/step15000
step  15050  loss 0.0573  acc 0.993  STOP-recall 1.000 (n=3)  lr 9.26e-06  2.01 it/s
step  15100  loss 0.1482  acc 0.973  STOP-recall 0.714 (n=14)  lr 9.08e-06  2.01 it/s
step  15150  loss 0.1188  acc 0.980  STOP-recall 0.714 (n=7)  lr 8.91e-06  2.01 it/s
step  15200  loss 0.0848  acc 0.980  STOP-recall 0.692 (n=13)  lr 8.74e-06  2.01 it/s
step  15250  loss 0.0865  acc 0.970  STOP-recall 0.750 (n=8)  lr 8.57e-06  2.01 it/s
step  15300  loss 0.0500  acc 0.988  STOP-recall 0.800 (n=5)  lr 8.41e-06  2.01 it/s
step  15350  loss 0.0661  acc 0.983  STOP-recall 0.625 (n=16)  lr 8.25e-06  2.01 it/s
step  15400  loss 0.0599  acc 0.978  STOP-recall 0.786 (n=14)  lr 8.10e-06  2.01 it/s
step  15450  loss 0.0937  acc 0.978  STOP-recall 0.818 (n=11)  lr 7.95e-06  2.01 it/s
step  15500  loss 0.0691  acc 0.985  STOP-recall 0.778 (n=9)  lr 7.80e-06  2.01 it/s
  saved -> checkpoints/stage0prime_A/step15500
step  15550  loss 0.0737  acc 0.980  STOP-recall 0.800 (n=5)  lr 7.66e-06  2.01 it/s
step  15600  loss 0.0997  acc 0.978  STOP-recall 0.333 (n=3)  lr 7.52e-06  2.01 it/s
step  15650  loss 0.0896  acc 0.975  STOP-recall 0.667 (n=12)  lr 7.38e-06  2.01 it/s
step  15700  loss 0.0970  acc 0.968  STOP-recall 0.667 (n=9)  lr 7.25e-06  2.01 it/s
step  15750  loss 0.1741  acc 0.963  STOP-recall 0.429 (n=7)  lr 7.12e-06  2.01 it/s
step  15800  loss 0.0927  acc 0.985  STOP-recall 0.909 (n=11)  lr 6.99e-06  2.01 it/s
step  15850  loss 0.0823  acc 0.978  STOP-recall 0.857 (n=14)  lr 6.87e-06  2.01 it/s
step  15900  loss 0.0816  acc 0.973  STOP-recall 0.615 (n=13)  lr 6.75e-06  2.01 it/s
step  15950  loss 0.0851  acc 0.980  STOP-recall 0.600 (n=5)  lr 6.64e-06  2.01 it/s
step  16000  loss 0.0687  acc 0.980  STOP-recall 0.700 (n=10)  lr 6.53e-06  2.01 it/s
  saved -> checkpoints/stage0prime_A/step16000
step  16050  loss 0.0416  acc 0.985  STOP-recall 0.700 (n=10)  lr 6.42e-06  2.01 it/s
step  16100  loss 0.0847  acc 0.975  STOP-recall 0.714 (n=14)  lr 6.32e-06  2.01 it/s
step  16150  loss 0.0408  acc 0.988  STOP-recall 1.000 (n=4)  lr 6.22e-06  2.01 it/s
step  16200  loss 0.0341  acc 0.990  STOP-recall 0.667 (n=12)  lr 6.12e-06  2.01 it/s
step  16250  loss 0.0630  acc 0.978  STOP-recall 1.000 (n=10)  lr 6.03e-06  2.01 it/s
step  16300  loss 0.0322  acc 0.988  STOP-recall 0.750 (n=16)  lr 5.94e-06  2.01 it/s
step  16350  loss 0.0724  acc 0.983  STOP-recall 0.714 (n=14)  lr 5.86e-06  2.01 it/s
step  16400  loss 0.1127  acc 0.980  STOP-recall 0.889 (n=9)  lr 5.78e-06  2.01 it/s
step  16450  loss 0.0337  acc 0.990  STOP-recall 0.929 (n=14)  lr 5.71e-06  2.01 it/s
step  16500  loss 0.0524  acc 0.985  STOP-recall 0.667 (n=12)  lr 5.63e-06  2.01 it/s
  saved -> checkpoints/stage0prime_A/step16500
step  16550  loss 0.0611  acc 0.983  STOP-recall 0.800 (n=5)  lr 5.56e-06  2.01 it/s
step  16600  loss 0.0641  acc 0.988  STOP-recall 0.667 (n=6)  lr 5.50e-06  2.01 it/s
step  16650  loss 0.0839  acc 0.983  STOP-recall 0.667 (n=6)  lr 5.44e-06  2.01 it/s
step  16700  loss 0.0531  acc 0.988  STOP-recall 0.800 (n=10)  lr 5.38e-06  2.01 it/s
step  16750  loss 0.0530  acc 0.990  STOP-recall 0.889 (n=9)  lr 5.33e-06  2.01 it/s
step  16800  loss 0.0278  acc 0.995  STOP-recall 0.818 (n=11)  lr 5.28e-06  2.01 it/s
step  16850  loss 0.0534  acc 0.985  STOP-recall 0.889 (n=9)  lr 5.24e-06  2.01 it/s
step  16900  loss 0.0834  acc 0.983  STOP-recall 0.727 (n=11)  lr 5.20e-06  2.01 it/s
step  16950  loss 0.0674  acc 0.983  STOP-recall 0.636 (n=11)  lr 5.16e-06  2.01 it/s
step  17000  loss 0.0465  acc 0.983  STOP-recall 0.667 (n=9)  lr 5.13e-06  2.01 it/s
  saved -> checkpoints/stage0prime_A/step17000
step  17050  loss 0.1621  acc 0.970  STOP-recall 0.750 (n=16)  lr 5.10e-06  2.01 it/s
step  17100  loss 0.0872  acc 0.980  STOP-recall 0.818 (n=11)  lr 5.07e-06  2.01 it/s
step  17150  loss 0.0690  acc 0.983  STOP-recall 0.556 (n=9)  lr 5.05e-06  2.01 it/s
step  17200  loss 0.0942  acc 0.975  STOP-recall 0.727 (n=11)  lr 5.03e-06  2.01 it/s
step  17250  loss 0.0369  acc 0.990  STOP-recall 0.917 (n=12)  lr 5.02e-06  2.01 it/s
step  17300  loss 0.0719  acc 0.990  STOP-recall 0.778 (n=9)  lr 5.01e-06  2.01 it/s
step  17350  loss 0.0454  acc 0.988  STOP-recall 0.750 (n=8)  lr 5.00e-06  2.01 it/s
step  17400  loss 0.1555  acc 0.973  STOP-recall 0.769 (n=13)  lr 5.00e-06  2.01 it/s

saved adapter + pilot -> checkpoints/stage0prime_A/final
log -> checkpoints/stage0prime_A/trainlog.json
############ RUN A finished Wed Sep  2 03:18:17 EDT 2026 ############
############ RUN B (pilot_mode=action_query) started Wed Sep  2 03:18:17 EDT 2026 ############
split=train  episodes=1665  steps=69606
scans=6
marginal-prior loss H(actions) = 0.9744  (uniform ln(4) = 1.3863)
Eq.14 target coverage: 0.952 (irrelevant here -- Stage 0' has no L_pil)

mean ||v_bar|| = 14.798 (D18 bias-init target)

action prior: LEFT=0.183  FWD=0.639  RIGHT=0.154  STOP=0.024
BASELINES  loss: uniform=1.3863  marginal=0.9744
           acc : majority-class(FWD)=0.639

pilot_mode=action_query  (B: h_pil = H[-2], h_act = H[-1] via ACTION_QUERY)
LR cosine: warmup 100 -> peak 1.00e-04 -> 5.00e-06 at step 17400 (floor 5% of peak)
epochs over 69,606 steps at batch 8: 2.00

step     50  loss 2.7744  acc 0.380  STOP-recall 0.000 (n=7)  lr 5.10e-05  2.02 it/s
step    100  loss 1.0473  acc 0.595  STOP-recall 0.000 (n=7)  lr 1.00e-04  2.04 it/s
step    150  loss 1.0096  acc 0.613  STOP-recall 0.000 (n=9)  lr 1.00e-04  2.04 it/s
step    200  loss 0.9278  acc 0.650  STOP-recall 0.000 (n=7)  lr 1.00e-04  2.04 it/s
step    250  loss 0.9600  acc 0.665  STOP-recall 0.000 (n=9)  lr 1.00e-04  2.04 it/s
step    300  loss 0.9655  acc 0.667  STOP-recall 0.000 (n=13)  lr 1.00e-04  2.03 it/s
step    350  loss 0.9824  acc 0.613  STOP-recall 0.000 (n=12)  lr 1.00e-04  2.03 it/s
step    400  loss 0.9749  acc 0.672  STOP-recall 0.000 (n=11)  lr 9.99e-05  2.03 it/s
step    450  loss 0.9310  acc 0.647  STOP-recall 0.000 (n=7)  lr 9.99e-05  2.03 it/s
step    500  loss 0.9443  acc 0.618  STOP-recall 0.000 (n=8)  lr 9.99e-05  2.03 it/s
  saved -> checkpoints/stage0prime_B/step500
step    550  loss 0.8929  acc 0.650  STOP-recall 0.000 (n=7)  lr 9.98e-05  2.01 it/s
step    600  loss 0.8178  acc 0.700  STOP-recall 0.000 (n=9)  lr 9.98e-05  2.01 it/s
step    650  loss 0.8659  acc 0.665  STOP-recall 0.000 (n=4)  lr 9.98e-05  2.01 it/s
step    700  loss 0.9030  acc 0.677  STOP-recall 0.000 (n=14)  lr 9.97e-05  2.02 it/s
step    750  loss 0.8586  acc 0.672  STOP-recall 0.000 (n=11)  lr 9.97e-05  2.02 it/s
step    800  loss 0.8817  acc 0.667  STOP-recall 0.000 (n=10)  lr 9.96e-05  2.02 it/s
step    850  loss 0.8322  acc 0.688  STOP-recall 0.000 (n=10)  lr 9.96e-05  2.02 it/s
step    900  loss 0.8469  acc 0.682  STOP-recall 0.000 (n=8)  lr 9.95e-05  2.02 it/s
step    950  loss 0.8834  acc 0.680  STOP-recall 0.000 (n=9)  lr 9.94e-05  2.02 it/s
step   1000  loss 0.8597  acc 0.693  STOP-recall 0.000 (n=15)  lr 9.94e-05  2.02 it/s
  saved -> checkpoints/stage0prime_B/step1000
step   1050  loss 0.8236  acc 0.700  STOP-recall 0.000 (n=10)  lr 9.93e-05  2.01 it/s
step   1100  loss 0.8047  acc 0.710  STOP-recall 0.000 (n=8)  lr 9.92e-05  2.01 it/s
step   1150  loss 0.7824  acc 0.725  STOP-recall 0.000 (n=9)  lr 9.91e-05  2.01 it/s
step   1200  loss 0.7409  acc 0.730  STOP-recall 0.000 (n=7)  lr 9.91e-05  2.01 it/s
step   1250  loss 0.8000  acc 0.705  STOP-recall 0.000 (n=7)  lr 9.90e-05  2.02 it/s
step   1300  loss 0.7404  acc 0.703  STOP-recall 0.000 (n=8)  lr 9.89e-05  2.01 it/s
step   1350  loss 0.7576  acc 0.718  STOP-recall 0.000 (n=13)  lr 9.88e-05  2.02 it/s
step   1400  loss 0.7215  acc 0.740  STOP-recall 0.000 (n=13)  lr 9.87e-05  2.02 it/s
step   1450  loss 0.7229  acc 0.705  STOP-recall 0.000 (n=8)  lr 9.86e-05  2.02 it/s
step   1500  loss 0.6699  acc 0.750  STOP-recall 0.000 (n=6)  lr 9.85e-05  2.02 it/s
  saved -> checkpoints/stage0prime_B/step1500
step   1550  loss 0.7499  acc 0.735  STOP-recall 0.000 (n=10)  lr 9.84e-05  2.01 it/s
step   1600  loss 0.7376  acc 0.743  STOP-recall 0.000 (n=13)  lr 9.82e-05  2.01 it/s
step   1650  loss 0.5252  acc 0.805  STOP-recall 0.000 (n=6)  lr 9.81e-05  2.01 it/s
step   1700  loss 0.6860  acc 0.755  STOP-recall 0.000 (n=16)  lr 9.80e-05  2.01 it/s
step   1750  loss 0.6910  acc 0.745  STOP-recall 0.000 (n=6)  lr 9.79e-05  2.02 it/s
step   1800  loss 0.7614  acc 0.708  STOP-recall 0.000 (n=9)  lr 9.78e-05  2.02 it/s
step   1850  loss 0.6452  acc 0.770  STOP-recall 0.000 (n=10)  lr 9.76e-05  2.01 it/s
step   1900  loss 0.6726  acc 0.762  STOP-recall 0.000 (n=10)  lr 9.75e-05  2.02 it/s
step   1950  loss 0.6455  acc 0.762  STOP-recall 0.000 (n=10)  lr 9.73e-05  2.02 it/s
step   2000  loss 0.5767  acc 0.792  STOP-recall 0.000 (n=7)  lr 9.72e-05  2.02 it/s
  saved -> checkpoints/stage0prime_B/step2000
step   2050  loss 0.5176  acc 0.802  STOP-recall 0.000 (n=5)  lr 9.71e-05  2.01 it/s
step   2100  loss 0.5211  acc 0.828  STOP-recall 0.000 (n=7)  lr 9.69e-05  2.01 it/s
step   2150  loss 0.5757  acc 0.807  STOP-recall 0.000 (n=9)  lr 9.67e-05  2.01 it/s
step   2200  loss 0.5911  acc 0.785  STOP-recall 0.000 (n=14)  lr 9.66e-05  2.01 it/s
step   2250  loss 0.5154  acc 0.815  STOP-recall 0.000 (n=14)  lr 9.64e-05  2.01 it/s
step   2300  loss 0.5371  acc 0.818  STOP-recall 0.000 (n=7)  lr 9.63e-05  2.01 it/s
step   2350  loss 0.5388  acc 0.812  STOP-recall 0.000 (n=15)  lr 9.61e-05  2.01 it/s
step   2400  loss 0.5751  acc 0.802  STOP-recall 0.000 (n=9)  lr 9.59e-05  2.01 it/s
step   2450  loss 0.5771  acc 0.800  STOP-recall 0.000 (n=9)  lr 9.57e-05  2.01 it/s
step   2500  loss 0.5731  acc 0.800  STOP-recall 0.000 (n=10)  lr 9.56e-05  2.01 it/s
  saved -> checkpoints/stage0prime_B/step2500
step   2550  loss 0.6073  acc 0.797  STOP-recall 0.000 (n=15)  lr 9.54e-05  2.01 it/s
step   2600  loss 0.5543  acc 0.807  STOP-recall 0.000 (n=8)  lr 9.52e-05  2.01 it/s
step   2650  loss 0.4115  acc 0.873  STOP-recall 0.000 (n=8)  lr 9.50e-05  2.01 it/s
step   2700  loss 0.5882  acc 0.812  STOP-recall 0.000 (n=15)  lr 9.48e-05  2.01 it/s
step   2750  loss 0.4956  acc 0.828  STOP-recall 0.000 (n=14)  lr 9.46e-05  2.01 it/s
step   2800  loss 0.4029  acc 0.868  STOP-recall 0.000 (n=7)  lr 9.44e-05  2.01 it/s
step   2850  loss 0.4590  acc 0.858  STOP-recall 0.000 (n=11)  lr 9.42e-05  2.01 it/s
step   2900  loss 0.4964  acc 0.845  STOP-recall 0.000 (n=13)  lr 9.40e-05  2.01 it/s
step   2950  loss 0.5628  acc 0.828  STOP-recall 0.000 (n=10)  lr 9.38e-05  2.01 it/s
step   3000  loss 0.4885  acc 0.838  STOP-recall 0.000 (n=7)  lr 9.36e-05  2.01 it/s
  saved -> checkpoints/stage0prime_B/step3000
step   3050  loss 0.5141  acc 0.830  STOP-recall 0.000 (n=16)  lr 9.33e-05  2.01 it/s
step   3100  loss 0.4724  acc 0.835  STOP-recall 0.000 (n=7)  lr 9.31e-05  2.01 it/s
step   3150  loss 0.4845  acc 0.835  STOP-recall 0.000 (n=9)  lr 9.29e-05  2.01 it/s
step   3200  loss 0.4820  acc 0.840  STOP-recall 0.000 (n=10)  lr 9.27e-05  2.01 it/s
step   3250  loss 0.4315  acc 0.873  STOP-recall 0.000 (n=9)  lr 9.24e-05  2.01 it/s
step   3300  loss 0.4046  acc 0.875  STOP-recall 0.000 (n=8)  lr 9.22e-05  2.01 it/s
step   3350  loss 0.4939  acc 0.855  STOP-recall 0.000 (n=8)  lr 9.20e-05  2.01 it/s
step   3400  loss 0.3796  acc 0.877  STOP-recall 0.000 (n=3)  lr 9.17e-05  2.01 it/s
step   3450  loss 0.3901  acc 0.875  STOP-recall 0.000 (n=7)  lr 9.15e-05  2.01 it/s
step   3500  loss 0.5204  acc 0.850  STOP-recall 0.000 (n=10)  lr 9.12e-05  2.01 it/s
  saved -> checkpoints/stage0prime_B/step3500
step   3550  loss 0.3667  acc 0.880  STOP-recall 0.000 (n=9)  lr 9.10e-05  2.01 it/s
step   3600  loss 0.4940  acc 0.853  STOP-recall 0.000 (n=8)  lr 9.07e-05  2.01 it/s
step   3650  loss 0.4177  acc 0.858  STOP-recall 0.000 (n=8)  lr 9.05e-05  2.01 it/s
step   3700  loss 0.3840  acc 0.880  STOP-recall 0.000 (n=6)  lr 9.02e-05  2.01 it/s
step   3750  loss 0.4437  acc 0.870  STOP-recall 0.000 (n=12)  lr 8.99e-05  2.01 it/s
step   3800  loss 0.4819  acc 0.858  STOP-recall 0.000 (n=12)  lr 8.97e-05  2.01 it/s
step   3850  loss 0.4333  acc 0.855  STOP-recall 0.000 (n=9)  lr 8.94e-05  2.01 it/s
step   3900  loss 0.4192  acc 0.882  STOP-recall 0.000 (n=10)  lr 8.91e-05  2.01 it/s
step   3950  loss 0.3223  acc 0.900  STOP-recall 0.000 (n=11)  lr 8.89e-05  2.01 it/s
step   4000  loss 0.4794  acc 0.870  STOP-recall 0.000 (n=8)  lr 8.86e-05  2.01 it/s
  saved -> checkpoints/stage0prime_B/step4000
step   4050  loss 0.3669  acc 0.890  STOP-recall 0.000 (n=9)  lr 8.83e-05  2.01 it/s
step   4100  loss 0.3397  acc 0.887  STOP-recall 0.000 (n=9)  lr 8.80e-05  2.01 it/s
step   4150  loss 0.4596  acc 0.875  STOP-recall 0.000 (n=11)  lr 8.77e-05  2.01 it/s
step   4200  loss 0.3928  acc 0.863  STOP-recall 0.000 (n=10)  lr 8.74e-05  2.01 it/s
step   4250  loss 0.3696  acc 0.900  STOP-recall 0.000 (n=9)  lr 8.71e-05  2.01 it/s
step   4300  loss 0.3986  acc 0.892  STOP-recall 0.000 (n=12)  lr 8.68e-05  2.01 it/s
step   4350  loss 0.3606  acc 0.890  STOP-recall 0.000 (n=12)  lr 8.65e-05  2.01 it/s
step   4400  loss 0.4608  acc 0.855  STOP-recall 0.000 (n=11)  lr 8.62e-05  2.01 it/s
step   4450  loss 0.4137  acc 0.880  STOP-recall 0.000 (n=10)  lr 8.59e-05  2.01 it/s
step   4500  loss 0.4309  acc 0.880  STOP-recall 0.000 (n=12)  lr 8.56e-05  2.01 it/s
  saved -> checkpoints/stage0prime_B/step4500
step   4550  loss 0.3459  acc 0.877  STOP-recall 0.000 (n=10)  lr 8.53e-05  2.01 it/s
step   4600  loss 0.3744  acc 0.877  STOP-recall 0.000 (n=4)  lr 8.50e-05  2.01 it/s
step   4650  loss 0.3947  acc 0.890  STOP-recall 0.000 (n=6)  lr 8.47e-05  2.01 it/s
step   4700  loss 0.3766  acc 0.875  STOP-recall 0.000 (n=10)  lr 8.44e-05  2.01 it/s
step   4750  loss 0.3503  acc 0.892  STOP-recall 0.000 (n=6)  lr 8.40e-05  2.01 it/s
step   4800  loss 0.3616  acc 0.887  STOP-recall 0.000 (n=7)  lr 8.37e-05  2.01 it/s
step   4850  loss 0.4382  acc 0.840  STOP-recall 0.000 (n=9)  lr 8.34e-05  2.01 it/s
step   4900  loss 0.3700  acc 0.895  STOP-recall 0.000 (n=6)  lr 8.31e-05  2.01 it/s
step   4950  loss 0.3950  acc 0.877  STOP-recall 0.000 (n=12)  lr 8.27e-05  2.01 it/s
step   5000  loss 0.3437  acc 0.897  STOP-recall 0.176 (n=17)  lr 8.24e-05  2.01 it/s
  saved -> checkpoints/stage0prime_B/step5000
step   5050  loss 0.3668  acc 0.890  STOP-recall 0.000 (n=10)  lr 8.21e-05  2.01 it/s
step   5100  loss 0.2966  acc 0.882  STOP-recall 0.000 (n=6)  lr 8.17e-05  2.01 it/s
step   5150  loss 0.4356  acc 0.885  STOP-recall 0.000 (n=17)  lr 8.14e-05  2.01 it/s
step   5200  loss 0.3727  acc 0.897  STOP-recall 0.000 (n=13)  lr 8.10e-05  2.01 it/s
step   5250  loss 0.3007  acc 0.912  STOP-recall 0.000 (n=15)  lr 8.07e-05  2.01 it/s
step   5300  loss 0.3832  acc 0.905  STOP-recall 0.000 (n=6)  lr 8.03e-05  2.01 it/s
step   5350  loss 0.3614  acc 0.905  STOP-recall 0.000 (n=7)  lr 8.00e-05  2.01 it/s
step   5400  loss 0.3240  acc 0.902  STOP-recall 0.000 (n=7)  lr 7.96e-05  2.01 it/s
step   5450  loss 0.3332  acc 0.910  STOP-recall 0.000 (n=7)  lr 7.93e-05  2.01 it/s
step   5500  loss 0.3049  acc 0.910  STOP-recall 0.000 (n=11)  lr 7.89e-05  2.01 it/s
  saved -> checkpoints/stage0prime_B/step5500
step   5550  loss 0.2599  acc 0.925  STOP-recall 0.000 (n=7)  lr 7.86e-05  2.01 it/s
step   5600  loss 0.3479  acc 0.902  STOP-recall 0.000 (n=9)  lr 7.82e-05  2.01 it/s
step   5650  loss 0.3099  acc 0.927  STOP-recall 0.111 (n=9)  lr 7.78e-05  2.01 it/s
step   5700  loss 0.4197  acc 0.895  STOP-recall 0.125 (n=8)  lr 7.75e-05  2.01 it/s
step   5750  loss 0.3095  acc 0.900  STOP-recall 0.000 (n=9)  lr 7.71e-05  2.01 it/s
step   5800  loss 0.2866  acc 0.912  STOP-recall 0.000 (n=8)  lr 7.67e-05  2.01 it/s
step   5850  loss 0.3606  acc 0.912  STOP-recall 0.000 (n=7)  lr 7.64e-05  2.01 it/s
step   5900  loss 0.3605  acc 0.912  STOP-recall 0.000 (n=7)  lr 7.60e-05  2.01 it/s
step   5950  loss 0.4515  acc 0.853  STOP-recall 0.083 (n=12)  lr 7.56e-05  2.01 it/s
step   6000  loss 0.3309  acc 0.907  STOP-recall 0.067 (n=15)  lr 7.52e-05  2.01 it/s
  saved -> checkpoints/stage0prime_B/step6000
step   6050  loss 0.3359  acc 0.902  STOP-recall 0.100 (n=10)  lr 7.49e-05  2.01 it/s
step   6100  loss 0.3522  acc 0.892  STOP-recall 0.000 (n=12)  lr 7.45e-05  2.01 it/s
step   6150  loss 0.2659  acc 0.915  STOP-recall 0.111 (n=9)  lr 7.41e-05  2.01 it/s
step   6200  loss 0.3769  acc 0.885  STOP-recall 0.077 (n=13)  lr 7.37e-05  2.01 it/s
step   6250  loss 0.3620  acc 0.897  STOP-recall 0.000 (n=9)  lr 7.33e-05  2.01 it/s
step   6300  loss 0.3811  acc 0.887  STOP-recall 0.000 (n=10)  lr 7.29e-05  2.01 it/s
step   6350  loss 0.3377  acc 0.895  STOP-recall 0.000 (n=13)  lr 7.26e-05  2.01 it/s
step   6400  loss 0.2934  acc 0.927  STOP-recall 0.125 (n=8)  lr 7.22e-05  2.01 it/s
step   6450  loss 0.2899  acc 0.932  STOP-recall 0.000 (n=6)  lr 7.18e-05  2.01 it/s
step   6500  loss 0.3135  acc 0.910  STOP-recall 0.000 (n=7)  lr 7.14e-05  2.01 it/s
  saved -> checkpoints/stage0prime_B/step6500
step   6550  loss 0.3820  acc 0.877  STOP-recall 0.000 (n=10)  lr 7.10e-05  2.01 it/s
step   6600  loss 0.3246  acc 0.887  STOP-recall 0.077 (n=13)  lr 7.06e-05  2.01 it/s
step   6650  loss 0.2990  acc 0.912  STOP-recall 0.000 (n=9)  lr 7.02e-05  2.01 it/s
step   6700  loss 0.3413  acc 0.902  STOP-recall 0.077 (n=13)  lr 6.98e-05  2.01 it/s
step   6750  loss 0.2923  acc 0.907  STOP-recall 0.000 (n=11)  lr 6.94e-05  2.01 it/s
step   6800  loss 0.3096  acc 0.917  STOP-recall 0.000 (n=7)  lr 6.90e-05  2.01 it/s
step   6850  loss 0.2706  acc 0.920  STOP-recall 0.000 (n=10)  lr 6.86e-05  2.01 it/s
step   6900  loss 0.2814  acc 0.917  STOP-recall 0.111 (n=9)  lr 6.82e-05  2.01 it/s
step   6950  loss 0.2871  acc 0.917  STOP-recall 0.062 (n=16)  lr 6.78e-05  2.01 it/s
step   7000  loss 0.3963  acc 0.900  STOP-recall 0.000 (n=14)  lr 6.73e-05  2.01 it/s
  saved -> checkpoints/stage0prime_B/step7000
step   7050  loss 0.2720  acc 0.927  STOP-recall 0.167 (n=12)  lr 6.69e-05  2.01 it/s
step   7100  loss 0.3409  acc 0.905  STOP-recall 0.071 (n=14)  lr 6.65e-05  2.01 it/s
step   7150  loss 0.4134  acc 0.890  STOP-recall 0.000 (n=11)  lr 6.61e-05  2.01 it/s
step   7200  loss 0.2278  acc 0.927  STOP-recall 0.000 (n=5)  lr 6.57e-05  2.01 it/s
step   7250  loss 0.2861  acc 0.910  STOP-recall 0.000 (n=5)  lr 6.53e-05  2.01 it/s
step   7300  loss 0.3504  acc 0.897  STOP-recall 0.000 (n=10)  lr 6.49e-05  2.01 it/s
step   7350  loss 0.3518  acc 0.915  STOP-recall 0.000 (n=7)  lr 6.44e-05  2.01 it/s
step   7400  loss 0.2317  acc 0.925  STOP-recall 0.000 (n=8)  lr 6.40e-05  2.01 it/s
step   7450  loss 0.2948  acc 0.907  STOP-recall 0.077 (n=13)  lr 6.36e-05  2.01 it/s
step   7500  loss 0.2973  acc 0.917  STOP-recall 0.167 (n=12)  lr 6.32e-05  2.01 it/s
  saved -> checkpoints/stage0prime_B/step7500
step   7550  loss 0.2883  acc 0.910  STOP-recall 0.000 (n=10)  lr 6.28e-05  2.01 it/s
step   7600  loss 0.3323  acc 0.902  STOP-recall 0.000 (n=11)  lr 6.23e-05  2.01 it/s
step   7650  loss 0.1949  acc 0.953  STOP-recall 0.125 (n=8)  lr 6.19e-05  2.01 it/s
step   7700  loss 0.2738  acc 0.917  STOP-recall 0.000 (n=7)  lr 6.15e-05  2.01 it/s
step   7750  loss 0.2406  acc 0.932  STOP-recall 0.182 (n=11)  lr 6.11e-05  2.01 it/s
step   7800  loss 0.3388  acc 0.902  STOP-recall 0.000 (n=8)  lr 6.07e-05  2.01 it/s
step   7850  loss 0.2873  acc 0.925  STOP-recall 0.000 (n=8)  lr 6.02e-05  2.01 it/s
step   7900  loss 0.2735  acc 0.922  STOP-recall 0.083 (n=12)  lr 5.98e-05  2.01 it/s
step   7950  loss 0.2937  acc 0.917  STOP-recall 0.143 (n=14)  lr 5.94e-05  2.01 it/s
step   8000  loss 0.3000  acc 0.907  STOP-recall 0.167 (n=6)  lr 5.89e-05  2.01 it/s
  saved -> checkpoints/stage0prime_B/step8000
step   8050  loss 0.1818  acc 0.940  STOP-recall 0.000 (n=8)  lr 5.85e-05  2.01 it/s
step   8100  loss 0.2708  acc 0.927  STOP-recall 0.000 (n=10)  lr 5.81e-05  2.01 it/s
step   8150  loss 0.2413  acc 0.940  STOP-recall 0.143 (n=7)  lr 5.77e-05  2.01 it/s
step   8200  loss 0.2118  acc 0.938  STOP-recall 0.273 (n=11)  lr 5.72e-05  2.01 it/s
step   8250  loss 0.2359  acc 0.935  STOP-recall 0.077 (n=13)  lr 5.68e-05  2.01 it/s
step   8300  loss 0.1845  acc 0.950  STOP-recall 0.429 (n=7)  lr 5.64e-05  2.01 it/s
step   8350  loss 0.1892  acc 0.953  STOP-recall 0.200 (n=5)  lr 5.59e-05  2.01 it/s
step   8400  loss 0.2753  acc 0.917  STOP-recall 0.167 (n=6)  lr 5.55e-05  2.01 it/s
step   8450  loss 0.2233  acc 0.938  STOP-recall 0.333 (n=9)  lr 5.51e-05  2.01 it/s
step   8500  loss 0.2965  acc 0.930  STOP-recall 0.000 (n=8)  lr 5.47e-05  2.01 it/s
  saved -> checkpoints/stage0prime_B/step8500
step   8550  loss 0.2434  acc 0.927  STOP-recall 0.000 (n=13)  lr 5.42e-05  2.01 it/s
step   8600  loss 0.2566  acc 0.915  STOP-recall 0.143 (n=7)  lr 5.38e-05  2.01 it/s
step   8650  loss 0.2179  acc 0.935  STOP-recall 0.000 (n=7)  lr 5.34e-05  2.01 it/s
step   8700  loss 0.2412  acc 0.925  STOP-recall 0.091 (n=11)  lr 5.29e-05  2.01 it/s
step   8750  loss 0.1913  acc 0.935  STOP-recall 0.000 (n=8)  lr 5.25e-05  2.01 it/s
step   8800  loss 0.1547  acc 0.955  STOP-recall 0.286 (n=7)  lr 5.21e-05  2.01 it/s
step   8850  loss 0.1697  acc 0.943  STOP-recall 0.308 (n=13)  lr 5.16e-05  2.01 it/s
step   8900  loss 0.2305  acc 0.932  STOP-recall 0.455 (n=11)  lr 5.12e-05  2.01 it/s
step   8950  loss 0.2653  acc 0.925  STOP-recall 0.143 (n=14)  lr 5.08e-05  2.01 it/s
step   9000  loss 0.1965  acc 0.948  STOP-recall 0.333 (n=9)  lr 5.03e-05  2.01 it/s
  saved -> checkpoints/stage0prime_B/step9000
step   9050  loss 0.1617  acc 0.940  STOP-recall 0.462 (n=13)  lr 4.99e-05  2.01 it/s
step   9100  loss 0.2007  acc 0.955  STOP-recall 0.167 (n=6)  lr 4.95e-05  2.01 it/s
step   9150  loss 0.1141  acc 0.963  STOP-recall 0.429 (n=7)  lr 4.91e-05  2.01 it/s
step   9200  loss 0.1972  acc 0.945  STOP-recall 0.375 (n=8)  lr 4.86e-05  2.01 it/s
step   9250  loss 0.1352  acc 0.958  STOP-recall 0.400 (n=5)  lr 4.82e-05  2.01 it/s
step   9300  loss 0.2181  acc 0.958  STOP-recall 0.500 (n=10)  lr 4.78e-05  2.01 it/s
step   9350  loss 0.2195  acc 0.935  STOP-recall 0.250 (n=12)  lr 4.73e-05  2.01 it/s
step   9400  loss 0.2507  acc 0.930  STOP-recall 0.357 (n=14)  lr 4.69e-05  2.01 it/s
step   9450  loss 0.1819  acc 0.960  STOP-recall 0.100 (n=10)  lr 4.65e-05  2.01 it/s
step   9500  loss 0.2740  acc 0.932  STOP-recall 0.333 (n=12)  lr 4.61e-05  2.01 it/s
  saved -> checkpoints/stage0prime_B/step9500
step   9550  loss 0.1769  acc 0.950  STOP-recall 0.100 (n=10)  lr 4.56e-05  2.01 it/s
step   9600  loss 0.1649  acc 0.958  STOP-recall 0.273 (n=11)  lr 4.52e-05  2.01 it/s
step   9650  loss 0.2312  acc 0.945  STOP-recall 0.500 (n=8)  lr 4.48e-05  2.01 it/s
step   9700  loss 0.2443  acc 0.930  STOP-recall 0.333 (n=9)  lr 4.43e-05  2.01 it/s
step   9750  loss 0.1942  acc 0.945  STOP-recall 0.167 (n=12)  lr 4.39e-05  2.01 it/s
step   9800  loss 0.1277  acc 0.963  STOP-recall 0.429 (n=7)  lr 4.35e-05  2.01 it/s
step   9850  loss 0.1693  acc 0.955  STOP-recall 0.250 (n=8)  lr 4.31e-05  2.01 it/s
step   9900  loss 0.2709  acc 0.935  STOP-recall 0.357 (n=14)  lr 4.27e-05  2.01 it/s
step   9950  loss 0.1872  acc 0.940  STOP-recall 0.000 (n=3)  lr 4.22e-05  2.01 it/s
step  10000  loss 0.2123  acc 0.953  STOP-recall 0.538 (n=13)  lr 4.18e-05  2.01 it/s
  saved -> checkpoints/stage0prime_B/step10000
step  10050  loss 0.1473  acc 0.958  STOP-recall 0.333 (n=9)  lr 4.14e-05  2.01 it/s
step  10100  loss 0.1589  acc 0.960  STOP-recall 0.429 (n=7)  lr 4.10e-05  2.01 it/s
step  10150  loss 0.2225  acc 0.945  STOP-recall 0.125 (n=8)  lr 4.06e-05  2.01 it/s
step  10200  loss 0.1994  acc 0.950  STOP-recall 0.222 (n=9)  lr 4.01e-05  2.01 it/s
step  10250  loss 0.1344  acc 0.958  STOP-recall 0.300 (n=10)  lr 3.97e-05  2.01 it/s
step  10300  loss 0.2641  acc 0.943  STOP-recall 0.286 (n=7)  lr 3.93e-05  2.01 it/s
step  10350  loss 0.2334  acc 0.935  STOP-recall 0.200 (n=10)  lr 3.89e-05  2.01 it/s
step  10400  loss 0.1630  acc 0.958  STOP-recall 0.625 (n=8)  lr 3.85e-05  2.01 it/s
step  10450  loss 0.2116  acc 0.943  STOP-recall 0.400 (n=10)  lr 3.81e-05  2.01 it/s
step  10500  loss 0.1975  acc 0.953  STOP-recall 0.286 (n=7)  lr 3.77e-05  2.01 it/s
  saved -> checkpoints/stage0prime_B/step10500
step  10550  loss 0.1661  acc 0.963  STOP-recall 0.000 (n=6)  lr 3.72e-05  2.01 it/s
step  10600  loss 0.1910  acc 0.945  STOP-recall 0.167 (n=12)  lr 3.68e-05  2.01 it/s
step  10650  loss 0.1444  acc 0.965  STOP-recall 0.143 (n=7)  lr 3.64e-05  2.01 it/s
step  10700  loss 0.1886  acc 0.953  STOP-recall 0.286 (n=7)  lr 3.60e-05  2.01 it/s
step  10750  loss 0.2411  acc 0.935  STOP-recall 0.375 (n=8)  lr 3.56e-05  2.01 it/s
step  10800  loss 0.1699  acc 0.953  STOP-recall 0.273 (n=11)  lr 3.52e-05  2.01 it/s
step  10850  loss 0.1023  acc 0.973  STOP-recall 0.429 (n=7)  lr 3.48e-05  2.01 it/s
step  10900  loss 0.2107  acc 0.950  STOP-recall 0.571 (n=14)  lr 3.44e-05  2.01 it/s
step  10950  loss 0.1766  acc 0.953  STOP-recall 0.545 (n=11)  lr 3.40e-05  2.01 it/s
step  11000  loss 0.1795  acc 0.953  STOP-recall 0.286 (n=14)  lr 3.36e-05  2.01 it/s
  saved -> checkpoints/stage0prime_B/step11000
step  11050  loss 0.1411  acc 0.958  STOP-recall 0.250 (n=4)  lr 3.32e-05  2.01 it/s
step  11100  loss 0.1741  acc 0.955  STOP-recall 0.647 (n=17)  lr 3.28e-05  2.01 it/s
step  11150  loss 0.1650  acc 0.965  STOP-recall 0.500 (n=6)  lr 3.24e-05  2.01 it/s
step  11200  loss 0.1037  acc 0.973  STOP-recall 0.700 (n=10)  lr 3.21e-05  2.01 it/s
step  11250  loss 0.1895  acc 0.958  STOP-recall 0.875 (n=8)  lr 3.17e-05  2.01 it/s
step  11300  loss 0.1289  acc 0.968  STOP-recall 0.500 (n=8)  lr 3.13e-05  2.01 it/s
step  11350  loss 0.1407  acc 0.968  STOP-recall 0.444 (n=9)  lr 3.09e-05  2.01 it/s
step  11400  loss 0.1775  acc 0.958  STOP-recall 0.600 (n=5)  lr 3.05e-05  2.01 it/s
step  11450  loss 0.1942  acc 0.953  STOP-recall 0.250 (n=8)  lr 3.01e-05  2.01 it/s
step  11500  loss 0.1641  acc 0.955  STOP-recall 0.364 (n=11)  lr 2.98e-05  2.01 it/s
  saved -> checkpoints/stage0prime_B/step11500
step  11550  loss 0.1214  acc 0.955  STOP-recall 0.400 (n=10)  lr 2.94e-05  2.01 it/s
step  11600  loss 0.1284  acc 0.965  STOP-recall 0.600 (n=10)  lr 2.90e-05  2.01 it/s
step  11650  loss 0.1391  acc 0.965  STOP-recall 0.444 (n=9)  lr 2.86e-05  2.01 it/s
step  11700  loss 0.1208  acc 0.970  STOP-recall 0.417 (n=12)  lr 2.83e-05  2.01 it/s
step  11750  loss 0.0988  acc 0.975  STOP-recall 0.375 (n=8)  lr 2.79e-05  2.01 it/s
step  11800  loss 0.1645  acc 0.963  STOP-recall 0.545 (n=11)  lr 2.75e-05  2.01 it/s
step  11850  loss 0.1138  acc 0.968  STOP-recall 0.375 (n=8)  lr 2.72e-05  2.01 it/s
step  11900  loss 0.2864  acc 0.920  STOP-recall 0.308 (n=13)  lr 2.68e-05  2.01 it/s
step  11950  loss 0.1157  acc 0.970  STOP-recall 0.333 (n=6)  lr 2.64e-05  2.01 it/s
step  12000  loss 0.1297  acc 0.973  STOP-recall 0.333 (n=9)  lr 2.61e-05  2.01 it/s
  saved -> checkpoints/stage0prime_B/step12000
step  12050  loss 0.1209  acc 0.965  STOP-recall 0.667 (n=15)  lr 2.57e-05  2.01 it/s
step  12100  loss 0.1105  acc 0.973  STOP-recall 0.733 (n=15)  lr 2.54e-05  2.01 it/s
step  12150  loss 0.1504  acc 0.963  STOP-recall 0.667 (n=12)  lr 2.50e-05  2.01 it/s
step  12200  loss 0.0958  acc 0.973  STOP-recall 0.714 (n=7)  lr 2.47e-05  2.01 it/s
step  12250  loss 0.0609  acc 0.985  STOP-recall 0.800 (n=10)  lr 2.43e-05  2.01 it/s
step  12300  loss 0.1461  acc 0.978  STOP-recall 0.600 (n=10)  lr 2.40e-05  2.01 it/s
step  12350  loss 0.1614  acc 0.970  STOP-recall 0.556 (n=9)  lr 2.36e-05  2.01 it/s
step  12400  loss 0.1279  acc 0.970  STOP-recall 0.444 (n=9)  lr 2.33e-05  2.01 it/s
step  12450  loss 0.2046  acc 0.955  STOP-recall 0.471 (n=17)  lr 2.29e-05  2.01 it/s
step  12500  loss 0.1338  acc 0.965  STOP-recall 0.667 (n=12)  lr 2.26e-05  2.01 it/s
  saved -> checkpoints/stage0prime_B/step12500
step  12550  loss 0.1619  acc 0.958  STOP-recall 0.545 (n=11)  lr 2.23e-05  2.01 it/s
step  12600  loss 0.1576  acc 0.965  STOP-recall 0.583 (n=12)  lr 2.19e-05  2.01 it/s
step  12650  loss 0.1232  acc 0.973  STOP-recall 0.667 (n=12)  lr 2.16e-05  2.01 it/s
step  12700  loss 0.0810  acc 0.983  STOP-recall 0.875 (n=8)  lr 2.13e-05  2.01 it/s
step  12750  loss 0.1118  acc 0.968  STOP-recall 0.667 (n=12)  lr 2.10e-05  2.01 it/s
step  12800  loss 0.1611  acc 0.963  STOP-recall 0.167 (n=6)  lr 2.06e-05  2.01 it/s
step  12850  loss 0.2002  acc 0.953  STOP-recall 0.286 (n=7)  lr 2.03e-05  2.01 it/s
step  12900  loss 0.0898  acc 0.975  STOP-recall 0.375 (n=8)  lr 2.00e-05  2.01 it/s
step  12950  loss 0.1931  acc 0.953  STOP-recall 0.571 (n=7)  lr 1.97e-05  2.01 it/s
step  13000  loss 0.0719  acc 0.983  STOP-recall 0.889 (n=9)  lr 1.94e-05  2.01 it/s
  saved -> checkpoints/stage0prime_B/step13000
step  13050  loss 0.0914  acc 0.975  STOP-recall 0.500 (n=4)  lr 1.91e-05  2.01 it/s
step  13100  loss 0.0343  acc 0.988  STOP-recall 0.833 (n=6)  lr 1.88e-05  2.01 it/s
step  13150  loss 0.1444  acc 0.953  STOP-recall 0.615 (n=13)  lr 1.85e-05  2.01 it/s
step  13200  loss 0.0627  acc 0.988  STOP-recall 1.000 (n=5)  lr 1.82e-05  2.01 it/s
step  13250  loss 0.0281  acc 0.993  STOP-recall 0.714 (n=7)  lr 1.79e-05  2.01 it/s
step  13300  loss 0.1218  acc 0.978  STOP-recall 0.875 (n=8)  lr 1.76e-05  2.01 it/s
step  13350  loss 0.1250  acc 0.980  STOP-recall 0.800 (n=15)  lr 1.73e-05  2.01 it/s
step  13400  loss 0.0691  acc 0.980  STOP-recall 0.667 (n=3)  lr 1.70e-05  2.01 it/s
step  13450  loss 0.1194  acc 0.978  STOP-recall 0.667 (n=6)  lr 1.67e-05  2.01 it/s
step  13500  loss 0.1926  acc 0.963  STOP-recall 0.667 (n=12)  lr 1.64e-05  2.01 it/s
  saved -> checkpoints/stage0prime_B/step13500
step  13550  loss 0.1248  acc 0.973  STOP-recall 0.600 (n=10)  lr 1.61e-05  2.01 it/s
step  13600  loss 0.0889  acc 0.975  STOP-recall 0.750 (n=8)  lr 1.59e-05  2.01 it/s
step  13650  loss 0.1175  acc 0.973  STOP-recall 0.818 (n=11)  lr 1.56e-05  2.01 it/s
step  13700  loss 0.0478  acc 0.990  STOP-recall 1.000 (n=9)  lr 1.53e-05  2.01 it/s
step  13750  loss 0.0783  acc 0.978  STOP-recall 0.500 (n=8)  lr 1.51e-05  2.01 it/s
step  13800  loss 0.0415  acc 0.985  STOP-recall 0.909 (n=11)  lr 1.48e-05  2.01 it/s
step  13850  loss 0.0995  acc 0.970  STOP-recall 0.857 (n=7)  lr 1.45e-05  2.01 it/s
step  13900  loss 0.1175  acc 0.968  STOP-recall 0.600 (n=5)  lr 1.43e-05  2.01 it/s
step  13950  loss 0.0832  acc 0.973  STOP-recall 0.538 (n=13)  lr 1.40e-05  2.01 it/s
step  14000  loss 0.1574  acc 0.975  STOP-recall 0.833 (n=18)  lr 1.38e-05  2.01 it/s
  saved -> checkpoints/stage0prime_B/step14000
step  14050  loss 0.0794  acc 0.973  STOP-recall 0.500 (n=6)  lr 1.35e-05  2.01 it/s
step  14100  loss 0.1287  acc 0.973  STOP-recall 0.643 (n=14)  lr 1.33e-05  2.01 it/s
step  14150  loss 0.1051  acc 0.978  STOP-recall 0.750 (n=8)  lr 1.30e-05  2.01 it/s
step  14200  loss 0.1220  acc 0.968  STOP-recall 0.556 (n=9)  lr 1.28e-05  2.01 it/s
step  14250  loss 0.0467  acc 0.993  STOP-recall 1.000 (n=9)  lr 1.26e-05  2.01 it/s
step  14300  loss 0.1370  acc 0.975  STOP-recall 0.778 (n=9)  lr 1.23e-05  2.01 it/s
step  14350  loss 0.1032  acc 0.978  STOP-recall 0.778 (n=9)  lr 1.21e-05  2.01 it/s
step  14400  loss 0.1107  acc 0.980  STOP-recall 0.769 (n=13)  lr 1.19e-05  2.01 it/s
step  14450  loss 0.0613  acc 0.983  STOP-recall 0.714 (n=7)  lr 1.17e-05  2.01 it/s
step  14500  loss 0.1359  acc 0.973  STOP-recall 0.786 (n=14)  lr 1.14e-05  2.01 it/s
  saved -> checkpoints/stage0prime_B/step14500
step  14550  loss 0.1363  acc 0.968  STOP-recall 0.700 (n=10)  lr 1.12e-05  2.01 it/s
step  14600  loss 0.0560  acc 0.988  STOP-recall 0.750 (n=8)  lr 1.10e-05  2.01 it/s
step  14650  loss 0.1060  acc 0.975  STOP-recall 0.667 (n=9)  lr 1.08e-05  2.01 it/s
step  14700  loss 0.1205  acc 0.978  STOP-recall 0.500 (n=8)  lr 1.06e-05  2.01 it/s
step  14750  loss 0.0484  acc 0.983  STOP-recall 0.833 (n=6)  lr 1.04e-05  2.01 it/s
step  14800  loss 0.0994  acc 0.978  STOP-recall 0.778 (n=9)  lr 1.02e-05  2.01 it/s
step  14850  loss 0.0663  acc 0.983  STOP-recall 0.727 (n=11)  lr 1.00e-05  2.01 it/s
step  14900  loss 0.0126  acc 0.995  STOP-recall 0.857 (n=7)  lr 9.81e-06  2.01 it/s
step  14950  loss 0.0908  acc 0.980  STOP-recall 0.600 (n=5)  lr 9.62e-06  2.01 it/s
step  15000  loss 0.0637  acc 0.980  STOP-recall 0.778 (n=9)  lr 9.44e-06  2.01 it/s
  saved -> checkpoints/stage0prime_B/step15000
step  15050  loss 0.0079  acc 0.998  STOP-recall 1.000 (n=3)  lr 9.26e-06  2.01 it/s
step  15100  loss 0.1230  acc 0.975  STOP-recall 0.714 (n=14)  lr 9.08e-06  2.01 it/s
step  15150  loss 0.0804  acc 0.983  STOP-recall 0.857 (n=7)  lr 8.91e-06  2.01 it/s
step  15200  loss 0.1220  acc 0.980  STOP-recall 0.846 (n=13)  lr 8.74e-06  2.01 it/s
step  15250  loss 0.0610  acc 0.983  STOP-recall 1.000 (n=8)  lr 8.57e-06  2.01 it/s
step  15300  loss 0.1015  acc 0.978  STOP-recall 0.600 (n=5)  lr 8.41e-06  2.01 it/s
step  15350  loss 0.0700  acc 0.985  STOP-recall 0.812 (n=16)  lr 8.25e-06  2.01 it/s
step  15400  loss 0.0817  acc 0.980  STOP-recall 0.643 (n=14)  lr 8.10e-06  2.01 it/s
step  15450  loss 0.1182  acc 0.975  STOP-recall 1.000 (n=11)  lr 7.95e-06  2.01 it/s
step  15500  loss 0.0175  acc 0.993  STOP-recall 1.000 (n=9)  lr 7.80e-06  2.01 it/s
  saved -> checkpoints/stage0prime_B/step15500
step  15550  loss 0.1187  acc 0.978  STOP-recall 0.600 (n=5)  lr 7.66e-06  2.01 it/s
step  15600  loss 0.0708  acc 0.978  STOP-recall 0.333 (n=3)  lr 7.52e-06  2.01 it/s
step  15650  loss 0.1207  acc 0.973  STOP-recall 0.833 (n=12)  lr 7.38e-06  2.01 it/s
step  15700  loss 0.0991  acc 0.975  STOP-recall 1.000 (n=9)  lr 7.25e-06  2.01 it/s
step  15750  loss 0.1164  acc 0.973  STOP-recall 0.571 (n=7)  lr 7.12e-06  2.01 it/s
step  15800  loss 0.0733  acc 0.980  STOP-recall 0.636 (n=11)  lr 6.99e-06  2.01 it/s
step  15850  loss 0.1146  acc 0.975  STOP-recall 0.714 (n=14)  lr 6.87e-06  2.01 it/s
step  15900  loss 0.0740  acc 0.980  STOP-recall 0.692 (n=13)  lr 6.75e-06  2.01 it/s
step  15950  loss 0.1145  acc 0.980  STOP-recall 0.600 (n=5)  lr 6.64e-06  2.01 it/s
step  16000  loss 0.0574  acc 0.983  STOP-recall 0.800 (n=10)  lr 6.53e-06  2.01 it/s
  saved -> checkpoints/stage0prime_B/step16000
step  16050  loss 0.0721  acc 0.983  STOP-recall 0.800 (n=10)  lr 6.42e-06  2.01 it/s
step  16100  loss 0.1426  acc 0.965  STOP-recall 0.643 (n=14)  lr 6.32e-06  2.01 it/s
step  16150  loss 0.0512  acc 0.988  STOP-recall 0.750 (n=4)  lr 6.22e-06  2.01 it/s
step  16200  loss 0.0340  acc 0.993  STOP-recall 0.917 (n=12)  lr 6.12e-06  2.01 it/s
step  16250  loss 0.0646  acc 0.980  STOP-recall 0.800 (n=10)  lr 6.03e-06  2.01 it/s
step  16300  loss 0.0136  acc 0.995  STOP-recall 1.000 (n=16)  lr 5.94e-06  2.01 it/s
step  16350  loss 0.1094  acc 0.973  STOP-recall 0.643 (n=14)  lr 5.86e-06  2.01 it/s
step  16400  loss 0.0140  acc 0.995  STOP-recall 0.778 (n=9)  lr 5.78e-06  2.01 it/s
step  16450  loss 0.0643  acc 0.985  STOP-recall 0.857 (n=14)  lr 5.71e-06  2.01 it/s
step  16500  loss 0.0907  acc 0.978  STOP-recall 0.667 (n=12)  lr 5.63e-06  2.01 it/s
  saved -> checkpoints/stage0prime_B/step16500
step  16550  loss 0.0460  acc 0.993  STOP-recall 0.800 (n=5)  lr 5.56e-06  2.01 it/s
step  16600  loss 0.0835  acc 0.985  STOP-recall 0.667 (n=6)  lr 5.50e-06  2.01 it/s
step  16650  loss 0.0759  acc 0.983  STOP-recall 0.833 (n=6)  lr 5.44e-06  2.01 it/s
step  16700  loss 0.0702  acc 0.983  STOP-recall 0.900 (n=10)  lr 5.38e-06  2.01 it/s
step  16750  loss 0.1123  acc 0.980  STOP-recall 0.889 (n=9)  lr 5.33e-06  2.01 it/s
step  16800  loss 0.0507  acc 0.985  STOP-recall 0.636 (n=11)  lr 5.28e-06  2.01 it/s
step  16850  loss 0.0763  acc 0.978  STOP-recall 0.778 (n=9)  lr 5.24e-06  2.01 it/s
step  16900  loss 0.0480  acc 0.990  STOP-recall 0.727 (n=11)  lr 5.20e-06  2.01 it/s
step  16950  loss 0.1333  acc 0.980  STOP-recall 0.727 (n=11)  lr 5.16e-06  2.01 it/s
step  17000  loss 0.0334  acc 0.990  STOP-recall 0.778 (n=9)  lr 5.13e-06  2.01 it/s
  saved -> checkpoints/stage0prime_B/step17000
step  17050  loss 0.1009  acc 0.978  STOP-recall 0.812 (n=16)  lr 5.10e-06  2.01 it/s
step  17100  loss 0.1620  acc 0.970  STOP-recall 0.727 (n=11)  lr 5.07e-06  2.01 it/s
step  17150  loss 0.0461  acc 0.990  STOP-recall 0.667 (n=9)  lr 5.05e-06  2.01 it/s
step  17200  loss 0.1088  acc 0.973  STOP-recall 0.727 (n=11)  lr 5.03e-06  2.01 it/s
step  17250  loss 0.0710  acc 0.983  STOP-recall 0.917 (n=12)  lr 5.02e-06  2.01 it/s
step  17300  loss 0.0891  acc 0.990  STOP-recall 0.889 (n=9)  lr 5.01e-06  2.01 it/s
step  17350  loss 0.0515  acc 0.985  STOP-recall 0.625 (n=8)  lr 5.00e-06  2.01 it/s
step  17400  loss 0.1190  acc 0.975  STOP-recall 0.769 (n=13)  lr 5.00e-06  2.01 it/s

saved adapter + pilot -> checkpoints/stage0prime_B/final
log -> checkpoints/stage0prime_B/trainlog.json
############ RUN B finished Wed Sep  2 05:42:36 EDT 2026 ############
############ ALL DONE Wed Sep  2 05:42:36 EDT 2026 ############
