######## 6-SCAN pointing train started Wed Sep  2 23:21:56 EDT 2026 ########
split=train  episodes=1,665  steps=69,606
STOP fraction    = 0.0239  (pos_weight 40.8)
visible fraction = 0.6613
scans restricted to: 8WUmhLawc2A JeFG25nYj2p Vvot9Ly1tCj ac26ZMwG7aT r47D5H71a5s ur6pFq6Qu1A
epochs over 69,606 steps at batch 8: 2.30

LR cosine: warmup 200 -> peak 1.00e-04 -> 5.00e-06 at step 20000 (floor 5% of peak)
trainable: 6,434,822 (LoRA + 12,294 head)

step     50  L  0.5584  point 0.0693  disp 0.1122  theta 0.0000  stop 0.4834  act-agree 0.705  p(stop) 0.039  lr 2.55e-05  2.03 it/s
step    100  L  0.5504  point 0.0464  disp 0.1088  theta 0.0000  stop 0.5318  act-agree 0.635  p(stop) 0.017  lr 5.05e-05  2.05 it/s
step    150  L  0.7009  point 0.0586  disp 0.1489  theta 0.0000  stop 0.7346  act-agree 0.623  p(stop) 0.055  lr 7.55e-05  2.05 it/s
step    200  L  0.5725  point 0.0597  disp 0.1267  theta 0.0000  stop 0.5227  act-agree 0.677  p(stop) 0.012  lr 1.00e-04  1.95 it/s
step    250  L  0.7087  point 0.0528  disp 0.1298  theta 0.0000  stop 0.7836  act-agree 0.685  p(stop) 0.010  lr 1.00e-04  1.80 it/s
step    300  L  0.8018  point 0.0561  disp 0.1254  theta 0.0000  stop 0.9749  act-agree 0.685  p(stop) 0.040  lr 1.00e-04  1.71 it/s
step    350  L  0.7255  point 0.0537  disp 0.1170  theta 0.0000  stop 0.8588  act-agree 0.655  p(stop) 0.013  lr 1.00e-04  1.65 it/s
step    400  L  0.8098  point 0.0547  disp 0.1386  theta 0.0000  stop 0.9685  act-agree 0.652  p(stop) 0.031  lr 1.00e-04  1.61 it/s
step    450  L  0.5948  point 0.0656  disp 0.1266  theta 0.0000  stop 0.5430  act-agree 0.645  p(stop) 0.006  lr 1.00e-04  1.58 it/s
step    500  L  0.6495  point 0.0570  disp 0.1355  theta 0.0000  stop 0.6613  act-agree 0.615  p(stop) 0.023  lr 9.99e-05  1.56 it/s
step    550  L  0.5880  point 0.0505  disp 0.1087  theta 0.0000  stop 0.6027  act-agree 0.642  p(stop) 0.018  lr 9.99e-05  1.56 it/s
step    600  L  0.6846  point 0.0488  disp 0.1399  theta 0.0000  stop 0.7382  act-agree 0.672  p(stop) 0.012  lr 9.99e-05  1.53 it/s
step    650  L  0.4738  point 0.0543  disp 0.1284  theta 0.0000  stop 0.3352  act-agree 0.645  p(stop) 0.009  lr 9.99e-05  1.52 it/s
step    700  L  0.8792  point 0.0598  disp 0.1564  theta 0.0000  stop 1.0749  act-agree 0.662  p(stop) 0.069  lr 9.99e-05  1.51 it/s
step    750  L  0.7224  point 0.0539  disp 0.1371  theta 0.0000  stop 0.8295  act-agree 0.662  p(stop) 0.029  lr 9.98e-05  1.49 it/s
step    800  L  0.7433  point 0.0507  disp 0.1524  theta 0.0000  stop 0.8264  act-agree 0.627  p(stop) 0.025  lr 9.98e-05  1.49 it/s
step    850  L  0.6916  point 0.0533  disp 0.1557  theta 0.0000  stop 0.7190  act-agree 0.620  p(stop) 0.015  lr 9.97e-05  1.49 it/s
step    900  L  0.6639  point 0.0442  disp 0.1428  theta 0.0000  stop 0.7153  act-agree 0.655  p(stop) 0.018  lr 9.97e-05  1.48 it/s
step    950  L  0.6549  point 0.0540  disp 0.1193  theta 0.0000  stop 0.7135  act-agree 0.618  p(stop) 0.023  lr 9.97e-05  1.47 it/s
step   1000  L  0.8332  point 0.0440  disp 0.1332  theta 0.0000  stop 1.0740  act-agree 0.665  p(stop) 0.054  lr 9.96e-05  1.47 it/s
step   1050  L  0.7289  point 0.0446  disp 0.1436  theta 0.0000  stop 0.8233  act-agree 0.635  p(stop) 0.036  lr 9.96e-05  1.46 it/s
step   1100  L  0.5534  point 0.0387  disp 0.0924  theta 0.0000  stop 0.5943  act-agree 0.667  p(stop) 0.017  lr 9.95e-05  1.46 it/s
step   1150  L  0.6388  point 0.0439  disp 0.1036  theta 0.0000  stop 0.7525  act-agree 0.680  p(stop) 0.017  lr 9.95e-05  1.46 it/s
step   1200  L  0.5474  point 0.0423  disp 0.1100  theta 0.0000  stop 0.5579  act-agree 0.610  p(stop) 0.022  lr 9.94e-05  1.45 it/s
step   1250  L  0.5273  point 0.0440  disp 0.1012  theta 0.0000  stop 0.5494  act-agree 0.672  p(stop) 0.019  lr 9.93e-05  1.45 it/s
step   1300  L  0.6545  point 0.0415  disp 0.1550  theta 0.0000  stop 0.6787  act-agree 0.632  p(stop) 0.026  lr 9.93e-05  1.45 it/s
step   1350  L  0.7861  point 0.0425  disp 0.1363  theta 0.0000  stop 0.9890  act-agree 0.675  p(stop) 0.054  lr 9.92e-05  1.45 it/s
step   1400  L  0.7276  point 0.0409  disp 0.1334  theta 0.0000  stop 0.8829  act-agree 0.685  p(stop) 0.041  lr 9.91e-05  1.44 it/s
step   1450  L  0.5885  point 0.0443  disp 0.1334  theta 0.0000  stop 0.5704  act-agree 0.665  p(stop) 0.023  lr 9.91e-05  1.44 it/s
step   1500  L  0.5146  point 0.0375  disp 0.1121  theta 0.0000  stop 0.5120  act-agree 0.620  p(stop) 0.023  lr 9.90e-05  1.44 it/s
step   1550  L  0.6394  point 0.0375  disp 0.1255  theta 0.0000  stop 0.7251  act-agree 0.652  p(stop) 0.036  lr 9.89e-05  1.43 it/s
step   1600  L  0.7599  point 0.0383  disp 0.1356  theta 0.0000  stop 0.9328  act-agree 0.650  p(stop) 0.041  lr 9.88e-05  1.43 it/s
step   1650  L  0.4596  point 0.0414  disp 0.0932  theta 0.0000  stop 0.4323  act-agree 0.698  p(stop) 0.014  lr 9.87e-05  1.44 it/s
step   1700  L  0.8198  point 0.0350  disp 0.1411  theta 0.0000  stop 1.0583  act-agree 0.690  p(stop) 0.069  lr 9.87e-05  1.43 it/s
step   1750  L  0.4722  point 0.0389  disp 0.1120  theta 0.0000  stop 0.4248  act-agree 0.655  p(stop) 0.009  lr 9.86e-05  1.43 it/s
step   1800  L  0.6615  point 0.0417  disp 0.1405  theta 0.0000  stop 0.7153  act-agree 0.645  p(stop) 0.019  lr 9.85e-05  1.43 it/s
step   1850  L  0.6320  point 0.0345  disp 0.0967  theta 0.0000  stop 0.7597  act-agree 0.703  p(stop) 0.021  lr 9.84e-05  1.43 it/s
step   1900  L  0.6574  point 0.0327  disp 0.1184  theta 0.0000  stop 0.7894  act-agree 0.652  p(stop) 0.026  lr 9.83e-05  1.43 it/s
step   1950  L  0.6572  point 0.0353  disp 0.1081  theta 0.0000  stop 0.7940  act-agree 0.695  p(stop) 0.040  lr 9.82e-05  1.43 it/s
step   2000  L  0.5287  point 0.0349  disp 0.1155  theta 0.0000  stop 0.5564  act-agree 0.675  p(stop) 0.017  lr 9.81e-05  1.43 it/s
step   2050  L  0.4672  point 0.0399  disp 0.1038  theta 0.0000  stop 0.4305  act-agree 0.685  p(stop) 0.008  lr 9.80e-05  1.43 it/s
step   2100  L  0.5429  point 0.0323  disp 0.1106  theta 0.0000  stop 0.5786  act-agree 0.650  p(stop) 0.015  lr 9.79e-05  1.42 it/s
step   2150  L  0.6446  point 0.0405  disp 0.1201  theta 0.0000  stop 0.7341  act-agree 0.685  p(stop) 0.025  lr 9.77e-05  1.42 it/s
step   2200  L  0.7508  point 0.0311  disp 0.1262  theta 0.0000  stop 0.9710  act-agree 0.733  p(stop) 0.029  lr 9.76e-05  1.42 it/s
step   2250  L  0.7623  point 0.0320  disp 0.1303  theta 0.0000  stop 0.9886  act-agree 0.682  p(stop) 0.043  lr 9.75e-05  1.42 it/s
step   2300  L  0.4939  point 0.0351  disp 0.1079  theta 0.0000  stop 0.5019  act-agree 0.700  p(stop) 0.027  lr 9.74e-05  1.42 it/s
step   2350  L  0.7618  point 0.0367  disp 0.1500  theta 0.0000  stop 0.9054  act-agree 0.695  p(stop) 0.087  lr 9.73e-05  1.42 it/s
step   2400  L  0.6257  point 0.0368  disp 0.1208  theta 0.0000  stop 0.7125  act-agree 0.682  p(stop) 0.021  lr 9.71e-05  1.42 it/s
step   2450  L  0.5747  point 0.0331  disp 0.1218  theta 0.0000  stop 0.6214  act-agree 0.670  p(stop) 0.017  lr 9.70e-05  1.42 it/s
step   2500  L  0.6092  point 0.0380  disp 0.1047  theta 0.0000  stop 0.7268  act-agree 0.682  p(stop) 0.045  lr 9.69e-05  1.42 it/s
step   2550  L  0.6873  point 0.0397  disp 0.1115  theta 0.0000  stop 0.8648  act-agree 0.693  p(stop) 0.032  lr 9.67e-05  1.41 it/s
step   2600  L  0.5107  point 0.0387  disp 0.1048  theta 0.0000  stop 0.5090  act-agree 0.685  p(stop) 0.036  lr 9.66e-05  1.41 it/s
step   2650  L  0.5000  point 0.0289  disp 0.0938  theta 0.0000  stop 0.5490  act-agree 0.708  p(stop) 0.005  lr 9.65e-05  1.41 it/s
step   2700  L  0.7432  point 0.0338  disp 0.1133  theta 0.0000  stop 0.9763  act-agree 0.688  p(stop) 0.043  lr 9.63e-05  1.41 it/s
step   2750  L  0.7337  point 0.0283  disp 0.1274  theta 0.0000  stop 0.9303  act-agree 0.670  p(stop) 0.034  lr 9.62e-05  1.41 it/s
step   2800  L  0.4747  point 0.0374  disp 0.1019  theta 0.0000  stop 0.4560  act-agree 0.725  p(stop) 0.016  lr 9.60e-05  1.41 it/s
step   2850  L  0.6287  point 0.0428  disp 0.1084  theta 0.0000  stop 0.7455  act-agree 0.693  p(stop) 0.030  lr 9.59e-05  1.41 it/s
step   2900  L  0.7009  point 0.0310  disp 0.0943  theta 0.0000  stop 0.9414  act-agree 0.688  p(stop) 0.028  lr 9.57e-05  1.41 it/s
step   2950  L  0.6113  point 0.0322  disp 0.1345  theta 0.0000  stop 0.6943  act-agree 0.688  p(stop) 0.017  lr 9.55e-05  1.41 it/s
step   3000  L  0.4595  point 0.0288  disp 0.1012  theta 0.0000  stop 0.4579  act-agree 0.695  p(stop) 0.025  lr 9.54e-05  1.41 it/s
step   3050  L  0.7263  point 0.0244  disp 0.1056  theta 0.0000  stop 0.9753  act-agree 0.685  p(stop) 0.068  lr 9.52e-05  1.42 it/s
step   3100  L  0.4573  point 0.0359  disp 0.0725  theta 0.0000  stop 0.5026  act-agree 0.685  p(stop) 0.019  lr 9.51e-05  1.42 it/s
step   3150  L  0.6030  point 0.0313  disp 0.1209  theta 0.0000  stop 0.6920  act-agree 0.698  p(stop) 0.022  lr 9.49e-05  1.43 it/s
step   3200  L  0.6409  point 0.0364  disp 0.1063  theta 0.0000  stop 0.7869  act-agree 0.660  p(stop) 0.014  lr 9.47e-05  1.44 it/s
step   3250  L  0.4959  point 0.0273  disp 0.0815  theta 0.0000  stop 0.5875  act-agree 0.675  p(stop) 0.030  lr 9.45e-05  1.44 it/s
step   3300  L  0.4953  point 0.0306  disp 0.0825  theta 0.0000  stop 0.5540  act-agree 0.685  p(stop) 0.021  lr 9.44e-05  1.45 it/s
step   3350  L  0.5306  point 0.0270  disp 0.0907  theta 0.0000  stop 0.6261  act-agree 0.715  p(stop) 0.030  lr 9.42e-05  1.46 it/s
step   3400  L  0.3398  point 0.0264  disp 0.1005  theta 0.0000  stop 0.2333  act-agree 0.698  p(stop) 0.011  lr 9.40e-05  1.46 it/s
step   3450  L  0.4999  point 0.0282  disp 0.0843  theta 0.0000  stop 0.5793  act-agree 0.713  p(stop) 0.010  lr 9.38e-05  1.47 it/s
step   3500  L  0.5731  point 0.0290  disp 0.1016  theta 0.0000  stop 0.6821  act-agree 0.705  p(stop) 0.026  lr 9.36e-05  1.48 it/s
step   3550  L  0.5088  point 0.0288  disp 0.1098  theta 0.0000  stop 0.5468  act-agree 0.710  p(stop) 0.019  lr 9.34e-05  1.48 it/s
step   3600  L  0.5557  point 0.0315  disp 0.1115  theta 0.0000  stop 0.6393  act-agree 0.645  p(stop) 0.021  lr 9.33e-05  1.49 it/s
step   3650  L  0.5751  point 0.0330  disp 0.1086  theta 0.0000  stop 0.6772  act-agree 0.682  p(stop) 0.034  lr 9.31e-05  1.49 it/s
step   3700  L  0.4142  point 0.0340  disp 0.0860  theta 0.0000  stop 0.3871  act-agree 0.705  p(stop) 0.015  lr 9.29e-05  1.50 it/s
step   3750  L  0.6446  point 0.0294  disp 0.1043  theta 0.0000  stop 0.8315  act-agree 0.688  p(stop) 0.032  lr 9.27e-05  1.50 it/s
step   3800  L  0.6237  point 0.0293  disp 0.0861  theta 0.0000  stop 0.8144  act-agree 0.708  p(stop) 0.011  lr 9.25e-05  1.51 it/s
step   3850  L  0.5305  point 0.0306  disp 0.0835  theta 0.0000  stop 0.6399  act-agree 0.713  p(stop) 0.017  lr 9.23e-05  1.51 it/s
step   3900  L  0.5388  point 0.0251  disp 0.0906  theta 0.0000  stop 0.6513  act-agree 0.708  p(stop) 0.030  lr 9.20e-05  1.52 it/s
step   3950  L  0.5467  point 0.0252  disp 0.0833  theta 0.0000  stop 0.6771  act-agree 0.740  p(stop) 0.016  lr 9.18e-05  1.52 it/s
step   4000  L  0.5030  point 0.0273  disp 0.0930  theta 0.0000  stop 0.5885  act-agree 0.720  p(stop) 0.033  lr 9.16e-05  1.53 it/s
step   4050  L  0.5305  point 0.0247  disp 0.0919  theta 0.0000  stop 0.6219  act-agree 0.728  p(stop) 0.031  lr 9.14e-05  1.53 it/s
step   4100  L  0.5637  point 0.0244  disp 0.0890  theta 0.0000  stop 0.7104  act-agree 0.730  p(stop) 0.030  lr 9.12e-05  1.54 it/s
step   4150  L  0.5910  point 0.0309  disp 0.1075  theta 0.0000  stop 0.7187  act-agree 0.748  p(stop) 0.011  lr 9.10e-05  1.54 it/s
step   4200  L  0.5857  point 0.0326  disp 0.1002  theta 0.0000  stop 0.7268  act-agree 0.650  p(stop) 0.022  lr 9.08e-05  1.55 it/s
step   4250  L  0.5601  point 0.0258  disp 0.1045  theta 0.0000  stop 0.6993  act-agree 0.720  p(stop) 0.007  lr 9.05e-05  1.55 it/s
step   4300  L  0.6234  point 0.0243  disp 0.0971  theta 0.0000  stop 0.8212  act-agree 0.745  p(stop) 0.039  lr 9.03e-05  1.56 it/s
step   4350  L  0.5730  point 0.0268  disp 0.1018  theta 0.0000  stop 0.7048  act-agree 0.650  p(stop) 0.028  lr 9.01e-05  1.56 it/s
step   4400  L  0.5357  point 0.0249  disp 0.0920  theta 0.0000  stop 0.6610  act-agree 0.700  p(stop) 0.026  lr 8.98e-05  1.56 it/s
step   4450  L  0.5941  point 0.0261  disp 0.1073  theta 0.0000  stop 0.7203  act-agree 0.705  p(stop) 0.048  lr 8.96e-05  1.57 it/s
step   4500  L  0.5521  point 0.0277  disp 0.0985  theta 0.0000  stop 0.6831  act-agree 0.713  p(stop) 0.024  lr 8.94e-05  1.57 it/s
step   4550  L  0.5212  point 0.0252  disp 0.0895  theta 0.0000  stop 0.6261  act-agree 0.765  p(stop) 0.014  lr 8.91e-05  1.58 it/s
step   4600  L  0.3102  point 0.0283  disp 0.0676  theta 0.0000  stop 0.2483  act-agree 0.708  p(stop) 0.015  lr 8.89e-05  1.58 it/s
step   4650  L  0.4139  point 0.0253  disp 0.0771  theta 0.0000  stop 0.4711  act-agree 0.733  p(stop) 0.015  lr 8.86e-05  1.58 it/s
step   4700  L  0.5822  point 0.0264  disp 0.0849  theta 0.0000  stop 0.7710  act-agree 0.755  p(stop) 0.014  lr 8.84e-05  1.59 it/s
step   4750  L  0.3986  point 0.0240  disp 0.0708  theta 0.0000  stop 0.4218  act-agree 0.685  p(stop) 0.015  lr 8.82e-05  1.59 it/s
step   4800  L  0.4597  point 0.0251  disp 0.0857  theta 0.0000  stop 0.5234  act-agree 0.703  p(stop) 0.008  lr 8.79e-05  1.60 it/s
step   4850  L  0.4961  point 0.0250  disp 0.0879  theta 0.0000  stop 0.5807  act-agree 0.677  p(stop) 0.017  lr 8.76e-05  1.60 it/s
step   4900  L  0.4433  point 0.0312  disp 0.0674  theta 0.0000  stop 0.5184  act-agree 0.685  p(stop) 0.017  lr 8.74e-05  1.60 it/s
step   4950  L  0.6067  point 0.0300  disp 0.0701  theta 0.0000  stop 0.8351  act-agree 0.693  p(stop) 0.033  lr 8.71e-05  1.61 it/s
step   5000  L  0.5631  point 0.0305  disp 0.0988  theta 0.0000  stop 0.7011  act-agree 0.693  p(stop) 0.024  lr 8.69e-05  1.61 it/s
step   5050  L  0.4984  point 0.0236  disp 0.0898  theta 0.0000  stop 0.6043  act-agree 0.715  p(stop) 0.007  lr 8.66e-05  1.61 it/s
step   5100  L  0.4397  point 0.0295  disp 0.1019  theta 0.0000  stop 0.4377  act-agree 0.710  p(stop) 0.013  lr 8.64e-05  1.62 it/s
step   5150  L  0.8149  point 0.0239  disp 0.1028  theta 0.0000  stop 1.1931  act-agree 0.738  p(stop) 0.025  lr 8.61e-05  1.62 it/s
step   5200  L  0.5935  point 0.0240  disp 0.1072  theta 0.0000  stop 0.7511  act-agree 0.715  p(stop) 0.063  lr 8.58e-05  1.62 it/s
step   5250  L  0.6700  point 0.0295  disp 0.1113  theta 0.0000  stop 0.8834  act-agree 0.733  p(stop) 0.019  lr 8.56e-05  1.63 it/s
step   5300  L  0.4084  point 0.0302  disp 0.0924  theta 0.0000  stop 0.4027  act-agree 0.682  p(stop) 0.010  lr 8.53e-05  1.63 it/s
step   5350  L  0.4348  point 0.0264  disp 0.1031  theta 0.0000  stop 0.4309  act-agree 0.670  p(stop) 0.003  lr 8.50e-05  1.63 it/s
step   5400  L  0.3692  point 0.0245  disp 0.0805  theta 0.0000  stop 0.3966  act-agree 0.720  p(stop) 0.028  lr 8.47e-05  1.64 it/s
step   5450  L  0.3610  point 0.0251  disp 0.0930  theta 0.0000  stop 0.3527  act-agree 0.738  p(stop) 0.004  lr 8.45e-05  1.64 it/s
step   5500  L  0.5738  point 0.0256  disp 0.0764  theta 0.0000  stop 0.7805  act-agree 0.748  p(stop) 0.018  lr 8.42e-05  1.64 it/s
step   5550  L  0.4119  point 0.0223  disp 0.0961  theta 0.0000  stop 0.4148  act-agree 0.698  p(stop) 0.022  lr 8.39e-05  1.64 it/s
step   5600  L  0.4675  point 0.0225  disp 0.0809  theta 0.0000  stop 0.5673  act-agree 0.738  p(stop) 0.010  lr 8.36e-05  1.65 it/s
step   5650  L  0.4449  point 0.0225  disp 0.0779  theta 0.0000  stop 0.5443  act-agree 0.685  p(stop) 0.059  lr 8.33e-05  1.65 it/s
step   5700  L  0.4800  point 0.0212  disp 0.1006  theta 0.0000  stop 0.5576  act-agree 0.682  p(stop) 0.020  lr 8.30e-05  1.65 it/s
step   5750  L  0.5105  point 0.0250  disp 0.0875  theta 0.0000  stop 0.6427  act-agree 0.735  p(stop) 0.021  lr 8.27e-05  1.66 it/s
step   5800  L  0.4271  point 0.0206  disp 0.0903  theta 0.0000  stop 0.4832  act-agree 0.743  p(stop) 0.026  lr 8.25e-05  1.66 it/s
step   5850  L  0.3883  point 0.0251  disp 0.0590  theta 0.0000  stop 0.4764  act-agree 0.693  p(stop) 0.004  lr 8.22e-05  1.66 it/s
step   5900  L  0.4275  point 0.0219  disp 0.0751  theta 0.0000  stop 0.4855  act-agree 0.713  p(stop) 0.042  lr 8.19e-05  1.66 it/s
step   5950  L  0.6048  point 0.0255  disp 0.1044  theta 0.0000  stop 0.7845  act-agree 0.743  p(stop) 0.029  lr 8.16e-05  1.67 it/s
step   6000  L  0.6366  point 0.0218  disp 0.1019  theta 0.0000  stop 0.8754  act-agree 0.738  p(stop) 0.008  lr 8.13e-05  1.67 it/s
step   6050  L  0.5197  point 0.0223  disp 0.0806  theta 0.0000  stop 0.6757  act-agree 0.733  p(stop) 0.067  lr 8.10e-05  1.67 it/s
step   6100  L  0.5279  point 0.0211  disp 0.0749  theta 0.0000  stop 0.7079  act-agree 0.735  p(stop) 0.032  lr 8.07e-05  1.67 it/s
step   6150  L  0.4138  point 0.0247  disp 0.0995  theta 0.0000  stop 0.4197  act-agree 0.738  p(stop) 0.007  lr 8.04e-05  1.68 it/s
step   6200  L  0.5790  point 0.0215  disp 0.0906  theta 0.0000  stop 0.7993  act-agree 0.718  p(stop) 0.019  lr 8.01e-05  1.68 it/s
step   6250  L  0.4521  point 0.0299  disp 0.0892  theta 0.0000  stop 0.5008  act-agree 0.745  p(stop) 0.022  lr 7.97e-05  1.68 it/s
step   6300  L  0.4859  point 0.0243  disp 0.0817  theta 0.0000  stop 0.6169  act-agree 0.715  p(stop) 0.018  lr 7.94e-05  1.68 it/s
step   6350  L  0.5029  point 0.0231  disp 0.0908  theta 0.0000  stop 0.6280  act-agree 0.757  p(stop) 0.007  lr 7.91e-05  1.69 it/s
step   6400  L  0.3626  point 0.0232  disp 0.0665  theta 0.0000  stop 0.3950  act-agree 0.720  p(stop) 0.027  lr 7.88e-05  1.69 it/s
step   6450  L  0.4000  point 0.0250  disp 0.0786  theta 0.0000  stop 0.4436  act-agree 0.725  p(stop) 0.009  lr 7.85e-05  1.69 it/s
step   6500  L  0.3788  point 0.0197  disp 0.0748  theta 0.0000  stop 0.4511  act-agree 0.757  p(stop) 0.019  lr 7.82e-05  1.69 it/s
step   6550  L  0.5697  point 0.0206  disp 0.0882  theta 0.0000  stop 0.7841  act-agree 0.738  p(stop) 0.039  lr 7.79e-05  1.69 it/s
step   6600  L  0.4899  point 0.0192  disp 0.0812  theta 0.0000  stop 0.6561  act-agree 0.735  p(stop) 0.024  lr 7.75e-05  1.70 it/s
step   6650  L  0.4236  point 0.0218  disp 0.0842  theta 0.0000  stop 0.4787  act-agree 0.677  p(stop) 0.015  lr 7.72e-05  1.70 it/s
step   6700  L  0.5481  point 0.0270  disp 0.0875  theta 0.0000  stop 0.7185  act-agree 0.718  p(stop) 0.009  lr 7.69e-05  1.70 it/s
step   6750  L  0.4315  point 0.0208  disp 0.0766  theta 0.0000  stop 0.5462  act-agree 0.757  p(stop) 0.010  lr 7.66e-05  1.70 it/s
step   6800  L  0.4187  point 0.0184  disp 0.1002  theta 0.0000  stop 0.4664  act-agree 0.695  p(stop) 0.015  lr 7.62e-05  1.71 it/s
step   6850  L  0.4809  point 0.0209  disp 0.0824  theta 0.0000  stop 0.5986  act-agree 0.720  p(stop) 0.012  lr 7.59e-05  1.71 it/s
step   6900  L  0.3996  point 0.0224  disp 0.0652  theta 0.0000  stop 0.4899  act-agree 0.703  p(stop) 0.034  lr 7.56e-05  1.71 it/s
step   6950  L  0.5801  point 0.0230  disp 0.1067  theta 0.0000  stop 0.7406  act-agree 0.718  p(stop) 0.071  lr 7.53e-05  1.71 it/s
step   7000  L  0.5325  point 0.0265  disp 0.0914  theta 0.0000  stop 0.6814  act-agree 0.715  p(stop) 0.068  lr 7.49e-05  1.71 it/s
step   7050  L  0.4795  point 0.0225  disp 0.0857  theta 0.0000  stop 0.5912  act-agree 0.755  p(stop) 0.047  lr 7.46e-05  1.72 it/s
step   7100  L  0.5004  point 0.0194  disp 0.1004  theta 0.0000  stop 0.6274  act-agree 0.710  p(stop) 0.048  lr 7.43e-05  1.72 it/s
step   7150  L  0.5030  point 0.0254  disp 0.0672  theta 0.0000  stop 0.6935  act-agree 0.748  p(stop) 0.065  lr 7.39e-05  1.72 it/s
step   7200  L  0.3765  point 0.0202  disp 0.0568  theta 0.0000  stop 0.4557  act-agree 0.755  p(stop) 0.007  lr 7.36e-05  1.72 it/s
step   7250  L  0.3168  point 0.0230  disp 0.0550  theta 0.0000  stop 0.3474  act-agree 0.760  p(stop) 0.011  lr 7.33e-05  1.72 it/s
step   7300  L  0.4701  point 0.0184  disp 0.0906  theta 0.0000  stop 0.5836  act-agree 0.723  p(stop) 0.043  lr 7.29e-05  1.72 it/s
step   7350  L  0.4009  point 0.0201  disp 0.0797  theta 0.0000  stop 0.4457  act-agree 0.725  p(stop) 0.011  lr 7.26e-05  1.73 it/s
step   7400  L  0.4047  point 0.0191  disp 0.0673  theta 0.0000  stop 0.4936  act-agree 0.720  p(stop) 0.012  lr 7.22e-05  1.73 it/s
step   7450  L  0.5241  point 0.0178  disp 0.0673  theta 0.0000  stop 0.7330  act-agree 0.705  p(stop) 0.073  lr 7.19e-05  1.73 it/s
step   7500  L  0.5303  point 0.0186  disp 0.0985  theta 0.0000  stop 0.6879  act-agree 0.748  p(stop) 0.032  lr 7.15e-05  1.73 it/s
step   7550  L  0.4265  point 0.0234  disp 0.0904  theta 0.0000  stop 0.5031  act-agree 0.695  p(stop) 0.010  lr 7.12e-05  1.73 it/s
step   7600  L  0.4031  point 0.0200  disp 0.0654  theta 0.0000  stop 0.5062  act-agree 0.752  p(stop) 0.038  lr 7.09e-05  1.73 it/s
step   7650  L  0.4271  point 0.0202  disp 0.0754  theta 0.0000  stop 0.5279  act-agree 0.718  p(stop) 0.011  lr 7.05e-05  1.74 it/s
step   7700  L  0.3904  point 0.0203  disp 0.0645  theta 0.0000  stop 0.4814  act-agree 0.755  p(stop) 0.002  lr 7.02e-05  1.74 it/s
step   7750  L  0.5113  point 0.0234  disp 0.0764  theta 0.0000  stop 0.6764  act-agree 0.730  p(stop) 0.049  lr 6.98e-05  1.74 it/s
step   7800  L  0.4158  point 0.0190  disp 0.0659  theta 0.0000  stop 0.5058  act-agree 0.738  p(stop) 0.004  lr 6.95e-05  1.74 it/s
step   7850  L  0.4192  point 0.0214  disp 0.0793  theta 0.0000  stop 0.5102  act-agree 0.720  p(stop) 0.006  lr 6.91e-05  1.74 it/s
step   7900  L  0.6150  point 0.0176  disp 0.0880  theta 0.0000  stop 0.8708  act-agree 0.708  p(stop) 0.029  lr 6.87e-05  1.74 it/s
step   7950  L  0.5018  point 0.0175  disp 0.0932  theta 0.0000  stop 0.6597  act-agree 0.735  p(stop) 0.040  lr 6.84e-05  1.75 it/s
step   8000  L  0.3200  point 0.0248  disp 0.0712  theta 0.0000  stop 0.3259  act-agree 0.725  p(stop) 0.050  lr 6.80e-05  1.75 it/s
step   8050  L  0.3460  point 0.0181  disp 0.0588  theta 0.0000  stop 0.4109  act-agree 0.723  p(stop) 0.006  lr 6.77e-05  1.75 it/s
step   8100  L  0.4633  point 0.0211  disp 0.0752  theta 0.0000  stop 0.6111  act-agree 0.730  p(stop) 0.009  lr 6.73e-05  1.75 it/s
step   8150  L  0.3421  point 0.0192  disp 0.0744  theta 0.0000  stop 0.3855  act-agree 0.767  p(stop) 0.035  lr 6.70e-05  1.75 it/s
step   8200  L  0.3914  point 0.0195  disp 0.0639  theta 0.0000  stop 0.4916  act-agree 0.735  p(stop) 0.019  lr 6.66e-05  1.75 it/s
step   8250  L  0.5048  point 0.0224  disp 0.0774  theta 0.0000  stop 0.6812  act-agree 0.735  p(stop) 0.024  lr 6.62e-05  1.76 it/s
step   8300  L  0.3131  point 0.0225  disp 0.0636  theta 0.0000  stop 0.3456  act-agree 0.757  p(stop) 0.025  lr 6.59e-05  1.76 it/s
step   8350  L  0.3059  point 0.0177  disp 0.0619  theta 0.0000  stop 0.3362  act-agree 0.743  p(stop) 0.012  lr 6.55e-05  1.76 it/s
step   8400  L  0.3224  point 0.0185  disp 0.0639  theta 0.0000  stop 0.3360  act-agree 0.710  p(stop) 0.008  lr 6.52e-05  1.76 it/s
step   8450  L  0.4068  point 0.0171  disp 0.0750  theta 0.0000  stop 0.5242  act-agree 0.735  p(stop) 0.006  lr 6.48e-05  1.76 it/s
step   8500  L  0.4565  point 0.0184  disp 0.0580  theta 0.0000  stop 0.6174  act-agree 0.760  p(stop) 0.002  lr 6.44e-05  1.76 it/s
step   8550  L  0.4953  point 0.0193  disp 0.0724  theta 0.0000  stop 0.6718  act-agree 0.735  p(stop) 0.017  lr 6.41e-05  1.76 it/s
step   8600  L  0.3163  point 0.0189  disp 0.0446  theta 0.0000  stop 0.3453  act-agree 0.740  p(stop) 0.012  lr 6.37e-05  1.77 it/s
step   8650  L  0.3239  point 0.0188  disp 0.0593  theta 0.0000  stop 0.3740  act-agree 0.703  p(stop) 0.018  lr 6.33e-05  1.77 it/s
step   8700  L  0.3889  point 0.0184  disp 0.0719  theta 0.0000  stop 0.4611  act-agree 0.767  p(stop) 0.024  lr 6.30e-05  1.77 it/s
step   8750  L  0.3028  point 0.0190  disp 0.0625  theta 0.0000  stop 0.3488  act-agree 0.740  p(stop) 0.009  lr 6.26e-05  1.77 it/s
step   8800  L  0.2910  point 0.0174  disp 0.0495  theta 0.0000  stop 0.3459  act-agree 0.755  p(stop) 0.002  lr 6.22e-05  1.77 it/s
step   8850  L  0.3490  point 0.0198  disp 0.0530  theta 0.0000  stop 0.4594  act-agree 0.752  p(stop) 0.003  lr 6.19e-05  1.77 it/s
step   8900  L  0.3410  point 0.0168  disp 0.0692  theta 0.0000  stop 0.4180  act-agree 0.765  p(stop) 0.008  lr 6.15e-05  1.77 it/s
step   8950  L  0.4341  point 0.0169  disp 0.0632  theta 0.0000  stop 0.5981  act-agree 0.765  p(stop) 0.061  lr 6.11e-05  1.78 it/s
step   9000  L  0.3178  point 0.0159  disp 0.0614  theta 0.0000  stop 0.3898  act-agree 0.752  p(stop) 0.013  lr 6.07e-05  1.78 it/s
step   9050  L  0.4146  point 0.0174  disp 0.0827  theta 0.0000  stop 0.5242  act-agree 0.752  p(stop) 0.022  lr 6.04e-05  1.78 it/s
step   9100  L  0.3395  point 0.0227  disp 0.0647  theta 0.0000  stop 0.3913  act-agree 0.715  p(stop) 0.012  lr 6.00e-05  1.78 it/s
step   9150  L  0.3042  point 0.0166  disp 0.0545  theta 0.0000  stop 0.3768  act-agree 0.777  p(stop) 0.003  lr 5.96e-05  1.78 it/s
step   9200  L  0.3147  point 0.0154  disp 0.0571  theta 0.0000  stop 0.3956  act-agree 0.755  p(stop) 0.035  lr 5.93e-05  1.78 it/s
step   9250  L  0.2794  point 0.0207  disp 0.0625  theta 0.0000  stop 0.2967  act-agree 0.713  p(stop) 0.003  lr 5.89e-05  1.78 it/s
step   9300  L  0.3267  point 0.0158  disp 0.0513  theta 0.0000  stop 0.4065  act-agree 0.775  p(stop) 0.004  lr 5.85e-05  1.78 it/s
step   9350  L  0.3733  point 0.0150  disp 0.0648  theta 0.0000  stop 0.4789  act-agree 0.723  p(stop) 0.040  lr 5.81e-05  1.79 it/s
step   9400  L  0.3806  point 0.0176  disp 0.0590  theta 0.0000  stop 0.5183  act-agree 0.720  p(stop) 0.007  lr 5.78e-05  1.79 it/s
step   9450  L  0.3402  point 0.0203  disp 0.0698  theta 0.0000  stop 0.4004  act-agree 0.720  p(stop) 0.013  lr 5.74e-05  1.79 it/s
step   9500  L  0.3750  point 0.0147  disp 0.0750  theta 0.0000  stop 0.4791  act-agree 0.772  p(stop) 0.037  lr 5.70e-05  1.79 it/s
step   9550  L  0.3468  point 0.0173  disp 0.0577  theta 0.0000  stop 0.4535  act-agree 0.735  p(stop) 0.026  lr 5.66e-05  1.79 it/s
step   9600  L  0.4648  point 0.0151  disp 0.0576  theta 0.0000  stop 0.6619  act-agree 0.787  p(stop) 0.005  lr 5.63e-05  1.79 it/s
step   9650  L  0.3189  point 0.0149  disp 0.0600  theta 0.0000  stop 0.3716  act-agree 0.745  p(stop) 0.007  lr 5.59e-05  1.79 it/s
step   9700  L  0.3184  point 0.0142  disp 0.0626  theta 0.0000  stop 0.3810  act-agree 0.775  p(stop) 0.015  lr 5.55e-05  1.79 it/s
step   9750  L  0.3807  point 0.0198  disp 0.0731  theta 0.0000  stop 0.4665  act-agree 0.750  p(stop) 0.031  lr 5.51e-05  1.79 it/s
step   9800  L  0.2598  point 0.0183  disp 0.0698  theta 0.0000  stop 0.2523  act-agree 0.750  p(stop) 0.013  lr 5.48e-05  1.79 it/s
step   9850  L  0.2905  point 0.0158  disp 0.0670  theta 0.0000  stop 0.3139  act-agree 0.775  p(stop) 0.002  lr 5.44e-05  1.79 it/s
step   9900  L  0.5985  point 0.0148  disp 0.0683  theta 0.0000  stop 0.9161  act-agree 0.770  p(stop) 0.017  lr 5.40e-05  1.79 it/s
step   9950  L  0.2115  point 0.0148  disp 0.0396  theta 0.0000  stop 0.2213  act-agree 0.752  p(stop) 0.001  lr 5.36e-05  1.79 it/s
step  10000  L  0.5330  point 0.0173  disp 0.0770  theta 0.0000  stop 0.7555  act-agree 0.743  p(stop) 0.074  lr 5.33e-05  1.79 it/s
step  10050  L  0.3302  point 0.0198  disp 0.0549  theta 0.0000  stop 0.4182  act-agree 0.762  p(stop) 0.011  lr 5.29e-05  1.79 it/s
step  10100  L  0.2856  point 0.0147  disp 0.0636  theta 0.0000  stop 0.3276  act-agree 0.772  p(stop) 0.005  lr 5.25e-05  1.79 it/s
step  10150  L  0.4133  point 0.0184  disp 0.0551  theta 0.0000  stop 0.5878  act-agree 0.755  p(stop) 0.004  lr 5.21e-05  1.79 it/s
step  10200  L  0.3988  point 0.0170  disp 0.0606  theta 0.0000  stop 0.5449  act-agree 0.762  p(stop) 0.013  lr 5.17e-05  1.79 it/s
step  10250  L  0.3325  point 0.0152  disp 0.0536  theta 0.0000  stop 0.4440  act-agree 0.718  p(stop) 0.017  lr 5.14e-05  1.79 it/s
step  10300  L  0.2817  point 0.0178  disp 0.0683  theta 0.0000  stop 0.2980  act-agree 0.718  p(stop) 0.002  lr 5.10e-05  1.79 it/s
step  10350  L  0.3940  point 0.0173  disp 0.0573  theta 0.0000  stop 0.5660  act-agree 0.748  p(stop) 0.003  lr 5.06e-05  1.79 it/s
step  10400  L  0.2694  point 0.0159  disp 0.0564  theta 0.0000  stop 0.3098  act-agree 0.745  p(stop) 0.001  lr 5.02e-05  1.79 it/s
step  10450  L  0.3885  point 0.0179  disp 0.0536  theta 0.0000  stop 0.5447  act-agree 0.767  p(stop) 0.008  lr 4.99e-05  1.79 it/s
step  10500  L  0.3379  point 0.0181  disp 0.0577  theta 0.0000  stop 0.4408  act-agree 0.710  p(stop) 0.004  lr 4.95e-05  1.79 it/s
step  10550  L  0.2794  point 0.0155  disp 0.0559  theta 0.0000  stop 0.3131  act-agree 0.743  p(stop) 0.053  lr 4.91e-05  1.80 it/s
step  10600  L  0.4105  point 0.0154  disp 0.0508  theta 0.0000  stop 0.6065  act-agree 0.767  p(stop) 0.009  lr 4.87e-05  1.80 it/s
step  10650  L  0.3309  point 0.0146  disp 0.0573  theta 0.0000  stop 0.4243  act-agree 0.745  p(stop) 0.013  lr 4.84e-05  1.80 it/s
step  10700  L  0.2984  point 0.0142  disp 0.0450  theta 0.0000  stop 0.3944  act-agree 0.750  p(stop) 0.014  lr 4.80e-05  1.80 it/s
step  10750  L  0.2987  point 0.0147  disp 0.0570  theta 0.0000  stop 0.3556  act-agree 0.755  p(stop) 0.002  lr 4.76e-05  1.80 it/s
step  10800  L  0.3840  point 0.0144  disp 0.0472  theta 0.0000  stop 0.5566  act-agree 0.790  p(stop) 0.011  lr 4.72e-05  1.80 it/s
step  10850  L  0.2934  point 0.0171  disp 0.0507  theta 0.0000  stop 0.3495  act-agree 0.775  p(stop) 0.009  lr 4.69e-05  1.80 it/s
step  10900  L  0.5208  point 0.0155  disp 0.0770  theta 0.0000  stop 0.7626  act-agree 0.777  p(stop) 0.064  lr 4.65e-05  1.80 it/s
step  10950  L  0.4117  point 0.0151  disp 0.0617  theta 0.0000  stop 0.5746  act-agree 0.743  p(stop) 0.030  lr 4.61e-05  1.80 it/s
step  11000  L  0.3725  point 0.0127  disp 0.0747  theta 0.0000  stop 0.4975  act-agree 0.790  p(stop) 0.005  lr 4.57e-05  1.80 it/s
step  11050  L  0.1846  point 0.0188  disp 0.0414  theta 0.0000  stop 0.1454  act-agree 0.770  p(stop) 0.004  lr 4.54e-05  1.80 it/s
step  11100  L  0.5040  point 0.0161  disp 0.0871  theta 0.0000  stop 0.6960  act-agree 0.762  p(stop) 0.007  lr 4.50e-05  1.80 it/s
step  11150  L  0.2291  point 0.0145  disp 0.0418  theta 0.0000  stop 0.2693  act-agree 0.735  p(stop) 0.001  lr 4.46e-05  1.80 it/s
step  11200  L  0.3093  point 0.0137  disp 0.0687  theta 0.0000  stop 0.3660  act-agree 0.740  p(stop) 0.019  lr 4.43e-05  1.80 it/s
step  11250  L  0.3411  point 0.0150  disp 0.0577  theta 0.0000  stop 0.4601  act-agree 0.755  p(stop) 0.002  lr 4.39e-05  1.80 it/s
step  11300  L  0.2751  point 0.0144  disp 0.0662  theta 0.0000  stop 0.3292  act-agree 0.767  p(stop) 0.003  lr 4.35e-05  1.80 it/s
step  11350  L  0.3030  point 0.0158  disp 0.0497  theta 0.0000  stop 0.3828  act-agree 0.772  p(stop) 0.001  lr 4.31e-05  1.80 it/s
step  11400  L  0.1142  point 0.0131  disp 0.0413  theta 0.0000  stop 0.0420  act-agree 0.755  p(stop) 0.014  lr 4.28e-05  1.80 it/s
step  11450  L  0.3268  point 0.0145  disp 0.0477  theta 0.0000  stop 0.4399  act-agree 0.797  p(stop) 0.002  lr 4.24e-05  1.80 it/s
step  11500  L  0.3635  point 0.0125  disp 0.0572  theta 0.0000  stop 0.5185  act-agree 0.765  p(stop) 0.001  lr 4.20e-05  1.80 it/s
step  11550  L  0.2933  point 0.0134  disp 0.0450  theta 0.0000  stop 0.3853  act-agree 0.755  p(stop) 0.000  lr 4.17e-05  1.81 it/s
step  11600  L  0.2091  point 0.0152  disp 0.0644  theta 0.0000  stop 0.1889  act-agree 0.767  p(stop) 0.003  lr 4.13e-05  1.81 it/s
step  11650  L  0.2055  point 0.0151  disp 0.0385  theta 0.0000  stop 0.2198  act-agree 0.800  p(stop) 0.004  lr 4.09e-05  1.81 it/s
step  11700  L  0.3567  point 0.0177  disp 0.0643  theta 0.0000  stop 0.4744  act-agree 0.770  p(stop) 0.121  lr 4.06e-05  1.81 it/s
step  11750  L  0.2792  point 0.0143  disp 0.0394  theta 0.0000  stop 0.3623  act-agree 0.775  p(stop) 0.002  lr 4.02e-05  1.81 it/s
step  11800  L  0.3321  point 0.0153  disp 0.0754  theta 0.0000  stop 0.4068  act-agree 0.782  p(stop) 0.000  lr 3.98e-05  1.81 it/s
step  11850  L  0.3200  point 0.0144  disp 0.0551  theta 0.0000  stop 0.4201  act-agree 0.795  p(stop) 0.000  lr 3.95e-05  1.81 it/s
step  11900  L  0.4622  point 0.0144  disp 0.0740  theta 0.0000  stop 0.6604  act-agree 0.735  p(stop) 0.035  lr 3.91e-05  1.81 it/s
step  11950  L  0.2651  point 0.0165  disp 0.0418  theta 0.0000  stop 0.3364  act-agree 0.797  p(stop) 0.092  lr 3.88e-05  1.81 it/s
step  12000  L  0.3330  point 0.0146  disp 0.0450  theta 0.0000  stop 0.4854  act-agree 0.790  p(stop) 0.001  lr 3.84e-05  1.81 it/s
step  12050  L  0.4225  point 0.0132  disp 0.0670  theta 0.0000  stop 0.6086  act-agree 0.765  p(stop) 0.003  lr 3.80e-05  1.81 it/s
step  12100  L  0.4064  point 0.0120  disp 0.0661  theta 0.0000  stop 0.6057  act-agree 0.810  p(stop) 0.130  lr 3.77e-05  1.81 it/s
step  12150  L  0.3091  point 0.0134  disp 0.0512  theta 0.0000  stop 0.4097  act-agree 0.785  p(stop) 0.022  lr 3.73e-05  1.81 it/s
step  12200  L  0.2176  point 0.0160  disp 0.0554  theta 0.0000  stop 0.2091  act-agree 0.748  p(stop) 0.012  lr 3.70e-05  1.81 it/s
step  12250  L  0.1847  point 0.0123  disp 0.0525  theta 0.0000  stop 0.1735  act-agree 0.790  p(stop) 0.001  lr 3.66e-05  1.81 it/s
step  12300  L  0.3097  point 0.0135  disp 0.0618  theta 0.0000  stop 0.3557  act-agree 0.757  p(stop) 0.008  lr 3.63e-05  1.81 it/s
step  12350  L  0.2837  point 0.0132  disp 0.0467  theta 0.0000  stop 0.3503  act-agree 0.812  p(stop) 0.032  lr 3.59e-05  1.81 it/s
step  12400  L  0.2850  point 0.0140  disp 0.0607  theta 0.0000  stop 0.3583  act-agree 0.762  p(stop) 0.002  lr 3.55e-05  1.81 it/s
step  12450  L  0.5199  point 0.0138  disp 0.0734  theta 0.0000  stop 0.7931  act-agree 0.725  p(stop) 0.004  lr 3.52e-05  1.81 it/s
step  12500  L  0.3900  point 0.0151  disp 0.0635  theta 0.0000  stop 0.5419  act-agree 0.718  p(stop) 0.009  lr 3.48e-05  1.81 it/s
step  12550  L  0.3328  point 0.0158  disp 0.0653  theta 0.0000  stop 0.4326  act-agree 0.720  p(stop) 0.007  lr 3.45e-05  1.81 it/s
step  12600  L  0.2961  point 0.0148  disp 0.0534  theta 0.0000  stop 0.3865  act-agree 0.812  p(stop) 0.013  lr 3.41e-05  1.81 it/s
step  12650  L  0.3028  point 0.0152  disp 0.0513  theta 0.0000  stop 0.3853  act-agree 0.770  p(stop) 0.015  lr 3.38e-05  1.81 it/s
step  12700  L  0.1692  point 0.0119  disp 0.0569  theta 0.0000  stop 0.1398  act-agree 0.748  p(stop) 0.003  lr 3.35e-05  1.81 it/s
step  12750  L  0.2868  point 0.0152  disp 0.0643  theta 0.0000  stop 0.3449  act-agree 0.735  p(stop) 0.000  lr 3.31e-05  1.81 it/s
step  12800  L  0.2788  point 0.0135  disp 0.0553  theta 0.0000  stop 0.3570  act-agree 0.775  p(stop) 0.001  lr 3.28e-05  1.81 it/s
step  12850  L  0.2287  point 0.0143  disp 0.0492  theta 0.0000  stop 0.2549  act-agree 0.770  p(stop) 0.005  lr 3.24e-05  1.81 it/s
step  12900  L  0.2163  point 0.0126  disp 0.0518  theta 0.0000  stop 0.2393  act-agree 0.748  p(stop) 0.005  lr 3.21e-05  1.82 it/s
step  12950  L  0.2359  point 0.0133  disp 0.0465  theta 0.0000  stop 0.2845  act-agree 0.762  p(stop) 0.001  lr 3.17e-05  1.82 it/s
step  13000  L  0.3150  point 0.0137  disp 0.0548  theta 0.0000  stop 0.4251  act-agree 0.740  p(stop) 0.001  lr 3.14e-05  1.82 it/s
step  13050  L  0.1766  point 0.0140  disp 0.0415  theta 0.0000  stop 0.1728  act-agree 0.762  p(stop) 0.007  lr 3.11e-05  1.82 it/s
step  13100  L  0.1594  point 0.0130  disp 0.0400  theta 0.0000  stop 0.1530  act-agree 0.713  p(stop) 0.064  lr 3.07e-05  1.82 it/s
step  13150  L  0.2612  point 0.0143  disp 0.0641  theta 0.0000  stop 0.3026  act-agree 0.735  p(stop) 0.055  lr 3.04e-05  1.82 it/s
step  13200  L  0.2240  point 0.0141  disp 0.0446  theta 0.0000  stop 0.2701  act-agree 0.752  p(stop) 0.001  lr 3.01e-05  1.82 it/s
step  13250  L  0.2143  point 0.0136  disp 0.0510  theta 0.0000  stop 0.2109  act-agree 0.730  p(stop) 0.004  lr 2.97e-05  1.82 it/s
step  13300  L  0.2607  point 0.0151  disp 0.0460  theta 0.0000  stop 0.3215  act-agree 0.777  p(stop) 0.027  lr 2.94e-05  1.82 it/s
step  13350  L  0.3383  point 0.0115  disp 0.0641  theta 0.0000  stop 0.4809  act-agree 0.767  p(stop) 0.015  lr 2.91e-05  1.82 it/s
step  13400  L  0.1955  point 0.0145  disp 0.0381  theta 0.0000  stop 0.2075  act-agree 0.777  p(stop) 0.000  lr 2.88e-05  1.82 it/s
step  13450  L  0.2672  point 0.0137  disp 0.0575  theta 0.0000  stop 0.3236  act-agree 0.718  p(stop) 0.001  lr 2.84e-05  1.82 it/s
step  13500  L  0.3611  point 0.0151  disp 0.0592  theta 0.0000  stop 0.4977  act-agree 0.752  p(stop) 0.021  lr 2.81e-05  1.82 it/s
step  13550  L  0.3309  point 0.0175  disp 0.0526  theta 0.0000  stop 0.4558  act-agree 0.800  p(stop) 0.001  lr 2.78e-05  1.83 it/s
step  13600  L  0.2241  point 0.0144  disp 0.0527  theta 0.0000  stop 0.2532  act-agree 0.777  p(stop) 0.010  lr 2.75e-05  1.83 it/s
step  13650  L  0.3003  point 0.0137  disp 0.0469  theta 0.0000  stop 0.4009  act-agree 0.790  p(stop) 0.049  lr 2.71e-05  1.83 it/s
step  13700  L  0.2214  point 0.0129  disp 0.0540  theta 0.0000  stop 0.2542  act-agree 0.805  p(stop) 0.113  lr 2.68e-05  1.83 it/s
step  13750  L  0.2277  point 0.0133  disp 0.0531  theta 0.0000  stop 0.2681  act-agree 0.797  p(stop) 0.109  lr 2.65e-05  1.83 it/s
step  13800  L  0.2375  point 0.0144  disp 0.0588  theta 0.0000  stop 0.2678  act-agree 0.765  p(stop) 0.002  lr 2.62e-05  1.83 it/s
step  13850  L  0.1892  point 0.0124  disp 0.0451  theta 0.0000  stop 0.2077  act-agree 0.787  p(stop) 0.002  lr 2.59e-05  1.83 it/s
step  13900  L  0.1561  point 0.0130  disp 0.0404  theta 0.0000  stop 0.1479  act-agree 0.718  p(stop) 0.007  lr 2.56e-05  1.83 it/s
step  13950  L  0.3857  point 0.0129  disp 0.0643  theta 0.0000  stop 0.5521  act-agree 0.795  p(stop) 0.001  lr 2.53e-05  1.83 it/s
step  14000  L  0.2980  point 0.0144  disp 0.0695  theta 0.0000  stop 0.3823  act-agree 0.760  p(stop) 0.041  lr 2.49e-05  1.83 it/s
step  14050  L  0.2349  point 0.0125  disp 0.0483  theta 0.0000  stop 0.2921  act-agree 0.760  p(stop) 0.083  lr 2.46e-05  1.83 it/s
step  14100  L  0.4129  point 0.0154  disp 0.0572  theta 0.0000  stop 0.6168  act-agree 0.767  p(stop) 0.000  lr 2.43e-05  1.83 it/s
step  14150  L  0.1909  point 0.0148  disp 0.0447  theta 0.0000  stop 0.2018  act-agree 0.765  p(stop) 0.001  lr 2.40e-05  1.83 it/s
step  14200  L  0.2425  point 0.0134  disp 0.0514  theta 0.0000  stop 0.2941  act-agree 0.765  p(stop) 0.002  lr 2.37e-05  1.83 it/s
step  14250  L  0.2022  point 0.0121  disp 0.0677  theta 0.0000  stop 0.1869  act-agree 0.767  p(stop) 0.000  lr 2.34e-05  1.83 it/s
step  14300  L  0.2586  point 0.0141  disp 0.0463  theta 0.0000  stop 0.3135  act-agree 0.748  p(stop) 0.000  lr 2.31e-05  1.84 it/s
step  14350  L  0.1616  point 0.0154  disp 0.0440  theta 0.0000  stop 0.1635  act-agree 0.790  p(stop) 0.014  lr 2.28e-05  1.84 it/s
step  14400  L  0.3970  point 0.0133  disp 0.0627  theta 0.0000  stop 0.5912  act-agree 0.805  p(stop) 0.004  lr 2.25e-05  1.84 it/s
step  14450  L  0.2617  point 0.0128  disp 0.0402  theta 0.0000  stop 0.3626  act-agree 0.785  p(stop) 0.000  lr 2.23e-05  1.84 it/s
step  14500  L  0.3159  point 0.0150  disp 0.0631  theta 0.0000  stop 0.4071  act-agree 0.772  p(stop) 0.009  lr 2.20e-05  1.84 it/s
step  14550  L  0.1873  point 0.0158  disp 0.0564  theta 0.0000  stop 0.1715  act-agree 0.765  p(stop) 0.004  lr 2.17e-05  1.84 it/s
step  14600  L  0.1878  point 0.0181  disp 0.0503  theta 0.0000  stop 0.1750  act-agree 0.760  p(stop) 0.018  lr 2.14e-05  1.84 it/s
step  14650  L  0.2370  point 0.0128  disp 0.0533  theta 0.0000  stop 0.2866  act-agree 0.748  p(stop) 0.000  lr 2.11e-05  1.84 it/s
step  14700  L  0.1615  point 0.0132  disp 0.0399  theta 0.0000  stop 0.1630  act-agree 0.787  p(stop) 0.003  lr 2.08e-05  1.84 it/s
step  14750  L  0.1574  point 0.0151  disp 0.0419  theta 0.0000  stop 0.1525  act-agree 0.785  p(stop) 0.009  lr 2.05e-05  1.84 it/s
step  14800  L  0.2870  point 0.0108  disp 0.0515  theta 0.0000  stop 0.3867  act-agree 0.770  p(stop) 0.003  lr 2.03e-05  1.84 it/s
step  14850  L  0.2254  point 0.0129  disp 0.0574  theta 0.0000  stop 0.2610  act-agree 0.760  p(stop) 0.200  lr 2.00e-05  1.84 it/s
step  14900  L  0.1933  point 0.0100  disp 0.0412  theta 0.0000  stop 0.2275  act-agree 0.785  p(stop) 0.001  lr 1.97e-05  1.84 it/s
step  14950  L  0.1718  point 0.0118  disp 0.0378  theta 0.0000  stop 0.1916  act-agree 0.802  p(stop) 0.000  lr 1.94e-05  1.84 it/s
step  15000  L  0.2451  point 0.0113  disp 0.0534  theta 0.0000  stop 0.2904  act-agree 0.780  p(stop) 0.008  lr 1.92e-05  1.84 it/s
step  15050  L  0.0861  point 0.0119  disp 0.0409  theta 0.0000  stop 0.0139  act-agree 0.785  p(stop) 0.000  lr 1.89e-05  1.85 it/s
step  15100  L  0.4739  point 0.0111  disp 0.0605  theta 0.0000  stop 0.7297  act-agree 0.750  p(stop) 0.034  lr 1.86e-05  1.85 it/s
step  15150  L  0.1897  point 0.0122  disp 0.0479  theta 0.0000  stop 0.2088  act-agree 0.762  p(stop) 0.001  lr 1.84e-05  1.85 it/s
step  15200  L  0.3372  point 0.0115  disp 0.0543  theta 0.0000  stop 0.4965  act-agree 0.760  p(stop) 0.044  lr 1.81e-05  1.85 it/s
step  15250  L  0.1588  point 0.0138  disp 0.0529  theta 0.0000  stop 0.1447  act-agree 0.735  p(stop) 0.007  lr 1.79e-05  1.85 it/s
step  15300  L  0.1537  point 0.0134  disp 0.0402  theta 0.0000  stop 0.1394  act-agree 0.740  p(stop) 0.002  lr 1.76e-05  1.85 it/s
step  15350  L  0.1962  point 0.0108  disp 0.0682  theta 0.0000  stop 0.1648  act-agree 0.760  p(stop) 0.102  lr 1.74e-05  1.85 it/s
step  15400  L  0.3425  point 0.0133  disp 0.0691  theta 0.0000  stop 0.4455  act-agree 0.760  p(stop) 0.000  lr 1.71e-05  1.85 it/s
step  15450  L  0.1680  point 0.0131  disp 0.0425  theta 0.0000  stop 0.1819  act-agree 0.805  p(stop) 0.073  lr 1.68e-05  1.85 it/s
step  15500  L  0.1729  point 0.0123  disp 0.0388  theta 0.0000  stop 0.1796  act-agree 0.775  p(stop) 0.021  lr 1.66e-05  1.85 it/s
step  15550  L  0.1417  point 0.0119  disp 0.0428  theta 0.0000  stop 0.1309  act-agree 0.795  p(stop) 0.008  lr 1.64e-05  1.85 it/s
step  15600  L  0.2316  point 0.0165  disp 0.0253  theta 0.0000  stop 0.2947  act-agree 0.833  p(stop) 0.000  lr 1.61e-05  1.85 it/s
step  15650  L  0.1728  point 0.0140  disp 0.0504  theta 0.0000  stop 0.1778  act-agree 0.792  p(stop) 0.026  lr 1.59e-05  1.85 it/s
step  15700  L  0.2031  point 0.0123  disp 0.0492  theta 0.0000  stop 0.2329  act-agree 0.748  p(stop) 0.001  lr 1.56e-05  1.85 it/s
step  15750  L  0.1784  point 0.0104  disp 0.0504  theta 0.0000  stop 0.1701  act-agree 0.782  p(stop) 0.053  lr 1.54e-05  1.85 it/s
step  15800  L  0.2057  point 0.0107  disp 0.0602  theta 0.0000  stop 0.2158  act-agree 0.748  p(stop) 0.002  lr 1.52e-05  1.85 it/s
step  15850  L  0.2226  point 0.0126  disp 0.0713  theta 0.0000  stop 0.2191  act-agree 0.785  p(stop) 0.019  lr 1.49e-05  1.85 it/s
step  15900  L  0.3281  point 0.0107  disp 0.0651  theta 0.0000  stop 0.4550  act-agree 0.760  p(stop) 0.002  lr 1.47e-05  1.85 it/s
step  15950  L  0.1346  point 0.0135  disp 0.0473  theta 0.0000  stop 0.0924  act-agree 0.772  p(stop) 0.002  lr 1.45e-05  1.86 it/s
step  16000  L  0.3643  point 0.0119  disp 0.0481  theta 0.0000  stop 0.5466  act-agree 0.792  p(stop) 0.020  lr 1.42e-05  1.86 it/s
step  16050  L  0.1665  point 0.0121  disp 0.0686  theta 0.0000  stop 0.1240  act-agree 0.752  p(stop) 0.137  lr 1.40e-05  1.86 it/s
step  16100  L  0.2461  point 0.0126  disp 0.0773  theta 0.0000  stop 0.2669  act-agree 0.743  p(stop) 0.151  lr 1.38e-05  1.86 it/s
step  16150  L  0.1361  point 0.0109  disp 0.0277  theta 0.0000  stop 0.1320  act-agree 0.792  p(stop) 0.001  lr 1.36e-05  1.86 it/s
step  16200  L  0.1845  point 0.0113  disp 0.0493  theta 0.0000  stop 0.2113  act-agree 0.785  p(stop) 0.001  lr 1.34e-05  1.86 it/s
step  16250  L  0.2075  point 0.0115  disp 0.0500  theta 0.0000  stop 0.2472  act-agree 0.777  p(stop) 0.110  lr 1.32e-05  1.86 it/s
step  16300  L  0.3352  point 0.0148  disp 0.0628  theta 0.0000  stop 0.4690  act-agree 0.767  p(stop) 0.004  lr 1.30e-05  1.86 it/s
step  16350  L  0.2398  point 0.0119  disp 0.0648  theta 0.0000  stop 0.2807  act-agree 0.760  p(stop) 0.070  lr 1.27e-05  1.86 it/s
step  16400  L  0.1375  point 0.0117  disp 0.0473  theta 0.0000  stop 0.1002  act-agree 0.790  p(stop) 0.002  lr 1.25e-05  1.86 it/s
step  16450  L  0.2475  point 0.0136  disp 0.0545  theta 0.0000  stop 0.3269  act-agree 0.762  p(stop) 0.000  lr 1.23e-05  1.86 it/s
step  16500  L  0.3023  point 0.0111  disp 0.0610  theta 0.0000  stop 0.4127  act-agree 0.755  p(stop) 0.064  lr 1.21e-05  1.86 it/s
step  16550  L  0.1614  point 0.0133  disp 0.0423  theta 0.0000  stop 0.1618  act-agree 0.795  p(stop) 0.117  lr 1.19e-05  1.86 it/s
step  16600  L  0.1648  point 0.0109  disp 0.0399  theta 0.0000  stop 0.1698  act-agree 0.785  p(stop) 0.000  lr 1.17e-05  1.86 it/s
step  16650  L  0.1630  point 0.0115  disp 0.0330  theta 0.0000  stop 0.1987  act-agree 0.797  p(stop) 0.002  lr 1.16e-05  1.86 it/s
step  16700  L  0.1697  point 0.0119  disp 0.0455  theta 0.0000  stop 0.1999  act-agree 0.800  p(stop) 0.003  lr 1.14e-05  1.86 it/s
step  16750  L  0.1519  point 0.0115  disp 0.0545  theta 0.0000  stop 0.1369  act-agree 0.765  p(stop) 0.032  lr 1.12e-05  1.86 it/s
step  16800  L  0.2193  point 0.0101  disp 0.0368  theta 0.0000  stop 0.2944  act-agree 0.800  p(stop) 0.013  lr 1.10e-05  1.86 it/s
step  16850  L  0.2145  point 0.0126  disp 0.0481  theta 0.0000  stop 0.2687  act-agree 0.782  p(stop) 0.001  lr 1.08e-05  1.86 it/s
step  16900  L  0.2364  point 0.0146  disp 0.0485  theta 0.0000  stop 0.2921  act-agree 0.777  p(stop) 0.001  lr 1.06e-05  1.87 it/s
step  16950  L  0.3192  point 0.0127  disp 0.0549  theta 0.0000  stop 0.4579  act-agree 0.777  p(stop) 0.003  lr 1.05e-05  1.87 it/s
step  17000  L  0.3016  point 0.0115  disp 0.0408  theta 0.0000  stop 0.4489  act-agree 0.795  p(stop) 0.153  lr 1.03e-05  1.87 it/s
step  17050  L  0.2265  point 0.0120  disp 0.0613  theta 0.0000  stop 0.2728  act-agree 0.740  p(stop) 0.001  lr 1.01e-05  1.87 it/s
step  17100  L  0.2252  point 0.0118  disp 0.0481  theta 0.0000  stop 0.2707  act-agree 0.787  p(stop) 0.011  lr 9.94e-06  1.87 it/s
step  17150  L  0.2452  point 0.0103  disp 0.0504  theta 0.0000  stop 0.3140  act-agree 0.770  p(stop) 0.006  lr 9.77e-06  1.87 it/s
step  17200  L  0.2061  point 0.0142  disp 0.0530  theta 0.0000  stop 0.2330  act-agree 0.805  p(stop) 0.000  lr 9.61e-06  1.87 it/s
step  17250  L  0.1854  point 0.0121  disp 0.0507  theta 0.0000  stop 0.2077  act-agree 0.790  p(stop) 0.001  lr 9.45e-06  1.87 it/s
step  17300  L  0.1670  point 0.0132  disp 0.0438  theta 0.0000  stop 0.1798  act-agree 0.810  p(stop) 0.101  lr 9.29e-06  1.87 it/s
step  17350  L  0.1711  point 0.0125  disp 0.0408  theta 0.0000  stop 0.2089  act-agree 0.775  p(stop) 0.000  lr 9.14e-06  1.87 it/s
step  17400  L  0.3470  point 0.0125  disp 0.0503  theta 0.0000  stop 0.5280  act-agree 0.757  p(stop) 0.007  lr 8.98e-06  1.87 it/s
step  17450  L  0.1307  point 0.0096  disp 0.0523  theta 0.0000  stop 0.1075  act-agree 0.815  p(stop) 0.124  lr 8.84e-06  1.87 it/s
step  17500  L  0.0611  point 0.0092  disp 0.0357  theta 0.0000  stop 0.0128  act-agree 0.807  p(stop) 0.126  lr 8.69e-06  1.87 it/s
step  17550  L  0.1008  point 0.0114  disp 0.0481  theta 0.0000  stop 0.0601  act-agree 0.800  p(stop) 0.000  lr 8.54e-06  1.87 it/s
step  17600  L  0.0566  point 0.0104  disp 0.0300  theta 0.0000  stop 0.0181  act-agree 0.787  p(stop) 0.129  lr 8.40e-06  1.87 it/s
step  17650  L  0.0891  point 0.0095  disp 0.0548  theta 0.0000  stop 0.0288  act-agree 0.825  p(stop) 0.011  lr 8.26e-06  1.87 it/s
step  17700  L  0.1605  point 0.0095  disp 0.0667  theta 0.0000  stop 0.1505  act-agree 0.790  p(stop) 0.000  lr 8.13e-06  1.87 it/s
step  17750  L  0.0691  point 0.0093  disp 0.0443  theta 0.0000  stop 0.0153  act-agree 0.830  p(stop) 0.000  lr 7.99e-06  1.87 it/s
step  17800  L  0.1282  point 0.0105  disp 0.0599  theta 0.0000  stop 0.0928  act-agree 0.770  p(stop) 0.016  lr 7.86e-06  1.87 it/s
step  17850  L  0.0587  point 0.0106  disp 0.0345  theta 0.0000  stop 0.0081  act-agree 0.810  p(stop) 0.001  lr 7.74e-06  1.87 it/s
step  17900  L  0.1854  point 0.0114  disp 0.0513  theta 0.0000  stop 0.2193  act-agree 0.775  p(stop) 0.000  lr 7.61e-06  1.87 it/s
step  17950  L  0.0929  point 0.0100  disp 0.0482  theta 0.0000  stop 0.0575  act-agree 0.830  p(stop) 0.000  lr 7.49e-06  1.87 it/s
step  18000  L  0.1058  point 0.0095  disp 0.0407  theta 0.0000  stop 0.0860  act-agree 0.790  p(stop) 0.123  lr 7.37e-06  1.88 it/s
step  18050  L  0.0958  point 0.0083  disp 0.0344  theta 0.0000  stop 0.0838  act-agree 0.795  p(stop) 0.002  lr 7.26e-06  1.88 it/s
step  18100  L  0.0862  point 0.0095  disp 0.0396  theta 0.0000  stop 0.0502  act-agree 0.810  p(stop) 0.000  lr 7.14e-06  1.88 it/s
step  18150  L  0.1269  point 0.0102  disp 0.0401  theta 0.0000  stop 0.1262  act-agree 0.802  p(stop) 0.000  lr 7.03e-06  1.88 it/s
step  18200  L  0.0926  point 0.0093  disp 0.0415  theta 0.0000  stop 0.0614  act-agree 0.775  p(stop) 0.008  lr 6.92e-06  1.88 it/s
step  18250  L  0.1048  point 0.0096  disp 0.0504  theta 0.0000  stop 0.0676  act-agree 0.780  p(stop) 0.106  lr 6.82e-06  1.88 it/s
step  18300  L  0.1056  point 0.0107  disp 0.0437  theta 0.0000  stop 0.0911  act-agree 0.815  p(stop) 0.000  lr 6.72e-06  1.88 it/s
step  18350  L  0.0867  point 0.0084  disp 0.0378  theta 0.0000  stop 0.0514  act-agree 0.805  p(stop) 0.000  lr 6.62e-06  1.88 it/s
step  18400  L  0.1688  point 0.0088  disp 0.0407  theta 0.0000  stop 0.2198  act-agree 0.785  p(stop) 0.063  lr 6.52e-06  1.88 it/s
step  18450  L  0.1050  point 0.0084  disp 0.0457  theta 0.0000  stop 0.0813  act-agree 0.807  p(stop) 0.002  lr 6.43e-06  1.88 it/s
step  18500  L  0.0785  point 0.0108  disp 0.0332  theta 0.0000  stop 0.0585  act-agree 0.825  p(stop) 0.000  lr 6.34e-06  1.88 it/s
step  18550  L  0.0495  point 0.0100  disp 0.0267  theta 0.0000  stop 0.0096  act-agree 0.792  p(stop) 0.164  lr 6.25e-06  1.88 it/s
step  18600  L  0.0753  point 0.0103  disp 0.0385  theta 0.0000  stop 0.0351  act-agree 0.818  p(stop) 0.001  lr 6.17e-06  1.88 it/s
step  18650  L  0.2250  point 0.0089  disp 0.0470  theta 0.0000  stop 0.3189  act-agree 0.825  p(stop) 0.001  lr 6.09e-06  1.88 it/s
step  18700  L  0.0900  point 0.0081  disp 0.0414  theta 0.0000  stop 0.0552  act-agree 0.800  p(stop) 0.000  lr 6.01e-06  1.88 it/s
step  18750  L  0.0814  point 0.0100  disp 0.0474  theta 0.0000  stop 0.0242  act-agree 0.780  p(stop) 0.000  lr 5.93e-06  1.88 it/s
step  18800  L  0.1546  point 0.0121  disp 0.0425  theta 0.0000  stop 0.1848  act-agree 0.780  p(stop) 0.002  lr 5.86e-06  1.88 it/s
step  18850  L  0.2078  point 0.0098  disp 0.0453  theta 0.0000  stop 0.2886  act-agree 0.752  p(stop) 0.111  lr 5.79e-06  1.88 it/s
step  18900  L  0.1141  point 0.0107  disp 0.0414  theta 0.0000  stop 0.1021  act-agree 0.812  p(stop) 0.004  lr 5.72e-06  1.88 it/s
step  18950  L  0.0977  point 0.0098  disp 0.0419  theta 0.0000  stop 0.0582  act-agree 0.807  p(stop) 0.003  lr 5.66e-06  1.88 it/s
step  19000  L  0.1573  point 0.0097  disp 0.0423  theta 0.0000  stop 0.1892  act-agree 0.815  p(stop) 0.001  lr 5.60e-06  1.88 it/s
step  19050  L  0.1594  point 0.0109  disp 0.0380  theta 0.0000  stop 0.1985  act-agree 0.820  p(stop) 0.000  lr 5.54e-06  1.88 it/s
step  19100  L  0.1784  point 0.0099  disp 0.0475  theta 0.0000  stop 0.2225  act-agree 0.757  p(stop) 0.028  lr 5.48e-06  1.88 it/s
step  19150  L  0.0842  point 0.0106  disp 0.0518  theta 0.0000  stop 0.0164  act-agree 0.820  p(stop) 0.000  lr 5.43e-06  1.88 it/s
step  19200  L  0.1009  point 0.0083  disp 0.0349  theta 0.0000  stop 0.1027  act-agree 0.823  p(stop) 0.002  lr 5.38e-06  1.89 it/s
step  19250  L  0.0873  point 0.0090  disp 0.0469  theta 0.0000  stop 0.0527  act-agree 0.825  p(stop) 0.000  lr 5.34e-06  1.89 it/s
step  19300  L  0.0822  point 0.0091  disp 0.0431  theta 0.0000  stop 0.0343  act-agree 0.795  p(stop) 0.000  lr 5.29e-06  1.89 it/s
step  19350  L  0.0744  point 0.0099  disp 0.0402  theta 0.0000  stop 0.0248  act-agree 0.790  p(stop) 0.000  lr 5.25e-06  1.89 it/s
step  19400  L  0.1366  point 0.0105  disp 0.0418  theta 0.0000  stop 0.1436  act-agree 0.797  p(stop) 0.000  lr 5.22e-06  1.89 it/s
step  19450  L  0.1950  point 0.0087  disp 0.0652  theta 0.0000  stop 0.2201  act-agree 0.805  p(stop) 0.011  lr 5.18e-06  1.89 it/s
step  19500  L  0.0996  point 0.0095  disp 0.0486  theta 0.0000  stop 0.0604  act-agree 0.792  p(stop) 0.125  lr 5.15e-06  1.89 it/s
step  19550  L  0.0733  point 0.0093  disp 0.0402  theta 0.0000  stop 0.0254  act-agree 0.777  p(stop) 0.001  lr 5.12e-06  1.89 it/s
step  19600  L  0.0739  point 0.0086  disp 0.0485  theta 0.0000  stop 0.0204  act-agree 0.807  p(stop) 0.010  lr 5.10e-06  1.89 it/s
step  19650  L  0.1100  point 0.0103  disp 0.0472  theta 0.0000  stop 0.0881  act-agree 0.777  p(stop) 0.001  lr 5.07e-06  1.89 it/s
step  19700  L  0.1108  point 0.0085  disp 0.0501  theta 0.0000  stop 0.0930  act-agree 0.767  p(stop) 0.004  lr 5.05e-06  1.89 it/s
step  19750  L  0.1043  point 0.0088  disp 0.0358  theta 0.0000  stop 0.1046  act-agree 0.790  p(stop) 0.000  lr 5.04e-06  1.89 it/s
step  19800  L  0.1770  point 0.0092  disp 0.0577  theta 0.0000  stop 0.2031  act-agree 0.772  p(stop) 0.000  lr 5.02e-06  1.89 it/s
step  19850  L  0.0894  point 0.0105  disp 0.0245  theta 0.0000  stop 0.0970  act-agree 0.835  p(stop) 0.003  lr 5.01e-06  1.89 it/s
step  19900  L  0.0577  point 0.0088  disp 0.0345  theta 0.0000  stop 0.0070  act-agree 0.757  p(stop) 0.063  lr 5.01e-06  1.89 it/s
step  19950  L  0.0847  point 0.0093  disp 0.0457  theta 0.0000  stop 0.0326  act-agree 0.775  p(stop) 0.001  lr 5.00e-06  1.89 it/s
step  20000  L  0.0756  point 0.0094  disp 0.0364  theta 0.0000  stop 0.0382  act-agree 0.825  p(stop) 0.049  lr 5.00e-06  1.89 it/s

saved -> checkpoints/pointing_6scan/final
######## 6-SCAN train finished Thu Sep  3 02:18:16 EDT 2026 ########
######## 6-SCAN eval diagnostic ########
######## 6-SCAN eval --strict ########
######## DATA ABLATION DONE Thu Sep  3 02:18:36 EDT 2026 ########
