v_bar reference: mean ||v_bar|| = 15.84
Loading Stage 0' policy from checkpoints/stage1_balanced/step10000 ...
  loaded adapter.pt (224 LoRA tensors, r=16)
  adapter: 6,422,528 LoRA params
  pilot  : mode=action_query (B -- distinct h_act/h_pil)
slot_mode = z
split=val_unseen  episodes=150  scans=8

  25/150  (0.30 ep/s)
  50/150  (0.29 ep/s)
  75/150  (0.28 ep/s)
  100/150  (0.29 ep/s)
  125/150  (0.30 ep/s)
  150/150  (0.30 ep/s)

====================================================================
  STAGE 0' EVAL — checkpoints/stage1_balanced/step10000
  slot_mode=z
  split=val_unseen  n=150  diagnostic (3m early exit)
====================================================================
    SR    = 0.0667
    SPL   = 0.0667
    OS    = 0.0667
    nDTW  = 0.2751
    NE    = 8.3559

  TERMINATION:
    model_stop        27  ( 18.0%)
    within_radius     10  (  6.7%)
    timeout          113  ( 75.3%)

  ||z_t|| over 12,199 steps: mean 15.07  min 12.39  max 19.39
    (Stage 2 wants this DRIFT to shrink; record it as the Stage 0' reference)

  Paper NaN row (Table 3): SR 51.7  SPL 47.1  NE 5.3  OS 57.0
====================================================================
