######## FULL 3-EPOCH train started Thu Sep  3 12:49:07 EDT 2026 ########
  61 scans / 10,819 episodes / 435,468 steps
  K=2 stride=8 (spans 16 steps), batch 4, 326601 steps = 3.00 epochs
split=train  episodes=10,819  steps=435,468
STOP fraction    = 0.0248  (pos_weight 39.3)
visible fraction = 0.6433
history frames   = 2 (stride 8, spans 16 steps)
epochs over 435,468 steps at batch 4: 3.00

LR cosine: warmup 200 -> peak 1.00e-04 -> 5.00e-06 at step 326601 (floor 5% of peak)
trainable: 6,434,822 (LoRA + 12,294 head)

step    200  L  0.5758  point 0.0664  disp 0.1028  theta 0.0000  stop 0.5475  act-agree 0.657  p(stop) 0.009  lr 1.00e-04  1.47 it/s
step    400  L  0.5433  point 0.0519  disp 0.1127  theta 0.0000  stop 0.4861  act-agree 0.631  p(stop) 0.003  lr 1.00e-04  1.48 it/s
step    600  L  0.6324  point 0.0596  disp 0.1157  theta 0.0000  stop 0.6479  act-agree 0.664  p(stop) 0.013  lr 1.00e-04  1.48 it/s
step    800  L  0.7016  point 0.0537  disp 0.1354  theta 0.0000  stop 0.7596  act-agree 0.650  p(stop) 0.010  lr 1.00e-04  1.48 it/s
step   1000  L  0.6680  point 0.0539  disp 0.1266  theta 0.0000  stop 0.7154  act-agree 0.647  p(stop) 0.007  lr 1.00e-04  1.48 it/s
step   1200  L  0.8067  point 0.0462  disp 0.1275  theta 0.0000  stop 1.0036  act-agree 0.651  p(stop) 0.016  lr 1.00e-04  1.48 it/s
step   1400  L  0.7166  point 0.0449  disp 0.1519  theta 0.0000  stop 0.7927  act-agree 0.672  p(stop) 0.012  lr 1.00e-04  1.48 it/s
step   1600  L  0.7736  point 0.0547  disp 0.1420  theta 0.0000  stop 0.8782  act-agree 0.642  p(stop) 0.012  lr 1.00e-04  1.48 it/s
step   1800  L  0.6058  point 0.0562  disp 0.1117  theta 0.0000  stop 0.6246  act-agree 0.639  p(stop) 0.010  lr 1.00e-04  1.48 it/s
step   2000  L  0.5993  point 0.0509  disp 0.1014  theta 0.0000  stop 0.6495  act-agree 0.676  p(stop) 0.012  lr 1.00e-04  1.48 it/s
step   2200  L  0.6564  point 0.0508  disp 0.1224  theta 0.0000  stop 0.7216  act-agree 0.652  p(stop) 0.012  lr 1.00e-04  1.48 it/s
step   2400  L  0.7449  point 0.0528  disp 0.1434  theta 0.0000  stop 0.8460  act-agree 0.669  p(stop) 0.013  lr 1.00e-04  1.48 it/s
step   2600  L  0.7126  point 0.0469  disp 0.1277  theta 0.0000  stop 0.8241  act-agree 0.660  p(stop) 0.021  lr 1.00e-04  1.48 it/s
step   2800  L  0.6618  point 0.0469  disp 0.1256  theta 0.0000  stop 0.7410  act-agree 0.641  p(stop) 0.015  lr 1.00e-04  1.48 it/s
step   3000  L  0.6653  point 0.0394  disp 0.1361  theta 0.0000  stop 0.7483  act-agree 0.647  p(stop) 0.010  lr 1.00e-04  1.48 it/s
step   3200  L  0.6174  point 0.0389  disp 0.1135  theta 0.0000  stop 0.6946  act-agree 0.700  p(stop) 0.023  lr 1.00e-04  1.48 it/s
step   3400  L  0.6792  point 0.0425  disp 0.1165  theta 0.0000  stop 0.8157  act-agree 0.699  p(stop) 0.013  lr 1.00e-04  1.48 it/s
step   3600  L  0.9133  point 0.0414  disp 0.1219  theta 0.0000  stop 1.2640  act-agree 0.670  p(stop) 0.031  lr 1.00e-04  1.48 it/s
step   3800  L  0.6466  point 0.0392  disp 0.1092  theta 0.0000  stop 0.7646  act-agree 0.676  p(stop) 0.008  lr 1.00e-04  1.48 it/s
step   4000  L  0.6500  point 0.0424  disp 0.1081  theta 0.0000  stop 0.7605  act-agree 0.688  p(stop) 0.011  lr 1.00e-04  1.48 it/s
step   4200  L  0.7256  point 0.0371  disp 0.1108  theta 0.0000  stop 0.9305  act-agree 0.677  p(stop) 0.018  lr 1.00e-04  1.48 it/s
step   4400  L  0.7227  point 0.0416  disp 0.1223  theta 0.0000  stop 0.8879  act-agree 0.669  p(stop) 0.012  lr 1.00e-04  1.48 it/s
step   4600  L  0.7283  point 0.0383  disp 0.1254  theta 0.0000  stop 0.9026  act-agree 0.667  p(stop) 0.022  lr 1.00e-04  1.48 it/s
step   4800  L  0.6908  point 0.0349  disp 0.1245  theta 0.0000  stop 0.8328  act-agree 0.670  p(stop) 0.036  lr 1.00e-04  1.48 it/s
step   5000  L  0.6251  point 0.0338  disp 0.1085  theta 0.0000  stop 0.7369  act-agree 0.693  p(stop) 0.010  lr 9.99e-05  1.48 it/s
step   5200  L  0.5568  point 0.0393  disp 0.0853  theta 0.0000  stop 0.6565  act-agree 0.725  p(stop) 0.010  lr 9.99e-05  1.48 it/s
step   5400  L  0.6826  point 0.0347  disp 0.1109  theta 0.0000  stop 0.8558  act-agree 0.708  p(stop) 0.031  lr 9.99e-05  1.48 it/s
step   5600  L  0.7441  point 0.0370  disp 0.1191  theta 0.0000  stop 0.9518  act-agree 0.706  p(stop) 0.007  lr 9.99e-05  1.48 it/s
step   5800  L  0.6390  point 0.0384  disp 0.1178  theta 0.0000  stop 0.7424  act-agree 0.700  p(stop) 0.015  lr 9.99e-05  1.48 it/s
step   6000  L  0.7169  point 0.0365  disp 0.0977  theta 0.0000  stop 0.9416  act-agree 0.686  p(stop) 0.009  lr 9.99e-05  1.48 it/s
step   6200  L  0.6514  point 0.0399  disp 0.1163  theta 0.0000  stop 0.7731  act-agree 0.675  p(stop) 0.025  lr 9.99e-05  1.48 it/s
step   6400  L  0.5518  point 0.0392  disp 0.1034  theta 0.0000  stop 0.6059  act-agree 0.699  p(stop) 0.028  lr 9.99e-05  1.48 it/s
step   6600  L  0.6828  point 0.0364  disp 0.1048  theta 0.0000  stop 0.8727  act-agree 0.740  p(stop) 0.005  lr 9.99e-05  1.48 it/s
step   6800  L  0.5989  point 0.0374  disp 0.0883  theta 0.0000  stop 0.7262  act-agree 0.734  p(stop) 0.044  lr 9.99e-05  1.48 it/s
step   7000  L  0.7116  point 0.0392  disp 0.1000  theta 0.0000  stop 0.9340  act-agree 0.734  p(stop) 0.017  lr 9.99e-05  1.48 it/s
step   7200  L  0.5923  point 0.0354  disp 0.0847  theta 0.0000  stop 0.7294  act-agree 0.726  p(stop) 0.022  lr 9.99e-05  1.48 it/s
step   7400  L  0.6354  point 0.0358  disp 0.0997  theta 0.0000  stop 0.7878  act-agree 0.714  p(stop) 0.030  lr 9.99e-05  1.48 it/s
step   7600  L  0.4607  point 0.0339  disp 0.0883  theta 0.0000  stop 0.4715  act-agree 0.731  p(stop) 0.004  lr 9.99e-05  1.48 it/s
step   7800  L  0.4988  point 0.0377  disp 0.0814  theta 0.0000  stop 0.5482  act-agree 0.705  p(stop) 0.006  lr 9.99e-05  1.48 it/s
step   8000  L  0.5779  point 0.0314  disp 0.0863  theta 0.0000  stop 0.7191  act-agree 0.736  p(stop) 0.017  lr 9.99e-05  1.48 it/s
step   8200  L  0.7122  point 0.0328  disp 0.1018  theta 0.0000  stop 0.9455  act-agree 0.736  p(stop) 0.007  lr 9.99e-05  1.48 it/s
step   8400  L  0.6367  point 0.0340  disp 0.0938  theta 0.0000  stop 0.8104  act-agree 0.724  p(stop) 0.047  lr 9.99e-05  1.48 it/s
step   8600  L  0.5323  point 0.0348  disp 0.0845  theta 0.0000  stop 0.6370  act-agree 0.730  p(stop) 0.005  lr 9.98e-05  1.48 it/s
step   8800  L  0.6438  point 0.0325  disp 0.1120  theta 0.0000  stop 0.7934  act-agree 0.701  p(stop) 0.019  lr 9.98e-05  1.48 it/s
step   9000  L  0.5613  point 0.0342  disp 0.0829  theta 0.0000  stop 0.6769  act-agree 0.738  p(stop) 0.010  lr 9.98e-05  1.48 it/s
step   9200  L  0.6574  point 0.0389  disp 0.1002  theta 0.0000  stop 0.8359  act-agree 0.729  p(stop) 0.012  lr 9.98e-05  1.48 it/s
step   9400  L  0.6123  point 0.0367  disp 0.0900  theta 0.0000  stop 0.7596  act-agree 0.738  p(stop) 0.013  lr 9.98e-05  1.48 it/s
step   9600  L  0.6604  point 0.0360  disp 0.1001  theta 0.0000  stop 0.8460  act-agree 0.729  p(stop) 0.011  lr 9.98e-05  1.48 it/s
step   9800  L  0.6895  point 0.0313  disp 0.1051  theta 0.0000  stop 0.9151  act-agree 0.767  p(stop) 0.081  lr 9.98e-05  1.48 it/s
step  10000  L  0.5735  point 0.0314  disp 0.0811  theta 0.0000  stop 0.7115  act-agree 0.733  p(stop) 0.018  lr 9.98e-05  1.48 it/s
step  10200  L  0.5245  point 0.0355  disp 0.0787  theta 0.0000  stop 0.6251  act-agree 0.743  p(stop) 0.074  lr 9.98e-05  1.48 it/s
step  10400  L  0.5921  point 0.0336  disp 0.0971  theta 0.0000  stop 0.7183  act-agree 0.721  p(stop) 0.019  lr 9.98e-05  1.48 it/s
step  10600  L  0.5701  point 0.0306  disp 0.0810  theta 0.0000  stop 0.7215  act-agree 0.735  p(stop) 0.017  lr 9.98e-05  1.48 it/s
step  10800  L  0.4914  point 0.0328  disp 0.0824  theta 0.0000  stop 0.5542  act-agree 0.734  p(stop) 0.002  lr 9.98e-05  1.48 it/s
step  11000  L  0.5819  point 0.0298  disp 0.0942  theta 0.0000  stop 0.7057  act-agree 0.713  p(stop) 0.013  lr 9.97e-05  1.48 it/s
step  11200  L  0.4880  point 0.0295  disp 0.0903  theta 0.0000  stop 0.5473  act-agree 0.754  p(stop) 0.011  lr 9.97e-05  1.48 it/s
step  11400  L  0.5318  point 0.0373  disp 0.0804  theta 0.0000  stop 0.6284  act-agree 0.719  p(stop) 0.004  lr 9.97e-05  1.48 it/s
step  11600  L  0.6145  point 0.0321  disp 0.0963  theta 0.0000  stop 0.7772  act-agree 0.735  p(stop) 0.006  lr 9.97e-05  1.48 it/s
step  11800  L  0.6334  point 0.0323  disp 0.0963  theta 0.0000  stop 0.8080  act-agree 0.708  p(stop) 0.015  lr 9.97e-05  1.48 it/s
step  12000  L  0.5038  point 0.0327  disp 0.0781  theta 0.0000  stop 0.5920  act-agree 0.728  p(stop) 0.003  lr 9.97e-05  1.48 it/s
step  12200  L  0.6205  point 0.0320  disp 0.0903  theta 0.0000  stop 0.7980  act-agree 0.731  p(stop) 0.033  lr 9.97e-05  1.48 it/s
step  12400  L  0.4712  point 0.0317  disp 0.0776  theta 0.0000  stop 0.5270  act-agree 0.724  p(stop) 0.002  lr 9.97e-05  1.48 it/s
step  12600  L  0.6404  point 0.0335  disp 0.0949  theta 0.0000  stop 0.8139  act-agree 0.748  p(stop) 0.004  lr 9.97e-05  1.48 it/s
step  12800  L  0.5166  point 0.0310  disp 0.0857  theta 0.0000  stop 0.5923  act-agree 0.721  p(stop) 0.009  lr 9.97e-05  1.48 it/s
step  13000  L  0.4738  point 0.0308  disp 0.0723  theta 0.0000  stop 0.5520  act-agree 0.756  p(stop) 0.008  lr 9.96e-05  1.48 it/s
step  13200  L  0.4792  point 0.0318  disp 0.0687  theta 0.0000  stop 0.5573  act-agree 0.735  p(stop) 0.012  lr 9.96e-05  1.48 it/s
step  13400  L  0.5161  point 0.0317  disp 0.0792  theta 0.0000  stop 0.6106  act-agree 0.716  p(stop) 0.005  lr 9.96e-05  1.48 it/s
step  13600  L  0.6275  point 0.0311  disp 0.0915  theta 0.0000  stop 0.8219  act-agree 0.743  p(stop) 0.003  lr 9.96e-05  1.48 it/s
step  13800  L  0.4898  point 0.0305  disp 0.0762  theta 0.0000  stop 0.5798  act-agree 0.752  p(stop) 0.014  lr 9.96e-05  1.48 it/s
step  14000  L  0.5975  point 0.0284  disp 0.0920  theta 0.0000  stop 0.7553  act-agree 0.741  p(stop) 0.019  lr 9.96e-05  1.48 it/s
step  14200  L  0.5986  point 0.0292  disp 0.0739  theta 0.0000  stop 0.8035  act-agree 0.746  p(stop) 0.005  lr 9.96e-05  1.48 it/s
step  14400  L  0.6005  point 0.0317  disp 0.0877  theta 0.0000  stop 0.7702  act-agree 0.734  p(stop) 0.005  lr 9.96e-05  1.48 it/s
step  14600  L  0.6082  point 0.0261  disp 0.0835  theta 0.0000  stop 0.7963  act-agree 0.729  p(stop) 0.007  lr 9.95e-05  1.48 it/s
step  14800  L  0.4667  point 0.0298  disp 0.0775  theta 0.0000  stop 0.5286  act-agree 0.744  p(stop) 0.011  lr 9.95e-05  1.48 it/s
step  15000  L  0.5605  point 0.0320  disp 0.0826  theta 0.0000  stop 0.6926  act-agree 0.711  p(stop) 0.006  lr 9.95e-05  1.48 it/s
step  15200  L  0.6295  point 0.0299  disp 0.0868  theta 0.0000  stop 0.8261  act-agree 0.741  p(stop) 0.004  lr 9.95e-05  1.48 it/s
step  15400  L  0.6319  point 0.0297  disp 0.0941  theta 0.0000  stop 0.8282  act-agree 0.723  p(stop) 0.006  lr 9.95e-05  1.48 it/s
step  15600  L  0.5236  point 0.0306  disp 0.0880  theta 0.0000  stop 0.6237  act-agree 0.735  p(stop) 0.022  lr 9.95e-05  1.48 it/s
step  15800  L  0.7779  point 0.0285  disp 0.1009  theta 0.0000  stop 1.0952  act-agree 0.733  p(stop) 0.025  lr 9.95e-05  1.48 it/s
step  16000  L  0.5948  point 0.0280  disp 0.0781  theta 0.0000  stop 0.7802  act-agree 0.757  p(stop) 0.037  lr 9.95e-05  1.48 it/s
step  16200  L  0.5251  point 0.0266  disp 0.0781  theta 0.0000  stop 0.6538  act-agree 0.752  p(stop) 0.004  lr 9.94e-05  1.48 it/s
step  16400  L  0.5510  point 0.0292  disp 0.0796  theta 0.0000  stop 0.6897  act-agree 0.771  p(stop) 0.007  lr 9.94e-05  1.48 it/s
step  16600  L  0.4795  point 0.0281  disp 0.0832  theta 0.0000  stop 0.5442  act-agree 0.767  p(stop) 0.001  lr 9.94e-05  1.48 it/s
step  16800  L  0.5201  point 0.0295  disp 0.0767  theta 0.0000  stop 0.6288  act-agree 0.743  p(stop) 0.003  lr 9.94e-05  1.48 it/s
step  17000  L  0.6236  point 0.0313  disp 0.0939  theta 0.0000  stop 0.8137  act-agree 0.755  p(stop) 0.043  lr 9.94e-05  1.48 it/s
step  17200  L  0.4933  point 0.0332  disp 0.0791  theta 0.0000  stop 0.5817  act-agree 0.748  p(stop) 0.003  lr 9.94e-05  1.48 it/s
step  17400  L  0.6010  point 0.0306  disp 0.0755  theta 0.0000  stop 0.8070  act-agree 0.766  p(stop) 0.024  lr 9.94e-05  1.48 it/s
step  17600  L  0.5693  point 0.0278  disp 0.0760  theta 0.0000  stop 0.7279  act-agree 0.733  p(stop) 0.014  lr 9.93e-05  1.48 it/s
step  17800  L  0.3498  point 0.0333  disp 0.0660  theta 0.0000  stop 0.3287  act-agree 0.739  p(stop) 0.005  lr 9.93e-05  1.48 it/s
step  18000  L  0.5204  point 0.0278  disp 0.0825  theta 0.0000  stop 0.6206  act-agree 0.726  p(stop) 0.004  lr 9.93e-05  1.48 it/s
step  18200  L  0.4284  point 0.0286  disp 0.0629  theta 0.0000  stop 0.4902  act-agree 0.726  p(stop) 0.017  lr 9.93e-05  1.48 it/s
step  18400  L  0.6985  point 0.0321  disp 0.0920  theta 0.0000  stop 0.9630  act-agree 0.750  p(stop) 0.017  lr 9.93e-05  1.48 it/s
step  18600  L  0.5669  point 0.0278  disp 0.0781  theta 0.0000  stop 0.7363  act-agree 0.733  p(stop) 0.001  lr 9.93e-05  1.48 it/s
step  18800  L  0.5051  point 0.0260  disp 0.0843  theta 0.0000  stop 0.5950  act-agree 0.748  p(stop) 0.003  lr 9.92e-05  1.48 it/s
step  19000  L  0.3815  point 0.0246  disp 0.0747  theta 0.0000  stop 0.3905  act-agree 0.748  p(stop) 0.012  lr 9.92e-05  1.48 it/s
step  19200  L  0.5970  point 0.0277  disp 0.0831  theta 0.0000  stop 0.8009  act-agree 0.745  p(stop) 0.005  lr 9.92e-05  1.48 it/s
step  19400  L  0.5088  point 0.0302  disp 0.0665  theta 0.0000  stop 0.6414  act-agree 0.772  p(stop) 0.008  lr 9.92e-05  1.48 it/s
step  19600  L  0.6375  point 0.0275  disp 0.0946  theta 0.0000  stop 0.8401  act-agree 0.760  p(stop) 0.003  lr 9.92e-05  1.48 it/s
step  19800  L  0.4992  point 0.0283  disp 0.0708  theta 0.0000  stop 0.6011  act-agree 0.708  p(stop) 0.030  lr 9.92e-05  1.48 it/s
step  20000  L  0.6844  point 0.0286  disp 0.0944  theta 0.0000  stop 0.9378  act-agree 0.735  p(stop) 0.049  lr 9.91e-05  1.48 it/s
step  20200  L  0.5867  point 0.0318  disp 0.0765  theta 0.0000  stop 0.7796  act-agree 0.730  p(stop) 0.017  lr 9.91e-05  1.48 it/s
step  20400  L  0.4800  point 0.0247  disp 0.0608  theta 0.0000  stop 0.5971  act-agree 0.770  p(stop) 0.005  lr 9.91e-05  1.48 it/s
step  20600  L  0.4987  point 0.0305  disp 0.0680  theta 0.0000  stop 0.6242  act-agree 0.748  p(stop) 0.008  lr 9.91e-05  1.48 it/s
step  20800  L  0.4961  point 0.0268  disp 0.0718  theta 0.0000  stop 0.6147  act-agree 0.752  p(stop) 0.002  lr 9.91e-05  1.48 it/s
step  21000  L  0.5507  point 0.0284  disp 0.0861  theta 0.0000  stop 0.7034  act-agree 0.760  p(stop) 0.006  lr 9.91e-05  1.48 it/s
step  21200  L  0.6120  point 0.0248  disp 0.0889  theta 0.0000  stop 0.8045  act-agree 0.745  p(stop) 0.033  lr 9.90e-05  1.48 it/s
step  21400  L  0.6382  point 0.0292  disp 0.0845  theta 0.0000  stop 0.8788  act-agree 0.784  p(stop) 0.010  lr 9.90e-05  1.48 it/s
step  21600  L  0.4249  point 0.0311  disp 0.0723  theta 0.0000  stop 0.4597  act-agree 0.745  p(stop) 0.002  lr 9.90e-05  1.48 it/s
step  21800  L  0.5444  point 0.0292  disp 0.0807  theta 0.0000  stop 0.6899  act-agree 0.729  p(stop) 0.044  lr 9.90e-05  1.48 it/s
step  22000  L  0.5794  point 0.0273  disp 0.0688  theta 0.0000  stop 0.7859  act-agree 0.765  p(stop) 0.053  lr 9.90e-05  1.48 it/s
step  22200  L  0.4432  point 0.0286  disp 0.0626  theta 0.0000  stop 0.5163  act-agree 0.755  p(stop) 0.023  lr 9.89e-05  1.48 it/s
step  22400  L  0.5924  point 0.0297  disp 0.0845  theta 0.0000  stop 0.7703  act-agree 0.748  p(stop) 0.017  lr 9.89e-05  1.48 it/s
step  22600  L  0.6504  point 0.0279  disp 0.0887  theta 0.0000  stop 0.8891  act-agree 0.762  p(stop) 0.040  lr 9.89e-05  1.48 it/s
step  22800  L  0.5358  point 0.0267  disp 0.0832  theta 0.0000  stop 0.6823  act-agree 0.738  p(stop) 0.006  lr 9.89e-05  1.48 it/s
step  23000  L  0.5200  point 0.0267  disp 0.0800  theta 0.0000  stop 0.6459  act-agree 0.751  p(stop) 0.016  lr 9.89e-05  1.48 it/s
step  23200  L  0.4993  point 0.0280  disp 0.0712  theta 0.0000  stop 0.6143  act-agree 0.752  p(stop) 0.016  lr 9.88e-05  1.48 it/s
step  23400  L  0.6439  point 0.0263  disp 0.0835  theta 0.0000  stop 0.8877  act-agree 0.736  p(stop) 0.016  lr 9.88e-05  1.48 it/s
step  23600  L  0.5153  point 0.0269  disp 0.0590  theta 0.0000  stop 0.6759  act-agree 0.774  p(stop) 0.004  lr 9.88e-05  1.48 it/s
step  23800  L  0.4781  point 0.0250  disp 0.0690  theta 0.0000  stop 0.6075  act-agree 0.750  p(stop) 0.019  lr 9.88e-05  1.48 it/s
step  24000  L  0.4729  point 0.0271  disp 0.0673  theta 0.0000  stop 0.5811  act-agree 0.764  p(stop) 0.008  lr 9.88e-05  1.48 it/s
step  24200  L  0.5277  point 0.0288  disp 0.0722  theta 0.0000  stop 0.6563  act-agree 0.745  p(stop) 0.024  lr 9.87e-05  1.48 it/s
step  24400  L  0.5733  point 0.0260  disp 0.0789  theta 0.0000  stop 0.7731  act-agree 0.744  p(stop) 0.035  lr 9.87e-05  1.48 it/s
step  24600  L  0.5221  point 0.0273  disp 0.0890  theta 0.0000  stop 0.6262  act-agree 0.741  p(stop) 0.009  lr 9.87e-05  1.48 it/s
step  24800  L  0.5667  point 0.0271  disp 0.0745  theta 0.0000  stop 0.7451  act-agree 0.738  p(stop) 0.010  lr 9.87e-05  1.48 it/s
step  25000  L  0.5623  point 0.0245  disp 0.0724  theta 0.0000  stop 0.7574  act-agree 0.764  p(stop) 0.005  lr 9.87e-05  1.48 it/s
step  25200  L  0.4941  point 0.0249  disp 0.0627  theta 0.0000  stop 0.6465  act-agree 0.745  p(stop) 0.043  lr 9.86e-05  1.48 it/s
step  25400  L  0.5104  point 0.0247  disp 0.0763  theta 0.0000  stop 0.6388  act-agree 0.733  p(stop) 0.005  lr 9.86e-05  1.48 it/s
step  25600  L  0.5133  point 0.0269  disp 0.0713  theta 0.0000  stop 0.6525  act-agree 0.745  p(stop) 0.021  lr 9.86e-05  1.48 it/s
step  25800  L  0.4214  point 0.0244  disp 0.0683  theta 0.0000  stop 0.4825  act-agree 0.748  p(stop) 0.003  lr 9.86e-05  1.48 it/s
step  26000  L  0.5965  point 0.0257  disp 0.0767  theta 0.0000  stop 0.7978  act-agree 0.789  p(stop) 0.003  lr 9.85e-05  1.48 it/s
step  26200  L  0.5592  point 0.0261  disp 0.0736  theta 0.0000  stop 0.7559  act-agree 0.797  p(stop) 0.008  lr 9.85e-05  1.48 it/s
step  26400  L  0.5539  point 0.0249  disp 0.0815  theta 0.0000  stop 0.7257  act-agree 0.756  p(stop) 0.002  lr 9.85e-05  1.48 it/s
step  26600  L  0.5510  point 0.0284  disp 0.0855  theta 0.0000  stop 0.6928  act-agree 0.766  p(stop) 0.008  lr 9.85e-05  1.48 it/s
step  26800  L  0.6325  point 0.0272  disp 0.0934  theta 0.0000  stop 0.8448  act-agree 0.775  p(stop) 0.096  lr 9.85e-05  1.48 it/s
step  27000  L  0.5158  point 0.0265  disp 0.0738  theta 0.0000  stop 0.6462  act-agree 0.761  p(stop) 0.004  lr 9.84e-05  1.48 it/s
step  27200  L  0.5254  point 0.0264  disp 0.0704  theta 0.0000  stop 0.6752  act-agree 0.780  p(stop) 0.006  lr 9.84e-05  1.48 it/s
step  27400  L  0.5645  point 0.0298  disp 0.0758  theta 0.0000  stop 0.7338  act-agree 0.757  p(stop) 0.019  lr 9.84e-05  1.48 it/s
step  27600  L  0.5855  point 0.0285  disp 0.0877  theta 0.0000  stop 0.7683  act-agree 0.715  p(stop) 0.011  lr 9.84e-05  1.48 it/s
step  27800  L  0.6327  point 0.0287  disp 0.0767  theta 0.0000  stop 0.8638  act-agree 0.745  p(stop) 0.011  lr 9.83e-05  1.48 it/s
step  28000  L  0.5460  point 0.0287  disp 0.0798  theta 0.0000  stop 0.7058  act-agree 0.766  p(stop) 0.008  lr 9.83e-05  1.48 it/s
step  28200  L  0.5161  point 0.0296  disp 0.0754  theta 0.0000  stop 0.6415  act-agree 0.734  p(stop) 0.006  lr 9.83e-05  1.48 it/s
step  28400  L  0.4520  point 0.0252  disp 0.0670  theta 0.0000  stop 0.5506  act-agree 0.757  p(stop) 0.060  lr 9.83e-05  1.48 it/s
step  28600  L  0.5456  point 0.0293  disp 0.0731  theta 0.0000  stop 0.7129  act-agree 0.741  p(stop) 0.002  lr 9.82e-05  1.48 it/s
step  28800  L  0.5870  point 0.0257  disp 0.0715  theta 0.0000  stop 0.8046  act-agree 0.745  p(stop) 0.001  lr 9.82e-05  1.48 it/s
step  29000  L  0.6393  point 0.0268  disp 0.0785  theta 0.0000  stop 0.8872  act-agree 0.754  p(stop) 0.015  lr 9.82e-05  1.48 it/s
step  29200  L  0.4845  point 0.0266  disp 0.0654  theta 0.0000  stop 0.6144  act-agree 0.761  p(stop) 0.002  lr 9.82e-05  1.48 it/s
step  29400  L  0.5485  point 0.0267  disp 0.0732  theta 0.0000  stop 0.7256  act-agree 0.762  p(stop) 0.002  lr 9.81e-05  1.48 it/s
step  29600  L  0.4121  point 0.0271  disp 0.0684  theta 0.0000  stop 0.4471  act-agree 0.764  p(stop) 0.001  lr 9.81e-05  1.48 it/s
step  29800  L  0.5757  point 0.0286  disp 0.0767  theta 0.0000  stop 0.7680  act-agree 0.765  p(stop) 0.003  lr 9.81e-05  1.48 it/s
step  30000  L  0.4366  point 0.0306  disp 0.0726  theta 0.0000  stop 0.4937  act-agree 0.744  p(stop) 0.012  lr 9.81e-05  1.48 it/s
step  30200  L  0.5258  point 0.0251  disp 0.0647  theta 0.0000  stop 0.7021  act-agree 0.743  p(stop) 0.011  lr 9.80e-05  1.48 it/s
step  30400  L  0.4392  point 0.0237  disp 0.0703  theta 0.0000  stop 0.5191  act-agree 0.766  p(stop) 0.001  lr 9.80e-05  1.48 it/s
step  30600  L  0.5602  point 0.0244  disp 0.0734  theta 0.0000  stop 0.7493  act-agree 0.762  p(stop) 0.051  lr 9.80e-05  1.48 it/s
step  30800  L  0.5778  point 0.0248  disp 0.0755  theta 0.0000  stop 0.7921  act-agree 0.746  p(stop) 0.075  lr 9.80e-05  1.48 it/s
step  31000  L  0.4559  point 0.0234  disp 0.0707  theta 0.0000  stop 0.5504  act-agree 0.748  p(stop) 0.001  lr 9.79e-05  1.48 it/s
step  31200  L  0.4580  point 0.0244  disp 0.0635  theta 0.0000  stop 0.5648  act-agree 0.762  p(stop) 0.001  lr 9.79e-05  1.48 it/s
step  31400  L  0.5170  point 0.0251  disp 0.0704  theta 0.0000  stop 0.6702  act-agree 0.741  p(stop) 0.001  lr 9.79e-05  1.48 it/s
step  31600  L  0.4502  point 0.0289  disp 0.0732  theta 0.0000  stop 0.5203  act-agree 0.759  p(stop) 0.002  lr 9.78e-05  1.48 it/s
step  31800  L  0.5168  point 0.0255  disp 0.0712  theta 0.0000  stop 0.6837  act-agree 0.736  p(stop) 0.004  lr 9.78e-05  1.48 it/s
step  32000  L  0.5947  point 0.0271  disp 0.0745  theta 0.0000  stop 0.7951  act-agree 0.752  p(stop) 0.005  lr 9.78e-05  1.48 it/s
step  32200  L  0.4111  point 0.0221  disp 0.0655  theta 0.0000  stop 0.4631  act-agree 0.748  p(stop) 0.003  lr 9.78e-05  1.48 it/s
step  32400  L  0.5213  point 0.0274  disp 0.0633  theta 0.0000  stop 0.6954  act-agree 0.762  p(stop) 0.012  lr 9.77e-05  1.48 it/s
step  32600  L  0.3918  point 0.0260  disp 0.0662  theta 0.0000  stop 0.4193  act-agree 0.775  p(stop) 0.003  lr 9.77e-05  1.48 it/s
step  32800  L  0.5102  point 0.0249  disp 0.0739  theta 0.0000  stop 0.6629  act-agree 0.757  p(stop) 0.015  lr 9.77e-05  1.48 it/s
step  33000  L  0.5799  point 0.0255  disp 0.0699  theta 0.0000  stop 0.7781  act-agree 0.759  p(stop) 0.002  lr 9.77e-05  1.48 it/s
step  33200  L  0.5638  point 0.0302  disp 0.0717  theta 0.0000  stop 0.7470  act-agree 0.745  p(stop) 0.073  lr 9.76e-05  1.48 it/s
step  33400  L  0.4389  point 0.0236  disp 0.0741  theta 0.0000  stop 0.5126  act-agree 0.743  p(stop) 0.000  lr 9.76e-05  1.48 it/s
step  33600  L  0.4839  point 0.0219  disp 0.0678  theta 0.0000  stop 0.6343  act-agree 0.759  p(stop) 0.095  lr 9.76e-05  1.48 it/s
step  33800  L  0.6012  point 0.0273  disp 0.0709  theta 0.0000  stop 0.8387  act-agree 0.775  p(stop) 0.011  lr 9.75e-05  1.48 it/s
step  34000  L  0.5878  point 0.0223  disp 0.0759  theta 0.0000  stop 0.8004  act-agree 0.756  p(stop) 0.029  lr 9.75e-05  1.48 it/s
step  34200  L  0.5998  point 0.0284  disp 0.0728  theta 0.0000  stop 0.8272  act-agree 0.741  p(stop) 0.000  lr 9.75e-05  1.48 it/s
step  34400  L  0.5397  point 0.0283  disp 0.0850  theta 0.0000  stop 0.6764  act-agree 0.751  p(stop) 0.029  lr 9.74e-05  1.48 it/s
step  34600  L  0.6174  point 0.0231  disp 0.0678  theta 0.0000  stop 0.8875  act-agree 0.771  p(stop) 0.005  lr 9.74e-05  1.48 it/s
step  34800  L  0.4834  point 0.0236  disp 0.0775  theta 0.0000  stop 0.6020  act-agree 0.760  p(stop) 0.014  lr 9.74e-05  1.48 it/s
step  35000  L  0.5963  point 0.0222  disp 0.0738  theta 0.0000  stop 0.8186  act-agree 0.755  p(stop) 0.022  lr 9.74e-05  1.48 it/s
step  35200  L  0.4687  point 0.0264  disp 0.0689  theta 0.0000  stop 0.5734  act-agree 0.761  p(stop) 0.008  lr 9.73e-05  1.48 it/s
step  35400  L  0.6471  point 0.0265  disp 0.0839  theta 0.0000  stop 0.9123  act-agree 0.765  p(stop) 0.002  lr 9.73e-05  1.48 it/s
step  35600  L  0.4598  point 0.0258  disp 0.0696  theta 0.0000  stop 0.5695  act-agree 0.741  p(stop) 0.016  lr 9.73e-05  1.48 it/s
step  35800  L  0.5980  point 0.0245  disp 0.0753  theta 0.0000  stop 0.8251  act-agree 0.750  p(stop) 0.055  lr 9.72e-05  1.48 it/s
step  36000  L  0.5685  point 0.0239  disp 0.0719  theta 0.0000  stop 0.7937  act-agree 0.796  p(stop) 0.001  lr 9.72e-05  1.48 it/s
step  36200  L  0.5100  point 0.0248  disp 0.0737  theta 0.0000  stop 0.6681  act-agree 0.775  p(stop) 0.004  lr 9.72e-05  1.48 it/s
step  36400  L  0.5957  point 0.0279  disp 0.0855  theta 0.0000  stop 0.7963  act-agree 0.766  p(stop) 0.014  lr 9.71e-05  1.47 it/s
step  36600  L  0.4930  point 0.0251  disp 0.0670  theta 0.0000  stop 0.6268  act-agree 0.774  p(stop) 0.031  lr 9.71e-05  1.47 it/s
step  36800  L  0.4998  point 0.0230  disp 0.0550  theta 0.0000  stop 0.6668  act-agree 0.756  p(stop) 0.021  lr 9.71e-05  1.46 it/s
step  37000  L  0.4820  point 0.0255  disp 0.0708  theta 0.0000  stop 0.6032  act-agree 0.762  p(stop) 0.010  lr 9.71e-05  1.46 it/s
step  37200  L  0.4668  point 0.0252  disp 0.0525  theta 0.0000  stop 0.6152  act-agree 0.795  p(stop) 0.010  lr 9.70e-05  1.45 it/s
step  37400  L  0.5316  point 0.0239  disp 0.0705  theta 0.0000  stop 0.7209  act-agree 0.774  p(stop) 0.053  lr 9.70e-05  1.45 it/s
step  37600  L  0.5207  point 0.0222  disp 0.0711  theta 0.0000  stop 0.6955  act-agree 0.757  p(stop) 0.022  lr 9.70e-05  1.44 it/s
step  37800  L  0.5318  point 0.0313  disp 0.0704  theta 0.0000  stop 0.6885  act-agree 0.767  p(stop) 0.043  lr 9.69e-05  1.44 it/s
step  38000  L  0.6156  point 0.0247  disp 0.0748  theta 0.0000  stop 0.8686  act-agree 0.750  p(stop) 0.035  lr 9.69e-05  1.44 it/s
step  38200  L  0.4238  point 0.0251  disp 0.0598  theta 0.0000  stop 0.5037  act-agree 0.767  p(stop) 0.012  lr 9.69e-05  1.44 it/s
step  38400  L  0.5755  point 0.0194  disp 0.0812  theta 0.0000  stop 0.7786  act-agree 0.762  p(stop) 0.048  lr 9.68e-05  1.44 it/s
step  38600  L  0.6027  point 0.0210  disp 0.0844  theta 0.0000  stop 0.8285  act-agree 0.750  p(stop) 0.004  lr 9.68e-05  1.44 it/s
step  38800  L  0.5385  point 0.0235  disp 0.0807  theta 0.0000  stop 0.6868  act-agree 0.776  p(stop) 0.005  lr 9.68e-05  1.44 it/s
step  39000  L  0.5746  point 0.0246  disp 0.0685  theta 0.0000  stop 0.8159  act-agree 0.786  p(stop) 0.026  lr 9.67e-05  1.44 it/s
step  39200  L  0.5633  point 0.0250  disp 0.0666  theta 0.0000  stop 0.7719  act-agree 0.775  p(stop) 0.019  lr 9.67e-05  1.44 it/s
step  39400  L  0.5206  point 0.0211  disp 0.0757  theta 0.0000  stop 0.6816  act-agree 0.752  p(stop) 0.037  lr 9.67e-05  1.44 it/s
step  39600  L  0.5243  point 0.0229  disp 0.0727  theta 0.0000  stop 0.6823  act-agree 0.787  p(stop) 0.002  lr 9.66e-05  1.44 it/s
step  39800  L  0.5948  point 0.0265  disp 0.0761  theta 0.0000  stop 0.8250  act-agree 0.760  p(stop) 0.004  lr 9.66e-05  1.44 it/s
step  40000  L  0.3777  point 0.0244  disp 0.0595  theta 0.0000  stop 0.4385  act-agree 0.792  p(stop) 0.013  lr 9.66e-05  1.44 it/s
step  40200  L  0.5252  point 0.0253  disp 0.0722  theta 0.0000  stop 0.6796  act-agree 0.754  p(stop) 0.001  lr 9.65e-05  1.44 it/s
step  40400  L  0.5788  point 0.0263  disp 0.0722  theta 0.0000  stop 0.7972  act-agree 0.725  p(stop) 0.018  lr 9.65e-05  1.44 it/s
step  40600  L  0.4948  point 0.0216  disp 0.0718  theta 0.0000  stop 0.6439  act-agree 0.765  p(stop) 0.030  lr 9.65e-05  1.44 it/s
step  40800  L  0.4632  point 0.0230  disp 0.0754  theta 0.0000  stop 0.5757  act-agree 0.776  p(stop) 0.037  lr 9.64e-05  1.44 it/s
step  41000  L  0.5479  point 0.0254  disp 0.0773  theta 0.0000  stop 0.7312  act-agree 0.775  p(stop) 0.043  lr 9.64e-05  1.44 it/s
step  41200  L  0.3846  point 0.0234  disp 0.0603  theta 0.0000  stop 0.4529  act-agree 0.761  p(stop) 0.001  lr 9.63e-05  1.44 it/s
step  41400  L  0.5914  point 0.0224  disp 0.0792  theta 0.0000  stop 0.8099  act-agree 0.748  p(stop) 0.101  lr 9.63e-05  1.44 it/s
step  41600  L  0.5505  point 0.0244  disp 0.0700  theta 0.0000  stop 0.7478  act-agree 0.741  p(stop) 0.010  lr 9.63e-05  1.44 it/s
step  41800  L  0.5456  point 0.0219  disp 0.0701  theta 0.0000  stop 0.7426  act-agree 0.785  p(stop) 0.010  lr 9.62e-05  1.44 it/s
step  42000  L  0.4992  point 0.0234  disp 0.0619  theta 0.0000  stop 0.6619  act-agree 0.739  p(stop) 0.008  lr 9.62e-05  1.44 it/s
step  42200  L  0.5150  point 0.0229  disp 0.0690  theta 0.0000  stop 0.6764  act-agree 0.771  p(stop) 0.007  lr 9.62e-05  1.44 it/s
step  42400  L  0.4636  point 0.0278  disp 0.0657  theta 0.0000  stop 0.5856  act-agree 0.756  p(stop) 0.001  lr 9.61e-05  1.44 it/s
step  42600  L  0.4637  point 0.0235  disp 0.0720  theta 0.0000  stop 0.5702  act-agree 0.760  p(stop) 0.008  lr 9.61e-05  1.44 it/s
step  42800  L  0.6223  point 0.0228  disp 0.0806  theta 0.0000  stop 0.8821  act-agree 0.771  p(stop) 0.047  lr 9.61e-05  1.44 it/s
step  43000  L  0.5412  point 0.0278  disp 0.0673  theta 0.0000  stop 0.7440  act-agree 0.757  p(stop) 0.010  lr 9.60e-05  1.44 it/s
step  43200  L  0.4035  point 0.0238  disp 0.0561  theta 0.0000  stop 0.4912  act-agree 0.779  p(stop) 0.001  lr 9.60e-05  1.44 it/s
step  43400  L  0.4917  point 0.0259  disp 0.0682  theta 0.0000  stop 0.6468  act-agree 0.795  p(stop) 0.010  lr 9.60e-05  1.44 it/s
step  43600  L  0.4902  point 0.0224  disp 0.0617  theta 0.0000  stop 0.6477  act-agree 0.755  p(stop) 0.006  lr 9.59e-05  1.44 it/s
step  43800  L  0.5386  point 0.0213  disp 0.0730  theta 0.0000  stop 0.7426  act-agree 0.756  p(stop) 0.003  lr 9.59e-05  1.44 it/s
step  44000  L  0.5425  point 0.0224  disp 0.0638  theta 0.0000  stop 0.7438  act-agree 0.785  p(stop) 0.032  lr 9.58e-05  1.44 it/s
step  44200  L  0.5050  point 0.0241  disp 0.0750  theta 0.0000  stop 0.6317  act-agree 0.743  p(stop) 0.003  lr 9.58e-05  1.44 it/s
step  44400  L  0.5108  point 0.0205  disp 0.0753  theta 0.0000  stop 0.6801  act-agree 0.786  p(stop) 0.001  lr 9.58e-05  1.44 it/s
step  44600  L  0.4457  point 0.0245  disp 0.0640  theta 0.0000  stop 0.5589  act-agree 0.779  p(stop) 0.004  lr 9.57e-05  1.45 it/s
step  44800  L  0.5627  point 0.0250  disp 0.0788  theta 0.0000  stop 0.7383  act-agree 0.741  p(stop) 0.006  lr 9.57e-05  1.45 it/s
step  45000  L  0.5255  point 0.0237  disp 0.0583  theta 0.0000  stop 0.7161  act-agree 0.782  p(stop) 0.006  lr 9.57e-05  1.45 it/s
step  45200  L  0.4733  point 0.0223  disp 0.0646  theta 0.0000  stop 0.6020  act-agree 0.757  p(stop) 0.009  lr 9.56e-05  1.45 it/s
step  45400  L  0.5631  point 0.0187  disp 0.0631  theta 0.0000  stop 0.8342  act-agree 0.740  p(stop) 0.003  lr 9.56e-05  1.45 it/s
step  45600  L  0.5120  point 0.0242  disp 0.0663  theta 0.0000  stop 0.6891  act-agree 0.761  p(stop) 0.018  lr 9.55e-05  1.45 it/s
step  45800  L  0.4800  point 0.0228  disp 0.0697  theta 0.0000  stop 0.6081  act-agree 0.776  p(stop) 0.013  lr 9.55e-05  1.45 it/s
step  46000  L  0.5090  point 0.0223  disp 0.0679  theta 0.0000  stop 0.6775  act-agree 0.774  p(stop) 0.016  lr 9.55e-05  1.45 it/s
step  46200  L  0.4625  point 0.0219  disp 0.0653  theta 0.0000  stop 0.5886  act-agree 0.782  p(stop) 0.030  lr 9.54e-05  1.45 it/s
step  46400  L  0.5134  point 0.0220  disp 0.0765  theta 0.0000  stop 0.6755  act-agree 0.751  p(stop) 0.001  lr 9.54e-05  1.45 it/s
step  46600  L  0.5479  point 0.0231  disp 0.0563  theta 0.0000  stop 0.7805  act-agree 0.762  p(stop) 0.012  lr 9.53e-05  1.45 it/s
step  46800  L  0.5219  point 0.0247  disp 0.0663  theta 0.0000  stop 0.6993  act-agree 0.752  p(stop) 0.003  lr 9.53e-05  1.45 it/s
step  47000  L  0.4407  point 0.0223  disp 0.0565  theta 0.0000  stop 0.5654  act-agree 0.780  p(stop) 0.004  lr 9.53e-05  1.45 it/s
step  47200  L  0.4082  point 0.0235  disp 0.0610  theta 0.0000  stop 0.4817  act-agree 0.764  p(stop) 0.001  lr 9.52e-05  1.45 it/s
step  47400  L  0.3875  point 0.0211  disp 0.0571  theta 0.0000  stop 0.4638  act-agree 0.777  p(stop) 0.001  lr 9.52e-05  1.45 it/s
step  47600  L  0.5145  point 0.0259  disp 0.0617  theta 0.0000  stop 0.7070  act-agree 0.759  p(stop) 0.002  lr 9.51e-05  1.45 it/s
step  47800  L  0.4774  point 0.0246  disp 0.0599  theta 0.0000  stop 0.6276  act-agree 0.755  p(stop) 0.005  lr 9.51e-05  1.45 it/s
step  48000  L  0.4386  point 0.0237  disp 0.0587  theta 0.0000  stop 0.5447  act-agree 0.772  p(stop) 0.058  lr 9.51e-05  1.45 it/s
step  48200  L  0.3794  point 0.0280  disp 0.0534  theta 0.0000  stop 0.4305  act-agree 0.756  p(stop) 0.029  lr 9.50e-05  1.45 it/s
step  48400  L  0.4566  point 0.0211  disp 0.0600  theta 0.0000  stop 0.5996  act-agree 0.782  p(stop) 0.061  lr 9.50e-05  1.45 it/s
step  48600  L  0.4702  point 0.0209  disp 0.0763  theta 0.0000  stop 0.5976  act-agree 0.772  p(stop) 0.002  lr 9.49e-05  1.45 it/s
step  48800  L  0.4567  point 0.0221  disp 0.0707  theta 0.0000  stop 0.5657  act-agree 0.766  p(stop) 0.035  lr 9.49e-05  1.44 it/s
step  49000  L  0.5630  point 0.0250  disp 0.0688  theta 0.0000  stop 0.7755  act-agree 0.780  p(stop) 0.054  lr 9.49e-05  1.44 it/s
step  49200  L  0.4876  point 0.0193  disp 0.0605  theta 0.0000  stop 0.6503  act-agree 0.787  p(stop) 0.006  lr 9.48e-05  1.44 it/s
step  49400  L  0.5207  point 0.0211  disp 0.0661  theta 0.0000  stop 0.7181  act-agree 0.781  p(stop) 0.002  lr 9.48e-05  1.43 it/s
step  49600  L  0.5068  point 0.0232  disp 0.0625  theta 0.0000  stop 0.6877  act-agree 0.760  p(stop) 0.006  lr 9.47e-05  1.43 it/s
step  49800  L  0.5150  point 0.0217  disp 0.0712  theta 0.0000  stop 0.6835  act-agree 0.764  p(stop) 0.028  lr 9.47e-05  1.43 it/s
step  50000  L  0.4730  point 0.0248  disp 0.0742  theta 0.0000  stop 0.5835  act-agree 0.749  p(stop) 0.016  lr 9.46e-05  1.42 it/s
step  50200  L  0.4610  point 0.0228  disp 0.0761  theta 0.0000  stop 0.5804  act-agree 0.752  p(stop) 0.015  lr 9.46e-05  1.42 it/s
step  50400  L  0.5655  point 0.0198  disp 0.0755  theta 0.0000  stop 0.8009  act-agree 0.781  p(stop) 0.006  lr 9.46e-05  1.42 it/s
step  50600  L  0.5629  point 0.0245  disp 0.0688  theta 0.0000  stop 0.7750  act-agree 0.756  p(stop) 0.058  lr 9.45e-05  1.41 it/s
step  50800  L  0.3835  point 0.0230  disp 0.0617  theta 0.0000  stop 0.4427  act-agree 0.757  p(stop) 0.001  lr 9.45e-05  1.41 it/s
step  51000  L  0.5239  point 0.0221  disp 0.0661  theta 0.0000  stop 0.7110  act-agree 0.777  p(stop) 0.011  lr 9.44e-05  1.41 it/s
step  51200  L  0.4874  point 0.0225  disp 0.0687  theta 0.0000  stop 0.6444  act-agree 0.794  p(stop) 0.022  lr 9.44e-05  1.40 it/s
step  51400  L  0.5138  point 0.0217  disp 0.0722  theta 0.0000  stop 0.6735  act-agree 0.764  p(stop) 0.005  lr 9.43e-05  1.40 it/s
step  51600  L  0.3696  point 0.0210  disp 0.0608  theta 0.0000  stop 0.4235  act-agree 0.772  p(stop) 0.001  lr 9.43e-05  1.40 it/s
step  51800  L  0.4520  point 0.0207  disp 0.0610  theta 0.0000  stop 0.5984  act-agree 0.779  p(stop) 0.001  lr 9.43e-05  1.40 it/s
step  52000  L  0.4557  point 0.0208  disp 0.0582  theta 0.0000  stop 0.6063  act-agree 0.749  p(stop) 0.005  lr 9.42e-05  1.39 it/s
step  52200  L  0.5392  point 0.0227  disp 0.0662  theta 0.0000  stop 0.7451  act-agree 0.812  p(stop) 0.018  lr 9.42e-05  1.39 it/s
step  52400  L  0.5058  point 0.0205  disp 0.0759  theta 0.0000  stop 0.6691  act-agree 0.776  p(stop) 0.016  lr 9.41e-05  1.39 it/s
step  52600  L  0.4198  point 0.0224  disp 0.0615  theta 0.0000  stop 0.5270  act-agree 0.795  p(stop) 0.010  lr 9.41e-05  1.39 it/s
step  52800  L  0.4266  point 0.0223  disp 0.0622  theta 0.0000  stop 0.5217  act-agree 0.744  p(stop) 0.008  lr 9.40e-05  1.39 it/s
step  53000  L  0.4898  point 0.0242  disp 0.0784  theta 0.0000  stop 0.6306  act-agree 0.765  p(stop) 0.008  lr 9.40e-05  1.39 it/s
step  53200  L  0.5447  point 0.0211  disp 0.0663  theta 0.0000  stop 0.7587  act-agree 0.771  p(stop) 0.011  lr 9.40e-05  1.40 it/s
step  53400  L  0.4833  point 0.0211  disp 0.0704  theta 0.0000  stop 0.6149  act-agree 0.744  p(stop) 0.042  lr 9.39e-05  1.40 it/s
step  53600  L  0.5203  point 0.0238  disp 0.0591  theta 0.0000  stop 0.7197  act-agree 0.796  p(stop) 0.008  lr 9.39e-05  1.40 it/s
step  53800  L  0.5513  point 0.0181  disp 0.0641  theta 0.0000  stop 0.7693  act-agree 0.767  p(stop) 0.004  lr 9.38e-05  1.40 it/s
step  54000  L  0.5394  point 0.0244  disp 0.0735  theta 0.0000  stop 0.7432  act-agree 0.772  p(stop) 0.033  lr 9.38e-05  1.40 it/s
step  54200  L  0.4052  point 0.0225  disp 0.0557  theta 0.0000  stop 0.5040  act-agree 0.757  p(stop) 0.025  lr 9.37e-05  1.40 it/s
step  54400  L  0.5258  point 0.0215  disp 0.0690  theta 0.0000  stop 0.7095  act-agree 0.746  p(stop) 0.029  lr 9.37e-05  1.40 it/s
step  54600  L  0.4819  point 0.0229  disp 0.0652  theta 0.0000  stop 0.6435  act-agree 0.759  p(stop) 0.007  lr 9.36e-05  1.40 it/s
step  54800  L  0.5632  point 0.0209  disp 0.0797  theta 0.0000  stop 0.7750  act-agree 0.757  p(stop) 0.029  lr 9.36e-05  1.40 it/s
step  55000  L  0.4884  point 0.0239  disp 0.0558  theta 0.0000  stop 0.6946  act-agree 0.785  p(stop) 0.003  lr 9.35e-05  1.40 it/s
step  55200  L  0.4593  point 0.0210  disp 0.0608  theta 0.0000  stop 0.6049  act-agree 0.766  p(stop) 0.020  lr 9.35e-05  1.40 it/s
step  55400  L  0.4089  point 0.0190  disp 0.0541  theta 0.0000  stop 0.5231  act-agree 0.769  p(stop) 0.004  lr 9.35e-05  1.40 it/s
step  55600  L  0.4701  point 0.0210  disp 0.0556  theta 0.0000  stop 0.6279  act-agree 0.757  p(stop) 0.007  lr 9.34e-05  1.40 it/s
step  55800  L  0.4744  point 0.0212  disp 0.0704  theta 0.0000  stop 0.6153  act-agree 0.766  p(stop) 0.003  lr 9.34e-05  1.40 it/s
step  56000  L  0.4995  point 0.0243  disp 0.0653  theta 0.0000  stop 0.6720  act-agree 0.777  p(stop) 0.046  lr 9.33e-05  1.40 it/s
step  56200  L  0.5292  point 0.0258  disp 0.0756  theta 0.0000  stop 0.7003  act-agree 0.760  p(stop) 0.007  lr 9.33e-05  1.40 it/s
step  56400  L  0.5744  point 0.0208  disp 0.0732  theta 0.0000  stop 0.8057  act-agree 0.772  p(stop) 0.064  lr 9.32e-05  1.40 it/s
step  56600  L  0.5076  point 0.0199  disp 0.0679  theta 0.0000  stop 0.6915  act-agree 0.770  p(stop) 0.001  lr 9.32e-05  1.40 it/s
step  56800  L  0.4782  point 0.0233  disp 0.0582  theta 0.0000  stop 0.6442  act-agree 0.736  p(stop) 0.004  lr 9.31e-05  1.40 it/s
step  57000  L  0.4099  point 0.0220  disp 0.0601  theta 0.0000  stop 0.5096  act-agree 0.754  p(stop) 0.003  lr 9.31e-05  1.40 it/s
step  57200  L  0.5406  point 0.0212  disp 0.0708  theta 0.0000  stop 0.7664  act-agree 0.759  p(stop) 0.026  lr 9.30e-05  1.40 it/s
step  57400  L  0.3477  point 0.0253  disp 0.0607  theta 0.0000  stop 0.3661  act-agree 0.782  p(stop) 0.003  lr 9.30e-05  1.40 it/s
step  57600  L  0.5092  point 0.0225  disp 0.0601  theta 0.0000  stop 0.7078  act-agree 0.801  p(stop) 0.017  lr 9.29e-05  1.40 it/s
step  57800  L  0.3606  point 0.0291  disp 0.0705  theta 0.0000  stop 0.3601  act-agree 0.755  p(stop) 0.000  lr 9.29e-05  1.40 it/s
step  58000  L  0.3663  point 0.0223  disp 0.0598  theta 0.0000  stop 0.4263  act-agree 0.782  p(stop) 0.002  lr 9.28e-05  1.40 it/s
step  58200  L  0.4315  point 0.0200  disp 0.0631  theta 0.0000  stop 0.5633  act-agree 0.779  p(stop) 0.001  lr 9.28e-05  1.40 it/s
step  58400  L  0.4097  point 0.0189  disp 0.0583  theta 0.0000  stop 0.5096  act-agree 0.780  p(stop) 0.005  lr 9.27e-05  1.40 it/s
step  58600  L  0.4214  point 0.0192  disp 0.0629  theta 0.0000  stop 0.5228  act-agree 0.770  p(stop) 0.001  lr 9.27e-05  1.40 it/s
step  58800  L  0.6398  point 0.0261  disp 0.0777  theta 0.0000  stop 0.9138  act-agree 0.760  p(stop) 0.001  lr 9.26e-05  1.39 it/s
step  59000  L  0.5132  point 0.0203  disp 0.0693  theta 0.0000  stop 0.6996  act-agree 0.749  p(stop) 0.010  lr 9.26e-05  1.39 it/s
step  59200  L  0.4167  point 0.0229  disp 0.0546  theta 0.0000  stop 0.5346  act-agree 0.785  p(stop) 0.013  lr 9.25e-05  1.39 it/s
step  59400  L  0.5581  point 0.0196  disp 0.0637  theta 0.0000  stop 0.8078  act-agree 0.789  p(stop) 0.001  lr 9.25e-05  1.39 it/s
step  59600  L  0.3941  point 0.0230  disp 0.0619  theta 0.0000  stop 0.4669  act-agree 0.785  p(stop) 0.014  lr 9.24e-05  1.38 it/s
step  59800  L  0.5293  point 0.0244  disp 0.0689  theta 0.0000  stop 0.7369  act-agree 0.770  p(stop) 0.026  lr 9.24e-05  1.38 it/s
step  60000  L  0.4201  point 0.0232  disp 0.0622  theta 0.0000  stop 0.5265  act-agree 0.772  p(stop) 0.036  lr 9.23e-05  1.38 it/s
step  60200  L  0.5033  point 0.0195  disp 0.0521  theta 0.0000  stop 0.7202  act-agree 0.784  p(stop) 0.002  lr 9.23e-05  1.38 it/s
step  60400  L  0.4732  point 0.0203  disp 0.0661  theta 0.0000  stop 0.6278  act-agree 0.796  p(stop) 0.035  lr 9.22e-05  1.37 it/s
step  60600  L  0.4953  point 0.0196  disp 0.0596  theta 0.0000  stop 0.6786  act-agree 0.769  p(stop) 0.015  lr 9.22e-05  1.37 it/s
step  60800  L  0.4742  point 0.0201  disp 0.0571  theta 0.0000  stop 0.6497  act-agree 0.770  p(stop) 0.001  lr 9.21e-05  1.37 it/s
step  61000  L  0.4444  point 0.0252  disp 0.0656  theta 0.0000  stop 0.5582  act-agree 0.756  p(stop) 0.003  lr 9.21e-05  1.37 it/s
step  61200  L  0.5399  point 0.0238  disp 0.0659  theta 0.0000  stop 0.7324  act-agree 0.784  p(stop) 0.009  lr 9.20e-05  1.37 it/s
step  61400  L  0.4836  point 0.0205  disp 0.0625  theta 0.0000  stop 0.6733  act-agree 0.784  p(stop) 0.003  lr 9.20e-05  1.36 it/s
step  61600  L  0.5931  point 0.0212  disp 0.0711  theta 0.0000  stop 0.8439  act-agree 0.776  p(stop) 0.003  lr 9.19e-05  1.36 it/s
step  61800  L  0.5004  point 0.0194  disp 0.0674  theta 0.0000  stop 0.6722  act-agree 0.748  p(stop) 0.004  lr 9.19e-05  1.36 it/s
step  62000  L  0.5370  point 0.0175  disp 0.0608  theta 0.0000  stop 0.7685  act-agree 0.784  p(stop) 0.010  lr 9.18e-05  1.36 it/s
step  62200  L  0.5631  point 0.0203  disp 0.0645  theta 0.0000  stop 0.8318  act-agree 0.757  p(stop) 0.004  lr 9.18e-05  1.35 it/s
step  62400  L  0.5686  point 0.0211  disp 0.0634  theta 0.0000  stop 0.8189  act-agree 0.765  p(stop) 0.005  lr 9.17e-05  1.35 it/s
step  62600  L  0.4580  point 0.0202  disp 0.0669  theta 0.0000  stop 0.5850  act-agree 0.774  p(stop) 0.006  lr 9.17e-05  1.35 it/s
step  62800  L  0.5189  point 0.0238  disp 0.0692  theta 0.0000  stop 0.7166  act-agree 0.767  p(stop) 0.016  lr 9.16e-05  1.35 it/s
step  63000  L  0.4276  point 0.0194  disp 0.0707  theta 0.0000  stop 0.5420  act-agree 0.786  p(stop) 0.001  lr 9.16e-05  1.35 it/s
step  63200  L  0.5844  point 0.0188  disp 0.0704  theta 0.0000  stop 0.8399  act-agree 0.786  p(stop) 0.010  lr 9.15e-05  1.34 it/s
step  63400  L  0.4704  point 0.0228  disp 0.0750  theta 0.0000  stop 0.6057  act-agree 0.774  p(stop) 0.050  lr 9.15e-05  1.34 it/s
step  63600  L  0.4044  point 0.0225  disp 0.0470  theta 0.0000  stop 0.5257  act-agree 0.790  p(stop) 0.011  lr 9.14e-05  1.34 it/s
step  63800  L  0.5527  point 0.0212  disp 0.0713  theta 0.0000  stop 0.7746  act-agree 0.775  p(stop) 0.003  lr 9.14e-05  1.34 it/s
step  64000  L  0.5116  point 0.0224  disp 0.0574  theta 0.0000  stop 0.7305  act-agree 0.761  p(stop) 0.002  lr 9.13e-05  1.34 it/s
step  64200  L  0.4793  point 0.0186  disp 0.0715  theta 0.0000  stop 0.6345  act-agree 0.769  p(stop) 0.009  lr 9.13e-05  1.34 it/s
step  64400  L  0.4904  point 0.0211  disp 0.0648  theta 0.0000  stop 0.6498  act-agree 0.775  p(stop) 0.002  lr 9.12e-05  1.34 it/s
step  64600  L  0.4701  point 0.0187  disp 0.0615  theta 0.0000  stop 0.6203  act-agree 0.767  p(stop) 0.008  lr 9.12e-05  1.34 it/s
step  64800  L  0.5306  point 0.0224  disp 0.0849  theta 0.0000  stop 0.6988  act-agree 0.784  p(stop) 0.046  lr 9.11e-05  1.34 it/s
step  65000  L  0.5330  point 0.0223  disp 0.0646  theta 0.0000  stop 0.7431  act-agree 0.796  p(stop) 0.001  lr 9.11e-05  1.34 it/s
step  65200  L  0.4635  point 0.0214  disp 0.0525  theta 0.0000  stop 0.6408  act-agree 0.767  p(stop) 0.005  lr 9.10e-05  1.34 it/s
step  65400  L  0.4071  point 0.0168  disp 0.0646  theta 0.0000  stop 0.4948  act-agree 0.787  p(stop) 0.002  lr 9.09e-05  1.35 it/s
step  65600  L  0.3964  point 0.0227  disp 0.0601  theta 0.0000  stop 0.4809  act-agree 0.777  p(stop) 0.001  lr 9.09e-05  1.35 it/s
step  65800  L  0.4464  point 0.0205  disp 0.0671  theta 0.0000  stop 0.5785  act-agree 0.782  p(stop) 0.001  lr 9.08e-05  1.35 it/s
step  66000  L  0.4633  point 0.0215  disp 0.0670  theta 0.0000  stop 0.6054  act-agree 0.766  p(stop) 0.006  lr 9.08e-05  1.35 it/s
step  66200  L  0.4897  point 0.0202  disp 0.0668  theta 0.0000  stop 0.6610  act-agree 0.746  p(stop) 0.021  lr 9.07e-05  1.35 it/s
step  66400  L  0.4603  point 0.0199  disp 0.0635  theta 0.0000  stop 0.6125  act-agree 0.780  p(stop) 0.003  lr 9.07e-05  1.35 it/s
step  66600  L  0.5050  point 0.0202  disp 0.0548  theta 0.0000  stop 0.6990  act-agree 0.796  p(stop) 0.012  lr 9.06e-05  1.35 it/s
step  66800  L  0.5122  point 0.0218  disp 0.0610  theta 0.0000  stop 0.7124  act-agree 0.767  p(stop) 0.002  lr 9.06e-05  1.35 it/s
step  67000  L  0.5054  point 0.0194  disp 0.0508  theta 0.0000  stop 0.7200  act-agree 0.786  p(stop) 0.002  lr 9.05e-05  1.35 it/s
step  67200  L  0.5696  point 0.0214  disp 0.0721  theta 0.0000  stop 0.8179  act-agree 0.785  p(stop) 0.001  lr 9.05e-05  1.35 it/s
step  67400  L  0.4523  point 0.0208  disp 0.0606  theta 0.0000  stop 0.5860  act-agree 0.772  p(stop) 0.002  lr 9.04e-05  1.35 it/s
step  67600  L  0.4332  point 0.0207  disp 0.0569  theta 0.0000  stop 0.5844  act-agree 0.769  p(stop) 0.079  lr 9.04e-05  1.35 it/s
step  67800  L  0.5595  point 0.0189  disp 0.0662  theta 0.0000  stop 0.7981  act-agree 0.801  p(stop) 0.001  lr 9.03e-05  1.35 it/s
step  68000  L  0.3077  point 0.0221  disp 0.0486  theta 0.0000  stop 0.3359  act-agree 0.777  p(stop) 0.000  lr 9.02e-05  1.35 it/s
step  68200  L  0.6127  point 0.0199  disp 0.0757  theta 0.0000  stop 0.8856  act-agree 0.775  p(stop) 0.014  lr 9.02e-05  1.35 it/s
step  68400  L  0.4650  point 0.0192  disp 0.0603  theta 0.0000  stop 0.6171  act-agree 0.790  p(stop) 0.009  lr 9.01e-05  1.35 it/s
step  68600  L  0.5587  point 0.0217  disp 0.0648  theta 0.0000  stop 0.7907  act-agree 0.776  p(stop) 0.010  lr 9.01e-05  1.35 it/s
step  68800  L  0.4668  point 0.0204  disp 0.0662  theta 0.0000  stop 0.6261  act-agree 0.771  p(stop) 0.003  lr 9.00e-05  1.35 it/s
step  69000  L  0.5016  point 0.0216  disp 0.0709  theta 0.0000  stop 0.6730  act-agree 0.770  p(stop) 0.001  lr 9.00e-05  1.35 it/s
step  69200  L  0.5417  point 0.0202  disp 0.0674  theta 0.0000  stop 0.7706  act-agree 0.795  p(stop) 0.020  lr 8.99e-05  1.35 it/s
step  69400  L  0.3470  point 0.0201  disp 0.0547  theta 0.0000  stop 0.3999  act-agree 0.769  p(stop) 0.010  lr 8.98e-05  1.35 it/s
step  69600  L  0.5923  point 0.0221  disp 0.0658  theta 0.0000  stop 0.8793  act-agree 0.777  p(stop) 0.006  lr 8.98e-05  1.35 it/s
step  69800  L  0.5368  point 0.0222  disp 0.0750  theta 0.0000  stop 0.7596  act-agree 0.776  p(stop) 0.003  lr 8.97e-05  1.35 it/s
step  70000  L  0.5083  point 0.0215  disp 0.0665  theta 0.0000  stop 0.6957  act-agree 0.762  p(stop) 0.007  lr 8.97e-05  1.35 it/s
step  70200  L  0.5342  point 0.0187  disp 0.0680  theta 0.0000  stop 0.7646  act-agree 0.795  p(stop) 0.001  lr 8.96e-05  1.35 it/s
step  70400  L  0.4779  point 0.0214  disp 0.0670  theta 0.0000  stop 0.6313  act-agree 0.775  p(stop) 0.009  lr 8.96e-05  1.35 it/s
step  70600  L  0.4712  point 0.0222  disp 0.0580  theta 0.0000  stop 0.6324  act-agree 0.789  p(stop) 0.006  lr 8.95e-05  1.35 it/s
step  70800  L  0.4208  point 0.0210  disp 0.0631  theta 0.0000  stop 0.5216  act-agree 0.764  p(stop) 0.008  lr 8.94e-05  1.35 it/s
step  71000  L  0.4162  point 0.0205  disp 0.0685  theta 0.0000  stop 0.5088  act-agree 0.786  p(stop) 0.057  lr 8.94e-05  1.35 it/s
step  71200  L  0.4369  point 0.0191  disp 0.0619  theta 0.0000  stop 0.5813  act-agree 0.771  p(stop) 0.035  lr 8.93e-05  1.36 it/s
step  71400  L  0.4135  point 0.0186  disp 0.0598  theta 0.0000  stop 0.5211  act-agree 0.769  p(stop) 0.054  lr 8.93e-05  1.36 it/s
step  71600  L  0.4624  point 0.0231  disp 0.0626  theta 0.0000  stop 0.5864  act-agree 0.767  p(stop) 0.012  lr 8.92e-05  1.36 it/s
step  71800  L  0.4181  point 0.0196  disp 0.0661  theta 0.0000  stop 0.5352  act-agree 0.779  p(stop) 0.000  lr 8.92e-05  1.36 it/s
step  72000  L  0.3321  point 0.0216  disp 0.0546  theta 0.0000  stop 0.3739  act-agree 0.771  p(stop) 0.003  lr 8.91e-05  1.36 it/s
step  72200  L  0.4423  point 0.0215  disp 0.0579  theta 0.0000  stop 0.5967  act-agree 0.762  p(stop) 0.003  lr 8.90e-05  1.36 it/s
step  72400  L  0.4991  point 0.0236  disp 0.0589  theta 0.0000  stop 0.6911  act-agree 0.776  p(stop) 0.043  lr 8.90e-05  1.36 it/s
step  72600  L  0.3629  point 0.0209  disp 0.0575  theta 0.0000  stop 0.4268  act-agree 0.769  p(stop) 0.011  lr 8.89e-05  1.36 it/s
step  72800  L  0.4796  point 0.0208  disp 0.0568  theta 0.0000  stop 0.6590  act-agree 0.754  p(stop) 0.001  lr 8.89e-05  1.36 it/s
step  73000  L  0.4393  point 0.0178  disp 0.0639  theta 0.0000  stop 0.5825  act-agree 0.774  p(stop) 0.013  lr 8.88e-05  1.36 it/s
step  73200  L  0.5619  point 0.0221  disp 0.0765  theta 0.0000  stop 0.7941  act-agree 0.766  p(stop) 0.000  lr 8.87e-05  1.36 it/s
step  73400  L  0.4659  point 0.0221  disp 0.0664  theta 0.0000  stop 0.6235  act-agree 0.780  p(stop) 0.001  lr 8.87e-05  1.36 it/s
step  73600  L  0.5863  point 0.0209  disp 0.0652  theta 0.0000  stop 0.8597  act-agree 0.769  p(stop) 0.039  lr 8.86e-05  1.36 it/s
step  73800  L  0.4365  point 0.0205  disp 0.0676  theta 0.0000  stop 0.5456  act-agree 0.781  p(stop) 0.018  lr 8.86e-05  1.36 it/s
step  74000  L  0.5121  point 0.0190  disp 0.0707  theta 0.0000  stop 0.6999  act-agree 0.782  p(stop) 0.017  lr 8.85e-05  1.36 it/s
step  74200  L  0.4506  point 0.0197  disp 0.0673  theta 0.0000  stop 0.5996  act-agree 0.767  p(stop) 0.002  lr 8.85e-05  1.36 it/s
step  74400  L  0.4607  point 0.0204  disp 0.0570  theta 0.0000  stop 0.6251  act-agree 0.769  p(stop) 0.037  lr 8.84e-05  1.36 it/s
step  74600  L  0.4109  point 0.0214  disp 0.0546  theta 0.0000  stop 0.5364  act-agree 0.775  p(stop) 0.009  lr 8.83e-05  1.36 it/s
step  74800  L  0.5823  point 0.0180  disp 0.0622  theta 0.0000  stop 0.8440  act-agree 0.750  p(stop) 0.005  lr 8.83e-05  1.36 it/s
step  75000  L  0.3866  point 0.0225  disp 0.0534  theta 0.0000  stop 0.4822  act-agree 0.769  p(stop) 0.008  lr 8.82e-05  1.36 it/s
step  75200  L  0.4265  point 0.0184  disp 0.0652  theta 0.0000  stop 0.5385  act-agree 0.770  p(stop) 0.001  lr 8.82e-05  1.36 it/s
step  75400  L  0.4984  point 0.0178  disp 0.0730  theta 0.0000  stop 0.6888  act-agree 0.767  p(stop) 0.003  lr 8.81e-05  1.36 it/s
step  75600  L  0.4962  point 0.0210  disp 0.0651  theta 0.0000  stop 0.6788  act-agree 0.769  p(stop) 0.002  lr 8.80e-05  1.36 it/s
step  75800  L  0.4281  point 0.0215  disp 0.0713  theta 0.0000  stop 0.5264  act-agree 0.759  p(stop) 0.017  lr 8.80e-05  1.36 it/s
step  76000  L  0.5730  point 0.0195  disp 0.0795  theta 0.0000  stop 0.7966  act-agree 0.735  p(stop) 0.009  lr 8.79e-05  1.36 it/s
step  76200  L  0.4886  point 0.0197  disp 0.0705  theta 0.0000  stop 0.6483  act-agree 0.772  p(stop) 0.001  lr 8.78e-05  1.36 it/s
step  76400  L  0.3592  point 0.0205  disp 0.0507  theta 0.0000  stop 0.4379  act-agree 0.805  p(stop) 0.003  lr 8.78e-05  1.36 it/s
step  76600  L  0.6132  point 0.0230  disp 0.0738  theta 0.0000  stop 0.8884  act-agree 0.756  p(stop) 0.003  lr 8.77e-05  1.36 it/s
step  76800  L  0.5052  point 0.0192  disp 0.0608  theta 0.0000  stop 0.7031  act-agree 0.800  p(stop) 0.037  lr 8.77e-05  1.36 it/s
step  77000  L  0.4558  point 0.0174  disp 0.0601  theta 0.0000  stop 0.6111  act-agree 0.750  p(stop) 0.001  lr 8.76e-05  1.36 it/s
step  77200  L  0.3952  point 0.0190  disp 0.0523  theta 0.0000  stop 0.5111  act-agree 0.790  p(stop) 0.005  lr 8.75e-05  1.36 it/s
step  77400  L  0.4296  point 0.0185  disp 0.0627  theta 0.0000  stop 0.5620  act-agree 0.741  p(stop) 0.000  lr 8.75e-05  1.36 it/s
step  77600  L  0.3897  point 0.0199  disp 0.0631  theta 0.0000  stop 0.4844  act-agree 0.748  p(stop) 0.000  lr 8.74e-05  1.36 it/s
step  77800  L  0.5926  point 0.0214  disp 0.0685  theta 0.0000  stop 0.8643  act-agree 0.774  p(stop) 0.007  lr 8.74e-05  1.36 it/s
step  78000  L  0.5923  point 0.0190  disp 0.0684  theta 0.0000  stop 0.8921  act-agree 0.791  p(stop) 0.003  lr 8.73e-05  1.37 it/s
step  78200  L  0.3978  point 0.0203  disp 0.0619  theta 0.0000  stop 0.4758  act-agree 0.781  p(stop) 0.014  lr 8.72e-05  1.37 it/s
step  78400  L  0.4412  point 0.0212  disp 0.0630  theta 0.0000  stop 0.5992  act-agree 0.795  p(stop) 0.008  lr 8.72e-05  1.37 it/s
step  78600  L  0.3891  point 0.0197  disp 0.0488  theta 0.0000  stop 0.5008  act-agree 0.789  p(stop) 0.015  lr 8.71e-05  1.37 it/s
step  78800  L  0.4838  point 0.0174  disp 0.0548  theta 0.0000  stop 0.6652  act-agree 0.776  p(stop) 0.024  lr 8.70e-05  1.37 it/s
step  79000  L  0.4897  point 0.0211  disp 0.0628  theta 0.0000  stop 0.6712  act-agree 0.784  p(stop) 0.040  lr 8.70e-05  1.37 it/s
step  79200  L  0.4666  point 0.0192  disp 0.0598  theta 0.0000  stop 0.6351  act-agree 0.777  p(stop) 0.003  lr 8.69e-05  1.37 it/s
step  79400  L  0.5281  point 0.0222  disp 0.0740  theta 0.0000  stop 0.7373  act-agree 0.769  p(stop) 0.002  lr 8.69e-05  1.37 it/s
step  79600  L  0.3869  point 0.0198  disp 0.0534  theta 0.0000  stop 0.4876  act-agree 0.784  p(stop) 0.003  lr 8.68e-05  1.37 it/s
step  79800  L  0.4280  point 0.0182  disp 0.0545  theta 0.0000  stop 0.5534  act-agree 0.776  p(stop) 0.018  lr 8.67e-05  1.37 it/s
step  80000  L  0.4013  point 0.0217  disp 0.0557  theta 0.0000  stop 0.5130  act-agree 0.761  p(stop) 0.020  lr 8.67e-05  1.37 it/s
step  80200  L  0.5038  point 0.0193  disp 0.0638  theta 0.0000  stop 0.7056  act-agree 0.789  p(stop) 0.013  lr 8.66e-05  1.37 it/s
step  80400  L  0.4824  point 0.0205  disp 0.0597  theta 0.0000  stop 0.6723  act-agree 0.774  p(stop) 0.003  lr 8.65e-05  1.37 it/s
step  80600  L  0.5474  point 0.0167  disp 0.0727  theta 0.0000  stop 0.7694  act-agree 0.770  p(stop) 0.099  lr 8.65e-05  1.37 it/s
step  80800  L  0.5037  point 0.0186  disp 0.0621  theta 0.0000  stop 0.7162  act-agree 0.795  p(stop) 0.001  lr 8.64e-05  1.37 it/s
step  81000  L  0.4355  point 0.0199  disp 0.0522  theta 0.0000  stop 0.5997  act-agree 0.754  p(stop) 0.021  lr 8.63e-05  1.37 it/s
step  81200  L  0.4081  point 0.0200  disp 0.0417  theta 0.0000  stop 0.5466  act-agree 0.772  p(stop) 0.022  lr 8.63e-05  1.37 it/s
step  81400  L  0.4371  point 0.0192  disp 0.0576  theta 0.0000  stop 0.5988  act-agree 0.784  p(stop) 0.001  lr 8.62e-05  1.37 it/s
step  81600  L  0.5824  point 0.0210  disp 0.0693  theta 0.0000  stop 0.8473  act-agree 0.762  p(stop) 0.038  lr 8.62e-05  1.37 it/s
step  81800  L  0.4166  point 0.0226  disp 0.0497  theta 0.0000  stop 0.5481  act-agree 0.799  p(stop) 0.012  lr 8.61e-05  1.37 it/s
step  82000  L  0.4659  point 0.0197  disp 0.0598  theta 0.0000  stop 0.6262  act-agree 0.812  p(stop) 0.004  lr 8.60e-05  1.37 it/s
step  82200  L  0.4497  point 0.0225  disp 0.0584  theta 0.0000  stop 0.5912  act-agree 0.748  p(stop) 0.015  lr 8.60e-05  1.37 it/s
step  82400  L  0.3738  point 0.0222  disp 0.0476  theta 0.0000  stop 0.4680  act-agree 0.776  p(stop) 0.007  lr 8.59e-05  1.37 it/s
step  82600  L  0.4352  point 0.0168  disp 0.0535  theta 0.0000  stop 0.6000  act-agree 0.761  p(stop) 0.002  lr 8.58e-05  1.37 it/s
step  82800  L  0.5702  point 0.0173  disp 0.0638  theta 0.0000  stop 0.8451  act-agree 0.801  p(stop) 0.017  lr 8.58e-05  1.37 it/s
step  83000  L  0.5162  point 0.0193  disp 0.0618  theta 0.0000  stop 0.7320  act-agree 0.751  p(stop) 0.030  lr 8.57e-05  1.37 it/s
step  83200  L  0.3819  point 0.0165  disp 0.0452  theta 0.0000  stop 0.5014  act-agree 0.780  p(stop) 0.006  lr 8.56e-05  1.37 it/s
step  83400  L  0.4718  point 0.0201  disp 0.0678  theta 0.0000  stop 0.6412  act-agree 0.782  p(stop) 0.005  lr 8.56e-05  1.37 it/s
step  83600  L  0.4773  point 0.0228  disp 0.0565  theta 0.0000  stop 0.6478  act-agree 0.789  p(stop) 0.003  lr 8.55e-05  1.37 it/s
step  83800  L  0.4135  point 0.0189  disp 0.0581  theta 0.0000  stop 0.5235  act-agree 0.779  p(stop) 0.003  lr 8.54e-05  1.37 it/s
step  84000  L  0.4877  point 0.0199  disp 0.0579  theta 0.0000  stop 0.7059  act-agree 0.785  p(stop) 0.028  lr 8.54e-05  1.37 it/s
step  84200  L  0.4210  point 0.0182  disp 0.0629  theta 0.0000  stop 0.5422  act-agree 0.772  p(stop) 0.004  lr 8.53e-05  1.37 it/s
step  84400  L  0.3866  point 0.0193  disp 0.0573  theta 0.0000  stop 0.4865  act-agree 0.782  p(stop) 0.016  lr 8.52e-05  1.37 it/s
step  84600  L  0.4709  point 0.0193  disp 0.0611  theta 0.0000  stop 0.6431  act-agree 0.762  p(stop) 0.009  lr 8.52e-05  1.37 it/s
step  84800  L  0.4570  point 0.0172  disp 0.0605  theta 0.0000  stop 0.6358  act-agree 0.790  p(stop) 0.019  lr 8.51e-05  1.37 it/s
step  85000  L  0.4476  point 0.0188  disp 0.0554  theta 0.0000  stop 0.5995  act-agree 0.772  p(stop) 0.002  lr 8.50e-05  1.37 it/s
step  85200  L  0.3700  point 0.0199  disp 0.0465  theta 0.0000  stop 0.4601  act-agree 0.791  p(stop) 0.001  lr 8.50e-05  1.37 it/s
step  85400  L  0.3889  point 0.0182  disp 0.0631  theta 0.0000  stop 0.4886  act-agree 0.755  p(stop) 0.003  lr 8.49e-05  1.37 it/s
step  85600  L  0.4626  point 0.0214  disp 0.0513  theta 0.0000  stop 0.6436  act-agree 0.766  p(stop) 0.044  lr 8.48e-05  1.37 it/s
step  85800  L  0.3924  point 0.0214  disp 0.0483  theta 0.0000  stop 0.5142  act-agree 0.770  p(stop) 0.004  lr 8.48e-05  1.37 it/s
step  86000  L  0.5323  point 0.0197  disp 0.0599  theta 0.0000  stop 0.7568  act-agree 0.779  p(stop) 0.012  lr 8.47e-05  1.37 it/s
step  86200  L  0.4122  point 0.0223  disp 0.0505  theta 0.0000  stop 0.5501  act-agree 0.789  p(stop) 0.005  lr 8.46e-05  1.38 it/s
step  86400  L  0.4628  point 0.0185  disp 0.0501  theta 0.0000  stop 0.6656  act-agree 0.765  p(stop) 0.069  lr 8.46e-05  1.38 it/s
step  86600  L  0.4004  point 0.0189  disp 0.0583  theta 0.0000  stop 0.5041  act-agree 0.770  p(stop) 0.003  lr 8.45e-05  1.38 it/s
step  86800  L  0.4413  point 0.0189  disp 0.0564  theta 0.0000  stop 0.5941  act-agree 0.802  p(stop) 0.015  lr 8.44e-05  1.38 it/s
step  87000  L  0.4648  point 0.0191  disp 0.0683  theta 0.0000  stop 0.6246  act-agree 0.767  p(stop) 0.025  lr 8.44e-05  1.38 it/s
step  87200  L  0.4103  point 0.0183  disp 0.0506  theta 0.0000  stop 0.5545  act-agree 0.800  p(stop) 0.001  lr 8.43e-05  1.38 it/s
step  87400  L  0.4027  point 0.0186  disp 0.0521  theta 0.0000  stop 0.5248  act-agree 0.777  p(stop) 0.000  lr 8.42e-05  1.38 it/s
step  87600  L  0.4955  point 0.0174  disp 0.0574  theta 0.0000  stop 0.7288  act-agree 0.791  p(stop) 0.001  lr 8.42e-05  1.38 it/s
step  87800  L  0.5587  point 0.0172  disp 0.0637  theta 0.0000  stop 0.8133  act-agree 0.767  p(stop) 0.043  lr 8.41e-05  1.38 it/s
step  88000  L  0.4863  point 0.0183  disp 0.0673  theta 0.0000  stop 0.6547  act-agree 0.765  p(stop) 0.012  lr 8.40e-05  1.38 it/s
step  88200  L  0.4881  point 0.0168  disp 0.0583  theta 0.0000  stop 0.7019  act-agree 0.765  p(stop) 0.026  lr 8.40e-05  1.38 it/s
step  88400  L  0.4901  point 0.0195  disp 0.0636  theta 0.0000  stop 0.7046  act-agree 0.796  p(stop) 0.009  lr 8.39e-05  1.38 it/s
step  88600  L  0.4955  point 0.0197  disp 0.0586  theta 0.0000  stop 0.6913  act-agree 0.764  p(stop) 0.006  lr 8.38e-05  1.38 it/s
step  88800  L  0.3957  point 0.0226  disp 0.0574  theta 0.0000  stop 0.5080  act-agree 0.804  p(stop) 0.013  lr 8.38e-05  1.38 it/s
step  89000  L  0.4473  point 0.0172  disp 0.0519  theta 0.0000  stop 0.6281  act-agree 0.774  p(stop) 0.011  lr 8.37e-05  1.38 it/s
step  89200  L  0.5094  point 0.0189  disp 0.0731  theta 0.0000  stop 0.7182  act-agree 0.776  p(stop) 0.002  lr 8.36e-05  1.38 it/s
step  89400  L  0.5053  point 0.0172  disp 0.0695  theta 0.0000  stop 0.7094  act-agree 0.797  p(stop) 0.002  lr 8.35e-05  1.38 it/s
step  89600  L  0.3595  point 0.0203  disp 0.0508  theta 0.0000  stop 0.4410  act-agree 0.794  p(stop) 0.012  lr 8.35e-05  1.38 it/s
step  89800  L  0.4461  point 0.0192  disp 0.0544  theta 0.0000  stop 0.6111  act-agree 0.801  p(stop) 0.001  lr 8.34e-05  1.38 it/s
step  90000  L  0.4722  point 0.0171  disp 0.0607  theta 0.0000  stop 0.6450  act-agree 0.786  p(stop) 0.001  lr 8.33e-05  1.38 it/s
step  90200  L  0.4176  point 0.0209  disp 0.0614  theta 0.0000  stop 0.5467  act-agree 0.771  p(stop) 0.003  lr 8.33e-05  1.38 it/s
step  90400  L  0.4756  point 0.0157  disp 0.0566  theta 0.0000  stop 0.6774  act-agree 0.820  p(stop) 0.032  lr 8.32e-05  1.38 it/s
step  90600  L  0.4581  point 0.0212  disp 0.0485  theta 0.0000  stop 0.6457  act-agree 0.779  p(stop) 0.001  lr 8.31e-05  1.38 it/s
step  90800  L  0.4854  point 0.0157  disp 0.0543  theta 0.0000  stop 0.7071  act-agree 0.786  p(stop) 0.001  lr 8.31e-05  1.38 it/s
step  91000  L  0.4516  point 0.0173  disp 0.0593  theta 0.0000  stop 0.6135  act-agree 0.821  p(stop) 0.012  lr 8.30e-05  1.38 it/s
step  91200  L  0.4737  point 0.0214  disp 0.0682  theta 0.0000  stop 0.6283  act-agree 0.769  p(stop) 0.001  lr 8.29e-05  1.38 it/s
step  91400  L  0.4789  point 0.0182  disp 0.0718  theta 0.0000  stop 0.6673  act-agree 0.761  p(stop) 0.002  lr 8.28e-05  1.38 it/s
step  91600  L  0.4311  point 0.0171  disp 0.0615  theta 0.0000  stop 0.5752  act-agree 0.780  p(stop) 0.002  lr 8.28e-05  1.38 it/s
step  91800  L  0.4380  point 0.0165  disp 0.0480  theta 0.0000  stop 0.6050  act-agree 0.811  p(stop) 0.011  lr 8.27e-05  1.38 it/s
step  92000  L  0.5637  point 0.0177  disp 0.0640  theta 0.0000  stop 0.8144  act-agree 0.764  p(stop) 0.000  lr 8.26e-05  1.38 it/s
step  92200  L  0.3895  point 0.0207  disp 0.0455  theta 0.0000  stop 0.5163  act-agree 0.767  p(stop) 0.001  lr 8.26e-05  1.38 it/s
step  92400  L  0.4881  point 0.0206  disp 0.0574  theta 0.0000  stop 0.6992  act-agree 0.809  p(stop) 0.003  lr 8.25e-05  1.38 it/s
step  92600  L  0.4154  point 0.0193  disp 0.0493  theta 0.0000  stop 0.5557  act-agree 0.784  p(stop) 0.001  lr 8.24e-05  1.38 it/s
step  92800  L  0.4187  point 0.0174  disp 0.0545  theta 0.0000  stop 0.5700  act-agree 0.762  p(stop) 0.031  lr 8.24e-05  1.38 it/s
step  93000  L  0.5093  point 0.0158  disp 0.0581  theta 0.0000  stop 0.7519  act-agree 0.786  p(stop) 0.043  lr 8.23e-05  1.38 it/s
step  93200  L  0.4702  point 0.0178  disp 0.0569  theta 0.0000  stop 0.6594  act-agree 0.776  p(stop) 0.046  lr 8.22e-05  1.38 it/s
step  93400  L  0.5068  point 0.0161  disp 0.0580  theta 0.0000  stop 0.7447  act-agree 0.794  p(stop) 0.013  lr 8.21e-05  1.38 it/s
step  93600  L  0.4939  point 0.0207  disp 0.0708  theta 0.0000  stop 0.6632  act-agree 0.765  p(stop) 0.019  lr 8.21e-05  1.38 it/s
step  93800  L  0.4947  point 0.0215  disp 0.0577  theta 0.0000  stop 0.7113  act-agree 0.770  p(stop) 0.005  lr 8.20e-05  1.38 it/s
step  94000  L  0.3221  point 0.0182  disp 0.0411  theta 0.0000  stop 0.3893  act-agree 0.794  p(stop) 0.002  lr 8.19e-05  1.38 it/s
step  94200  L  0.5499  point 0.0194  disp 0.0608  theta 0.0000  stop 0.8025  act-agree 0.801  p(stop) 0.056  lr 8.18e-05  1.38 it/s
step  94400  L  0.4885  point 0.0172  disp 0.0658  theta 0.0000  stop 0.6831  act-agree 0.794  p(stop) 0.004  lr 8.18e-05  1.38 it/s
step  94600  L  0.3977  point 0.0219  disp 0.0580  theta 0.0000  stop 0.5085  act-agree 0.755  p(stop) 0.006  lr 8.17e-05  1.38 it/s
step  94800  L  0.4881  point 0.0200  disp 0.0601  theta 0.0000  stop 0.6855  act-agree 0.794  p(stop) 0.034  lr 8.16e-05  1.38 it/s
step  95000  L  0.3884  point 0.0194  disp 0.0589  theta 0.0000  stop 0.4948  act-agree 0.767  p(stop) 0.002  lr 8.16e-05  1.38 it/s
step  95200  L  0.4340  point 0.0168  disp 0.0525  theta 0.0000  stop 0.6002  act-agree 0.789  p(stop) 0.008  lr 8.15e-05  1.38 it/s
step  95400  L  0.4238  point 0.0209  disp 0.0612  theta 0.0000  stop 0.5602  act-agree 0.760  p(stop) 0.002  lr 8.14e-05  1.38 it/s
step  95600  L  0.4745  point 0.0207  disp 0.0522  theta 0.0000  stop 0.6643  act-agree 0.787  p(stop) 0.019  lr 8.13e-05  1.38 it/s
step  95800  L  0.4348  point 0.0202  disp 0.0575  theta 0.0000  stop 0.5870  act-agree 0.786  p(stop) 0.032  lr 8.13e-05  1.38 it/s
step  96000  L  0.4779  point 0.0169  disp 0.0593  theta 0.0000  stop 0.6803  act-agree 0.745  p(stop) 0.006  lr 8.12e-05  1.39 it/s
step  96200  L  0.3815  point 0.0181  disp 0.0395  theta 0.0000  stop 0.5185  act-agree 0.774  p(stop) 0.001  lr 8.11e-05  1.39 it/s
step  96400  L  0.4917  point 0.0165  disp 0.0589  theta 0.0000  stop 0.7009  act-agree 0.809  p(stop) 0.021  lr 8.11e-05  1.39 it/s
step  96600  L  0.4624  point 0.0182  disp 0.0628  theta 0.0000  stop 0.6415  act-agree 0.799  p(stop) 0.000  lr 8.10e-05  1.39 it/s
step  96800  L  0.4610  point 0.0211  disp 0.0624  theta 0.0000  stop 0.6326  act-agree 0.776  p(stop) 0.030  lr 8.09e-05  1.39 it/s
step  97000  L  0.5367  point 0.0177  disp 0.0604  theta 0.0000  stop 0.7890  act-agree 0.771  p(stop) 0.004  lr 8.08e-05  1.39 it/s
step  97200  L  0.4809  point 0.0190  disp 0.0581  theta 0.0000  stop 0.6891  act-agree 0.804  p(stop) 0.001  lr 8.08e-05  1.39 it/s
step  97400  L  0.4301  point 0.0198  disp 0.0636  theta 0.0000  stop 0.5774  act-agree 0.774  p(stop) 0.009  lr 8.07e-05  1.39 it/s
step  97600  L  0.3342  point 0.0169  disp 0.0454  theta 0.0000  stop 0.4109  act-agree 0.781  p(stop) 0.033  lr 8.06e-05  1.39 it/s
step  97800  L  0.4731  point 0.0165  disp 0.0578  theta 0.0000  stop 0.6723  act-agree 0.799  p(stop) 0.003  lr 8.05e-05  1.39 it/s
step  98000  L  0.4071  point 0.0183  disp 0.0609  theta 0.0000  stop 0.5197  act-agree 0.775  p(stop) 0.018  lr 8.05e-05  1.39 it/s
step  98200  L  0.4247  point 0.0193  disp 0.0592  theta 0.0000  stop 0.5721  act-agree 0.785  p(stop) 0.001  lr 8.04e-05  1.39 it/s
step  98400  L  0.5381  point 0.0175  disp 0.0555  theta 0.0000  stop 0.8036  act-agree 0.786  p(stop) 0.004  lr 8.03e-05  1.39 it/s
step  98600  L  0.5311  point 0.0202  disp 0.0647  theta 0.0000  stop 0.7722  act-agree 0.766  p(stop) 0.001  lr 8.02e-05  1.39 it/s
step  98800  L  0.4417  point 0.0196  disp 0.0632  theta 0.0000  stop 0.5849  act-agree 0.789  p(stop) 0.002  lr 8.02e-05  1.39 it/s
step  99000  L  0.5299  point 0.0212  disp 0.0582  theta 0.0000  stop 0.7795  act-agree 0.811  p(stop) 0.001  lr 8.01e-05  1.39 it/s
step  99200  L  0.3753  point 0.0182  disp 0.0574  theta 0.0000  stop 0.4731  act-agree 0.794  p(stop) 0.004  lr 8.00e-05  1.39 it/s
step  99400  L  0.3849  point 0.0175  disp 0.0556  theta 0.0000  stop 0.5107  act-agree 0.804  p(stop) 0.002  lr 7.99e-05  1.39 it/s
step  99600  L  0.4790  point 0.0182  disp 0.0530  theta 0.0000  stop 0.7067  act-agree 0.782  p(stop) 0.016  lr 7.99e-05  1.39 it/s
step  99800  L  0.4078  point 0.0159  disp 0.0600  theta 0.0000  stop 0.5337  act-agree 0.775  p(stop) 0.001  lr 7.98e-05  1.39 it/s
step 100000  L  0.5078  point 0.0157  disp 0.0605  theta 0.0000  stop 0.7194  act-agree 0.771  p(stop) 0.061  lr 7.97e-05  1.39 it/s
step 100200  L  0.4638  point 0.0187  disp 0.0672  theta 0.0000  stop 0.6265  act-agree 0.784  p(stop) 0.017  lr 7.96e-05  1.39 it/s
step 100400  L  0.4022  point 0.0148  disp 0.0581  theta 0.0000  stop 0.5245  act-agree 0.770  p(stop) 0.028  lr 7.96e-05  1.39 it/s
step 100600  L  0.2541  point 0.0178  disp 0.0424  theta 0.0000  stop 0.2606  act-agree 0.799  p(stop) 0.003  lr 7.95e-05  1.39 it/s
step 100800  L  0.3552  point 0.0150  disp 0.0485  theta 0.0000  stop 0.4565  act-agree 0.770  p(stop) 0.000  lr 7.94e-05  1.39 it/s
step 101000  L  0.4118  point 0.0170  disp 0.0582  theta 0.0000  stop 0.5316  act-agree 0.781  p(stop) 0.023  lr 7.93e-05  1.39 it/s
step 101200  L  0.5664  point 0.0199  disp 0.0711  theta 0.0000  stop 0.8174  act-agree 0.767  p(stop) 0.060  lr 7.93e-05  1.39 it/s
step 101400  L  0.3536  point 0.0247  disp 0.0419  theta 0.0000  stop 0.4531  act-agree 0.789  p(stop) 0.023  lr 7.92e-05  1.39 it/s
step 101600  L  0.4371  point 0.0203  disp 0.0535  theta 0.0000  stop 0.6045  act-agree 0.789  p(stop) 0.062  lr 7.91e-05  1.39 it/s
step 101800  L  0.5073  point 0.0189  disp 0.0642  theta 0.0000  stop 0.7205  act-agree 0.786  p(stop) 0.001  lr 7.90e-05  1.39 it/s
step 102000  L  0.4145  point 0.0169  disp 0.0460  theta 0.0000  stop 0.5832  act-agree 0.790  p(stop) 0.005  lr 7.90e-05  1.39 it/s
step 102200  L  0.3701  point 0.0155  disp 0.0546  theta 0.0000  stop 0.4677  act-agree 0.781  p(stop) 0.001  lr 7.89e-05  1.39 it/s
step 102400  L  0.3739  point 0.0197  disp 0.0462  theta 0.0000  stop 0.4768  act-agree 0.795  p(stop) 0.001  lr 7.88e-05  1.39 it/s
step 102600  L  0.3966  point 0.0181  disp 0.0508  theta 0.0000  stop 0.5577  act-agree 0.782  p(stop) 0.002  lr 7.87e-05  1.39 it/s
step 102800  L  0.2902  point 0.0173  disp 0.0381  theta 0.0000  stop 0.3556  act-agree 0.785  p(stop) 0.019  lr 7.87e-05  1.39 it/s
step 103000  L  0.5634  point 0.0154  disp 0.0663  theta 0.0000  stop 0.8417  act-agree 0.792  p(stop) 0.057  lr 7.86e-05  1.39 it/s
step 103200  L  0.4250  point 0.0144  disp 0.0556  theta 0.0000  stop 0.5806  act-agree 0.786  p(stop) 0.002  lr 7.85e-05  1.39 it/s
step 103400  L  0.6123  point 0.0168  disp 0.0739  theta 0.0000  stop 0.9151  act-agree 0.762  p(stop) 0.007  lr 7.84e-05  1.39 it/s
step 103600  L  0.4454  point 0.0199  disp 0.0526  theta 0.0000  stop 0.6175  act-agree 0.786  p(stop) 0.021  lr 7.84e-05  1.39 it/s
step 103800  L  0.2884  point 0.0171  disp 0.0453  theta 0.0000  stop 0.3179  act-agree 0.772  p(stop) 0.000  lr 7.83e-05  1.39 it/s
step 104000  L  0.5017  point 0.0201  disp 0.0590  theta 0.0000  stop 0.7248  act-agree 0.781  p(stop) 0.018  lr 7.82e-05  1.39 it/s
step 104200  L  0.3806  point 0.0171  disp 0.0427  theta 0.0000  stop 0.5207  act-agree 0.789  p(stop) 0.004  lr 7.81e-05  1.39 it/s
step 104400  L  0.4832  point 0.0163  disp 0.0583  theta 0.0000  stop 0.6960  act-agree 0.802  p(stop) 0.010  lr 7.80e-05  1.39 it/s
step 104600  L  0.4429  point 0.0183  disp 0.0599  theta 0.0000  stop 0.6136  act-agree 0.767  p(stop) 0.004  lr 7.80e-05  1.39 it/s
step 104800  L  0.4689  point 0.0159  disp 0.0559  theta 0.0000  stop 0.6671  act-agree 0.779  p(stop) 0.001  lr 7.79e-05  1.39 it/s
step 105000  L  0.5186  point 0.0172  disp 0.0578  theta 0.0000  stop 0.7816  act-agree 0.800  p(stop) 0.006  lr 7.78e-05  1.39 it/s
step 105200  L  0.4250  point 0.0192  disp 0.0614  theta 0.0000  stop 0.5699  act-agree 0.765  p(stop) 0.001  lr 7.77e-05  1.39 it/s
step 105400  L  0.4069  point 0.0156  disp 0.0547  theta 0.0000  stop 0.5578  act-agree 0.806  p(stop) 0.002  lr 7.77e-05  1.39 it/s
step 105600  L  0.4144  point 0.0173  disp 0.0618  theta 0.0000  stop 0.5362  act-agree 0.785  p(stop) 0.001  lr 7.76e-05  1.39 it/s
step 105800  L  0.4676  point 0.0171  disp 0.0553  theta 0.0000  stop 0.6702  act-agree 0.799  p(stop) 0.010  lr 7.75e-05  1.39 it/s
step 106000  L  0.4265  point 0.0187  disp 0.0547  theta 0.0000  stop 0.5814  act-agree 0.770  p(stop) 0.001  lr 7.74e-05  1.39 it/s
step 106200  L  0.4563  point 0.0168  disp 0.0526  theta 0.0000  stop 0.6430  act-agree 0.781  p(stop) 0.000  lr 7.73e-05  1.39 it/s
step 106400  L  0.4750  point 0.0162  disp 0.0539  theta 0.0000  stop 0.6793  act-agree 0.784  p(stop) 0.006  lr 7.73e-05  1.39 it/s
step 106600  L  0.4142  point 0.0159  disp 0.0603  theta 0.0000  stop 0.5504  act-agree 0.767  p(stop) 0.000  lr 7.72e-05  1.39 it/s
step 106800  L  0.4104  point 0.0153  disp 0.0515  theta 0.0000  stop 0.5546  act-agree 0.787  p(stop) 0.011  lr 7.71e-05  1.39 it/s
step 107000  L  0.4247  point 0.0206  disp 0.0608  theta 0.0000  stop 0.5656  act-agree 0.775  p(stop) 0.004  lr 7.70e-05  1.39 it/s
step 107200  L  0.3715  point 0.0156  disp 0.0494  theta 0.0000  stop 0.4846  act-agree 0.785  p(stop) 0.001  lr 7.70e-05  1.39 it/s
step 107400  L  0.4301  point 0.0188  disp 0.0584  theta 0.0000  stop 0.5934  act-agree 0.786  p(stop) 0.001  lr 7.69e-05  1.39 it/s
step 107600  L  0.3409  point 0.0176  disp 0.0472  theta 0.0000  stop 0.4389  act-agree 0.791  p(stop) 0.001  lr 7.68e-05  1.39 it/s
step 107800  L  0.4449  point 0.0197  disp 0.0578  theta 0.0000  stop 0.6307  act-agree 0.796  p(stop) 0.002  lr 7.67e-05  1.39 it/s
step 108000  L  0.3350  point 0.0181  disp 0.0580  theta 0.0000  stop 0.4115  act-agree 0.782  p(stop) 0.000  lr 7.66e-05  1.39 it/s
step 108200  L  0.4621  point 0.0182  disp 0.0668  theta 0.0000  stop 0.6171  act-agree 0.776  p(stop) 0.001  lr 7.66e-05  1.40 it/s
step 108400  L  0.5641  point 0.0176  disp 0.0686  theta 0.0000  stop 0.8312  act-agree 0.776  p(stop) 0.002  lr 7.65e-05  1.40 it/s
step 108600  L  0.4628  point 0.0186  disp 0.0518  theta 0.0000  stop 0.6641  act-agree 0.819  p(stop) 0.017  lr 7.64e-05  1.40 it/s
step 108800  L  0.4082  point 0.0183  disp 0.0523  theta 0.0000  stop 0.5482  act-agree 0.792  p(stop) 0.031  lr 7.63e-05  1.40 it/s
step 109000  L  0.5002  point 0.0158  disp 0.0507  theta 0.0000  stop 0.7489  act-agree 0.816  p(stop) 0.003  lr 7.63e-05  1.40 it/s
step 109200  L  0.4040  point 0.0184  disp 0.0509  theta 0.0000  stop 0.5644  act-agree 0.797  p(stop) 0.009  lr 7.62e-05  1.40 it/s
step 109400  L  0.4005  point 0.0174  disp 0.0565  theta 0.0000  stop 0.5432  act-agree 0.786  p(stop) 0.000  lr 7.61e-05  1.40 it/s
step 109600  L  0.3186  point 0.0156  disp 0.0389  theta 0.0000  stop 0.4032  act-agree 0.789  p(stop) 0.000  lr 7.60e-05  1.40 it/s
step 109800  L  0.4338  point 0.0169  disp 0.0603  theta 0.0000  stop 0.6104  act-agree 0.785  p(stop) 0.000  lr 7.59e-05  1.40 it/s
step 110000  L  0.2539  point 0.0181  disp 0.0409  theta 0.0000  stop 0.2727  act-agree 0.774  p(stop) 0.040  lr 7.59e-05  1.40 it/s
step 110200  L  0.4584  point 0.0147  disp 0.0629  theta 0.0000  stop 0.6609  act-agree 0.791  p(stop) 0.000  lr 7.58e-05  1.40 it/s
step 110400  L  0.3929  point 0.0183  disp 0.0467  theta 0.0000  stop 0.5356  act-agree 0.762  p(stop) 0.013  lr 7.57e-05  1.40 it/s
step 110600  L  0.5167  point 0.0182  disp 0.0617  theta 0.0000  stop 0.7610  act-agree 0.823  p(stop) 0.000  lr 7.56e-05  1.40 it/s
step 110800  L  0.3614  point 0.0158  disp 0.0561  theta 0.0000  stop 0.4763  act-agree 0.782  p(stop) 0.024  lr 7.55e-05  1.40 it/s
step 111000  L  0.4950  point 0.0176  disp 0.0588  theta 0.0000  stop 0.7321  act-agree 0.766  p(stop) 0.000  lr 7.55e-05  1.40 it/s
step 111200  L  0.3941  point 0.0163  disp 0.0503  theta 0.0000  stop 0.5315  act-agree 0.794  p(stop) 0.010  lr 7.54e-05  1.40 it/s
step 111400  L  0.4780  point 0.0163  disp 0.0575  theta 0.0000  stop 0.6953  act-agree 0.796  p(stop) 0.001  lr 7.53e-05  1.40 it/s
step 111600  L  0.2967  point 0.0201  disp 0.0425  theta 0.0000  stop 0.3358  act-agree 0.791  p(stop) 0.000  lr 7.52e-05  1.40 it/s
step 111800  L  0.4264  point 0.0169  disp 0.0457  theta 0.0000  stop 0.6332  act-agree 0.818  p(stop) 0.001  lr 7.51e-05  1.40 it/s
step 112000  L  0.3510  point 0.0155  disp 0.0567  theta 0.0000  stop 0.4402  act-agree 0.790  p(stop) 0.004  lr 7.51e-05  1.40 it/s
step 112200  L  0.4716  point 0.0186  disp 0.0589  theta 0.0000  stop 0.6829  act-agree 0.780  p(stop) 0.002  lr 7.50e-05  1.40 it/s
step 112400  L  0.4750  point 0.0170  disp 0.0503  theta 0.0000  stop 0.6907  act-agree 0.775  p(stop) 0.013  lr 7.49e-05  1.40 it/s
step 112600  L  0.4026  point 0.0159  disp 0.0460  theta 0.0000  stop 0.5845  act-agree 0.785  p(stop) 0.001  lr 7.48e-05  1.40 it/s
step 112800  L  0.3041  point 0.0169  disp 0.0423  theta 0.0000  stop 0.3725  act-agree 0.785  p(stop) 0.003  lr 7.47e-05  1.40 it/s
step 113000  L  0.5353  point 0.0142  disp 0.0682  theta 0.0000  stop 0.8201  act-agree 0.792  p(stop) 0.000  lr 7.46e-05  1.40 it/s
step 113200  L  0.4040  point 0.0160  disp 0.0511  theta 0.0000  stop 0.5767  act-agree 0.769  p(stop) 0.060  lr 7.46e-05  1.40 it/s
step 113400  L  0.3235  point 0.0180  disp 0.0491  theta 0.0000  stop 0.4121  act-agree 0.785  p(stop) 0.000  lr 7.45e-05  1.40 it/s
step 113600  L  0.5347  point 0.0167  disp 0.0675  theta 0.0000  stop 0.8008  act-agree 0.777  p(stop) 0.049  lr 7.44e-05  1.40 it/s
step 113800  L  0.5445  point 0.0155  disp 0.0597  theta 0.0000  stop 0.8290  act-agree 0.791  p(stop) 0.001  lr 7.43e-05  1.39 it/s
step 114000  L  0.3269  point 0.0181  disp 0.0493  theta 0.0000  stop 0.4070  act-agree 0.786  p(stop) 0.000  lr 7.42e-05  1.39 it/s
step 114200  L  0.4476  point 0.0166  disp 0.0522  theta 0.0000  stop 0.6551  act-agree 0.790  p(stop) 0.012  lr 7.42e-05  1.39 it/s
step 114400  L  0.3021  point 0.0163  disp 0.0528  theta 0.0000  stop 0.3372  act-agree 0.767  p(stop) 0.002  lr 7.41e-05  1.39 it/s
step 114600  L  0.4791  point 0.0154  disp 0.0563  theta 0.0000  stop 0.7144  act-agree 0.816  p(stop) 0.000  lr 7.40e-05  1.39 it/s
step 114800  L  0.3937  point 0.0164  disp 0.0449  theta 0.0000  stop 0.5614  act-agree 0.769  p(stop) 0.000  lr 7.39e-05  1.39 it/s
step 115000  L  0.5459  point 0.0161  disp 0.0637  theta 0.0000  stop 0.8058  act-agree 0.792  p(stop) 0.026  lr 7.38e-05  1.39 it/s
step 115200  L  0.3888  point 0.0165  disp 0.0602  theta 0.0000  stop 0.5096  act-agree 0.787  p(stop) 0.002  lr 7.38e-05  1.39 it/s
step 115400  L  0.3367  point 0.0149  disp 0.0508  theta 0.0000  stop 0.4215  act-agree 0.799  p(stop) 0.041  lr 7.37e-05  1.38 it/s
step 115600  L  0.5008  point 0.0202  disp 0.0593  theta 0.0000  stop 0.7173  act-agree 0.787  p(stop) 0.043  lr 7.36e-05  1.38 it/s
step 115800  L  0.4206  point 0.0152  disp 0.0590  theta 0.0000  stop 0.5717  act-agree 0.826  p(stop) 0.001  lr 7.35e-05  1.38 it/s
step 116000  L  0.4978  point 0.0155  disp 0.0621  theta 0.0000  stop 0.7233  act-agree 0.766  p(stop) 0.003  lr 7.34e-05  1.38 it/s
step 116200  L  0.3926  point 0.0142  disp 0.0578  theta 0.0000  stop 0.5412  act-agree 0.800  p(stop) 0.003  lr 7.33e-05  1.38 it/s
step 116400  L  0.3498  point 0.0151  disp 0.0485  theta 0.0000  stop 0.4793  act-agree 0.785  p(stop) 0.043  lr 7.33e-05  1.38 it/s
step 116600  L  0.4222  point 0.0153  disp 0.0443  theta 0.0000  stop 0.6256  act-agree 0.800  p(stop) 0.044  lr 7.32e-05  1.38 it/s
step 116800  L  0.3944  point 0.0213  disp 0.0514  theta 0.0000  stop 0.5334  act-agree 0.772  p(stop) 0.000  lr 7.31e-05  1.38 it/s
step 117000  L  0.3731  point 0.0177  disp 0.0537  theta 0.0000  stop 0.5020  act-agree 0.787  p(stop) 0.002  lr 7.30e-05  1.37 it/s
step 117200  L  0.4218  point 0.0185  disp 0.0526  theta 0.0000  stop 0.5892  act-agree 0.784  p(stop) 0.000  lr 7.29e-05  1.38 it/s
step 117400  L  0.4622  point 0.0152  disp 0.0539  theta 0.0000  stop 0.6899  act-agree 0.781  p(stop) 0.006  lr 7.29e-05  1.38 it/s
step 117600  L  0.4770  point 0.0180  disp 0.0593  theta 0.0000  stop 0.6873  act-agree 0.787  p(stop) 0.047  lr 7.28e-05  1.38 it/s
step 117800  L  0.5126  point 0.0166  disp 0.0576  theta 0.0000  stop 0.7711  act-agree 0.789  p(stop) 0.001  lr 7.27e-05  1.38 it/s
step 118000  L  0.4035  point 0.0176  disp 0.0516  theta 0.0000  stop 0.5512  act-agree 0.812  p(stop) 0.002  lr 7.26e-05  1.38 it/s
step 118200  L  0.5244  point 0.0154  disp 0.0551  theta 0.0000  stop 0.7884  act-agree 0.781  p(stop) 0.000  lr 7.25e-05  1.38 it/s
step 118400  L  0.4361  point 0.0168  disp 0.0490  theta 0.0000  stop 0.6308  act-agree 0.807  p(stop) 0.006  lr 7.24e-05  1.38 it/s
step 118600  L  0.4160  point 0.0187  disp 0.0498  theta 0.0000  stop 0.5869  act-agree 0.806  p(stop) 0.040  lr 7.24e-05  1.38 it/s
step 118800  L  0.3224  point 0.0134  disp 0.0474  theta 0.0000  stop 0.4110  act-agree 0.805  p(stop) 0.002  lr 7.23e-05  1.38 it/s
step 119000  L  0.3755  point 0.0159  disp 0.0467  theta 0.0000  stop 0.5268  act-agree 0.795  p(stop) 0.018  lr 7.22e-05  1.38 it/s
step 119200  L  0.4760  point 0.0169  disp 0.0554  theta 0.0000  stop 0.7053  act-agree 0.786  p(stop) 0.000  lr 7.21e-05  1.38 it/s
step 119400  L  0.4415  point 0.0155  disp 0.0558  theta 0.0000  stop 0.6393  act-agree 0.805  p(stop) 0.002  lr 7.20e-05  1.38 it/s
step 119600  L  0.3633  point 0.0157  disp 0.0373  theta 0.0000  stop 0.5179  act-agree 0.805  p(stop) 0.000  lr 7.19e-05  1.38 it/s
step 119800  L  0.4892  point 0.0202  disp 0.0632  theta 0.0000  stop 0.6963  act-agree 0.764  p(stop) 0.004  lr 7.19e-05  1.38 it/s
step 120000  L  0.4547  point 0.0153  disp 0.0497  theta 0.0000  stop 0.6728  act-agree 0.806  p(stop) 0.001  lr 7.18e-05  1.38 it/s
step 120200  L  0.3505  point 0.0161  disp 0.0530  theta 0.0000  stop 0.4354  act-agree 0.786  p(stop) 0.002  lr 7.17e-05  1.38 it/s
step 120400  L  0.4760  point 0.0164  disp 0.0515  theta 0.0000  stop 0.7059  act-agree 0.794  p(stop) 0.189  lr 7.16e-05  1.38 it/s
step 120600  L  0.3125  point 0.0148  disp 0.0403  theta 0.0000  stop 0.4206  act-agree 0.785  p(stop) 0.010  lr 7.15e-05  1.38 it/s
step 120800  L  0.4321  point 0.0173  disp 0.0534  theta 0.0000  stop 0.6208  act-agree 0.826  p(stop) 0.000  lr 7.14e-05  1.38 it/s
step 121000  L  0.3886  point 0.0152  disp 0.0515  theta 0.0000  stop 0.5224  act-agree 0.787  p(stop) 0.016  lr 7.14e-05  1.38 it/s
step 121200  L  0.4197  point 0.0190  disp 0.0533  theta 0.0000  stop 0.5762  act-agree 0.775  p(stop) 0.003  lr 7.13e-05  1.38 it/s
step 121400  L  0.5328  point 0.0135  disp 0.0616  theta 0.0000  stop 0.8084  act-agree 0.807  p(stop) 0.024  lr 7.12e-05  1.38 it/s
step 121600  L  0.4265  point 0.0146  disp 0.0479  theta 0.0000  stop 0.6185  act-agree 0.801  p(stop) 0.035  lr 7.11e-05  1.38 it/s
step 121800  L  0.3558  point 0.0137  disp 0.0473  theta 0.0000  stop 0.4876  act-agree 0.776  p(stop) 0.033  lr 7.10e-05  1.38 it/s
step 122000  L  0.3462  point 0.0164  disp 0.0515  theta 0.0000  stop 0.4459  act-agree 0.796  p(stop) 0.137  lr 7.09e-05  1.38 it/s
step 122200  L  0.4270  point 0.0172  disp 0.0519  theta 0.0000  stop 0.5966  act-agree 0.804  p(stop) 0.000  lr 7.08e-05  1.38 it/s
step 122400  L  0.4632  point 0.0126  disp 0.0557  theta 0.0000  stop 0.6859  act-agree 0.789  p(stop) 0.001  lr 7.08e-05  1.38 it/s
step 122600  L  0.4501  point 0.0182  disp 0.0559  theta 0.0000  stop 0.6448  act-agree 0.787  p(stop) 0.001  lr 7.07e-05  1.38 it/s
step 122800  L  0.3368  point 0.0158  disp 0.0391  theta 0.0000  stop 0.4582  act-agree 0.816  p(stop) 0.001  lr 7.06e-05  1.38 it/s
step 123000  L  0.4837  point 0.0163  disp 0.0531  theta 0.0000  stop 0.7373  act-agree 0.781  p(stop) 0.008  lr 7.05e-05  1.38 it/s
step 123200  L  0.5623  point 0.0175  disp 0.0616  theta 0.0000  stop 0.8572  act-agree 0.812  p(stop) 0.002  lr 7.04e-05  1.38 it/s
step 123400  L  0.3748  point 0.0160  disp 0.0496  theta 0.0000  stop 0.5126  act-agree 0.800  p(stop) 0.005  lr 7.03e-05  1.38 it/s
step 123600  L  0.5513  point 0.0141  disp 0.0577  theta 0.0000  stop 0.8478  act-agree 0.787  p(stop) 0.002  lr 7.03e-05  1.38 it/s
step 123800  L  0.3981  point 0.0155  disp 0.0490  theta 0.0000  stop 0.5805  act-agree 0.796  p(stop) 0.001  lr 7.02e-05  1.38 it/s
step 124000  L  0.3852  point 0.0150  disp 0.0535  theta 0.0000  stop 0.5079  act-agree 0.776  p(stop) 0.001  lr 7.01e-05  1.38 it/s
step 124200  L  0.4291  point 0.0140  disp 0.0520  theta 0.0000  stop 0.6312  act-agree 0.784  p(stop) 0.001  lr 7.00e-05  1.38 it/s
step 124400  L  0.3940  point 0.0199  disp 0.0477  theta 0.0000  stop 0.5375  act-agree 0.806  p(stop) 0.003  lr 6.99e-05  1.38 it/s
step 124600  L  0.3693  point 0.0149  disp 0.0527  theta 0.0000  stop 0.4939  act-agree 0.786  p(stop) 0.024  lr 6.98e-05  1.38 it/s
step 124800  L  0.3862  point 0.0149  disp 0.0515  theta 0.0000  stop 0.5263  act-agree 0.800  p(stop) 0.071  lr 6.97e-05  1.38 it/s
step 125000  L  0.4122  point 0.0154  disp 0.0467  theta 0.0000  stop 0.5951  act-agree 0.766  p(stop) 0.011  lr 6.97e-05  1.38 it/s
step 125200  L  0.4317  point 0.0123  disp 0.0519  theta 0.0000  stop 0.6298  act-agree 0.806  p(stop) 0.000  lr 6.96e-05  1.38 it/s
step 125400  L  0.4212  point 0.0128  disp 0.0556  theta 0.0000  stop 0.6055  act-agree 0.770  p(stop) 0.007  lr 6.95e-05  1.38 it/s
step 125600  L  0.4383  point 0.0134  disp 0.0578  theta 0.0000  stop 0.6255  act-agree 0.775  p(stop) 0.063  lr 6.94e-05  1.38 it/s
step 125800  L  0.4810  point 0.0185  disp 0.0454  theta 0.0000  stop 0.7182  act-agree 0.792  p(stop) 0.017  lr 6.93e-05  1.38 it/s
step 126000  L  0.4278  point 0.0156  disp 0.0494  theta 0.0000  stop 0.6380  act-agree 0.811  p(stop) 0.006  lr 6.92e-05  1.38 it/s
step 126200  L  0.3116  point 0.0140  disp 0.0454  theta 0.0000  stop 0.3942  act-agree 0.810  p(stop) 0.014  lr 6.91e-05  1.38 it/s
step 126400  L  0.4729  point 0.0151  disp 0.0572  theta 0.0000  stop 0.6852  act-agree 0.790  p(stop) 0.014  lr 6.91e-05  1.38 it/s
step 126600  L  0.3985  point 0.0149  disp 0.0579  theta 0.0000  stop 0.5451  act-agree 0.804  p(stop) 0.022  lr 6.90e-05  1.38 it/s
step 126800  L  0.4911  point 0.0161  disp 0.0666  theta 0.0000  stop 0.7170  act-agree 0.781  p(stop) 0.012  lr 6.89e-05  1.38 it/s
step 127000  L  0.4501  point 0.0149  disp 0.0535  theta 0.0000  stop 0.6535  act-agree 0.775  p(stop) 0.000  lr 6.88e-05  1.38 it/s
step 127200  L  0.4318  point 0.0131  disp 0.0485  theta 0.0000  stop 0.6510  act-agree 0.776  p(stop) 0.001  lr 6.87e-05  1.38 it/s
step 127400  L  0.3423  point 0.0174  disp 0.0455  theta 0.0000  stop 0.4314  act-agree 0.784  p(stop) 0.002  lr 6.86e-05  1.38 it/s
step 127600  L  0.4644  point 0.0152  disp 0.0572  theta 0.0000  stop 0.6900  act-agree 0.802  p(stop) 0.000  lr 6.85e-05  1.38 it/s
step 127800  L  0.4520  point 0.0150  disp 0.0690  theta 0.0000  stop 0.6205  act-agree 0.807  p(stop) 0.002  lr 6.85e-05  1.38 it/s
step 128000  L  0.4561  point 0.0148  disp 0.0534  theta 0.0000  stop 0.6801  act-agree 0.782  p(stop) 0.001  lr 6.84e-05  1.38 it/s
step 128200  L  0.3724  point 0.0164  disp 0.0535  theta 0.0000  stop 0.4969  act-agree 0.780  p(stop) 0.030  lr 6.83e-05  1.38 it/s
step 128400  L  0.4530  point 0.0140  disp 0.0483  theta 0.0000  stop 0.6777  act-agree 0.804  p(stop) 0.022  lr 6.82e-05  1.38 it/s
step 128600  L  0.3237  point 0.0183  disp 0.0455  theta 0.0000  stop 0.4208  act-agree 0.792  p(stop) 0.000  lr 6.81e-05  1.38 it/s
step 128800  L  0.4805  point 0.0160  disp 0.0504  theta 0.0000  stop 0.7370  act-agree 0.782  p(stop) 0.000  lr 6.80e-05  1.38 it/s
step 129000  L  0.3201  point 0.0163  disp 0.0387  theta 0.0000  stop 0.4144  act-agree 0.799  p(stop) 0.002  lr 6.79e-05  1.38 it/s
step 129200  L  0.4049  point 0.0174  disp 0.0426  theta 0.0000  stop 0.5839  act-agree 0.796  p(stop) 0.043  lr 6.79e-05  1.38 it/s
step 129400  L  0.5149  point 0.0154  disp 0.0566  theta 0.0000  stop 0.7754  act-agree 0.787  p(stop) 0.057  lr 6.78e-05  1.38 it/s
step 129600  L  0.3633  point 0.0162  disp 0.0498  theta 0.0000  stop 0.4968  act-agree 0.804  p(stop) 0.009  lr 6.77e-05  1.38 it/s
step 129800  L  0.4495  point 0.0158  disp 0.0477  theta 0.0000  stop 0.6620  act-agree 0.791  p(stop) 0.001  lr 6.76e-05  1.38 it/s
step 130000  L  0.4666  point 0.0169  disp 0.0703  theta 0.0000  stop 0.6495  act-agree 0.789  p(stop) 0.000  lr 6.75e-05  1.38 it/s
step 130200  L  0.3325  point 0.0160  disp 0.0485  theta 0.0000  stop 0.4460  act-agree 0.785  p(stop) 0.007  lr 6.74e-05  1.38 it/s
step 130400  L  0.5251  point 0.0160  disp 0.0621  theta 0.0000  stop 0.7837  act-agree 0.771  p(stop) 0.001  lr 6.73e-05  1.38 it/s
step 130600  L  0.2635  point 0.0154  disp 0.0353  theta 0.0000  stop 0.3103  act-agree 0.771  p(stop) 0.001  lr 6.72e-05  1.38 it/s
step 130800  L  0.4630  point 0.0143  disp 0.0525  theta 0.0000  stop 0.6936  act-agree 0.791  p(stop) 0.001  lr 6.72e-05  1.38 it/s
step 131000  L  0.3788  point 0.0172  disp 0.0468  theta 0.0000  stop 0.5215  act-agree 0.774  p(stop) 0.018  lr 6.71e-05  1.38 it/s
step 131200  L  0.4864  point 0.0162  disp 0.0541  theta 0.0000  stop 0.7177  act-agree 0.812  p(stop) 0.007  lr 6.70e-05  1.38 it/s
