######## FUSION train started Fri Sep  4 19:51:16 EDT 2026 ########
split=train  episodes=10,819  steps=435,468
STOP fraction    = 0.0248  (pos_weight 39.3)
visible fraction = 0.6433
history frames   = 2 (stride 8, spans 16 steps)
epochs over 435,468 steps at batch 4: 1.50

head reads layers: (23, 26, 28)  (49,158 params)
LR cosine: warmup 200 -> peak 1.00e-04 -> 5.00e-06 at step 163300 (floor 5% of peak)
trainable: 6,471,686 (LoRA + 49,158 head)

step    200  L  0.5790  point 0.0661  disp 0.1029  theta 0.0000  stop 0.5543  act-agree 0.669  p(stop) 0.015  lr 1.00e-04  1.47 it/s
step    400  L  0.5388  point 0.0503  disp 0.1124  theta 0.0000  stop 0.4836  act-agree 0.640  p(stop) 0.003  lr 1.00e-04  1.48 it/s
step    600  L  0.6309  point 0.0580  disp 0.1158  theta 0.0000  stop 0.6497  act-agree 0.655  p(stop) 0.010  lr 1.00e-04  1.48 it/s
step    800  L  0.7052  point 0.0523  disp 0.1352  theta 0.0000  stop 0.7738  act-agree 0.650  p(stop) 0.011  lr 1.00e-04  1.48 it/s
step   1000  L  0.6681  point 0.0517  disp 0.1264  theta 0.0000  stop 0.7258  act-agree 0.647  p(stop) 0.006  lr 1.00e-04  1.48 it/s
step   1200  L  0.7965  point 0.0440  disp 0.1267  theta 0.0000  stop 0.9973  act-agree 0.651  p(stop) 0.017  lr 1.00e-04  1.48 it/s
step   1400  L  0.6954  point 0.0408  disp 0.1511  theta 0.0000  stop 0.7746  act-agree 0.676  p(stop) 0.010  lr 1.00e-04  1.48 it/s
step   1600  L  0.7772  point 0.0522  disp 0.1413  theta 0.0000  stop 0.9134  act-agree 0.650  p(stop) 0.009  lr 1.00e-04  1.48 it/s
step   1800  L  0.5947  point 0.0483  disp 0.1098  theta 0.0000  stop 0.6274  act-agree 0.626  p(stop) 0.004  lr 1.00e-04  1.48 it/s
step   2000  L  0.5882  point 0.0445  disp 0.0992  theta 0.0000  stop 0.6463  act-agree 0.677  p(stop) 0.009  lr 1.00e-04  1.48 it/s
step   2200  L  0.6460  point 0.0426  disp 0.1203  theta 0.0000  stop 0.7341  act-agree 0.626  p(stop) 0.014  lr 1.00e-04  1.48 it/s
step   2400  L  0.7385  point 0.0464  disp 0.1408  theta 0.0000  stop 0.8578  act-agree 0.670  p(stop) 0.007  lr 1.00e-04  1.48 it/s
step   2600  L  0.7096  point 0.0402  disp 0.1252  theta 0.0000  stop 0.8449  act-agree 0.649  p(stop) 0.021  lr 9.99e-05  1.48 it/s
step   2800  L  0.6593  point 0.0433  disp 0.1210  theta 0.0000  stop 0.7582  act-agree 0.657  p(stop) 0.015  lr 9.99e-05  1.48 it/s
step   3000  L  0.6603  point 0.0371  disp 0.1322  theta 0.0000  stop 0.7579  act-agree 0.652  p(stop) 0.008  lr 9.99e-05  1.48 it/s
step   3200  L  0.6301  point 0.0367  disp 0.1080  theta 0.0000  stop 0.7416  act-agree 0.706  p(stop) 0.009  lr 9.99e-05  1.48 it/s
step   3400  L  0.6808  point 0.0387  disp 0.1143  theta 0.0000  stop 0.8315  act-agree 0.736  p(stop) 0.009  lr 9.99e-05  1.48 it/s
step   3600  L  0.9173  point 0.0401  disp 0.1224  theta 0.0000  stop 1.2692  act-agree 0.662  p(stop) 0.032  lr 9.99e-05  1.48 it/s
step   3800  L  0.6523  point 0.0387  disp 0.1097  theta 0.0000  stop 0.7807  act-agree 0.666  p(stop) 0.004  lr 9.99e-05  1.48 it/s
step   4000  L  0.6518  point 0.0391  disp 0.1074  theta 0.0000  stop 0.7787  act-agree 0.708  p(stop) 0.006  lr 9.99e-05  1.48 it/s
step   4200  L  0.7480  point 0.0372  disp 0.1159  theta 0.0000  stop 0.9646  act-agree 0.680  p(stop) 0.009  lr 9.99e-05  1.48 it/s
step   4400  L  0.7475  point 0.0390  disp 0.1260  theta 0.0000  stop 0.9357  act-agree 0.662  p(stop) 0.010  lr 9.98e-05  1.48 it/s
step   4600  L  0.7459  point 0.0373  disp 0.1283  theta 0.0000  stop 0.9372  act-agree 0.679  p(stop) 0.018  lr 9.98e-05  1.48 it/s
step   4800  L  0.7115  point 0.0332  disp 0.1291  theta 0.0000  stop 0.8777  act-agree 0.680  p(stop) 0.024  lr 9.98e-05  1.48 it/s
step   5000  L  0.6602  point 0.0358  disp 0.1259  theta 0.0000  stop 0.7676  act-agree 0.661  p(stop) 0.018  lr 9.98e-05  1.48 it/s
step   5200  L  0.5837  point 0.0384  disp 0.0891  theta 0.0000  stop 0.6974  act-agree 0.731  p(stop) 0.006  lr 9.98e-05  1.48 it/s
step   5400  L  0.7216  point 0.0347  disp 0.1298  theta 0.0000  stop 0.8954  act-agree 0.686  p(stop) 0.016  lr 9.98e-05  1.48 it/s
step   5600  L  0.7459  point 0.0361  disp 0.1217  theta 0.0000  stop 0.9557  act-agree 0.726  p(stop) 0.005  lr 9.97e-05  1.48 it/s
step   5800  L  0.6377  point 0.0382  disp 0.1066  theta 0.0000  stop 0.7685  act-agree 0.731  p(stop) 0.003  lr 9.97e-05  1.48 it/s
step   6000  L  0.7199  point 0.0401  disp 0.1037  theta 0.0000  stop 0.9324  act-agree 0.690  p(stop) 0.007  lr 9.97e-05  1.48 it/s
step   6200  L  0.6385  point 0.0432  disp 0.1171  theta 0.0000  stop 0.7422  act-agree 0.671  p(stop) 0.011  lr 9.97e-05  1.48 it/s
step   6400  L  0.5707  point 0.0394  disp 0.1172  theta 0.0000  stop 0.6201  act-agree 0.671  p(stop) 0.033  lr 9.97e-05  1.48 it/s
step   6600  L  0.6834  point 0.0374  disp 0.1108  theta 0.0000  stop 0.8538  act-agree 0.733  p(stop) 0.003  lr 9.96e-05  1.48 it/s
step   6800  L  0.6399  point 0.0411  disp 0.1046  theta 0.0000  stop 0.7680  act-agree 0.709  p(stop) 0.038  lr 9.96e-05  1.48 it/s
step   7000  L  0.7191  point 0.0388  disp 0.1079  theta 0.0000  stop 0.9353  act-agree 0.719  p(stop) 0.022  lr 9.96e-05  1.48 it/s
step   7200  L  0.6059  point 0.0347  disp 0.0888  theta 0.0000  stop 0.7529  act-agree 0.695  p(stop) 0.023  lr 9.96e-05  1.48 it/s
step   7400  L  0.6641  point 0.0361  disp 0.1031  theta 0.0000  stop 0.8363  act-agree 0.705  p(stop) 0.022  lr 9.95e-05  1.48 it/s
step   7600  L  0.5043  point 0.0354  disp 0.0961  theta 0.0000  stop 0.5342  act-agree 0.726  p(stop) 0.002  lr 9.95e-05  1.48 it/s
step   7800  L  0.5205  point 0.0385  disp 0.0914  theta 0.0000  stop 0.5744  act-agree 0.699  p(stop) 0.009  lr 9.95e-05  1.48 it/s
step   8000  L  0.6042  point 0.0314  disp 0.0985  theta 0.0000  stop 0.7430  act-agree 0.726  p(stop) 0.013  lr 9.95e-05  1.48 it/s
step   8200  L  0.7698  point 0.0340  disp 0.1110  theta 0.0000  stop 1.0420  act-agree 0.724  p(stop) 0.012  lr 9.94e-05  1.48 it/s
step   8400  L  0.6092  point 0.0350  disp 0.0981  theta 0.0000  stop 0.7411  act-agree 0.735  p(stop) 0.046  lr 9.94e-05  1.48 it/s
step   8600  L  0.5717  point 0.0345  disp 0.0906  theta 0.0000  stop 0.6999  act-agree 0.733  p(stop) 0.006  lr 9.94e-05  1.48 it/s
step   8800  L  0.6654  point 0.0334  disp 0.1111  theta 0.0000  stop 0.8388  act-agree 0.721  p(stop) 0.012  lr 9.93e-05  1.48 it/s
step   9000  L  0.5778  point 0.0329  disp 0.0923  theta 0.0000  stop 0.6958  act-agree 0.709  p(stop) 0.016  lr 9.93e-05  1.48 it/s
step   9200  L  0.6802  point 0.0378  disp 0.1041  theta 0.0000  stop 0.8794  act-agree 0.728  p(stop) 0.009  lr 9.93e-05  1.48 it/s
step   9400  L  0.6542  point 0.0382  disp 0.1015  theta 0.0000  stop 0.8209  act-agree 0.728  p(stop) 0.006  lr 9.93e-05  1.48 it/s
step   9600  L  0.7014  point 0.0383  disp 0.0969  theta 0.0000  stop 0.9224  act-agree 0.723  p(stop) 0.010  lr 9.92e-05  1.48 it/s
step   9800  L  0.6975  point 0.0317  disp 0.1123  theta 0.0000  stop 0.9134  act-agree 0.761  p(stop) 0.046  lr 9.92e-05  1.48 it/s
step  10000  L  0.6176  point 0.0312  disp 0.0909  theta 0.0000  stop 0.7846  act-agree 0.736  p(stop) 0.012  lr 9.92e-05  1.48 it/s
step  10200  L  0.5475  point 0.0363  disp 0.0794  theta 0.0000  stop 0.6687  act-agree 0.735  p(stop) 0.049  lr 9.91e-05  1.48 it/s
step  10400  L  0.6141  point 0.0320  disp 0.1005  theta 0.0000  stop 0.7571  act-agree 0.744  p(stop) 0.035  lr 9.91e-05  1.48 it/s
step  10600  L  0.6224  point 0.0317  disp 0.0909  theta 0.0000  stop 0.7999  act-agree 0.725  p(stop) 0.022  lr 9.91e-05  1.48 it/s
step  10800  L  0.5224  point 0.0340  disp 0.0921  theta 0.0000  stop 0.5977  act-agree 0.724  p(stop) 0.002  lr 9.90e-05  1.48 it/s
step  11000  L  0.5808  point 0.0315  disp 0.0951  theta 0.0000  stop 0.7005  act-agree 0.713  p(stop) 0.005  lr 9.90e-05  1.48 it/s
step  11200  L  0.5103  point 0.0314  disp 0.0896  theta 0.0000  stop 0.5897  act-agree 0.751  p(stop) 0.009  lr 9.89e-05  1.48 it/s
step  11400  L  0.5260  point 0.0357  disp 0.0733  theta 0.0000  stop 0.6336  act-agree 0.738  p(stop) 0.002  lr 9.89e-05  1.48 it/s
step  11600  L  0.6614  point 0.0332  disp 0.1063  theta 0.0000  stop 0.8517  act-agree 0.734  p(stop) 0.004  lr 9.89e-05  1.48 it/s
step  11800  L  0.6516  point 0.0326  disp 0.1070  theta 0.0000  stop 0.8274  act-agree 0.700  p(stop) 0.042  lr 9.88e-05  1.48 it/s
step  12000  L  0.5362  point 0.0352  disp 0.0807  theta 0.0000  stop 0.6342  act-agree 0.706  p(stop) 0.003  lr 9.88e-05  1.48 it/s
step  12200  L  0.6374  point 0.0329  disp 0.0929  theta 0.0000  stop 0.8199  act-agree 0.721  p(stop) 0.022  lr 9.87e-05  1.48 it/s
step  12400  L  0.5117  point 0.0326  disp 0.0790  theta 0.0000  stop 0.6011  act-agree 0.720  p(stop) 0.003  lr 9.87e-05  1.48 it/s
step  12600  L  0.6800  point 0.0314  disp 0.0940  theta 0.0000  stop 0.9053  act-agree 0.760  p(stop) 0.006  lr 9.87e-05  1.48 it/s
step  12800  L  0.5459  point 0.0322  disp 0.0987  theta 0.0000  stop 0.6316  act-agree 0.726  p(stop) 0.015  lr 9.86e-05  1.48 it/s
step  13000  L  0.5051  point 0.0312  disp 0.0767  theta 0.0000  stop 0.6028  act-agree 0.765  p(stop) 0.006  lr 9.86e-05  1.48 it/s
step  13200  L  0.4876  point 0.0334  disp 0.0730  theta 0.0000  stop 0.5655  act-agree 0.729  p(stop) 0.010  lr 9.85e-05  1.48 it/s
step  13400  L  0.5078  point 0.0325  disp 0.0749  theta 0.0000  stop 0.6019  act-agree 0.721  p(stop) 0.004  lr 9.85e-05  1.48 it/s
step  13600  L  0.6667  point 0.0340  disp 0.0988  theta 0.0000  stop 0.8855  act-agree 0.735  p(stop) 0.005  lr 9.84e-05  1.48 it/s
step  13800  L  0.4964  point 0.0333  disp 0.0724  theta 0.0000  stop 0.5903  act-agree 0.751  p(stop) 0.008  lr 9.84e-05  1.48 it/s
step  14000  L  0.6058  point 0.0295  disp 0.0847  theta 0.0000  stop 0.7895  act-agree 0.743  p(stop) 0.015  lr 9.83e-05  1.48 it/s
step  14200  L  0.6077  point 0.0278  disp 0.0762  theta 0.0000  stop 0.8186  act-agree 0.749  p(stop) 0.003  lr 9.83e-05  1.48 it/s
step  14400  L  0.6364  point 0.0328  disp 0.0895  theta 0.0000  stop 0.8392  act-agree 0.713  p(stop) 0.008  lr 9.82e-05  1.48 it/s
step  14600  L  0.6256  point 0.0279  disp 0.0843  theta 0.0000  stop 0.8260  act-agree 0.735  p(stop) 0.010  lr 9.82e-05  1.48 it/s
step  14800  L  0.5045  point 0.0299  disp 0.0862  theta 0.0000  stop 0.5848  act-agree 0.748  p(stop) 0.007  lr 9.81e-05  1.48 it/s
step  15000  L  0.5647  point 0.0326  disp 0.0820  theta 0.0000  stop 0.7042  act-agree 0.710  p(stop) 0.002  lr 9.81e-05  1.48 it/s
step  15200  L  0.6905  point 0.0293  disp 0.0915  theta 0.0000  stop 0.9293  act-agree 0.751  p(stop) 0.005  lr 9.80e-05  1.48 it/s
step  15400  L  0.6335  point 0.0328  disp 0.0884  theta 0.0000  stop 0.8423  act-agree 0.730  p(stop) 0.002  lr 9.80e-05  1.48 it/s
step  15600  L  0.5488  point 0.0293  disp 0.0912  theta 0.0000  stop 0.6697  act-agree 0.726  p(stop) 0.018  lr 9.79e-05  1.48 it/s
step  15800  L  0.7667  point 0.0283  disp 0.0932  theta 0.0000  stop 1.0966  act-agree 0.724  p(stop) 0.011  lr 9.79e-05  1.48 it/s
step  16000  L  0.6229  point 0.0285  disp 0.0775  theta 0.0000  stop 0.8357  act-agree 0.754  p(stop) 0.035  lr 9.78e-05  1.48 it/s
step  16200  L  0.5594  point 0.0286  disp 0.0779  theta 0.0000  stop 0.7204  act-agree 0.739  p(stop) 0.002  lr 9.78e-05  1.48 it/s
step  16400  L  0.5787  point 0.0312  disp 0.0907  theta 0.0000  stop 0.7201  act-agree 0.759  p(stop) 0.014  lr 9.77e-05  1.48 it/s
step  16600  L  0.5064  point 0.0298  disp 0.0820  theta 0.0000  stop 0.5947  act-agree 0.764  p(stop) 0.001  lr 9.76e-05  1.48 it/s
step  16800  L  0.5395  point 0.0323  disp 0.0879  theta 0.0000  stop 0.6366  act-agree 0.744  p(stop) 0.004  lr 9.76e-05  1.48 it/s
step  17000  L  0.6259  point 0.0334  disp 0.1004  theta 0.0000  stop 0.8011  act-agree 0.740  p(stop) 0.039  lr 9.75e-05  1.48 it/s
step  17200  L  0.4958  point 0.0317  disp 0.0776  theta 0.0000  stop 0.5899  act-agree 0.744  p(stop) 0.003  lr 9.75e-05  1.48 it/s
step  17400  L  0.6160  point 0.0322  disp 0.0802  theta 0.0000  stop 0.8215  act-agree 0.751  p(stop) 0.023  lr 9.74e-05  1.48 it/s
step  17600  L  0.6000  point 0.0265  disp 0.0718  theta 0.0000  stop 0.8045  act-agree 0.718  p(stop) 0.020  lr 9.74e-05  1.48 it/s
step  17800  L  0.3765  point 0.0354  disp 0.0741  theta 0.0000  stop 0.3594  act-agree 0.750  p(stop) 0.001  lr 9.73e-05  1.48 it/s
step  18000  L  0.5788  point 0.0314  disp 0.0876  theta 0.0000  stop 0.7214  act-agree 0.723  p(stop) 0.002  lr 9.72e-05  1.48 it/s
step  18200  L  0.3944  point 0.0290  disp 0.0656  theta 0.0000  stop 0.4176  act-agree 0.729  p(stop) 0.005  lr 9.72e-05  1.48 it/s
step  18400  L  0.7263  point 0.0360  disp 0.0931  theta 0.0000  stop 1.0083  act-agree 0.738  p(stop) 0.012  lr 9.71e-05  1.48 it/s
step  18600  L  0.5905  point 0.0283  disp 0.0859  theta 0.0000  stop 0.7631  act-agree 0.718  p(stop) 0.001  lr 9.70e-05  1.48 it/s
step  18800  L  0.5064  point 0.0273  disp 0.0801  theta 0.0000  stop 0.6063  act-agree 0.744  p(stop) 0.004  lr 9.70e-05  1.48 it/s
step  19000  L  0.4044  point 0.0262  disp 0.0756  theta 0.0000  stop 0.4239  act-agree 0.757  p(stop) 0.011  lr 9.69e-05  1.48 it/s
step  19200  L  0.6032  point 0.0300  disp 0.0947  theta 0.0000  stop 0.7742  act-agree 0.752  p(stop) 0.004  lr 9.69e-05  1.48 it/s
step  19400  L  0.5162  point 0.0295  disp 0.0665  theta 0.0000  stop 0.6583  act-agree 0.777  p(stop) 0.012  lr 9.68e-05  1.48 it/s
step  19600  L  0.6401  point 0.0301  disp 0.0975  theta 0.0000  stop 0.8344  act-agree 0.749  p(stop) 0.016  lr 9.67e-05  1.48 it/s
step  19800  L  0.4963  point 0.0303  disp 0.0687  theta 0.0000  stop 0.5954  act-agree 0.723  p(stop) 0.051  lr 9.67e-05  1.48 it/s
step  20000  L  0.6662  point 0.0281  disp 0.1024  theta 0.0000  stop 0.8833  act-agree 0.733  p(stop) 0.032  lr 9.66e-05  1.48 it/s
step  20200  L  0.5859  point 0.0336  disp 0.0820  theta 0.0000  stop 0.7610  act-agree 0.715  p(stop) 0.011  lr 9.65e-05  1.48 it/s
step  20400  L  0.4952  point 0.0271  disp 0.0654  theta 0.0000  stop 0.6150  act-agree 0.757  p(stop) 0.004  lr 9.64e-05  1.48 it/s
step  20600  L  0.5317  point 0.0334  disp 0.0725  theta 0.0000  stop 0.6772  act-agree 0.736  p(stop) 0.006  lr 9.64e-05  1.48 it/s
step  20800  L  0.5647  point 0.0279  disp 0.0831  theta 0.0000  stop 0.7248  act-agree 0.741  p(stop) 0.001  lr 9.63e-05  1.48 it/s
step  21000  L  0.5917  point 0.0291  disp 0.0812  theta 0.0000  stop 0.7972  act-agree 0.760  p(stop) 0.004  lr 9.62e-05  1.48 it/s
step  21200  L  0.5884  point 0.0249  disp 0.0828  theta 0.0000  stop 0.7671  act-agree 0.746  p(stop) 0.028  lr 9.62e-05  1.47 it/s
step  21400  L  0.6302  point 0.0308  disp 0.0802  theta 0.0000  stop 0.8636  act-agree 0.751  p(stop) 0.004  lr 9.61e-05  1.46 it/s
step  21600  L  0.4472  point 0.0323  disp 0.0702  theta 0.0000  stop 0.5045  act-agree 0.741  p(stop) 0.003  lr 9.60e-05  1.45 it/s
step  21800  L  0.5833  point 0.0325  disp 0.0894  theta 0.0000  stop 0.7405  act-agree 0.729  p(stop) 0.015  lr 9.59e-05  1.45 it/s
step  22000  L  0.6163  point 0.0271  disp 0.0741  theta 0.0000  stop 0.8433  act-agree 0.771  p(stop) 0.035  lr 9.59e-05  1.44 it/s
step  22200  L  0.5008  point 0.0321  disp 0.0698  theta 0.0000  stop 0.6097  act-agree 0.734  p(stop) 0.020  lr 9.58e-05  1.43 it/s
step  22400  L  0.5904  point 0.0320  disp 0.0753  theta 0.0000  stop 0.7732  act-agree 0.733  p(stop) 0.022  lr 9.57e-05  1.42 it/s
step  22600  L  0.6819  point 0.0331  disp 0.0879  theta 0.0000  stop 0.9349  act-agree 0.770  p(stop) 0.009  lr 9.56e-05  1.42 it/s
step  22800  L  0.5572  point 0.0274  disp 0.0802  theta 0.0000  stop 0.7262  act-agree 0.748  p(stop) 0.010  lr 9.56e-05  1.41 it/s
step  23000  L  0.5424  point 0.0279  disp 0.0807  theta 0.0000  stop 0.6843  act-agree 0.719  p(stop) 0.001  lr 9.55e-05  1.41 it/s
step  23200  L  0.5158  point 0.0263  disp 0.0672  theta 0.0000  stop 0.6601  act-agree 0.754  p(stop) 0.007  lr 9.54e-05  1.40 it/s
step  23400  L  0.6497  point 0.0269  disp 0.0769  theta 0.0000  stop 0.9145  act-agree 0.740  p(stop) 0.021  lr 9.53e-05  1.39 it/s
step  23600  L  0.5331  point 0.0293  disp 0.0627  theta 0.0000  stop 0.6936  act-agree 0.757  p(stop) 0.006  lr 9.53e-05  1.39 it/s
step  23800  L  0.5081  point 0.0244  disp 0.0746  theta 0.0000  stop 0.6459  act-agree 0.750  p(stop) 0.006  lr 9.52e-05  1.38 it/s
step  24000  L  0.4893  point 0.0278  disp 0.0756  theta 0.0000  stop 0.5933  act-agree 0.754  p(stop) 0.006  lr 9.51e-05  1.38 it/s
step  24200  L  0.5683  point 0.0292  disp 0.0705  theta 0.0000  stop 0.7482  act-agree 0.745  p(stop) 0.021  lr 9.50e-05  1.37 it/s
step  24400  L  0.6036  point 0.0266  disp 0.0821  theta 0.0000  stop 0.8187  act-agree 0.744  p(stop) 0.015  lr 9.49e-05  1.36 it/s
step  24600  L  0.5396  point 0.0288  disp 0.0889  theta 0.0000  stop 0.6551  act-agree 0.760  p(stop) 0.013  lr 9.48e-05  1.36 it/s
step  24800  L  0.5865  point 0.0300  disp 0.0762  theta 0.0000  stop 0.7732  act-agree 0.749  p(stop) 0.008  lr 9.48e-05  1.35 it/s
step  25000  L  0.5450  point 0.0259  disp 0.0673  theta 0.0000  stop 0.7345  act-agree 0.761  p(stop) 0.003  lr 9.47e-05  1.35 it/s
step  25200  L  0.5437  point 0.0272  disp 0.0632  theta 0.0000  stop 0.7392  act-agree 0.734  p(stop) 0.020  lr 9.46e-05  1.34 it/s
step  25400  L  0.5192  point 0.0274  disp 0.0768  theta 0.0000  stop 0.6543  act-agree 0.748  p(stop) 0.005  lr 9.45e-05  1.34 it/s
step  25600  L  0.5914  point 0.0276  disp 0.0829  theta 0.0000  stop 0.7794  act-agree 0.748  p(stop) 0.006  lr 9.44e-05  1.33 it/s
step  25800  L  0.4487  point 0.0242  disp 0.0660  theta 0.0000  stop 0.5397  act-agree 0.739  p(stop) 0.003  lr 9.43e-05  1.33 it/s
step  26000  L  0.6212  point 0.0282  disp 0.0828  theta 0.0000  stop 0.8353  act-agree 0.775  p(stop) 0.002  lr 9.43e-05  1.33 it/s
step  26200  L  0.6316  point 0.0307  disp 0.0800  theta 0.0000  stop 0.8689  act-agree 0.766  p(stop) 0.009  lr 9.42e-05  1.34 it/s
step  26400  L  0.5644  point 0.0243  disp 0.0817  theta 0.0000  stop 0.7427  act-agree 0.755  p(stop) 0.003  lr 9.41e-05  1.34 it/s
step  26600  L  0.5709  point 0.0287  disp 0.0868  theta 0.0000  stop 0.7231  act-agree 0.760  p(stop) 0.006  lr 9.40e-05  1.34 it/s
step  26800  L  0.6664  point 0.0297  disp 0.0925  theta 0.0000  stop 0.9096  act-agree 0.764  p(stop) 0.180  lr 9.39e-05  1.34 it/s
step  27000  L  0.5350  point 0.0272  disp 0.0777  theta 0.0000  stop 0.6760  act-agree 0.741  p(stop) 0.002  lr 9.38e-05  1.34 it/s
step  27200  L  0.5518  point 0.0268  disp 0.0729  theta 0.0000  stop 0.7167  act-agree 0.775  p(stop) 0.006  lr 9.37e-05  1.34 it/s
step  27400  L  0.5488  point 0.0312  disp 0.0767  theta 0.0000  stop 0.6942  act-agree 0.755  p(stop) 0.016  lr 9.36e-05  1.34 it/s
step  27600  L  0.6159  point 0.0325  disp 0.0898  theta 0.0000  stop 0.8167  act-agree 0.730  p(stop) 0.003  lr 9.35e-05  1.34 it/s
step  27800  L  0.6415  point 0.0302  disp 0.0914  theta 0.0000  stop 0.8313  act-agree 0.728  p(stop) 0.017  lr 9.34e-05  1.34 it/s
step  28000  L  0.5592  point 0.0263  disp 0.0807  theta 0.0000  stop 0.7343  act-agree 0.751  p(stop) 0.006  lr 9.34e-05  1.34 it/s
step  28200  L  0.5002  point 0.0316  disp 0.0743  theta 0.0000  stop 0.6080  act-agree 0.744  p(stop) 0.001  lr 9.33e-05  1.34 it/s
step  28400  L  0.4947  point 0.0255  disp 0.0665  theta 0.0000  stop 0.6333  act-agree 0.751  p(stop) 0.059  lr 9.32e-05  1.35 it/s
step  28600  L  0.5846  point 0.0272  disp 0.0775  theta 0.0000  stop 0.7810  act-agree 0.734  p(stop) 0.001  lr 9.31e-05  1.35 it/s
step  28800  L  0.6092  point 0.0260  disp 0.0695  theta 0.0000  stop 0.8602  act-agree 0.771  p(stop) 0.001  lr 9.30e-05  1.35 it/s
step  29000  L  0.6141  point 0.0258  disp 0.0781  theta 0.0000  stop 0.8422  act-agree 0.746  p(stop) 0.008  lr 9.29e-05  1.35 it/s
step  29200  L  0.5193  point 0.0282  disp 0.0670  theta 0.0000  stop 0.6710  act-agree 0.762  p(stop) 0.001  lr 9.28e-05  1.35 it/s
step  29400  L  0.5941  point 0.0273  disp 0.0742  theta 0.0000  stop 0.8119  act-agree 0.750  p(stop) 0.006  lr 9.27e-05  1.35 it/s
step  29600  L  0.4209  point 0.0276  disp 0.0636  theta 0.0000  stop 0.4764  act-agree 0.760  p(stop) 0.002  lr 9.26e-05  1.35 it/s
step  29800  L  0.6101  point 0.0271  disp 0.0810  theta 0.0000  stop 0.8273  act-agree 0.754  p(stop) 0.002  lr 9.25e-05  1.35 it/s
step  30000  L  0.4616  point 0.0280  disp 0.0769  theta 0.0000  stop 0.5388  act-agree 0.733  p(stop) 0.004  lr 9.24e-05  1.35 it/s
step  30200  L  0.5506  point 0.0282  disp 0.0686  theta 0.0000  stop 0.7325  act-agree 0.756  p(stop) 0.010  lr 9.23e-05  1.35 it/s
step  30400  L  0.4910  point 0.0244  disp 0.0656  theta 0.0000  stop 0.6304  act-agree 0.774  p(stop) 0.001  lr 9.22e-05  1.35 it/s
step  30600  L  0.5612  point 0.0245  disp 0.0735  theta 0.0000  stop 0.7534  act-agree 0.771  p(stop) 0.008  lr 9.21e-05  1.35 it/s
step  30800  L  0.6450  point 0.0253  disp 0.0859  theta 0.0000  stop 0.8872  act-agree 0.745  p(stop) 0.052  lr 9.20e-05  1.35 it/s
step  31000  L  0.4963  point 0.0247  disp 0.0730  theta 0.0000  stop 0.6233  act-agree 0.734  p(stop) 0.001  lr 9.19e-05  1.36 it/s
step  31200  L  0.4633  point 0.0262  disp 0.0684  theta 0.0000  stop 0.5639  act-agree 0.754  p(stop) 0.002  lr 9.18e-05  1.36 it/s
step  31400  L  0.5621  point 0.0247  disp 0.0757  theta 0.0000  stop 0.7452  act-agree 0.715  p(stop) 0.001  lr 9.17e-05  1.36 it/s
step  31600  L  0.5007  point 0.0315  disp 0.0816  theta 0.0000  stop 0.5970  act-agree 0.756  p(stop) 0.005  lr 9.16e-05  1.36 it/s
step  31800  L  0.5348  point 0.0238  disp 0.0733  theta 0.0000  stop 0.7142  act-agree 0.739  p(stop) 0.008  lr 9.15e-05  1.36 it/s
step  32000  L  0.6182  point 0.0258  disp 0.0800  theta 0.0000  stop 0.8336  act-agree 0.767  p(stop) 0.005  lr 9.14e-05  1.36 it/s
step  32200  L  0.4330  point 0.0239  disp 0.0643  theta 0.0000  stop 0.5047  act-agree 0.761  p(stop) 0.003  lr 9.13e-05  1.36 it/s
step  32400  L  0.5365  point 0.0287  disp 0.0650  theta 0.0000  stop 0.7231  act-agree 0.744  p(stop) 0.013  lr 9.12e-05  1.36 it/s
step  32600  L  0.4037  point 0.0268  disp 0.0644  theta 0.0000  stop 0.4492  act-agree 0.755  p(stop) 0.002  lr 9.10e-05  1.36 it/s
step  32800  L  0.5454  point 0.0244  disp 0.0717  theta 0.0000  stop 0.7226  act-agree 0.762  p(stop) 0.010  lr 9.09e-05  1.36 it/s
step  33000  L  0.6009  point 0.0271  disp 0.0699  theta 0.0000  stop 0.8212  act-agree 0.759  p(stop) 0.003  lr 9.08e-05  1.36 it/s
step  33200  L  0.6098  point 0.0309  disp 0.0760  theta 0.0000  stop 0.8246  act-agree 0.744  p(stop) 0.074  lr 9.07e-05  1.36 it/s
step  33400  L  0.4614  point 0.0242  disp 0.0736  theta 0.0000  stop 0.5564  act-agree 0.748  p(stop) 0.000  lr 9.06e-05  1.36 it/s
step  33600  L  0.5276  point 0.0247  disp 0.0708  theta 0.0000  stop 0.7103  act-agree 0.766  p(stop) 0.094  lr 9.05e-05  1.36 it/s
step  33800  L  0.5833  point 0.0256  disp 0.0711  theta 0.0000  stop 0.8036  act-agree 0.767  p(stop) 0.019  lr 9.04e-05  1.37 it/s
step  34000  L  0.6446  point 0.0245  disp 0.0845  theta 0.0000  stop 0.8956  act-agree 0.741  p(stop) 0.026  lr 9.03e-05  1.37 it/s
step  34200  L  0.6064  point 0.0301  disp 0.0808  theta 0.0000  stop 0.8222  act-agree 0.743  p(stop) 0.000  lr 9.02e-05  1.37 it/s
step  34400  L  0.5448  point 0.0314  disp 0.0752  theta 0.0000  stop 0.7060  act-agree 0.752  p(stop) 0.013  lr 9.01e-05  1.37 it/s
step  34600  L  0.5963  point 0.0250  disp 0.0698  theta 0.0000  stop 0.8449  act-agree 0.757  p(stop) 0.006  lr 8.99e-05  1.37 it/s
step  34800  L  0.4927  point 0.0230  disp 0.0659  theta 0.0000  stop 0.6556  act-agree 0.765  p(stop) 0.017  lr 8.98e-05  1.37 it/s
step  35000  L  0.6017  point 0.0236  disp 0.0726  theta 0.0000  stop 0.8309  act-agree 0.757  p(stop) 0.016  lr 8.97e-05  1.37 it/s
step  35200  L  0.4489  point 0.0278  disp 0.0674  theta 0.0000  stop 0.5378  act-agree 0.760  p(stop) 0.021  lr 8.96e-05  1.37 it/s
step  35400  L  0.6586  point 0.0263  disp 0.0809  theta 0.0000  stop 0.9363  act-agree 0.754  p(stop) 0.002  lr 8.95e-05  1.37 it/s
step  35600  L  0.4794  point 0.0264  disp 0.0768  theta 0.0000  stop 0.5854  act-agree 0.751  p(stop) 0.019  lr 8.94e-05  1.37 it/s
step  35800  L  0.6174  point 0.0263  disp 0.0786  theta 0.0000  stop 0.8543  act-agree 0.745  p(stop) 0.049  lr 8.93e-05  1.37 it/s
step  36000  L  0.6152  point 0.0264  disp 0.0765  theta 0.0000  stop 0.8613  act-agree 0.775  p(stop) 0.001  lr 8.91e-05  1.37 it/s
step  36200  L  0.5433  point 0.0256  disp 0.0723  theta 0.0000  stop 0.7325  act-agree 0.782  p(stop) 0.004  lr 8.90e-05  1.37 it/s
step  36400  L  0.5877  point 0.0266  disp 0.0820  theta 0.0000  stop 0.7930  act-agree 0.756  p(stop) 0.020  lr 8.89e-05  1.37 it/s
step  36600  L  0.5246  point 0.0256  disp 0.0702  theta 0.0000  stop 0.6905  act-agree 0.765  p(stop) 0.013  lr 8.88e-05  1.37 it/s
step  36800  L  0.5309  point 0.0247  disp 0.0572  theta 0.0000  stop 0.7125  act-agree 0.743  p(stop) 0.012  lr 8.87e-05  1.37 it/s
step  37000  L  0.4640  point 0.0248  disp 0.0603  theta 0.0000  stop 0.5978  act-agree 0.759  p(stop) 0.006  lr 8.86e-05  1.37 it/s
step  37200  L  0.5043  point 0.0249  disp 0.0554  theta 0.0000  stop 0.6858  act-agree 0.810  p(stop) 0.005  lr 8.84e-05  1.37 it/s
step  37400  L  0.5544  point 0.0244  disp 0.0703  theta 0.0000  stop 0.7513  act-agree 0.764  p(stop) 0.037  lr 8.83e-05  1.38 it/s
step  37600  L  0.5234  point 0.0222  disp 0.0681  theta 0.0000  stop 0.7086  act-agree 0.751  p(stop) 0.019  lr 8.82e-05  1.38 it/s
step  37800  L  0.5724  point 0.0313  disp 0.0619  theta 0.0000  stop 0.7871  act-agree 0.769  p(stop) 0.052  lr 8.81e-05  1.38 it/s
step  38000  L  0.6550  point 0.0267  disp 0.0805  theta 0.0000  stop 0.9276  act-agree 0.756  p(stop) 0.009  lr 8.80e-05  1.38 it/s
step  38200  L  0.4510  point 0.0255  disp 0.0635  theta 0.0000  stop 0.5497  act-agree 0.767  p(stop) 0.017  lr 8.78e-05  1.38 it/s
step  38400  L  0.5985  point 0.0209  disp 0.0726  theta 0.0000  stop 0.8463  act-agree 0.772  p(stop) 0.052  lr 8.77e-05  1.38 it/s
step  38600  L  0.5995  point 0.0244  disp 0.0765  theta 0.0000  stop 0.8325  act-agree 0.745  p(stop) 0.005  lr 8.76e-05  1.38 it/s
step  38800  L  0.5007  point 0.0255  disp 0.0660  theta 0.0000  stop 0.6508  act-agree 0.772  p(stop) 0.001  lr 8.75e-05  1.38 it/s
step  39000  L  0.5713  point 0.0257  disp 0.0709  theta 0.0000  stop 0.7948  act-agree 0.777  p(stop) 0.021  lr 8.73e-05  1.38 it/s
step  39200  L  0.5877  point 0.0256  disp 0.0699  theta 0.0000  stop 0.8036  act-agree 0.781  p(stop) 0.012  lr 8.72e-05  1.38 it/s
step  39400  L  0.5335  point 0.0222  disp 0.0792  theta 0.0000  stop 0.6948  act-agree 0.756  p(stop) 0.052  lr 8.71e-05  1.38 it/s
step  39600  L  0.5259  point 0.0234  disp 0.0701  theta 0.0000  stop 0.6972  act-agree 0.779  p(stop) 0.001  lr 8.70e-05  1.38 it/s
step  39800  L  0.6224  point 0.0250  disp 0.0786  theta 0.0000  stop 0.8743  act-agree 0.760  p(stop) 0.007  lr 8.68e-05  1.38 it/s
step  40000  L  0.4535  point 0.0272  disp 0.0645  theta 0.0000  stop 0.5682  act-agree 0.777  p(stop) 0.009  lr 8.67e-05  1.38 it/s
step  40200  L  0.5238  point 0.0254  disp 0.0681  theta 0.0000  stop 0.6771  act-agree 0.761  p(stop) 0.002  lr 8.66e-05  1.38 it/s
step  40400  L  0.6039  point 0.0261  disp 0.0771  theta 0.0000  stop 0.8350  act-agree 0.741  p(stop) 0.008  lr 8.65e-05  1.38 it/s
step  40600  L  0.5191  point 0.0238  disp 0.0716  theta 0.0000  stop 0.6736  act-agree 0.771  p(stop) 0.016  lr 8.63e-05  1.38 it/s
step  40800  L  0.5165  point 0.0229  disp 0.0736  theta 0.0000  stop 0.6708  act-agree 0.770  p(stop) 0.022  lr 8.62e-05  1.38 it/s
step  41000  L  0.5510  point 0.0270  disp 0.0783  theta 0.0000  stop 0.7411  act-agree 0.789  p(stop) 0.074  lr 8.61e-05  1.38 it/s
step  41200  L  0.3983  point 0.0245  disp 0.0617  theta 0.0000  stop 0.4773  act-agree 0.750  p(stop) 0.017  lr 8.59e-05  1.38 it/s
step  41400  L  0.5837  point 0.0230  disp 0.0792  theta 0.0000  stop 0.7973  act-agree 0.741  p(stop) 0.056  lr 8.58e-05  1.38 it/s
step  41600  L  0.5596  point 0.0262  disp 0.0706  theta 0.0000  stop 0.7547  act-agree 0.748  p(stop) 0.012  lr 8.57e-05  1.39 it/s
step  41800  L  0.5495  point 0.0236  disp 0.0691  theta 0.0000  stop 0.7495  act-agree 0.801  p(stop) 0.007  lr 8.55e-05  1.39 it/s
step  42000  L  0.5120  point 0.0260  disp 0.0620  theta 0.0000  stop 0.6790  act-agree 0.734  p(stop) 0.024  lr 8.54e-05  1.39 it/s
step  42200  L  0.5009  point 0.0243  disp 0.0676  theta 0.0000  stop 0.6551  act-agree 0.759  p(stop) 0.003  lr 8.53e-05  1.39 it/s
step  42400  L  0.4854  point 0.0281  disp 0.0654  theta 0.0000  stop 0.6304  act-agree 0.762  p(stop) 0.001  lr 8.52e-05  1.39 it/s
step  42600  L  0.4695  point 0.0255  disp 0.0633  theta 0.0000  stop 0.6000  act-agree 0.769  p(stop) 0.026  lr 8.50e-05  1.39 it/s
step  42800  L  0.6077  point 0.0231  disp 0.0875  theta 0.0000  stop 0.8367  act-agree 0.776  p(stop) 0.047  lr 8.49e-05  1.39 it/s
step  43000  L  0.5517  point 0.0247  disp 0.0675  theta 0.0000  stop 0.7618  act-agree 0.754  p(stop) 0.002  lr 8.48e-05  1.39 it/s
step  43200  L  0.4367  point 0.0224  disp 0.0547  theta 0.0000  stop 0.5622  act-agree 0.767  p(stop) 0.000  lr 8.46e-05  1.39 it/s
step  43400  L  0.5085  point 0.0254  disp 0.0774  theta 0.0000  stop 0.6613  act-agree 0.777  p(stop) 0.002  lr 8.45e-05  1.39 it/s
step  43600  L  0.4952  point 0.0235  disp 0.0630  theta 0.0000  stop 0.6550  act-agree 0.749  p(stop) 0.007  lr 8.43e-05  1.39 it/s
step  43800  L  0.5973  point 0.0228  disp 0.0747  theta 0.0000  stop 0.8495  act-agree 0.751  p(stop) 0.003  lr 8.42e-05  1.39 it/s
step  44000  L  0.5317  point 0.0230  disp 0.0602  theta 0.0000  stop 0.7319  act-agree 0.780  p(stop) 0.027  lr 8.41e-05  1.39 it/s
step  44200  L  0.5363  point 0.0254  disp 0.0794  theta 0.0000  stop 0.6856  act-agree 0.735  p(stop) 0.001  lr 8.39e-05  1.39 it/s
step  44400  L  0.5221  point 0.0205  disp 0.0729  theta 0.0000  stop 0.7114  act-agree 0.776  p(stop) 0.001  lr 8.38e-05  1.39 it/s
step  44600  L  0.4902  point 0.0236  disp 0.0662  theta 0.0000  stop 0.6452  act-agree 0.766  p(stop) 0.002  lr 8.37e-05  1.39 it/s
step  44800  L  0.5709  point 0.0256  disp 0.0787  theta 0.0000  stop 0.7567  act-agree 0.744  p(stop) 0.004  lr 8.35e-05  1.39 it/s
step  45000  L  0.5282  point 0.0234  disp 0.0584  theta 0.0000  stop 0.7209  act-agree 0.782  p(stop) 0.003  lr 8.34e-05  1.39 it/s
step  45200  L  0.4840  point 0.0244  disp 0.0600  theta 0.0000  stop 0.6362  act-agree 0.757  p(stop) 0.003  lr 8.32e-05  1.39 it/s
step  45400  L  0.5853  point 0.0207  disp 0.0620  theta 0.0000  stop 0.8647  act-agree 0.765  p(stop) 0.004  lr 8.31e-05  1.39 it/s
step  45600  L  0.5256  point 0.0240  disp 0.0624  theta 0.0000  stop 0.7279  act-agree 0.787  p(stop) 0.018  lr 8.30e-05  1.39 it/s
step  45800  L  0.4652  point 0.0212  disp 0.0571  theta 0.0000  stop 0.6208  act-agree 0.790  p(stop) 0.016  lr 8.28e-05  1.39 it/s
step  46000  L  0.5428  point 0.0238  disp 0.0699  theta 0.0000  stop 0.7297  act-agree 0.772  p(stop) 0.036  lr 8.27e-05  1.39 it/s
step  46200  L  0.4647  point 0.0209  disp 0.0595  theta 0.0000  stop 0.6100  act-agree 0.780  p(stop) 0.028  lr 8.25e-05  1.39 it/s
step  46400  L  0.5404  point 0.0234  disp 0.0717  theta 0.0000  stop 0.7378  act-agree 0.750  p(stop) 0.000  lr 8.24e-05  1.39 it/s
step  46600  L  0.5933  point 0.0259  disp 0.0597  theta 0.0000  stop 0.8493  act-agree 0.775  p(stop) 0.022  lr 8.23e-05  1.40 it/s
step  46800  L  0.5377  point 0.0243  disp 0.0638  theta 0.0000  stop 0.7357  act-agree 0.757  p(stop) 0.026  lr 8.21e-05  1.40 it/s
step  47000  L  0.4939  point 0.0207  disp 0.0645  theta 0.0000  stop 0.6538  act-agree 0.784  p(stop) 0.003  lr 8.20e-05  1.40 it/s
step  47200  L  0.4204  point 0.0251  disp 0.0635  theta 0.0000  stop 0.5033  act-agree 0.752  p(stop) 0.000  lr 8.18e-05  1.40 it/s
step  47400  L  0.3788  point 0.0221  disp 0.0591  theta 0.0000  stop 0.4407  act-agree 0.762  p(stop) 0.001  lr 8.17e-05  1.40 it/s
step  47600  L  0.5246  point 0.0244  disp 0.0613  theta 0.0000  stop 0.7297  act-agree 0.784  p(stop) 0.002  lr 8.15e-05  1.40 it/s
step  47800  L  0.5071  point 0.0242  disp 0.0630  theta 0.0000  stop 0.6817  act-agree 0.767  p(stop) 0.002  lr 8.14e-05  1.40 it/s
step  48000  L  0.4912  point 0.0239  disp 0.0604  theta 0.0000  stop 0.6441  act-agree 0.756  p(stop) 0.043  lr 8.12e-05  1.40 it/s
step  48200  L  0.3986  point 0.0251  disp 0.0557  theta 0.0000  stop 0.4740  act-agree 0.760  p(stop) 0.009  lr 8.11e-05  1.40 it/s
step  48400  L  0.4504  point 0.0220  disp 0.0511  theta 0.0000  stop 0.6081  act-agree 0.781  p(stop) 0.023  lr 8.10e-05  1.40 it/s
step  48600  L  0.5108  point 0.0212  disp 0.0771  theta 0.0000  stop 0.6771  act-agree 0.774  p(stop) 0.005  lr 8.08e-05  1.40 it/s
step  48800  L  0.4928  point 0.0244  disp 0.0627  theta 0.0000  stop 0.6497  act-agree 0.781  p(stop) 0.016  lr 8.07e-05  1.40 it/s
step  49000  L  0.5660  point 0.0238  disp 0.0662  theta 0.0000  stop 0.7960  act-agree 0.786  p(stop) 0.048  lr 8.05e-05  1.40 it/s
step  49200  L  0.4748  point 0.0209  disp 0.0557  theta 0.0000  stop 0.6316  act-agree 0.800  p(stop) 0.001  lr 8.04e-05  1.40 it/s
step  49400  L  0.5477  point 0.0239  disp 0.0663  theta 0.0000  stop 0.7669  act-agree 0.782  p(stop) 0.001  lr 8.02e-05  1.40 it/s
step  49600  L  0.5022  point 0.0226  disp 0.0613  theta 0.0000  stop 0.6842  act-agree 0.784  p(stop) 0.004  lr 8.01e-05  1.40 it/s
step  49800  L  0.5098  point 0.0241  disp 0.0626  theta 0.0000  stop 0.6892  act-agree 0.776  p(stop) 0.023  lr 7.99e-05  1.40 it/s
step  50000  L  0.4801  point 0.0263  disp 0.0732  theta 0.0000  stop 0.5997  act-agree 0.772  p(stop) 0.007  lr 7.98e-05  1.40 it/s
step  50200  L  0.4335  point 0.0226  disp 0.0705  theta 0.0000  stop 0.5384  act-agree 0.750  p(stop) 0.016  lr 7.96e-05  1.40 it/s
step  50400  L  0.5186  point 0.0200  disp 0.0713  theta 0.0000  stop 0.7203  act-agree 0.774  p(stop) 0.001  lr 7.95e-05  1.40 it/s
step  50600  L  0.5768  point 0.0238  disp 0.0597  theta 0.0000  stop 0.8191  act-agree 0.770  p(stop) 0.020  lr 7.93e-05  1.40 it/s
step  50800  L  0.4326  point 0.0238  disp 0.0605  theta 0.0000  stop 0.5380  act-agree 0.772  p(stop) 0.001  lr 7.92e-05  1.40 it/s
step  51000  L  0.5353  point 0.0212  disp 0.0688  theta 0.0000  stop 0.7313  act-agree 0.782  p(stop) 0.006  lr 7.90e-05  1.40 it/s
step  51200  L  0.4952  point 0.0239  disp 0.0698  theta 0.0000  stop 0.6545  act-agree 0.805  p(stop) 0.006  lr 7.89e-05  1.40 it/s
step  51400  L  0.5168  point 0.0229  disp 0.0683  theta 0.0000  stop 0.7018  act-agree 0.761  p(stop) 0.005  lr 7.87e-05  1.40 it/s
step  51600  L  0.3696  point 0.0213  disp 0.0542  theta 0.0000  stop 0.4333  act-agree 0.771  p(stop) 0.003  lr 7.86e-05  1.40 it/s
step  51800  L  0.4650  point 0.0223  disp 0.0537  theta 0.0000  stop 0.6384  act-agree 0.777  p(stop) 0.003  lr 7.84e-05  1.40 it/s
step  52000  L  0.4734  point 0.0217  disp 0.0576  theta 0.0000  stop 0.6351  act-agree 0.744  p(stop) 0.003  lr 7.83e-05  1.40 it/s
step  52200  L  0.5767  point 0.0229  disp 0.0709  theta 0.0000  stop 0.8100  act-agree 0.796  p(stop) 0.015  lr 7.81e-05  1.40 it/s
step  52400  L  0.4656  point 0.0205  disp 0.0672  theta 0.0000  stop 0.6050  act-agree 0.782  p(stop) 0.015  lr 7.79e-05  1.40 it/s
step  52600  L  0.4322  point 0.0267  disp 0.0617  theta 0.0000  stop 0.5471  act-agree 0.795  p(stop) 0.013  lr 7.78e-05  1.40 it/s
step  52800  L  0.4333  point 0.0238  disp 0.0516  theta 0.0000  stop 0.5696  act-agree 0.750  p(stop) 0.006  lr 7.76e-05  1.40 it/s
step  53000  L  0.4995  point 0.0206  disp 0.0695  theta 0.0000  stop 0.6682  act-agree 0.767  p(stop) 0.004  lr 7.75e-05  1.40 it/s
step  53200  L  0.5504  point 0.0226  disp 0.0605  theta 0.0000  stop 0.7872  act-agree 0.776  p(stop) 0.025  lr 7.73e-05  1.41 it/s
step  53400  L  0.5057  point 0.0203  disp 0.0694  theta 0.0000  stop 0.6646  act-agree 0.741  p(stop) 0.026  lr 7.72e-05  1.41 it/s
step  53600  L  0.4875  point 0.0243  disp 0.0616  theta 0.0000  stop 0.6562  act-agree 0.799  p(stop) 0.006  lr 7.70e-05  1.41 it/s
step  53800  L  0.5889  point 0.0171  disp 0.0652  theta 0.0000  stop 0.8489  act-agree 0.772  p(stop) 0.004  lr 7.69e-05  1.41 it/s
step  54000  L  0.5955  point 0.0255  disp 0.0718  theta 0.0000  stop 0.8492  act-agree 0.774  p(stop) 0.020  lr 7.67e-05  1.41 it/s
step  54200  L  0.4241  point 0.0223  disp 0.0534  theta 0.0000  stop 0.5477  act-agree 0.750  p(stop) 0.011  lr 7.65e-05  1.41 it/s
step  54400  L  0.5293  point 0.0225  disp 0.0670  theta 0.0000  stop 0.7253  act-agree 0.745  p(stop) 0.010  lr 7.64e-05  1.41 it/s
step  54600  L  0.5226  point 0.0224  disp 0.0689  theta 0.0000  stop 0.7255  act-agree 0.770  p(stop) 0.002  lr 7.62e-05  1.41 it/s
step  54800  L  0.5680  point 0.0205  disp 0.0801  theta 0.0000  stop 0.7910  act-agree 0.776  p(stop) 0.023  lr 7.61e-05  1.41 it/s
step  55000  L  0.5093  point 0.0237  disp 0.0577  theta 0.0000  stop 0.7264  act-agree 0.784  p(stop) 0.008  lr 7.59e-05  1.41 it/s
step  55200  L  0.4869  point 0.0231  disp 0.0608  theta 0.0000  stop 0.6623  act-agree 0.757  p(stop) 0.017  lr 7.57e-05  1.41 it/s
step  55400  L  0.4241  point 0.0192  disp 0.0563  theta 0.0000  stop 0.5452  act-agree 0.759  p(stop) 0.003  lr 7.56e-05  1.41 it/s
step  55600  L  0.4565  point 0.0211  disp 0.0592  theta 0.0000  stop 0.5998  act-agree 0.759  p(stop) 0.003  lr 7.54e-05  1.41 it/s
step  55800  L  0.4858  point 0.0221  disp 0.0670  theta 0.0000  stop 0.6383  act-agree 0.775  p(stop) 0.002  lr 7.53e-05  1.41 it/s
step  56000  L  0.4786  point 0.0219  disp 0.0667  theta 0.0000  stop 0.6431  act-agree 0.781  p(stop) 0.038  lr 7.51e-05  1.41 it/s
step  56200  L  0.5161  point 0.0249  disp 0.0741  theta 0.0000  stop 0.6705  act-agree 0.779  p(stop) 0.002  lr 7.49e-05  1.41 it/s
step  56400  L  0.6081  point 0.0213  disp 0.0780  theta 0.0000  stop 0.8569  act-agree 0.754  p(stop) 0.097  lr 7.48e-05  1.41 it/s
step  56600  L  0.5027  point 0.0223  disp 0.0700  theta 0.0000  stop 0.6777  act-agree 0.779  p(stop) 0.000  lr 7.46e-05  1.41 it/s
step  56800  L  0.5027  point 0.0227  disp 0.0591  theta 0.0000  stop 0.6922  act-agree 0.739  p(stop) 0.004  lr 7.45e-05  1.41 it/s
step  57000  L  0.4786  point 0.0211  disp 0.0600  theta 0.0000  stop 0.6487  act-agree 0.759  p(stop) 0.003  lr 7.43e-05  1.41 it/s
step  57200  L  0.5839  point 0.0202  disp 0.0652  theta 0.0000  stop 0.8517  act-agree 0.769  p(stop) 0.028  lr 7.41e-05  1.41 it/s
step  57400  L  0.3574  point 0.0245  disp 0.0564  theta 0.0000  stop 0.4013  act-agree 0.790  p(stop) 0.003  lr 7.40e-05  1.41 it/s
step  57600  L  0.5061  point 0.0215  disp 0.0598  theta 0.0000  stop 0.7008  act-agree 0.824  p(stop) 0.013  lr 7.38e-05  1.41 it/s
step  57800  L  0.3606  point 0.0258  disp 0.0612  theta 0.0000  stop 0.3804  act-agree 0.761  p(stop) 0.000  lr 7.36e-05  1.41 it/s
step  58000  L  0.4241  point 0.0226  disp 0.0608  theta 0.0000  stop 0.5357  act-agree 0.772  p(stop) 0.001  lr 7.35e-05  1.41 it/s
step  58200  L  0.4563  point 0.0192  disp 0.0631  theta 0.0000  stop 0.6162  act-agree 0.784  p(stop) 0.004  lr 7.33e-05  1.41 it/s
step  58400  L  0.4175  point 0.0209  disp 0.0539  theta 0.0000  stop 0.5390  act-agree 0.782  p(stop) 0.007  lr 7.32e-05  1.41 it/s
step  58600  L  0.4261  point 0.0179  disp 0.0574  theta 0.0000  stop 0.5575  act-agree 0.769  p(stop) 0.001  lr 7.30e-05  1.41 it/s
step  58800  L  0.6389  point 0.0235  disp 0.0741  theta 0.0000  stop 0.9245  act-agree 0.752  p(stop) 0.006  lr 7.28e-05  1.41 it/s
step  59000  L  0.5250  point 0.0206  disp 0.0643  theta 0.0000  stop 0.7410  act-agree 0.766  p(stop) 0.006  lr 7.27e-05  1.41 it/s
step  59200  L  0.4036  point 0.0214  disp 0.0497  theta 0.0000  stop 0.5235  act-agree 0.796  p(stop) 0.003  lr 7.25e-05  1.41 it/s
step  59400  L  0.5415  point 0.0207  disp 0.0731  theta 0.0000  stop 0.7547  act-agree 0.786  p(stop) 0.000  lr 7.23e-05  1.41 it/s
step  59600  L  0.3890  point 0.0207  disp 0.0489  theta 0.0000  stop 0.5020  act-agree 0.792  p(stop) 0.013  lr 7.22e-05  1.41 it/s
step  59800  L  0.5259  point 0.0187  disp 0.0616  theta 0.0000  stop 0.7573  act-agree 0.786  p(stop) 0.026  lr 7.20e-05  1.41 it/s
step  60000  L  0.4408  point 0.0249  disp 0.0604  theta 0.0000  stop 0.5702  act-agree 0.790  p(stop) 0.022  lr 7.18e-05  1.41 it/s
step  60200  L  0.5108  point 0.0207  disp 0.0538  theta 0.0000  stop 0.7337  act-agree 0.784  p(stop) 0.005  lr 7.17e-05  1.41 it/s
step  60400  L  0.5062  point 0.0213  disp 0.0674  theta 0.0000  stop 0.6960  act-agree 0.795  p(stop) 0.024  lr 7.15e-05  1.41 it/s
step  60600  L  0.5064  point 0.0205  disp 0.0598  theta 0.0000  stop 0.7119  act-agree 0.781  p(stop) 0.001  lr 7.13e-05  1.41 it/s
step  60800  L  0.4817  point 0.0199  disp 0.0581  theta 0.0000  stop 0.6687  act-agree 0.776  p(stop) 0.000  lr 7.12e-05  1.41 it/s
step  61000  L  0.4801  point 0.0227  disp 0.0598  theta 0.0000  stop 0.6447  act-agree 0.770  p(stop) 0.001  lr 7.10e-05  1.41 it/s
step  61200  L  0.5108  point 0.0226  disp 0.0619  theta 0.0000  stop 0.6905  act-agree 0.790  p(stop) 0.007  lr 7.08e-05  1.41 it/s
step  61400  L  0.4834  point 0.0206  disp 0.0588  theta 0.0000  stop 0.6850  act-agree 0.772  p(stop) 0.008  lr 7.06e-05  1.41 it/s
step  61600  L  0.6225  point 0.0229  disp 0.0731  theta 0.0000  stop 0.9065  act-agree 0.776  p(stop) 0.004  lr 7.05e-05  1.41 it/s
step  61800  L  0.5550  point 0.0195  disp 0.0698  theta 0.0000  stop 0.7881  act-agree 0.751  p(stop) 0.008  lr 7.03e-05  1.41 it/s
step  62000  L  0.5466  point 0.0193  disp 0.0628  theta 0.0000  stop 0.7834  act-agree 0.780  p(stop) 0.003  lr 7.01e-05  1.42 it/s
step  62200  L  0.5453  point 0.0211  disp 0.0646  theta 0.0000  stop 0.7947  act-agree 0.743  p(stop) 0.001  lr 7.00e-05  1.42 it/s
step  62400  L  0.5712  point 0.0221  disp 0.0634  theta 0.0000  stop 0.8258  act-agree 0.782  p(stop) 0.008  lr 6.98e-05  1.42 it/s
step  62600  L  0.4510  point 0.0200  disp 0.0636  theta 0.0000  stop 0.5946  act-agree 0.765  p(stop) 0.013  lr 6.96e-05  1.42 it/s
step  62800  L  0.5110  point 0.0234  disp 0.0649  theta 0.0000  stop 0.7116  act-agree 0.776  p(stop) 0.010  lr 6.95e-05  1.42 it/s
step  63000  L  0.4604  point 0.0189  disp 0.0559  theta 0.0000  stop 0.6335  act-agree 0.789  p(stop) 0.003  lr 6.93e-05  1.42 it/s
step  63200  L  0.5544  point 0.0194  disp 0.0649  theta 0.0000  stop 0.7961  act-agree 0.784  p(stop) 0.009  lr 6.91e-05  1.42 it/s
step  63400  L  0.4513  point 0.0236  disp 0.0668  theta 0.0000  stop 0.5949  act-agree 0.796  p(stop) 0.037  lr 6.89e-05  1.42 it/s
step  63600  L  0.4135  point 0.0249  disp 0.0456  theta 0.0000  stop 0.5537  act-agree 0.784  p(stop) 0.027  lr 6.88e-05  1.42 it/s
step  63800  L  0.5462  point 0.0197  disp 0.0667  theta 0.0000  stop 0.7752  act-agree 0.792  p(stop) 0.005  lr 6.86e-05  1.42 it/s
step  64000  L  0.5404  point 0.0206  disp 0.0615  theta 0.0000  stop 0.7801  act-agree 0.801  p(stop) 0.000  lr 6.84e-05  1.42 it/s
step  64200  L  0.4809  point 0.0194  disp 0.0715  theta 0.0000  stop 0.6369  act-agree 0.786  p(stop) 0.007  lr 6.83e-05  1.42 it/s
step  64400  L  0.5275  point 0.0202  disp 0.0664  theta 0.0000  stop 0.7310  act-agree 0.775  p(stop) 0.001  lr 6.81e-05  1.42 it/s
step  64600  L  0.4238  point 0.0187  disp 0.0497  theta 0.0000  stop 0.5693  act-agree 0.774  p(stop) 0.005  lr 6.79e-05  1.42 it/s
step  64800  L  0.5511  point 0.0229  disp 0.0805  theta 0.0000  stop 0.7461  act-agree 0.789  p(stop) 0.044  lr 6.77e-05  1.42 it/s
step  65000  L  0.5050  point 0.0204  disp 0.0611  theta 0.0000  stop 0.7141  act-agree 0.797  p(stop) 0.001  lr 6.76e-05  1.42 it/s
step  65200  L  0.4533  point 0.0212  disp 0.0494  theta 0.0000  stop 0.6184  act-agree 0.764  p(stop) 0.001  lr 6.74e-05  1.42 it/s
step  65400  L  0.3805  point 0.0183  disp 0.0566  theta 0.0000  stop 0.4638  act-agree 0.787  p(stop) 0.003  lr 6.72e-05  1.42 it/s
step  65600  L  0.4234  point 0.0219  disp 0.0619  theta 0.0000  stop 0.5423  act-agree 0.791  p(stop) 0.000  lr 6.70e-05  1.42 it/s
step  65800  L  0.5241  point 0.0208  disp 0.0608  theta 0.0000  stop 0.7460  act-agree 0.790  p(stop) 0.000  lr 6.69e-05  1.42 it/s
step  66000  L  0.4902  point 0.0222  disp 0.0612  theta 0.0000  stop 0.6732  act-agree 0.772  p(stop) 0.002  lr 6.67e-05  1.42 it/s
step  66200  L  0.4998  point 0.0206  disp 0.0669  theta 0.0000  stop 0.6825  act-agree 0.765  p(stop) 0.006  lr 6.65e-05  1.42 it/s
step  66400  L  0.4514  point 0.0202  disp 0.0562  theta 0.0000  stop 0.6075  act-agree 0.789  p(stop) 0.002  lr 6.63e-05  1.42 it/s
step  66600  L  0.5078  point 0.0196  disp 0.0596  theta 0.0000  stop 0.7068  act-agree 0.797  p(stop) 0.003  lr 6.62e-05  1.42 it/s
step  66800  L  0.5237  point 0.0191  disp 0.0537  theta 0.0000  stop 0.7676  act-agree 0.775  p(stop) 0.002  lr 6.60e-05  1.42 it/s
step  67000  L  0.4741  point 0.0191  disp 0.0466  theta 0.0000  stop 0.6784  act-agree 0.776  p(stop) 0.004  lr 6.58e-05  1.42 it/s
step  67200  L  0.6112  point 0.0221  disp 0.0615  theta 0.0000  stop 0.9239  act-agree 0.781  p(stop) 0.006  lr 6.56e-05  1.42 it/s
step  67400  L  0.4818  point 0.0228  disp 0.0594  theta 0.0000  stop 0.6524  act-agree 0.784  p(stop) 0.002  lr 6.55e-05  1.42 it/s
step  67600  L  0.4440  point 0.0204  disp 0.0493  theta 0.0000  stop 0.6262  act-agree 0.769  p(stop) 0.053  lr 6.53e-05  1.42 it/s
step  67800  L  0.5699  point 0.0173  disp 0.0649  theta 0.0000  stop 0.8330  act-agree 0.815  p(stop) 0.001  lr 6.51e-05  1.42 it/s
step  68000  L  0.3085  point 0.0227  disp 0.0452  theta 0.0000  stop 0.3503  act-agree 0.774  p(stop) 0.000  lr 6.49e-05  1.42 it/s
step  68200  L  0.6247  point 0.0189  disp 0.0743  theta 0.0000  stop 0.9241  act-agree 0.775  p(stop) 0.003  lr 6.48e-05  1.42 it/s
step  68400  L  0.4850  point 0.0192  disp 0.0540  theta 0.0000  stop 0.6782  act-agree 0.790  p(stop) 0.008  lr 6.46e-05  1.42 it/s
step  68600  L  0.5599  point 0.0200  disp 0.0603  theta 0.0000  stop 0.8087  act-agree 0.787  p(stop) 0.002  lr 6.44e-05  1.42 it/s
step  68800  L  0.4745  point 0.0198  disp 0.0606  theta 0.0000  stop 0.6545  act-agree 0.787  p(stop) 0.001  lr 6.42e-05  1.42 it/s
step  69000  L  0.5207  point 0.0198  disp 0.0654  theta 0.0000  stop 0.7369  act-agree 0.760  p(stop) 0.000  lr 6.40e-05  1.42 it/s
step  69200  L  0.5339  point 0.0190  disp 0.0613  theta 0.0000  stop 0.7720  act-agree 0.809  p(stop) 0.008  lr 6.39e-05  1.42 it/s
step  69400  L  0.3305  point 0.0182  disp 0.0473  theta 0.0000  stop 0.3973  act-agree 0.786  p(stop) 0.004  lr 6.37e-05  1.42 it/s
step  69600  L  0.5900  point 0.0190  disp 0.0621  theta 0.0000  stop 0.8993  act-agree 0.775  p(stop) 0.004  lr 6.35e-05  1.42 it/s
step  69800  L  0.4967  point 0.0233  disp 0.0721  theta 0.0000  stop 0.6874  act-agree 0.775  p(stop) 0.002  lr 6.33e-05  1.42 it/s
step  70000  L  0.4961  point 0.0212  disp 0.0681  theta 0.0000  stop 0.6794  act-agree 0.761  p(stop) 0.013  lr 6.32e-05  1.42 it/s
step  70200  L  0.5560  point 0.0206  disp 0.0669  theta 0.0000  stop 0.8163  act-agree 0.787  p(stop) 0.001  lr 6.30e-05  1.42 it/s
step  70400  L  0.4778  point 0.0192  disp 0.0572  theta 0.0000  stop 0.6749  act-agree 0.777  p(stop) 0.004  lr 6.28e-05  1.42 it/s
step  70600  L  0.4769  point 0.0224  disp 0.0542  theta 0.0000  stop 0.6608  act-agree 0.794  p(stop) 0.007  lr 6.26e-05  1.42 it/s
step  70800  L  0.4063  point 0.0196  disp 0.0586  theta 0.0000  stop 0.5087  act-agree 0.781  p(stop) 0.007  lr 6.24e-05  1.42 it/s
step  71000  L  0.4595  point 0.0214  disp 0.0625  theta 0.0000  stop 0.6127  act-agree 0.775  p(stop) 0.004  lr 6.23e-05  1.42 it/s
step  71200  L  0.4072  point 0.0172  disp 0.0517  theta 0.0000  stop 0.5447  act-agree 0.791  p(stop) 0.007  lr 6.21e-05  1.42 it/s
step  71400  L  0.4233  point 0.0170  disp 0.0572  theta 0.0000  stop 0.5565  act-agree 0.770  p(stop) 0.021  lr 6.19e-05  1.42 it/s
step  71600  L  0.4030  point 0.0238  disp 0.0584  theta 0.0000  stop 0.4987  act-agree 0.767  p(stop) 0.007  lr 6.17e-05  1.42 it/s
step  71800  L  0.4231  point 0.0204  disp 0.0571  theta 0.0000  stop 0.5678  act-agree 0.769  p(stop) 0.000  lr 6.15e-05  1.42 it/s
step  72000  L  0.3619  point 0.0216  disp 0.0503  theta 0.0000  stop 0.4525  act-agree 0.784  p(stop) 0.001  lr 6.14e-05  1.42 it/s
step  72200  L  0.4567  point 0.0224  disp 0.0554  theta 0.0000  stop 0.6279  act-agree 0.772  p(stop) 0.001  lr 6.12e-05  1.42 it/s
step  72400  L  0.4770  point 0.0210  disp 0.0549  theta 0.0000  stop 0.6679  act-agree 0.791  p(stop) 0.021  lr 6.10e-05  1.42 it/s
step  72600  L  0.3708  point 0.0190  disp 0.0473  theta 0.0000  stop 0.4831  act-agree 0.789  p(stop) 0.023  lr 6.08e-05  1.42 it/s
step  72800  L  0.4851  point 0.0225  disp 0.0511  theta 0.0000  stop 0.6884  act-agree 0.764  p(stop) 0.001  lr 6.06e-05  1.42 it/s
step  73000  L  0.4713  point 0.0163  disp 0.0558  theta 0.0000  stop 0.6737  act-agree 0.784  p(stop) 0.007  lr 6.05e-05  1.42 it/s
step  73200  L  0.5579  point 0.0206  disp 0.0629  theta 0.0000  stop 0.8294  act-agree 0.791  p(stop) 0.000  lr 6.03e-05  1.42 it/s
step  73400  L  0.4874  point 0.0205  disp 0.0716  theta 0.0000  stop 0.6623  act-agree 0.775  p(stop) 0.000  lr 6.01e-05  1.42 it/s
step  73600  L  0.5705  point 0.0191  disp 0.0646  theta 0.0000  stop 0.8403  act-agree 0.772  p(stop) 0.027  lr 5.99e-05  1.42 it/s
step  73800  L  0.4374  point 0.0195  disp 0.0598  theta 0.0000  stop 0.5717  act-agree 0.775  p(stop) 0.004  lr 5.97e-05  1.43 it/s
step  74000  L  0.5072  point 0.0168  disp 0.0679  theta 0.0000  stop 0.7171  act-agree 0.786  p(stop) 0.023  lr 5.96e-05  1.43 it/s
step  74200  L  0.4589  point 0.0192  disp 0.0574  theta 0.0000  stop 0.6465  act-agree 0.777  p(stop) 0.001  lr 5.94e-05  1.43 it/s
step  74400  L  0.4752  point 0.0198  disp 0.0513  theta 0.0000  stop 0.6875  act-agree 0.780  p(stop) 0.011  lr 5.92e-05  1.43 it/s
step  74600  L  0.4321  point 0.0203  disp 0.0506  theta 0.0000  stop 0.6025  act-agree 0.791  p(stop) 0.006  lr 5.90e-05  1.43 it/s
step  74800  L  0.5534  point 0.0197  disp 0.0586  theta 0.0000  stop 0.8106  act-agree 0.776  p(stop) 0.010  lr 5.88e-05  1.43 it/s
step  75000  L  0.4036  point 0.0213  disp 0.0502  theta 0.0000  stop 0.5312  act-agree 0.777  p(stop) 0.019  lr 5.87e-05  1.43 it/s
step  75200  L  0.4229  point 0.0176  disp 0.0570  theta 0.0000  stop 0.5593  act-agree 0.785  p(stop) 0.002  lr 5.85e-05  1.43 it/s
step  75400  L  0.5068  point 0.0163  disp 0.0699  theta 0.0000  stop 0.7179  act-agree 0.789  p(stop) 0.001  lr 5.83e-05  1.43 it/s
step  75600  L  0.5275  point 0.0196  disp 0.0638  theta 0.0000  stop 0.7619  act-agree 0.779  p(stop) 0.001  lr 5.81e-05  1.43 it/s
step  75800  L  0.3985  point 0.0228  disp 0.0699  theta 0.0000  stop 0.4835  act-agree 0.785  p(stop) 0.014  lr 5.79e-05  1.43 it/s
step  76000  L  0.5981  point 0.0221  disp 0.0768  theta 0.0000  stop 0.8591  act-agree 0.734  p(stop) 0.004  lr 5.78e-05  1.43 it/s
step  76200  L  0.4830  point 0.0191  disp 0.0616  theta 0.0000  stop 0.6725  act-agree 0.800  p(stop) 0.003  lr 5.76e-05  1.42 it/s
step  76400  L  0.3584  point 0.0212  disp 0.0466  theta 0.0000  stop 0.4521  act-agree 0.809  p(stop) 0.001  lr 5.74e-05  1.42 it/s
step  76600  L  0.6177  point 0.0172  disp 0.0655  theta 0.0000  stop 0.9349  act-agree 0.777  p(stop) 0.008  lr 5.72e-05  1.42 it/s
step  76800  L  0.5321  point 0.0179  disp 0.0624  theta 0.0000  stop 0.7673  act-agree 0.815  p(stop) 0.017  lr 5.70e-05  1.42 it/s
step  77000  L  0.4317  point 0.0184  disp 0.0586  theta 0.0000  stop 0.5817  act-agree 0.759  p(stop) 0.002  lr 5.68e-05  1.41 it/s
step  77200  L  0.4008  point 0.0186  disp 0.0430  theta 0.0000  stop 0.5493  act-agree 0.792  p(stop) 0.004  lr 5.67e-05  1.41 it/s
step  77400  L  0.3863  point 0.0193  disp 0.0497  theta 0.0000  stop 0.5143  act-agree 0.767  p(stop) 0.001  lr 5.65e-05  1.41 it/s
step  77600  L  0.3928  point 0.0182  disp 0.0588  theta 0.0000  stop 0.4976  act-agree 0.754  p(stop) 0.001  lr 5.63e-05  1.41 it/s
step  77800  L  0.5820  point 0.0190  disp 0.0619  theta 0.0000  stop 0.8831  act-agree 0.811  p(stop) 0.021  lr 5.61e-05  1.41 it/s
step  78000  L  0.6333  point 0.0182  disp 0.0667  theta 0.0000  stop 0.9744  act-agree 0.789  p(stop) 0.003  lr 5.59e-05  1.41 it/s
step  78200  L  0.4330  point 0.0169  disp 0.0592  theta 0.0000  stop 0.5806  act-agree 0.795  p(stop) 0.017  lr 5.57e-05  1.40 it/s
step  78400  L  0.4211  point 0.0181  disp 0.0546  theta 0.0000  stop 0.5738  act-agree 0.785  p(stop) 0.009  lr 5.56e-05  1.40 it/s
step  78600  L  0.4054  point 0.0187  disp 0.0454  theta 0.0000  stop 0.5468  act-agree 0.792  p(stop) 0.003  lr 5.54e-05  1.40 it/s
step  78800  L  0.4730  point 0.0172  disp 0.0510  theta 0.0000  stop 0.6694  act-agree 0.794  p(stop) 0.031  lr 5.52e-05  1.40 it/s
step  79000  L  0.4630  point 0.0211  disp 0.0537  theta 0.0000  stop 0.6498  act-agree 0.791  p(stop) 0.059  lr 5.50e-05  1.40 it/s
step  79200  L  0.4660  point 0.0190  disp 0.0558  theta 0.0000  stop 0.6608  act-agree 0.781  p(stop) 0.002  lr 5.48e-05  1.39 it/s
step  79400  L  0.5305  point 0.0191  disp 0.0605  theta 0.0000  stop 0.7826  act-agree 0.782  p(stop) 0.008  lr 5.46e-05  1.39 it/s
step  79600  L  0.3766  point 0.0191  disp 0.0482  theta 0.0000  stop 0.4894  act-agree 0.786  p(stop) 0.007  lr 5.45e-05  1.39 it/s
step  79800  L  0.4339  point 0.0187  disp 0.0487  theta 0.0000  stop 0.5897  act-agree 0.791  p(stop) 0.017  lr 5.43e-05  1.39 it/s
step  80000  L  0.3897  point 0.0176  disp 0.0470  theta 0.0000  stop 0.5233  act-agree 0.784  p(stop) 0.003  lr 5.41e-05  1.39 it/s
step  80200  L  0.5317  point 0.0184  disp 0.0630  theta 0.0000  stop 0.7743  act-agree 0.784  p(stop) 0.006  lr 5.39e-05  1.38 it/s
step  80400  L  0.4582  point 0.0196  disp 0.0514  theta 0.0000  stop 0.6571  act-agree 0.782  p(stop) 0.003  lr 5.37e-05  1.38 it/s
step  80600  L  0.5056  point 0.0164  disp 0.0582  theta 0.0000  stop 0.7369  act-agree 0.791  p(stop) 0.050  lr 5.36e-05  1.38 it/s
step  80800  L  0.5206  point 0.0172  disp 0.0599  theta 0.0000  stop 0.7615  act-agree 0.782  p(stop) 0.001  lr 5.34e-05  1.38 it/s
step  81000  L  0.4011  point 0.0197  disp 0.0483  theta 0.0000  stop 0.5606  act-agree 0.781  p(stop) 0.011  lr 5.32e-05  1.38 it/s
step  81200  L  0.3805  point 0.0186  disp 0.0381  theta 0.0000  stop 0.5257  act-agree 0.786  p(stop) 0.004  lr 5.30e-05  1.38 it/s
step  81400  L  0.4168  point 0.0174  disp 0.0536  theta 0.0000  stop 0.5720  act-agree 0.780  p(stop) 0.001  lr 5.28e-05  1.37 it/s
step  81600  L  0.5478  point 0.0204  disp 0.0658  theta 0.0000  stop 0.8031  act-agree 0.769  p(stop) 0.018  lr 5.26e-05  1.37 it/s
step  81800  L  0.3867  point 0.0186  disp 0.0475  theta 0.0000  stop 0.5254  act-agree 0.801  p(stop) 0.014  lr 5.25e-05  1.37 it/s
step  82000  L  0.4580  point 0.0185  disp 0.0543  theta 0.0000  stop 0.6446  act-agree 0.811  p(stop) 0.001  lr 5.23e-05  1.37 it/s
step  82200  L  0.4529  point 0.0183  disp 0.0571  theta 0.0000  stop 0.6394  act-agree 0.770  p(stop) 0.007  lr 5.21e-05  1.37 it/s
step  82400  L  0.3799  point 0.0200  disp 0.0443  theta 0.0000  stop 0.4963  act-agree 0.785  p(stop) 0.008  lr 5.19e-05  1.37 it/s
step  82600  L  0.4213  point 0.0159  disp 0.0469  theta 0.0000  stop 0.5997  act-agree 0.792  p(stop) 0.002  lr 5.17e-05  1.36 it/s
step  82800  L  0.5528  point 0.0181  disp 0.0576  theta 0.0000  stop 0.8286  act-agree 0.815  p(stop) 0.011  lr 5.15e-05  1.36 it/s
step  83000  L  0.5061  point 0.0166  disp 0.0587  theta 0.0000  stop 0.7435  act-agree 0.749  p(stop) 0.005  lr 5.14e-05  1.36 it/s
step  83200  L  0.3794  point 0.0154  disp 0.0446  theta 0.0000  stop 0.5089  act-agree 0.781  p(stop) 0.008  lr 5.12e-05  1.36 it/s
step  83400  L  0.5141  point 0.0198  disp 0.0673  theta 0.0000  stop 0.7456  act-agree 0.789  p(stop) 0.003  lr 5.10e-05  1.36 it/s
step  83600  L  0.4796  point 0.0206  disp 0.0519  theta 0.0000  stop 0.6870  act-agree 0.796  p(stop) 0.000  lr 5.08e-05  1.36 it/s
step  83800  L  0.4064  point 0.0192  disp 0.0537  theta 0.0000  stop 0.5180  act-agree 0.787  p(stop) 0.000  lr 5.06e-05  1.36 it/s
step  84000  L  0.4465  point 0.0176  disp 0.0490  theta 0.0000  stop 0.6696  act-agree 0.797  p(stop) 0.010  lr 5.04e-05  1.36 it/s
step  84200  L  0.4208  point 0.0166  disp 0.0577  theta 0.0000  stop 0.5694  act-agree 0.781  p(stop) 0.004  lr 5.03e-05  1.36 it/s
step  84400  L  0.4015  point 0.0159  disp 0.0473  theta 0.0000  stop 0.5551  act-agree 0.785  p(stop) 0.020  lr 5.01e-05  1.36 it/s
step  84600  L  0.4555  point 0.0166  disp 0.0535  theta 0.0000  stop 0.6574  act-agree 0.775  p(stop) 0.004  lr 4.99e-05  1.36 it/s
step  84800  L  0.4235  point 0.0190  disp 0.0510  theta 0.0000  stop 0.5852  act-agree 0.785  p(stop) 0.006  lr 4.97e-05  1.35 it/s
step  85000  L  0.4371  point 0.0183  disp 0.0451  theta 0.0000  stop 0.6212  act-agree 0.794  p(stop) 0.002  lr 4.95e-05  1.35 it/s
step  85200  L  0.3731  point 0.0178  disp 0.0396  theta 0.0000  stop 0.4996  act-agree 0.796  p(stop) 0.001  lr 4.93e-05  1.35 it/s
step  85400  L  0.3904  point 0.0169  disp 0.0555  theta 0.0000  stop 0.5190  act-agree 0.787  p(stop) 0.003  lr 4.92e-05  1.35 it/s
step  85600  L  0.4392  point 0.0205  disp 0.0510  theta 0.0000  stop 0.6143  act-agree 0.771  p(stop) 0.007  lr 4.90e-05  1.35 it/s
step  85800  L  0.3733  point 0.0178  disp 0.0399  theta 0.0000  stop 0.5129  act-agree 0.795  p(stop) 0.003  lr 4.88e-05  1.35 it/s
step  86000  L  0.4966  point 0.0169  disp 0.0531  theta 0.0000  stop 0.7254  act-agree 0.792  p(stop) 0.002  lr 4.86e-05  1.34 it/s
step  86200  L  0.4210  point 0.0188  disp 0.0494  theta 0.0000  stop 0.5819  act-agree 0.805  p(stop) 0.007  lr 4.84e-05  1.34 it/s
step  86400  L  0.4897  point 0.0185  disp 0.0479  theta 0.0000  stop 0.7395  act-agree 0.784  p(stop) 0.025  lr 4.83e-05  1.34 it/s
step  86600  L  0.3870  point 0.0181  disp 0.0463  theta 0.0000  stop 0.5190  act-agree 0.780  p(stop) 0.001  lr 4.81e-05  1.34 it/s
step  86800  L  0.4813  point 0.0176  disp 0.0513  theta 0.0000  stop 0.7022  act-agree 0.812  p(stop) 0.017  lr 4.79e-05  1.34 it/s
step  87000  L  0.4370  point 0.0164  disp 0.0544  theta 0.0000  stop 0.6262  act-agree 0.782  p(stop) 0.062  lr 4.77e-05  1.34 it/s
step  87200  L  0.3811  point 0.0172  disp 0.0422  theta 0.0000  stop 0.5307  act-agree 0.791  p(stop) 0.015  lr 4.75e-05  1.34 it/s
step  87400  L  0.3709  point 0.0182  disp 0.0423  theta 0.0000  stop 0.5004  act-agree 0.794  p(stop) 0.000  lr 4.73e-05  1.33 it/s
step  87600  L  0.4998  point 0.0165  disp 0.0503  theta 0.0000  stop 0.7694  act-agree 0.805  p(stop) 0.001  lr 4.72e-05  1.33 it/s
step  87800  L  0.5473  point 0.0173  disp 0.0561  theta 0.0000  stop 0.8150  act-agree 0.780  p(stop) 0.042  lr 4.70e-05  1.33 it/s
step  88000  L  0.4844  point 0.0161  disp 0.0655  theta 0.0000  stop 0.6761  act-agree 0.748  p(stop) 0.004  lr 4.68e-05  1.33 it/s
step  88200  L  0.4995  point 0.0199  disp 0.0521  theta 0.0000  stop 0.7536  act-agree 0.787  p(stop) 0.013  lr 4.66e-05  1.33 it/s
step  88400  L  0.4590  point 0.0183  disp 0.0495  theta 0.0000  stop 0.6863  act-agree 0.794  p(stop) 0.004  lr 4.64e-05  1.33 it/s
step  88600  L  0.4863  point 0.0171  disp 0.0554  theta 0.0000  stop 0.7025  act-agree 0.762  p(stop) 0.018  lr 4.63e-05  1.33 it/s
step  88800  L  0.3857  point 0.0171  disp 0.0526  theta 0.0000  stop 0.5280  act-agree 0.791  p(stop) 0.011  lr 4.61e-05  1.33 it/s
step  89000  L  0.4566  point 0.0166  disp 0.0457  theta 0.0000  stop 0.6791  act-agree 0.789  p(stop) 0.000  lr 4.59e-05  1.32 it/s
step  89200  L  0.4626  point 0.0178  disp 0.0587  theta 0.0000  stop 0.6627  act-agree 0.770  p(stop) 0.001  lr 4.57e-05  1.32 it/s
step  89400  L  0.4836  point 0.0160  disp 0.0655  theta 0.0000  stop 0.6808  act-agree 0.789  p(stop) 0.000  lr 4.55e-05  1.32 it/s
step  89600  L  0.3805  point 0.0212  disp 0.0511  theta 0.0000  stop 0.4976  act-agree 0.804  p(stop) 0.009  lr 4.53e-05  1.32 it/s
step  89800  L  0.4396  point 0.0169  disp 0.0542  theta 0.0000  stop 0.6269  act-agree 0.809  p(stop) 0.001  lr 4.52e-05  1.32 it/s
step  90000  L  0.4735  point 0.0151  disp 0.0543  theta 0.0000  stop 0.6891  act-agree 0.797  p(stop) 0.001  lr 4.50e-05  1.32 it/s
step  90200  L  0.4022  point 0.0183  disp 0.0622  theta 0.0000  stop 0.5400  act-agree 0.777  p(stop) 0.012  lr 4.48e-05  1.32 it/s
step  90400  L  0.4349  point 0.0140  disp 0.0530  theta 0.0000  stop 0.6185  act-agree 0.821  p(stop) 0.007  lr 4.46e-05  1.31 it/s
step  90600  L  0.4147  point 0.0182  disp 0.0512  theta 0.0000  stop 0.5804  act-agree 0.791  p(stop) 0.001  lr 4.44e-05  1.31 it/s
step  90800  L  0.5005  point 0.0147  disp 0.0489  theta 0.0000  stop 0.7525  act-agree 0.800  p(stop) 0.000  lr 4.43e-05  1.31 it/s
step  91000  L  0.4661  point 0.0164  disp 0.0503  theta 0.0000  stop 0.6781  act-agree 0.815  p(stop) 0.006  lr 4.41e-05  1.31 it/s
step  91200  L  0.4591  point 0.0192  disp 0.0607  theta 0.0000  stop 0.6414  act-agree 0.790  p(stop) 0.000  lr 4.39e-05  1.31 it/s
step  91400  L  0.4930  point 0.0152  disp 0.0630  theta 0.0000  stop 0.7264  act-agree 0.764  p(stop) 0.022  lr 4.37e-05  1.31 it/s
step  91600  L  0.4422  point 0.0149  disp 0.0589  theta 0.0000  stop 0.6247  act-agree 0.801  p(stop) 0.001  lr 4.35e-05  1.31 it/s
step  91800  L  0.4304  point 0.0164  disp 0.0472  theta 0.0000  stop 0.6146  act-agree 0.807  p(stop) 0.008  lr 4.34e-05  1.31 it/s
step  92000  L  0.5197  point 0.0157  disp 0.0591  theta 0.0000  stop 0.7747  act-agree 0.777  p(stop) 0.001  lr 4.32e-05  1.31 it/s
step  92200  L  0.3882  point 0.0186  disp 0.0398  theta 0.0000  stop 0.5314  act-agree 0.767  p(stop) 0.001  lr 4.30e-05  1.31 it/s
step  92400  L  0.4584  point 0.0169  disp 0.0559  theta 0.0000  stop 0.6602  act-agree 0.807  p(stop) 0.001  lr 4.28e-05  1.31 it/s
step  92600  L  0.4379  point 0.0173  disp 0.0505  theta 0.0000  stop 0.6231  act-agree 0.782  p(stop) 0.003  lr 4.26e-05  1.31 it/s
step  92800  L  0.4335  point 0.0157  disp 0.0548  theta 0.0000  stop 0.6214  act-agree 0.782  p(stop) 0.039  lr 4.25e-05  1.31 it/s
step  93000  L  0.5164  point 0.0152  disp 0.0502  theta 0.0000  stop 0.7957  act-agree 0.805  p(stop) 0.020  lr 4.23e-05  1.31 it/s
step  93200  L  0.4187  point 0.0163  disp 0.0484  theta 0.0000  stop 0.5987  act-agree 0.812  p(stop) 0.055  lr 4.21e-05  1.31 it/s
step  93400  L  0.5421  point 0.0139  disp 0.0532  theta 0.0000  stop 0.8428  act-agree 0.800  p(stop) 0.054  lr 4.19e-05  1.31 it/s
step  93600  L  0.4470  point 0.0152  disp 0.0617  theta 0.0000  stop 0.6199  act-agree 0.761  p(stop) 0.042  lr 4.18e-05  1.31 it/s
step  93800  L  0.4925  point 0.0179  disp 0.0514  theta 0.0000  stop 0.7303  act-agree 0.771  p(stop) 0.010  lr 4.16e-05  1.31 it/s
step  94000  L  0.3043  point 0.0176  disp 0.0385  theta 0.0000  stop 0.3798  act-agree 0.785  p(stop) 0.000  lr 4.14e-05  1.31 it/s
step  94200  L  0.5477  point 0.0166  disp 0.0558  theta 0.0000  stop 0.8332  act-agree 0.811  p(stop) 0.024  lr 4.12e-05  1.32 it/s
step  94400  L  0.4933  point 0.0138  disp 0.0563  theta 0.0000  stop 0.7263  act-agree 0.802  p(stop) 0.002  lr 4.10e-05  1.32 it/s
step  94600  L  0.3706  point 0.0207  disp 0.0458  theta 0.0000  stop 0.4941  act-agree 0.786  p(stop) 0.005  lr 4.09e-05  1.32 it/s
step  94800  L  0.4758  point 0.0161  disp 0.0582  theta 0.0000  stop 0.6898  act-agree 0.795  p(stop) 0.072  lr 4.07e-05  1.32 it/s
step  95000  L  0.3833  point 0.0164  disp 0.0570  theta 0.0000  stop 0.5148  act-agree 0.789  p(stop) 0.000  lr 4.05e-05  1.32 it/s
step  95200  L  0.4121  point 0.0145  disp 0.0533  theta 0.0000  stop 0.5876  act-agree 0.794  p(stop) 0.010  lr 4.03e-05  1.32 it/s
step  95400  L  0.3969  point 0.0174  disp 0.0509  theta 0.0000  stop 0.5481  act-agree 0.770  p(stop) 0.001  lr 4.02e-05  1.32 it/s
step  95600  L  0.4546  point 0.0168  disp 0.0529  theta 0.0000  stop 0.6480  act-agree 0.795  p(stop) 0.003  lr 4.00e-05  1.32 it/s
step  95800  L  0.3798  point 0.0190  disp 0.0476  theta 0.0000  stop 0.5316  act-agree 0.800  p(stop) 0.015  lr 3.98e-05  1.32 it/s
step  96000  L  0.4749  point 0.0170  disp 0.0509  theta 0.0000  stop 0.7110  act-agree 0.774  p(stop) 0.009  lr 3.96e-05  1.32 it/s
step  96200  L  0.3582  point 0.0156  disp 0.0363  theta 0.0000  stop 0.4963  act-agree 0.779  p(stop) 0.003  lr 3.94e-05  1.32 it/s
step  96400  L  0.4977  point 0.0135  disp 0.0506  theta 0.0000  stop 0.7556  act-agree 0.804  p(stop) 0.013  lr 3.93e-05  1.32 it/s
step  96600  L  0.4555  point 0.0163  disp 0.0598  theta 0.0000  stop 0.6468  act-agree 0.809  p(stop) 0.000  lr 3.91e-05  1.32 it/s
step  96800  L  0.4483  point 0.0159  disp 0.0498  theta 0.0000  stop 0.6656  act-agree 0.805  p(stop) 0.033  lr 3.89e-05  1.32 it/s
step  97000  L  0.5416  point 0.0151  disp 0.0608  theta 0.0000  stop 0.8200  act-agree 0.789  p(stop) 0.004  lr 3.87e-05  1.32 it/s
step  97200  L  0.4545  point 0.0162  disp 0.0553  theta 0.0000  stop 0.6578  act-agree 0.816  p(stop) 0.000  lr 3.86e-05  1.32 it/s
step  97400  L  0.3790  point 0.0164  disp 0.0540  theta 0.0000  stop 0.5246  act-agree 0.786  p(stop) 0.006  lr 3.84e-05  1.32 it/s
step  97600  L  0.3205  point 0.0149  disp 0.0426  theta 0.0000  stop 0.4127  act-agree 0.794  p(stop) 0.032  lr 3.82e-05  1.32 it/s
step  97800  L  0.4520  point 0.0161  disp 0.0484  theta 0.0000  stop 0.6642  act-agree 0.799  p(stop) 0.001  lr 3.80e-05  1.32 it/s
step  98000  L  0.3846  point 0.0171  disp 0.0520  theta 0.0000  stop 0.5283  act-agree 0.785  p(stop) 0.011  lr 3.79e-05  1.32 it/s
step  98200  L  0.4246  point 0.0167  disp 0.0499  theta 0.0000  stop 0.6146  act-agree 0.810  p(stop) 0.000  lr 3.77e-05  1.32 it/s
step  98400  L  0.4862  point 0.0157  disp 0.0492  theta 0.0000  stop 0.7432  act-agree 0.794  p(stop) 0.001  lr 3.75e-05  1.32 it/s
step  98600  L  0.5855  point 0.0178  disp 0.0623  theta 0.0000  stop 0.9010  act-agree 0.762  p(stop) 0.001  lr 3.74e-05  1.32 it/s
step  98800  L  0.4296  point 0.0185  disp 0.0578  theta 0.0000  stop 0.5903  act-agree 0.800  p(stop) 0.001  lr 3.72e-05  1.32 it/s
step  99000  L  0.5280  point 0.0166  disp 0.0478  theta 0.0000  stop 0.8182  act-agree 0.826  p(stop) 0.000  lr 3.70e-05  1.32 it/s
step  99200  L  0.3397  point 0.0164  disp 0.0490  theta 0.0000  stop 0.4483  act-agree 0.797  p(stop) 0.001  lr 3.68e-05  1.32 it/s
step  99400  L  0.4093  point 0.0168  disp 0.0522  theta 0.0000  stop 0.5829  act-agree 0.796  p(stop) 0.004  lr 3.67e-05  1.32 it/s
step  99600  L  0.4797  point 0.0155  disp 0.0510  theta 0.0000  stop 0.7383  act-agree 0.797  p(stop) 0.009  lr 3.65e-05  1.32 it/s
step  99800  L  0.4141  point 0.0162  disp 0.0500  theta 0.0000  stop 0.5940  act-agree 0.777  p(stop) 0.000  lr 3.63e-05  1.32 it/s
step 100000  L  0.5101  point 0.0167  disp 0.0500  theta 0.0000  stop 0.7781  act-agree 0.779  p(stop) 0.036  lr 3.61e-05  1.32 it/s
step 100200  L  0.3912  point 0.0151  disp 0.0510  theta 0.0000  stop 0.5362  act-agree 0.792  p(stop) 0.010  lr 3.60e-05  1.32 it/s
step 100400  L  0.4005  point 0.0134  disp 0.0504  theta 0.0000  stop 0.5674  act-agree 0.786  p(stop) 0.044  lr 3.58e-05  1.32 it/s
step 100600  L  0.2534  point 0.0153  disp 0.0435  theta 0.0000  stop 0.2815  act-agree 0.787  p(stop) 0.001  lr 3.56e-05  1.32 it/s
step 100800  L  0.3309  point 0.0129  disp 0.0345  theta 0.0000  stop 0.4682  act-agree 0.797  p(stop) 0.000  lr 3.55e-05  1.32 it/s
step 101000  L  0.3645  point 0.0149  disp 0.0465  theta 0.0000  stop 0.5046  act-agree 0.782  p(stop) 0.016  lr 3.53e-05  1.33 it/s
step 101200  L  0.5627  point 0.0211  disp 0.0702  theta 0.0000  stop 0.8217  act-agree 0.792  p(stop) 0.023  lr 3.51e-05  1.33 it/s
step 101400  L  0.3318  point 0.0177  disp 0.0391  theta 0.0000  stop 0.4492  act-agree 0.794  p(stop) 0.026  lr 3.49e-05  1.33 it/s
step 101600  L  0.4124  point 0.0171  disp 0.0502  theta 0.0000  stop 0.5849  act-agree 0.785  p(stop) 0.065  lr 3.48e-05  1.33 it/s
step 101800  L  0.5309  point 0.0176  disp 0.0596  theta 0.0000  stop 0.7982  act-agree 0.786  p(stop) 0.001  lr 3.46e-05  1.33 it/s
step 102000  L  0.3883  point 0.0144  disp 0.0435  theta 0.0000  stop 0.5640  act-agree 0.792  p(stop) 0.010  lr 3.44e-05  1.33 it/s
step 102200  L  0.3594  point 0.0143  disp 0.0470  theta 0.0000  stop 0.4870  act-agree 0.779  p(stop) 0.002  lr 3.43e-05  1.33 it/s
step 102400  L  0.3737  point 0.0182  disp 0.0459  theta 0.0000  stop 0.5107  act-agree 0.796  p(stop) 0.000  lr 3.41e-05  1.33 it/s
step 102600  L  0.3673  point 0.0155  disp 0.0432  theta 0.0000  stop 0.5346  act-agree 0.795  p(stop) 0.005  lr 3.39e-05  1.33 it/s
step 102800  L  0.3201  point 0.0161  disp 0.0332  theta 0.0000  stop 0.4472  act-agree 0.799  p(stop) 0.010  lr 3.38e-05  1.33 it/s
step 103000  L  0.5024  point 0.0148  disp 0.0588  theta 0.0000  stop 0.7509  act-agree 0.796  p(stop) 0.032  lr 3.36e-05  1.33 it/s
step 103200  L  0.3685  point 0.0141  disp 0.0512  theta 0.0000  stop 0.5003  act-agree 0.785  p(stop) 0.002  lr 3.34e-05  1.33 it/s
step 103400  L  0.5877  point 0.0159  disp 0.0709  theta 0.0000  stop 0.8927  act-agree 0.767  p(stop) 0.006  lr 3.33e-05  1.33 it/s
step 103600  L  0.4297  point 0.0158  disp 0.0436  theta 0.0000  stop 0.6402  act-agree 0.821  p(stop) 0.030  lr 3.31e-05  1.33 it/s
step 103800  L  0.2600  point 0.0167  disp 0.0381  theta 0.0000  stop 0.3116  act-agree 0.780  p(stop) 0.000  lr 3.29e-05  1.33 it/s
step 104000  L  0.4701  point 0.0168  disp 0.0480  theta 0.0000  stop 0.7037  act-agree 0.764  p(stop) 0.023  lr 3.28e-05  1.33 it/s
step 104200  L  0.3507  point 0.0151  disp 0.0419  theta 0.0000  stop 0.4905  act-agree 0.802  p(stop) 0.003  lr 3.26e-05  1.33 it/s
step 104400  L  0.4529  point 0.0143  disp 0.0507  theta 0.0000  stop 0.6711  act-agree 0.795  p(stop) 0.006  lr 3.24e-05  1.33 it/s
step 104600  L  0.4555  point 0.0162  disp 0.0547  theta 0.0000  stop 0.6816  act-agree 0.769  p(stop) 0.006  lr 3.23e-05  1.33 it/s
step 104800  L  0.3997  point 0.0133  disp 0.0513  theta 0.0000  stop 0.5701  act-agree 0.797  p(stop) 0.000  lr 3.21e-05  1.33 it/s
step 105000  L  0.4894  point 0.0155  disp 0.0576  theta 0.0000  stop 0.7329  act-agree 0.797  p(stop) 0.003  lr 3.19e-05  1.33 it/s
step 105200  L  0.3794  point 0.0153  disp 0.0524  theta 0.0000  stop 0.5305  act-agree 0.760  p(stop) 0.001  lr 3.18e-05  1.33 it/s
step 105400  L  0.3888  point 0.0138  disp 0.0493  theta 0.0000  stop 0.5540  act-agree 0.802  p(stop) 0.001  lr 3.16e-05  1.33 it/s
step 105600  L  0.4017  point 0.0153  disp 0.0460  theta 0.0000  stop 0.5770  act-agree 0.795  p(stop) 0.001  lr 3.14e-05  1.33 it/s
step 105800  L  0.4554  point 0.0130  disp 0.0470  theta 0.0000  stop 0.6904  act-agree 0.805  p(stop) 0.034  lr 3.13e-05  1.33 it/s
step 106000  L  0.4009  point 0.0155  disp 0.0455  theta 0.0000  stop 0.5795  act-agree 0.772  p(stop) 0.000  lr 3.11e-05  1.33 it/s
step 106200  L  0.4455  point 0.0124  disp 0.0435  theta 0.0000  stop 0.6845  act-agree 0.789  p(stop) 0.000  lr 3.09e-05  1.33 it/s
step 106400  L  0.4989  point 0.0133  disp 0.0460  theta 0.0000  stop 0.7613  act-agree 0.792  p(stop) 0.001  lr 3.08e-05  1.33 it/s
step 106600  L  0.4225  point 0.0142  disp 0.0523  theta 0.0000  stop 0.6029  act-agree 0.787  p(stop) 0.000  lr 3.06e-05  1.33 it/s
step 106800  L  0.3812  point 0.0142  disp 0.0486  theta 0.0000  stop 0.5327  act-agree 0.802  p(stop) 0.009  lr 3.05e-05  1.33 it/s
step 107000  L  0.4237  point 0.0186  disp 0.0546  theta 0.0000  stop 0.6045  act-agree 0.775  p(stop) 0.001  lr 3.03e-05  1.33 it/s
step 107200  L  0.3507  point 0.0155  disp 0.0476  theta 0.0000  stop 0.4769  act-agree 0.792  p(stop) 0.002  lr 3.01e-05  1.33 it/s
step 107400  L  0.4434  point 0.0162  disp 0.0499  theta 0.0000  stop 0.6493  act-agree 0.799  p(stop) 0.003  lr 3.00e-05  1.33 it/s
step 107600  L  0.3529  point 0.0159  disp 0.0409  theta 0.0000  stop 0.5054  act-agree 0.794  p(stop) 0.001  lr 2.98e-05  1.33 it/s
step 107800  L  0.4006  point 0.0166  disp 0.0487  theta 0.0000  stop 0.5870  act-agree 0.782  p(stop) 0.002  lr 2.97e-05  1.33 it/s
step 108000  L  0.3585  point 0.0175  disp 0.0495  theta 0.0000  stop 0.4891  act-agree 0.800  p(stop) 0.000  lr 2.95e-05  1.33 it/s
step 108200  L  0.4954  point 0.0147  disp 0.0557  theta 0.0000  stop 0.7507  act-agree 0.782  p(stop) 0.002  lr 2.93e-05  1.33 it/s
step 108400  L  0.5019  point 0.0169  disp 0.0604  theta 0.0000  stop 0.7433  act-agree 0.780  p(stop) 0.003  lr 2.92e-05  1.33 it/s
step 108600  L  0.4152  point 0.0155  disp 0.0453  theta 0.0000  stop 0.6150  act-agree 0.816  p(stop) 0.030  lr 2.90e-05  1.33 it/s
step 108800  L  0.4133  point 0.0151  disp 0.0429  theta 0.0000  stop 0.6060  act-agree 0.800  p(stop) 0.020  lr 2.89e-05  1.33 it/s
step 109000  L  0.4209  point 0.0139  disp 0.0439  theta 0.0000  stop 0.6403  act-agree 0.820  p(stop) 0.005  lr 2.87e-05  1.34 it/s
step 109200  L  0.3453  point 0.0147  disp 0.0443  theta 0.0000  stop 0.4951  act-agree 0.807  p(stop) 0.001  lr 2.85e-05  1.34 it/s
step 109400  L  0.3757  point 0.0126  disp 0.0506  theta 0.0000  stop 0.5404  act-agree 0.811  p(stop) 0.000  lr 2.84e-05  1.34 it/s
step 109600  L  0.2619  point 0.0131  disp 0.0332  theta 0.0000  stop 0.3566  act-agree 0.777  p(stop) 0.000  lr 2.82e-05  1.34 it/s
step 109800  L  0.4189  point 0.0138  disp 0.0494  theta 0.0000  stop 0.6360  act-agree 0.791  p(stop) 0.000  lr 2.81e-05  1.34 it/s
step 110000  L  0.2340  point 0.0141  disp 0.0362  theta 0.0000  stop 0.2670  act-agree 0.772  p(stop) 0.044  lr 2.79e-05  1.34 it/s
step 110200  L  0.3947  point 0.0115  disp 0.0470  theta 0.0000  stop 0.6004  act-agree 0.804  p(stop) 0.000  lr 2.78e-05  1.34 it/s
step 110400  L  0.3499  point 0.0127  disp 0.0391  theta 0.0000  stop 0.5174  act-agree 0.776  p(stop) 0.023  lr 2.76e-05  1.34 it/s
step 110600  L  0.5088  point 0.0167  disp 0.0547  theta 0.0000  stop 0.7915  act-agree 0.820  p(stop) 0.000  lr 2.74e-05  1.34 it/s
step 110800  L  0.3323  point 0.0159  disp 0.0463  theta 0.0000  stop 0.4544  act-agree 0.786  p(stop) 0.022  lr 2.73e-05  1.34 it/s
step 111000  L  0.4329  point 0.0133  disp 0.0456  theta 0.0000  stop 0.6570  act-agree 0.790  p(stop) 0.000  lr 2.71e-05  1.34 it/s
step 111200  L  0.3532  point 0.0139  disp 0.0426  theta 0.0000  stop 0.4997  act-agree 0.804  p(stop) 0.005  lr 2.70e-05  1.34 it/s
step 111400  L  0.4506  point 0.0139  disp 0.0493  theta 0.0000  stop 0.6971  act-agree 0.811  p(stop) 0.001  lr 2.68e-05  1.33 it/s
step 111600  L  0.3083  point 0.0169  disp 0.0357  theta 0.0000  stop 0.4210  act-agree 0.800  p(stop) 0.000  lr 2.67e-05  1.33 it/s
step 111800  L  0.4110  point 0.0147  disp 0.0440  theta 0.0000  stop 0.6424  act-agree 0.828  p(stop) 0.001  lr 2.65e-05  1.33 it/s
step 112000  L  0.3669  point 0.0135  disp 0.0439  theta 0.0000  stop 0.5412  act-agree 0.780  p(stop) 0.002  lr 2.64e-05  1.33 it/s
step 112200  L  0.4076  point 0.0148  disp 0.0484  theta 0.0000  stop 0.6078  act-agree 0.789  p(stop) 0.000  lr 2.62e-05  1.33 it/s
step 112400  L  0.4036  point 0.0148  disp 0.0391  theta 0.0000  stop 0.6253  act-agree 0.785  p(stop) 0.010  lr 2.61e-05  1.33 it/s
step 112600  L  0.3415  point 0.0113  disp 0.0409  theta 0.0000  stop 0.5075  act-agree 0.775  p(stop) 0.000  lr 2.59e-05  1.33 it/s
step 112800  L  0.2761  point 0.0134  disp 0.0353  theta 0.0000  stop 0.3659  act-agree 0.802  p(stop) 0.001  lr 2.58e-05  1.33 it/s
step 113000  L  0.5239  point 0.0107  disp 0.0558  theta 0.0000  stop 0.8391  act-agree 0.807  p(stop) 0.000  lr 2.56e-05  1.33 it/s
step 113200  L  0.3744  point 0.0139  disp 0.0428  theta 0.0000  stop 0.5608  act-agree 0.815  p(stop) 0.041  lr 2.55e-05  1.32 it/s
step 113400  L  0.2573  point 0.0135  disp 0.0407  theta 0.0000  stop 0.3412  act-agree 0.791  p(stop) 0.000  lr 2.53e-05  1.32 it/s
step 113600  L  0.4679  point 0.0143  disp 0.0529  theta 0.0000  stop 0.7242  act-agree 0.811  p(stop) 0.064  lr 2.52e-05  1.32 it/s
step 113800  L  0.4831  point 0.0133  disp 0.0515  theta 0.0000  stop 0.7709  act-agree 0.796  p(stop) 0.000  lr 2.50e-05  1.32 it/s
step 114000  L  0.2625  point 0.0160  disp 0.0397  theta 0.0000  stop 0.3274  act-agree 0.806  p(stop) 0.000  lr 2.49e-05  1.32 it/s
step 114200  L  0.4379  point 0.0124  disp 0.0434  theta 0.0000  stop 0.6924  act-agree 0.794  p(stop) 0.007  lr 2.47e-05  1.32 it/s
step 114400  L  0.3020  point 0.0127  disp 0.0353  theta 0.0000  stop 0.4269  act-agree 0.780  p(stop) 0.000  lr 2.46e-05  1.32 it/s
step 114600  L  0.4600  point 0.0150  disp 0.0526  theta 0.0000  stop 0.7211  act-agree 0.814  p(stop) 0.000  lr 2.44e-05  1.32 it/s
step 114800  L  0.3512  point 0.0127  disp 0.0338  theta 0.0000  stop 0.5344  act-agree 0.784  p(stop) 0.000  lr 2.43e-05  1.32 it/s
step 115000  L  0.5372  point 0.0133  disp 0.0516  theta 0.0000  stop 0.8466  act-agree 0.811  p(stop) 0.009  lr 2.41e-05  1.32 it/s
step 115200  L  0.3638  point 0.0122  disp 0.0438  theta 0.0000  stop 0.5383  act-agree 0.820  p(stop) 0.000  lr 2.40e-05  1.31 it/s
step 115400  L  0.2846  point 0.0112  disp 0.0410  theta 0.0000  stop 0.3785  act-agree 0.786  p(stop) 0.067  lr 2.38e-05  1.31 it/s
step 115600  L  0.4192  point 0.0125  disp 0.0523  theta 0.0000  stop 0.6371  act-agree 0.799  p(stop) 0.046  lr 2.37e-05  1.31 it/s
step 115800  L  0.3642  point 0.0122  disp 0.0420  theta 0.0000  stop 0.5338  act-agree 0.833  p(stop) 0.007  lr 2.35e-05  1.31 it/s
step 116000  L  0.4576  point 0.0132  disp 0.0516  theta 0.0000  stop 0.7081  act-agree 0.780  p(stop) 0.001  lr 2.34e-05  1.31 it/s
step 116200  L  0.3457  point 0.0121  disp 0.0452  theta 0.0000  stop 0.4951  act-agree 0.836  p(stop) 0.024  lr 2.32e-05  1.31 it/s
step 116400  L  0.2812  point 0.0126  disp 0.0422  theta 0.0000  stop 0.3907  act-agree 0.794  p(stop) 0.118  lr 2.31e-05  1.31 it/s
step 116600  L  0.3832  point 0.0129  disp 0.0390  theta 0.0000  stop 0.5872  act-agree 0.820  p(stop) 0.005  lr 2.30e-05  1.31 it/s
step 116800  L  0.3250  point 0.0167  disp 0.0448  theta 0.0000  stop 0.4447  act-agree 0.791  p(stop) 0.000  lr 2.28e-05  1.31 it/s
step 117000  L  0.3351  point 0.0146  disp 0.0406  theta 0.0000  stop 0.4825  act-agree 0.818  p(stop) 0.000  lr 2.27e-05  1.31 it/s
step 117200  L  0.3738  point 0.0145  disp 0.0447  theta 0.0000  stop 0.5435  act-agree 0.779  p(stop) 0.000  lr 2.25e-05  1.31 it/s
step 117400  L  0.4466  point 0.0127  disp 0.0445  theta 0.0000  stop 0.7061  act-agree 0.801  p(stop) 0.004  lr 2.24e-05  1.31 it/s
step 117600  L  0.5227  point 0.0143  disp 0.0520  theta 0.0000  stop 0.8351  act-agree 0.781  p(stop) 0.041  lr 2.22e-05  1.31 it/s
step 117800  L  0.4854  point 0.0126  disp 0.0475  theta 0.0000  stop 0.7816  act-agree 0.795  p(stop) 0.000  lr 2.21e-05  1.31 it/s
step 118000  L  0.4068  point 0.0128  disp 0.0445  theta 0.0000  stop 0.6233  act-agree 0.818  p(stop) 0.010  lr 2.20e-05  1.31 it/s
step 118200  L  0.4415  point 0.0123  disp 0.0483  theta 0.0000  stop 0.6839  act-agree 0.791  p(stop) 0.000  lr 2.18e-05  1.31 it/s
step 118400  L  0.3655  point 0.0137  disp 0.0369  theta 0.0000  stop 0.5472  act-agree 0.833  p(stop) 0.006  lr 2.17e-05  1.31 it/s
step 118600  L  0.3743  point 0.0142  disp 0.0406  theta 0.0000  stop 0.5767  act-agree 0.816  p(stop) 0.024  lr 2.15e-05  1.31 it/s
step 118800  L  0.2781  point 0.0115  disp 0.0377  theta 0.0000  stop 0.3782  act-agree 0.804  p(stop) 0.000  lr 2.14e-05  1.31 it/s
step 119000  L  0.3683  point 0.0124  disp 0.0437  theta 0.0000  stop 0.5318  act-agree 0.806  p(stop) 0.013  lr 2.13e-05  1.31 it/s
step 119200  L  0.4231  point 0.0129  disp 0.0446  theta 0.0000  stop 0.6564  act-agree 0.790  p(stop) 0.000  lr 2.11e-05  1.31 it/s
step 119400  L  0.3822  point 0.0120  disp 0.0469  theta 0.0000  stop 0.5751  act-agree 0.797  p(stop) 0.011  lr 2.10e-05  1.31 it/s
step 119600  L  0.3561  point 0.0158  disp 0.0303  theta 0.0000  stop 0.5493  act-agree 0.823  p(stop) 0.002  lr 2.09e-05  1.31 it/s
step 119800  L  0.4326  point 0.0127  disp 0.0543  theta 0.0000  stop 0.6388  act-agree 0.765  p(stop) 0.005  lr 2.07e-05  1.31 it/s
step 120000  L  0.4529  point 0.0118  disp 0.0429  theta 0.0000  stop 0.7251  act-agree 0.809  p(stop) 0.000  lr 2.06e-05  1.32 it/s
step 120200  L  0.3085  point 0.0121  disp 0.0440  theta 0.0000  stop 0.4121  act-agree 0.800  p(stop) 0.000  lr 2.04e-05  1.32 it/s
step 120400  L  0.4186  point 0.0115  disp 0.0482  theta 0.0000  stop 0.6480  act-agree 0.812  p(stop) 0.187  lr 2.03e-05  1.32 it/s
step 120600  L  0.2875  point 0.0100  disp 0.0290  theta 0.0000  stop 0.4258  act-agree 0.796  p(stop) 0.010  lr 2.02e-05  1.32 it/s
step 120800  L  0.3999  point 0.0131  disp 0.0480  theta 0.0000  stop 0.6122  act-agree 0.840  p(stop) 0.000  lr 2.00e-05  1.32 it/s
step 121000  L  0.3888  point 0.0131  disp 0.0451  theta 0.0000  stop 0.5762  act-agree 0.799  p(stop) 0.022  lr 1.99e-05  1.32 it/s
step 121200  L  0.3392  point 0.0125  disp 0.0424  theta 0.0000  stop 0.4864  act-agree 0.785  p(stop) 0.014  lr 1.98e-05  1.32 it/s
step 121400  L  0.5206  point 0.0108  disp 0.0540  theta 0.0000  stop 0.8379  act-agree 0.820  p(stop) 0.001  lr 1.96e-05  1.32 it/s
step 121600  L  0.3663  point 0.0118  disp 0.0428  theta 0.0000  stop 0.5413  act-agree 0.831  p(stop) 0.028  lr 1.95e-05  1.32 it/s
step 121800  L  0.3246  point 0.0119  disp 0.0375  theta 0.0000  stop 0.4858  act-agree 0.805  p(stop) 0.002  lr 1.94e-05  1.32 it/s
step 122000  L  0.3841  point 0.0117  disp 0.0450  theta 0.0000  stop 0.5773  act-agree 0.801  p(stop) 0.033  lr 1.93e-05  1.32 it/s
step 122200  L  0.3442  point 0.0141  disp 0.0427  theta 0.0000  stop 0.4991  act-agree 0.823  p(stop) 0.000  lr 1.91e-05  1.32 it/s
step 122400  L  0.4048  point 0.0115  disp 0.0423  theta 0.0000  stop 0.6237  act-agree 0.806  p(stop) 0.000  lr 1.90e-05  1.32 it/s
step 122600  L  0.3652  point 0.0133  disp 0.0515  theta 0.0000  stop 0.5291  act-agree 0.782  p(stop) 0.001  lr 1.89e-05  1.32 it/s
step 122800  L  0.3032  point 0.0125  disp 0.0376  theta 0.0000  stop 0.4192  act-agree 0.829  p(stop) 0.003  lr 1.87e-05  1.32 it/s
step 123000  L  0.4532  point 0.0128  disp 0.0536  theta 0.0000  stop 0.6996  act-agree 0.795  p(stop) 0.016  lr 1.86e-05  1.32 it/s
step 123200  L  0.5398  point 0.0119  disp 0.0463  theta 0.0000  stop 0.8943  act-agree 0.828  p(stop) 0.000  lr 1.85e-05  1.32 it/s
step 123400  L  0.2763  point 0.0117  disp 0.0396  theta 0.0000  stop 0.3696  act-agree 0.821  p(stop) 0.007  lr 1.84e-05  1.32 it/s
step 123600  L  0.4686  point 0.0106  disp 0.0480  theta 0.0000  stop 0.7449  act-agree 0.792  p(stop) 0.000  lr 1.82e-05  1.32 it/s
step 123800  L  0.4102  point 0.0119  disp 0.0384  theta 0.0000  stop 0.6660  act-agree 0.829  p(stop) 0.020  lr 1.81e-05  1.32 it/s
step 124000  L  0.3076  point 0.0113  disp 0.0462  theta 0.0000  stop 0.4267  act-agree 0.811  p(stop) 0.001  lr 1.80e-05  1.32 it/s
