######## D26 balanced (ratio 0.9) started Wed Sep  2 17:05:24 EDT 2026 ########
split=train  episodes=1665  steps=69606
scans=6
marginal-prior loss H(actions) = 0.9744  (uniform ln(4) = 1.3863)
Eq.14 target coverage: 0.952 (steps with a v_bar_{t+2}; the rest are masked)

mean ||v_bar|| = 14.798

action prior: LEFT=0.183  FWD=0.639  RIGHT=0.154  STOP=0.024
BASELINES  loss: uniform=1.3863  marginal=0.9744

Eq.12/Eq.5 asymmetry: OK  (train=v_bar_{t+1}, eval=z_{t-1})
pilot_mode=action_query   g_psi=learned   lambda=0.1
LR cosine: warmup 100 -> peak 1.00e-04 -> 5.00e-06 at step 17400 (floor 5% of peak)
epochs over 69,606 steps at batch 8: 2.00

step     50  L   5.3194  L_act 2.7997  L_pil    14.387  acc 0.380  STOP-rec 0.000(n=7)  |z|  14.69  lam 0.1737 ratio  0.90x  lr 5.10e-05  2.01 it/s
step    100  L   1.9730  L_act 1.0384  L_pil    10.554  acc 0.605  STOP-rec 0.000(n=7)  |z|  15.12  lam 0.0904 ratio  0.90x  lr 1.00e-04  2.03 it/s
step    150  L   1.9359  L_act 1.0189  L_pil     9.342  acc 0.625  STOP-rec 0.000(n=9)  |z|  15.20  lam 0.1030 ratio  0.90x  lr 1.00e-04  2.02 it/s
step    200  L   1.8003  L_act 0.9475  L_pil     8.251  acc 0.652  STOP-rec 0.000(n=7)  |z|  15.35  lam 0.1059 ratio  0.90x  lr 1.00e-04  2.02 it/s
step    250  L   1.8592  L_act 0.9785  L_pil     6.982  acc 0.652  STOP-rec 0.000(n=9)  |z|  14.39  lam 0.1341 ratio  0.90x  lr 1.00e-04  2.02 it/s
step    300  L   1.9063  L_act 1.0033  L_pil     6.282  acc 0.650  STOP-rec 0.000(n=13)  |z|  15.49  lam 0.1511 ratio  0.90x  lr 1.00e-04  2.01 it/s
step    350  L   1.8718  L_act 0.9851  L_pil     6.164  acc 0.635  STOP-rec 0.000(n=12)  |z|  15.26  lam 0.1497 ratio  0.90x  lr 1.00e-04  2.01 it/s
step    400  L   1.9762  L_act 1.0401  L_pil     6.386  acc 0.662  STOP-rec 0.000(n=11)  |z|  15.09  lam 0.1586 ratio  0.90x  lr 9.99e-05  2.01 it/s
step    450  L   1.8676  L_act 0.9829  L_pil     6.188  acc 0.615  STOP-rec 0.000(n=7)  |z|  15.76  lam 0.1485 ratio  0.90x  lr 9.99e-05  2.01 it/s
step    500  L   1.8660  L_act 0.9821  L_pil     5.598  acc 0.610  STOP-rec 0.000(n=8)  |z|  15.04  lam 0.1654 ratio  0.90x  lr 9.99e-05  2.01 it/s
step    550  L   1.7517  L_act 0.9220  L_pil     5.773  acc 0.640  STOP-rec 0.000(n=7)  |z|  15.67  lam 0.1520 ratio  0.90x  lr 9.98e-05  2.02 it/s
step    600  L   1.6385  L_act 0.8623  L_pil     5.478  acc 0.688  STOP-rec 0.000(n=9)  |z|  15.12  lam 0.1503 ratio  0.90x  lr 9.98e-05  2.01 it/s
step    650  L   1.7309  L_act 0.9110  L_pil     5.507  acc 0.657  STOP-rec 0.000(n=4)  |z|  16.66  lam 0.1527 ratio  0.90x  lr 9.98e-05  2.01 it/s
step    700  L   1.7604  L_act 0.9265  L_pil     5.351  acc 0.665  STOP-rec 0.000(n=14)  |z|  14.72  lam 0.1647 ratio  0.90x  lr 9.97e-05  2.01 it/s
step    750  L   1.7168  L_act 0.9036  L_pil     5.024  acc 0.675  STOP-rec 0.000(n=11)  |z|  15.38  lam 0.1719 ratio  0.90x  lr 9.97e-05  2.01 it/s
step    800  L   1.7240  L_act 0.9074  L_pil     5.272  acc 0.662  STOP-rec 0.000(n=10)  |z|  14.72  lam 0.1689 ratio  0.90x  lr 9.96e-05  2.02 it/s
step    850  L   1.7409  L_act 0.9162  L_pil     5.174  acc 0.635  STOP-rec 0.000(n=10)  |z|  14.82  lam 0.1678 ratio  0.90x  lr 9.96e-05  2.02 it/s
step    900  L   1.6786  L_act 0.8835  L_pil     4.586  acc 0.670  STOP-rec 0.000(n=8)  |z|  14.74  lam 0.1821 ratio  0.90x  lr 9.95e-05  2.02 it/s
step    950  L   1.8384  L_act 0.9676  L_pil     4.794  acc 0.627  STOP-rec 0.000(n=9)  |z|  15.08  lam 0.1923 ratio  0.90x  lr 9.94e-05  2.02 it/s
step   1000  L   1.7113  L_act 0.9007  L_pil     4.626  acc 0.677  STOP-rec 0.000(n=15)  |z|  14.57  lam 0.1932 ratio  0.90x  lr 9.94e-05  2.02 it/s
step   1050  L   1.6300  L_act 0.8579  L_pil     4.797  acc 0.693  STOP-rec 0.000(n=10)  |z|  15.35  lam 0.1658 ratio  0.90x  lr 9.93e-05  2.02 it/s
step   1100  L   1.6865  L_act 0.8876  L_pil     4.483  acc 0.667  STOP-rec 0.000(n=8)  |z|  14.70  lam 0.1882 ratio  0.90x  lr 9.92e-05  2.02 it/s
step   1150  L   1.5024  L_act 0.7907  L_pil     4.951  acc 0.723  STOP-rec 0.000(n=9)  |z|  15.54  lam 0.1608 ratio  0.90x  lr 9.91e-05  2.01 it/s
step   1200  L   1.5790  L_act 0.8310  L_pil     4.452  acc 0.698  STOP-rec 0.000(n=7)  |z|  14.41  lam 0.1746 ratio  0.90x  lr 9.91e-05  2.00 it/s
step   1250  L   1.6491  L_act 0.8679  L_pil     4.765  acc 0.680  STOP-rec 0.000(n=7)  |z|  15.26  lam 0.1767 ratio  0.90x  lr 9.90e-05  1.99 it/s
step   1300  L   1.6154  L_act 0.8502  L_pil     5.000  acc 0.688  STOP-rec 0.000(n=8)  |z|  16.25  lam 0.1626 ratio  0.90x  lr 9.89e-05  1.98 it/s
step   1350  L   1.6164  L_act 0.8507  L_pil     4.878  acc 0.705  STOP-rec 0.000(n=13)  |z|  15.09  lam 0.1671 ratio  0.90x  lr 9.88e-05  1.98 it/s
step   1400  L   1.4869  L_act 0.7826  L_pil     4.486  acc 0.730  STOP-rec 0.000(n=13)  |z|  14.72  lam 0.1703 ratio  0.90x  lr 9.87e-05  1.98 it/s
step   1450  L   1.5074  L_act 0.7934  L_pil     4.693  acc 0.690  STOP-rec 0.000(n=8)  |z|  15.37  lam 0.1630 ratio  0.90x  lr 9.86e-05  1.97 it/s
step   1500  L   1.3012  L_act 0.6848  L_pil     4.657  acc 0.757  STOP-rec 0.000(n=6)  |z|  15.43  lam 0.1436 ratio  0.90x  lr 9.85e-05  1.97 it/s
step   1550  L   1.5300  L_act 0.8053  L_pil     4.562  acc 0.710  STOP-rec 0.000(n=10)  |z|  15.82  lam 0.1669 ratio  0.90x  lr 9.84e-05  1.96 it/s
step   1600  L   1.4514  L_act 0.7639  L_pil     4.415  acc 0.710  STOP-rec 0.000(n=13)  |z|  15.09  lam 0.1637 ratio  0.90x  lr 9.82e-05  1.96 it/s
step   1650  L   1.1868  L_act 0.6246  L_pil     4.459  acc 0.765  STOP-rec 0.000(n=6)  |z|  15.34  lam 0.1296 ratio  0.90x  lr 9.81e-05  1.96 it/s
step   1700  L   1.3449  L_act 0.7079  L_pil     4.434  acc 0.745  STOP-rec 0.000(n=16)  |z|  14.94  lam 0.1527 ratio  0.90x  lr 9.80e-05  1.95 it/s
step   1750  L   1.1868  L_act 0.6246  L_pil     4.363  acc 0.767  STOP-rec 0.000(n=6)  |z|  15.10  lam 0.1327 ratio  0.90x  lr 9.79e-05  1.95 it/s
step   1800  L   1.4088  L_act 0.7415  L_pil     4.452  acc 0.708  STOP-rec 0.000(n=9)  |z|  15.00  lam 0.1644 ratio  0.90x  lr 9.78e-05  1.95 it/s
step   1850  L   1.1787  L_act 0.6204  L_pil     4.340  acc 0.767  STOP-rec 0.000(n=10)  |z|  15.09  lam 0.1404 ratio  0.90x  lr 9.76e-05  1.94 it/s
step   1900  L   1.2831  L_act 0.6753  L_pil     4.043  acc 0.755  STOP-rec 0.000(n=10)  |z|  15.41  lam 0.1571 ratio  0.90x  lr 9.75e-05  1.94 it/s
step   1950  L   1.2279  L_act 0.6463  L_pil     4.449  acc 0.762  STOP-rec 0.000(n=10)  |z|  15.47  lam 0.1375 ratio  0.90x  lr 9.73e-05  1.94 it/s
step   2000  L   1.0870  L_act 0.5721  L_pil     4.253  acc 0.807  STOP-rec 0.000(n=7)  |z|  15.15  lam 0.1288 ratio  0.90x  lr 9.72e-05  1.94 it/s
  saved adapter (224 tensors) -> checkpoints/stage1_balanced/step2000
step   2050  L   1.0829  L_act 0.5699  L_pil     4.241  acc 0.802  STOP-rec 0.000(n=5)  |z|  14.98  lam 0.1286 ratio  0.90x  lr 9.71e-05  1.93 it/s
step   2100  L   1.0271  L_act 0.5406  L_pil     4.191  acc 0.815  STOP-rec 0.000(n=7)  |z|  15.32  lam 0.1237 ratio  0.90x  lr 9.69e-05  1.93 it/s
step   2150  L   1.1249  L_act 0.5921  L_pil     4.202  acc 0.782  STOP-rec 0.000(n=9)  |z|  14.79  lam 0.1357 ratio  0.90x  lr 9.67e-05  1.93 it/s
step   2200  L   1.1044  L_act 0.5813  L_pil     4.170  acc 0.807  STOP-rec 0.000(n=14)  |z|  14.07  lam 0.1352 ratio  0.90x  lr 9.66e-05  1.93 it/s
step   2250  L   1.0665  L_act 0.5613  L_pil     4.270  acc 0.812  STOP-rec 0.000(n=14)  |z|  15.20  lam 0.1275 ratio  0.90x  lr 9.64e-05  1.93 it/s
step   2300  L   1.1152  L_act 0.5869  L_pil     4.227  acc 0.805  STOP-rec 0.000(n=7)  |z|  14.77  lam 0.1307 ratio  0.90x  lr 9.63e-05  1.93 it/s
step   2350  L   1.0226  L_act 0.5382  L_pil     4.288  acc 0.815  STOP-rec 0.000(n=15)  |z|  15.09  lam 0.1229 ratio  0.90x  lr 9.61e-05  1.93 it/s
step   2400  L   1.0633  L_act 0.5596  L_pil     4.240  acc 0.805  STOP-rec 0.000(n=9)  |z|  15.66  lam 0.1195 ratio  0.90x  lr 9.59e-05  1.94 it/s
step   2450  L   1.0404  L_act 0.5476  L_pil     4.262  acc 0.820  STOP-rec 0.000(n=9)  |z|  15.62  lam 0.1266 ratio  0.90x  lr 9.57e-05  1.94 it/s
step   2500  L   1.1724  L_act 0.6171  L_pil     4.007  acc 0.797  STOP-rec 0.000(n=10)  |z|  15.00  lam 0.1471 ratio  0.90x  lr 9.56e-05  1.94 it/s
step   2550  L   1.1471  L_act 0.6038  L_pil     4.270  acc 0.775  STOP-rec 0.000(n=15)  |z|  14.61  lam 0.1312 ratio  0.90x  lr 9.54e-05  1.94 it/s
step   2600  L   1.0355  L_act 0.5450  L_pil     4.209  acc 0.810  STOP-rec 0.000(n=8)  |z|  15.42  lam 0.1215 ratio  0.90x  lr 9.52e-05  1.94 it/s
step   2650  L   0.7372  L_act 0.3880  L_pil     4.123  acc 0.863  STOP-rec 0.000(n=8)  |z|  15.67  lam 0.0873 ratio  0.90x  lr 9.50e-05  1.94 it/s
step   2700  L   1.1038  L_act 0.5810  L_pil     3.925  acc 0.810  STOP-rec 0.000(n=15)  |z|  14.71  lam 0.1426 ratio  0.90x  lr 9.48e-05  1.94 it/s
step   2750  L   0.8234  L_act 0.4334  L_pil     3.933  acc 0.850  STOP-rec 0.000(n=14)  |z|  15.17  lam 0.1036 ratio  0.90x  lr 9.46e-05  1.94 it/s
step   2800  L   0.7525  L_act 0.3961  L_pil     3.955  acc 0.868  STOP-rec 0.000(n=7)  |z|  15.38  lam 0.0983 ratio  0.90x  lr 9.44e-05  1.95 it/s
step   2850  L   0.8161  L_act 0.4295  L_pil     4.232  acc 0.868  STOP-rec 0.000(n=11)  |z|  15.46  lam 0.0950 ratio  0.90x  lr 9.42e-05  1.95 it/s
step   2900  L   1.0264  L_act 0.5402  L_pil     4.085  acc 0.825  STOP-rec 0.000(n=13)  |z|  15.14  lam 0.1266 ratio  0.90x  lr 9.40e-05  1.95 it/s
step   2950  L   1.0431  L_act 0.5490  L_pil     4.204  acc 0.820  STOP-rec 0.000(n=10)  |z|  15.56  lam 0.1202 ratio  0.90x  lr 9.38e-05  1.95 it/s
step   3000  L   0.8558  L_act 0.4504  L_pil     4.210  acc 0.843  STOP-rec 0.000(n=7)  |z|  14.95  lam 0.1057 ratio  0.90x  lr 9.36e-05  1.95 it/s
step   3050  L   1.0255  L_act 0.5398  L_pil     3.833  acc 0.815  STOP-rec 0.000(n=16)  |z|  14.72  lam 0.1294 ratio  0.90x  lr 9.33e-05  1.95 it/s
step   3100  L   0.8117  L_act 0.4272  L_pil     4.206  acc 0.853  STOP-rec 0.000(n=7)  |z|  14.86  lam 0.0977 ratio  0.90x  lr 9.31e-05  1.95 it/s
step   3150  L   0.8867  L_act 0.4667  L_pil     4.157  acc 0.843  STOP-rec 0.000(n=9)  |z|  15.92  lam 0.1117 ratio  0.90x  lr 9.29e-05  1.95 it/s
step   3200  L   0.8599  L_act 0.4526  L_pil     4.195  acc 0.863  STOP-rec 0.000(n=10)  |z|  15.15  lam 0.0977 ratio  0.90x  lr 9.27e-05  1.95 it/s
step   3250  L   0.8021  L_act 0.4222  L_pil     4.100  acc 0.877  STOP-rec 0.000(n=9)  |z|  15.04  lam 0.1006 ratio  0.90x  lr 9.24e-05  1.96 it/s
step   3300  L   0.7772  L_act 0.4090  L_pil     3.987  acc 0.870  STOP-rec 0.000(n=8)  |z|  14.61  lam 0.1014 ratio  0.90x  lr 9.22e-05  1.96 it/s
step   3350  L   0.8929  L_act 0.4700  L_pil     4.362  acc 0.858  STOP-rec 0.000(n=8)  |z|  14.89  lam 0.1028 ratio  0.90x  lr 9.20e-05  1.96 it/s
step   3400  L   0.7350  L_act 0.3868  L_pil     4.082  acc 0.868  STOP-rec 0.000(n=3)  |z|  14.86  lam 0.0927 ratio  0.90x  lr 9.17e-05  1.96 it/s
step   3450  L   0.7605  L_act 0.4003  L_pil     4.027  acc 0.880  STOP-rec 0.000(n=7)  |z|  15.57  lam 0.1010 ratio  0.90x  lr 9.15e-05  1.96 it/s
step   3500  L   0.8836  L_act 0.4651  L_pil     3.922  acc 0.855  STOP-rec 0.000(n=10)  |z|  15.54  lam 0.1106 ratio  0.90x  lr 9.12e-05  1.96 it/s
step   3550  L   0.7053  L_act 0.3712  L_pil     4.079  acc 0.875  STOP-rec 0.000(n=9)  |z|  15.67  lam 0.0877 ratio  0.90x  lr 9.10e-05  1.96 it/s
step   3600  L   0.8280  L_act 0.4358  L_pil     4.108  acc 0.877  STOP-rec 0.000(n=8)  |z|  15.50  lam 0.0997 ratio  0.90x  lr 9.07e-05  1.96 it/s
step   3650  L   0.8457  L_act 0.4451  L_pil     4.351  acc 0.853  STOP-rec 0.000(n=8)  |z|  14.91  lam 0.0978 ratio  0.90x  lr 9.05e-05  1.96 it/s
step   3700  L   0.6002  L_act 0.3159  L_pil     4.087  acc 0.915  STOP-rec 0.000(n=6)  |z|  15.31  lam 0.0742 ratio  0.90x  lr 9.02e-05  1.96 it/s
step   3750  L   0.8307  L_act 0.4372  L_pil     4.081  acc 0.877  STOP-rec 0.083(n=12)  |z|  14.99  lam 0.1099 ratio  0.90x  lr 8.99e-05  1.96 it/s
step   3800  L   0.7994  L_act 0.4207  L_pil     4.210  acc 0.877  STOP-rec 0.000(n=12)  |z|  14.47  lam 0.0972 ratio  0.90x  lr 8.97e-05  1.96 it/s
step   3850  L   0.7532  L_act 0.3964  L_pil     4.223  acc 0.865  STOP-rec 0.000(n=9)  |z|  15.04  lam 0.0930 ratio  0.90x  lr 8.94e-05  1.96 it/s
step   3900  L   0.8571  L_act 0.4511  L_pil     4.027  acc 0.873  STOP-rec 0.000(n=10)  |z|  15.43  lam 0.1070 ratio  0.90x  lr 8.91e-05  1.96 it/s
step   3950  L   0.5738  L_act 0.3020  L_pil     4.074  acc 0.900  STOP-rec 0.000(n=11)  |z|  15.26  lam 0.0752 ratio  0.90x  lr 8.89e-05  1.96 it/s
step   4000  L   0.8780  L_act 0.4621  L_pil     4.173  acc 0.860  STOP-rec 0.000(n=8)  |z|  14.77  lam 0.1022 ratio  0.90x  lr 8.86e-05  1.96 it/s
  saved adapter (224 tensors) -> checkpoints/stage1_balanced/step4000
step   4050  L   0.7161  L_act 0.3769  L_pil     4.081  acc 0.887  STOP-rec 0.000(n=9)  |z|  15.31  lam 0.0831 ratio  0.90x  lr 8.83e-05  1.96 it/s
step   4100  L   0.6189  L_act 0.3257  L_pil     4.041  acc 0.902  STOP-rec 0.000(n=9)  |z|  15.59  lam 0.0832 ratio  0.90x  lr 8.80e-05  1.97 it/s
step   4150  L   0.8888  L_act 0.4678  L_pil     4.133  acc 0.877  STOP-rec 0.000(n=11)  |z|  15.36  lam 0.1102 ratio  0.90x  lr 8.77e-05  1.97 it/s
step   4200  L   0.6262  L_act 0.3296  L_pil     4.384  acc 0.887  STOP-rec 0.000(n=10)  |z|  14.81  lam 0.0758 ratio  0.90x  lr 8.74e-05  1.97 it/s
step   4250  L   0.6686  L_act 0.3519  L_pil     4.020  acc 0.912  STOP-rec 0.000(n=9)  |z|  15.44  lam 0.0847 ratio  0.90x  lr 8.71e-05  1.97 it/s
step   4300  L   0.7713  L_act 0.4059  L_pil     4.015  acc 0.895  STOP-rec 0.000(n=12)  |z|  15.20  lam 0.1044 ratio  0.90x  lr 8.68e-05  1.97 it/s
step   4350  L   0.8358  L_act 0.4399  L_pil     4.012  acc 0.873  STOP-rec 0.000(n=12)  |z|  14.78  lam 0.1042 ratio  0.90x  lr 8.65e-05  1.97 it/s
step   4400  L   0.7565  L_act 0.3981  L_pil     4.078  acc 0.887  STOP-rec 0.000(n=11)  |z|  15.55  lam 0.0907 ratio  0.90x  lr 8.62e-05  1.97 it/s
step   4450  L   0.8068  L_act 0.4246  L_pil     3.987  acc 0.880  STOP-rec 0.000(n=10)  |z|  14.69  lam 0.0976 ratio  0.90x  lr 8.59e-05  1.97 it/s
step   4500  L   0.7162  L_act 0.3769  L_pil     4.097  acc 0.900  STOP-rec 0.083(n=12)  |z|  15.74  lam 0.0884 ratio  0.90x  lr 8.56e-05  1.97 it/s
step   4550  L   0.6076  L_act 0.3198  L_pil     4.020  acc 0.910  STOP-rec 0.000(n=10)  |z|  15.57  lam 0.0825 ratio  0.90x  lr 8.53e-05  1.97 it/s
step   4600  L   0.7614  L_act 0.4007  L_pil     4.029  acc 0.890  STOP-rec 0.000(n=4)  |z|  15.45  lam 0.0964 ratio  0.90x  lr 8.50e-05  1.97 it/s
step   4650  L   0.6911  L_act 0.3637  L_pil     3.932  acc 0.897  STOP-rec 0.000(n=6)  |z|  15.92  lam 0.0894 ratio  0.90x  lr 8.47e-05  1.97 it/s
step   4700  L   0.7000  L_act 0.3684  L_pil     4.140  acc 0.892  STOP-rec 0.000(n=10)  |z|  15.26  lam 0.0870 ratio  0.90x  lr 8.44e-05  1.97 it/s
step   4750  L   0.6220  L_act 0.3274  L_pil     4.152  acc 0.902  STOP-rec 0.000(n=6)  |z|  15.45  lam 0.0787 ratio  0.90x  lr 8.40e-05  1.97 it/s
step   4800  L   0.7574  L_act 0.3986  L_pil     3.991  acc 0.887  STOP-rec 0.000(n=7)  |z|  15.39  lam 0.0978 ratio  0.90x  lr 8.37e-05  1.97 it/s
step   4850  L   0.9070  L_act 0.4774  L_pil     4.097  acc 0.855  STOP-rec 0.000(n=9)  |z|  15.59  lam 0.1134 ratio  0.90x  lr 8.34e-05  1.97 it/s
step   4900  L   0.5802  L_act 0.3053  L_pil     4.015  acc 0.900  STOP-rec 0.000(n=6)  |z|  14.80  lam 0.0772 ratio  0.90x  lr 8.31e-05  1.97 it/s
step   4950  L   0.7539  L_act 0.3968  L_pil     4.038  acc 0.895  STOP-rec 0.000(n=12)  |z|  15.27  lam 0.0948 ratio  0.90x  lr 8.27e-05  1.97 it/s
step   5000  L   0.7628  L_act 0.4015  L_pil     4.112  acc 0.887  STOP-rec 0.059(n=17)  |z|  15.26  lam 0.1000 ratio  0.90x  lr 8.24e-05  1.97 it/s
step   5050  L   0.6828  L_act 0.3593  L_pil     4.171  acc 0.902  STOP-rec 0.000(n=10)  |z|  14.97  lam 0.0842 ratio  0.90x  lr 8.21e-05  1.97 it/s
step   5100  L   0.6217  L_act 0.3272  L_pil     4.292  acc 0.905  STOP-rec 0.000(n=6)  |z|  14.93  lam 0.0743 ratio  0.90x  lr 8.17e-05  1.97 it/s
step   5150  L   0.7904  L_act 0.4160  L_pil     3.897  acc 0.880  STOP-rec 0.000(n=17)  |z|  15.74  lam 0.1036 ratio  0.90x  lr 8.14e-05  1.97 it/s
step   5200  L   0.6911  L_act 0.3637  L_pil     4.091  acc 0.900  STOP-rec 0.000(n=13)  |z|  15.59  lam 0.0911 ratio  0.90x  lr 8.10e-05  1.97 it/s
step   5250  L   0.6772  L_act 0.3564  L_pil     3.881  acc 0.905  STOP-rec 0.000(n=15)  |z|  15.18  lam 0.0900 ratio  0.90x  lr 8.07e-05  1.97 it/s
step   5300  L   0.7501  L_act 0.3948  L_pil     3.835  acc 0.887  STOP-rec 0.000(n=6)  |z|  15.22  lam 0.0951 ratio  0.90x  lr 8.03e-05  1.98 it/s
step   5350  L   0.5369  L_act 0.2826  L_pil     4.207  acc 0.915  STOP-rec 0.000(n=7)  |z|  14.87  lam 0.0684 ratio  0.90x  lr 8.00e-05  1.98 it/s
step   5400  L   0.5770  L_act 0.3037  L_pil     3.933  acc 0.915  STOP-rec 0.000(n=7)  |z|  14.86  lam 0.0772 ratio  0.90x  lr 7.96e-05  1.98 it/s
step   5450  L   0.6038  L_act 0.3178  L_pil     3.972  acc 0.912  STOP-rec 0.000(n=7)  |z|  15.38  lam 0.0731 ratio  0.90x  lr 7.93e-05  1.98 it/s
step   5500  L   0.6670  L_act 0.3510  L_pil     4.021  acc 0.905  STOP-rec 0.000(n=11)  |z|  15.03  lam 0.0903 ratio  0.90x  lr 7.89e-05  1.98 it/s
step   5550  L   0.5642  L_act 0.2970  L_pil     4.227  acc 0.902  STOP-rec 0.000(n=7)  |z|  15.55  lam 0.0662 ratio  0.90x  lr 7.86e-05  1.98 it/s
step   5600  L   0.5443  L_act 0.2865  L_pil     4.148  acc 0.912  STOP-rec 0.111(n=9)  |z|  14.71  lam 0.0674 ratio  0.90x  lr 7.82e-05  1.98 it/s
step   5650  L   0.4391  L_act 0.2311  L_pil     4.086  acc 0.917  STOP-rec 0.111(n=9)  |z|  14.86  lam 0.0584 ratio  0.90x  lr 7.78e-05  1.98 it/s
step   5700  L   0.7862  L_act 0.4138  L_pil     4.049  acc 0.885  STOP-rec 0.125(n=8)  |z|  15.33  lam 0.1066 ratio  0.90x  lr 7.75e-05  1.98 it/s
step   5750  L   0.4214  L_act 0.2218  L_pil     4.001  acc 0.938  STOP-rec 0.000(n=9)  |z|  14.77  lam 0.0560 ratio  0.90x  lr 7.71e-05  1.98 it/s
step   5800  L   0.6118  L_act 0.3220  L_pil     4.159  acc 0.917  STOP-rec 0.250(n=8)  |z|  15.44  lam 0.0762 ratio  0.90x  lr 7.67e-05  1.98 it/s
step   5850  L   0.6141  L_act 0.3232  L_pil     3.691  acc 0.915  STOP-rec 0.143(n=7)  |z|  15.04  lam 0.0862 ratio  0.90x  lr 7.64e-05  1.98 it/s
step   5900  L   0.5669  L_act 0.2984  L_pil     4.310  acc 0.925  STOP-rec 0.000(n=7)  |z|  14.71  lam 0.0768 ratio  0.90x  lr 7.60e-05  1.98 it/s
step   5950  L   0.8383  L_act 0.4412  L_pil     4.120  acc 0.855  STOP-rec 0.000(n=12)  |z|  15.17  lam 0.1036 ratio  0.90x  lr 7.56e-05  1.98 it/s
step   6000  L   0.6940  L_act 0.3653  L_pil     4.315  acc 0.900  STOP-rec 0.000(n=15)  |z|  16.19  lam 0.0920 ratio  0.90x  lr 7.52e-05  1.98 it/s
  saved adapter (224 tensors) -> checkpoints/stage1_balanced/step6000
step   6050  L   0.5842  L_act 0.3075  L_pil     4.284  acc 0.932  STOP-rec 0.000(n=10)  |z|  14.97  lam 0.0779 ratio  0.90x  lr 7.49e-05  1.98 it/s
step   6100  L   0.5877  L_act 0.3093  L_pil     3.785  acc 0.910  STOP-rec 0.000(n=12)  |z|  15.48  lam 0.0840 ratio  0.90x  lr 7.45e-05  1.98 it/s
step   6150  L   0.5407  L_act 0.2846  L_pil     4.015  acc 0.917  STOP-rec 0.000(n=9)  |z|  15.21  lam 0.0666 ratio  0.90x  lr 7.41e-05  1.98 it/s
step   6200  L   0.7552  L_act 0.3975  L_pil     3.898  acc 0.900  STOP-rec 0.000(n=13)  |z|  15.44  lam 0.1094 ratio  0.90x  lr 7.37e-05  1.98 it/s
step   6250  L   0.5981  L_act 0.3148  L_pil     4.159  acc 0.917  STOP-rec 0.000(n=9)  |z|  15.48  lam 0.0749 ratio  0.90x  lr 7.33e-05  1.98 it/s
step   6300  L   0.8042  L_act 0.4232  L_pil     4.118  acc 0.873  STOP-rec 0.200(n=10)  |z|  14.77  lam 0.0982 ratio  0.90x  lr 7.29e-05  1.98 it/s
step   6350  L   0.5889  L_act 0.3099  L_pil     4.022  acc 0.915  STOP-rec 0.000(n=13)  |z|  15.32  lam 0.0804 ratio  0.90x  lr 7.26e-05  1.98 it/s
step   6400  L   0.5180  L_act 0.2726  L_pil     3.949  acc 0.917  STOP-rec 0.000(n=8)  |z|  15.28  lam 0.0672 ratio  0.90x  lr 7.22e-05  1.98 it/s
step   6450  L   0.5081  L_act 0.2674  L_pil     3.962  acc 0.910  STOP-rec 0.000(n=6)  |z|  15.04  lam 0.0657 ratio  0.90x  lr 7.18e-05  1.98 it/s
step   6500  L   0.5557  L_act 0.2925  L_pil     3.913  acc 0.925  STOP-rec 0.000(n=7)  |z|  15.10  lam 0.0736 ratio  0.90x  lr 7.14e-05  1.98 it/s
step   6550  L   0.6685  L_act 0.3519  L_pil     3.872  acc 0.910  STOP-rec 0.000(n=10)  |z|  15.31  lam 0.0833 ratio  0.90x  lr 7.10e-05  1.98 it/s
step   6600  L   0.6382  L_act 0.3359  L_pil     4.012  acc 0.897  STOP-rec 0.154(n=13)  |z|  15.68  lam 0.0896 ratio  0.90x  lr 7.06e-05  1.98 it/s
step   6650  L   0.5422  L_act 0.2854  L_pil     3.803  acc 0.915  STOP-rec 0.000(n=9)  |z|  15.41  lam 0.0702 ratio  0.90x  lr 7.02e-05  1.98 it/s
step   6700  L   0.6617  L_act 0.3482  L_pil     3.959  acc 0.897  STOP-rec 0.000(n=13)  |z|  15.26  lam 0.0933 ratio  0.90x  lr 6.98e-05  1.98 it/s
step   6750  L   0.4856  L_act 0.2556  L_pil     3.939  acc 0.925  STOP-rec 0.091(n=11)  |z|  15.36  lam 0.0613 ratio  0.90x  lr 6.94e-05  1.98 it/s
step   6800  L   0.5513  L_act 0.2901  L_pil     4.032  acc 0.927  STOP-rec 0.000(n=7)  |z|  15.54  lam 0.0685 ratio  0.90x  lr 6.90e-05  1.98 it/s
step   6850  L   0.4723  L_act 0.2486  L_pil     3.845  acc 0.925  STOP-rec 0.100(n=10)  |z|  15.36  lam 0.0655 ratio  0.90x  lr 6.86e-05  1.98 it/s
step   6900  L   0.6022  L_act 0.3169  L_pil     3.793  acc 0.922  STOP-rec 0.000(n=9)  |z|  14.90  lam 0.0852 ratio  0.90x  lr 6.82e-05  1.98 it/s
step   6950  L   0.5636  L_act 0.2966  L_pil     4.164  acc 0.912  STOP-rec 0.062(n=16)  |z|  15.03  lam 0.0844 ratio  0.90x  lr 6.78e-05  1.98 it/s
step   7000  L   0.7183  L_act 0.3781  L_pil     4.154  acc 0.905  STOP-rec 0.071(n=14)  |z|  16.04  lam 0.0855 ratio  0.90x  lr 6.73e-05  1.98 it/s
step   7050  L   0.5441  L_act 0.2864  L_pil     3.933  acc 0.917  STOP-rec 0.083(n=12)  |z|  15.10  lam 0.0693 ratio  0.90x  lr 6.69e-05  1.99 it/s
step   7100  L   0.5540  L_act 0.2916  L_pil     3.930  acc 0.910  STOP-rec 0.071(n=14)  |z|  14.71  lam 0.0734 ratio  0.90x  lr 6.65e-05  1.99 it/s
step   7150  L   0.6410  L_act 0.3374  L_pil     3.751  acc 0.907  STOP-rec 0.091(n=11)  |z|  14.89  lam 0.0862 ratio  0.90x  lr 6.61e-05  1.99 it/s
step   7200  L   0.4272  L_act 0.2248  L_pil     3.878  acc 0.938  STOP-rec 0.000(n=5)  |z|  15.54  lam 0.0554 ratio  0.90x  lr 6.57e-05  1.99 it/s
step   7250  L   0.3694  L_act 0.1944  L_pil     3.942  acc 0.943  STOP-rec 0.000(n=5)  |z|  15.61  lam 0.0484 ratio  0.90x  lr 6.53e-05  1.99 it/s
step   7300  L   0.5804  L_act 0.3055  L_pil     3.981  acc 0.925  STOP-rec 0.100(n=10)  |z|  15.25  lam 0.0788 ratio  0.90x  lr 6.49e-05  1.99 it/s
step   7350  L   0.6503  L_act 0.3423  L_pil     3.962  acc 0.917  STOP-rec 0.143(n=7)  |z|  15.60  lam 0.0849 ratio  0.90x  lr 6.44e-05  1.99 it/s
step   7400  L   0.5117  L_act 0.2693  L_pil     3.916  acc 0.922  STOP-rec 0.000(n=8)  |z|  15.99  lam 0.0741 ratio  0.90x  lr 6.40e-05  1.99 it/s
step   7450  L   0.5221  L_act 0.2748  L_pil     3.839  acc 0.930  STOP-rec 0.077(n=13)  |z|  15.56  lam 0.0743 ratio  0.90x  lr 6.36e-05  1.99 it/s
step   7500  L   0.5665  L_act 0.2982  L_pil     3.908  acc 0.905  STOP-rec 0.083(n=12)  |z|  15.04  lam 0.0707 ratio  0.90x  lr 6.32e-05  1.99 it/s
step   7550  L   0.6002  L_act 0.3159  L_pil     3.730  acc 0.900  STOP-rec 0.000(n=10)  |z|  14.86  lam 0.0814 ratio  0.90x  lr 6.28e-05  1.99 it/s
step   7600  L   0.5181  L_act 0.2727  L_pil     3.748  acc 0.920  STOP-rec 0.182(n=11)  |z|  15.45  lam 0.0734 ratio  0.90x  lr 6.23e-05  1.99 it/s
step   7650  L   0.4445  L_act 0.2339  L_pil     4.015  acc 0.938  STOP-rec 0.125(n=8)  |z|  15.23  lam 0.0676 ratio  0.90x  lr 6.19e-05  1.99 it/s
step   7700  L   0.6995  L_act 0.3682  L_pil     3.719  acc 0.902  STOP-rec 0.000(n=7)  |z|  15.36  lam 0.0926 ratio  0.90x  lr 6.15e-05  1.99 it/s
step   7750  L   0.5484  L_act 0.2886  L_pil     3.881  acc 0.922  STOP-rec 0.091(n=11)  |z|  15.67  lam 0.0777 ratio  0.90x  lr 6.11e-05  1.99 it/s
step   7800  L   0.5662  L_act 0.2980  L_pil     3.831  acc 0.912  STOP-rec 0.000(n=8)  |z|  15.31  lam 0.0805 ratio  0.90x  lr 6.07e-05  1.99 it/s
step   7850  L   0.5920  L_act 0.3116  L_pil     3.742  acc 0.915  STOP-rec 0.125(n=8)  |z|  15.91  lam 0.0808 ratio  0.90x  lr 6.02e-05  1.99 it/s
step   7900  L   0.4807  L_act 0.2530  L_pil     3.795  acc 0.932  STOP-rec 0.167(n=12)  |z|  14.65  lam 0.0621 ratio  0.90x  lr 5.98e-05  1.99 it/s
step   7950  L   0.4476  L_act 0.2356  L_pil     3.917  acc 0.927  STOP-rec 0.071(n=14)  |z|  15.44  lam 0.0623 ratio  0.90x  lr 5.94e-05  1.99 it/s
step   8000  L   0.5384  L_act 0.2834  L_pil     4.093  acc 0.925  STOP-rec 0.000(n=6)  |z|  15.20  lam 0.0717 ratio  0.90x  lr 5.89e-05  1.99 it/s
  saved adapter (224 tensors) -> checkpoints/stage1_balanced/step8000
step   8050  L   0.2534  L_act 0.1334  L_pil     3.713  acc 0.963  STOP-rec 0.375(n=8)  |z|  15.62  lam 0.0357 ratio  0.90x  lr 5.85e-05  1.99 it/s
step   8100  L   0.6709  L_act 0.3531  L_pil     4.065  acc 0.910  STOP-rec 0.000(n=10)  |z|  15.02  lam 0.0858 ratio  0.90x  lr 5.81e-05  1.99 it/s
step   8150  L   0.3929  L_act 0.2068  L_pil     4.086  acc 0.935  STOP-rec 0.143(n=7)  |z|  14.65  lam 0.0535 ratio  0.90x  lr 5.77e-05  1.99 it/s
step   8200  L   0.4245  L_act 0.2234  L_pil     3.688  acc 0.940  STOP-rec 0.000(n=11)  |z|  15.49  lam 0.0654 ratio  0.90x  lr 5.72e-05  1.99 it/s
step   8250  L   0.4975  L_act 0.2618  L_pil     3.771  acc 0.927  STOP-rec 0.000(n=13)  |z|  15.05  lam 0.0655 ratio  0.90x  lr 5.68e-05  1.99 it/s
step   8300  L   0.2083  L_act 0.1096  L_pil     3.598  acc 0.963  STOP-rec 0.286(n=7)  |z|  14.85  lam 0.0308 ratio  0.91x  lr 5.64e-05  1.99 it/s
step   8350  L   0.3997  L_act 0.2104  L_pil     4.046  acc 0.950  STOP-rec 0.000(n=5)  |z|  14.92  lam 0.0527 ratio  0.97x  lr 5.59e-05  1.99 it/s
step   8400  L   0.3142  L_act 0.1654  L_pil     3.724  acc 0.950  STOP-rec 0.167(n=6)  |z|  15.29  lam 0.0421 ratio  0.90x  lr 5.55e-05  1.99 it/s
step   8450  L   0.5143  L_act 0.2707  L_pil     3.641  acc 0.940  STOP-rec 0.222(n=9)  |z|  14.95  lam 0.0710 ratio  0.90x  lr 5.51e-05  1.99 it/s
step   8500  L   0.5233  L_act 0.2754  L_pil     3.691  acc 0.927  STOP-rec 0.000(n=8)  |z|  15.28  lam 0.0694 ratio  0.90x  lr 5.47e-05  1.99 it/s
step   8550  L   0.4218  L_act 0.2220  L_pil     3.875  acc 0.938  STOP-rec 0.231(n=13)  |z|  14.85  lam 0.0567 ratio  0.90x  lr 5.42e-05  1.99 it/s
step   8600  L   0.4131  L_act 0.2174  L_pil     3.809  acc 0.927  STOP-rec 0.143(n=7)  |z|  15.40  lam 0.0609 ratio  0.90x  lr 5.38e-05  1.99 it/s
step   8650  L   0.5025  L_act 0.2645  L_pil     3.785  acc 0.940  STOP-rec 0.000(n=7)  |z|  14.96  lam 0.0712 ratio  0.90x  lr 5.34e-05  1.99 it/s
step   8700  L   0.5629  L_act 0.2962  L_pil     3.983  acc 0.912  STOP-rec 0.091(n=11)  |z|  14.40  lam 0.0719 ratio  0.90x  lr 5.29e-05  1.99 it/s
step   8750  L   0.2844  L_act 0.1497  L_pil     3.552  acc 0.958  STOP-rec 0.250(n=8)  |z|  15.98  lam 0.0393 ratio  0.90x  lr 5.25e-05  1.99 it/s
step   8800  L   0.2459  L_act 0.1294  L_pil     3.732  acc 0.953  STOP-rec 0.143(n=7)  |z|  15.22  lam 0.0313 ratio  0.90x  lr 5.21e-05  1.98 it/s
step   8850  L   0.3597  L_act 0.1893  L_pil     3.556  acc 0.948  STOP-rec 0.538(n=13)  |z|  14.98  lam 0.0503 ratio  0.90x  lr 5.16e-05  1.98 it/s
step   8900  L   0.2810  L_act 0.1479  L_pil     3.623  acc 0.965  STOP-rec 0.455(n=11)  |z|  15.83  lam 0.0375 ratio  0.90x  lr 5.12e-05  1.97 it/s
step   8950  L   0.4382  L_act 0.2306  L_pil     3.541  acc 0.935  STOP-rec 0.286(n=14)  |z|  15.93  lam 0.0663 ratio  0.90x  lr 5.08e-05  1.97 it/s
step   9000  L   0.2803  L_act 0.1475  L_pil     3.602  acc 0.958  STOP-rec 0.333(n=9)  |z|  15.22  lam 0.0430 ratio  0.91x  lr 5.03e-05  1.97 it/s
step   9050  L   0.3622  L_act 0.1906  L_pil     3.707  acc 0.953  STOP-rec 0.462(n=13)  |z|  14.79  lam 0.0514 ratio  0.99x  lr 4.99e-05  1.96 it/s
step   9100  L   0.4038  L_act 0.2125  L_pil     3.709  acc 0.950  STOP-rec 0.000(n=6)  |z|  14.86  lam 0.0558 ratio  0.92x  lr 4.95e-05  1.96 it/s
step   9150  L   0.2400  L_act 0.1263  L_pil     3.584  acc 0.970  STOP-rec 0.571(n=7)  |z|  15.73  lam 0.0345 ratio  0.91x  lr 4.91e-05  1.95 it/s
step   9200  L   0.4102  L_act 0.2159  L_pil     3.464  acc 0.943  STOP-rec 0.375(n=8)  |z|  15.56  lam 0.0587 ratio  0.97x  lr 4.86e-05  1.95 it/s
step   9250  L   0.2636  L_act 0.1387  L_pil     3.698  acc 0.965  STOP-rec 0.600(n=5)  |z|  15.97  lam 0.0347 ratio  0.90x  lr 4.82e-05  1.95 it/s
step   9300  L   0.3810  L_act 0.2005  L_pil     3.605  acc 0.965  STOP-rec 0.200(n=10)  |z|  15.61  lam 0.0628 ratio  0.92x  lr 4.78e-05  1.95 it/s
step   9350  L   0.4768  L_act 0.2510  L_pil     3.898  acc 0.940  STOP-rec 0.500(n=12)  |z|  15.75  lam 0.0580 ratio  0.90x  lr 4.73e-05  1.95 it/s
step   9400  L   0.4397  L_act 0.2314  L_pil     3.567  acc 0.943  STOP-rec 0.500(n=14)  |z|  15.67  lam 0.0621 ratio  0.90x  lr 4.69e-05  1.95 it/s
step   9450  L   0.2702  L_act 0.1422  L_pil     3.754  acc 0.960  STOP-rec 0.200(n=10)  |z|  15.14  lam 0.0403 ratio  0.91x  lr 4.65e-05  1.95 it/s
step   9500  L   0.4187  L_act 0.2204  L_pil     4.016  acc 0.955  STOP-rec 0.333(n=12)  |z|  15.92  lam 0.0655 ratio  0.94x  lr 4.61e-05  1.95 it/s
step   9550  L   0.3660  L_act 0.1926  L_pil     3.727  acc 0.958  STOP-rec 0.100(n=10)  |z|  14.79  lam 0.0494 ratio  0.91x  lr 4.56e-05  1.95 it/s
step   9600  L   0.3211  L_act 0.1690  L_pil     3.721  acc 0.958  STOP-rec 0.364(n=11)  |z|  14.64  lam 0.0515 ratio  0.90x  lr 4.52e-05  1.95 it/s
step   9650  L   0.3183  L_act 0.1675  L_pil     3.663  acc 0.958  STOP-rec 0.500(n=8)  |z|  14.75  lam 0.0417 ratio  0.90x  lr 4.48e-05  1.95 it/s
step   9700  L   0.3915  L_act 0.2060  L_pil     3.590  acc 0.953  STOP-rec 0.444(n=9)  |z|  15.31  lam 0.0561 ratio  0.90x  lr 4.43e-05  1.95 it/s
step   9750  L   0.4163  L_act 0.2191  L_pil     3.721  acc 0.955  STOP-rec 0.250(n=12)  |z|  15.70  lam 0.0629 ratio  0.90x  lr 4.39e-05  1.95 it/s
step   9800  L   0.2978  L_act 0.1568  L_pil     4.042  acc 0.955  STOP-rec 0.429(n=7)  |z|  15.09  lam 0.0381 ratio  0.91x  lr 4.35e-05  1.95 it/s
step   9850  L   0.2123  L_act 0.1117  L_pil     3.784  acc 0.973  STOP-rec 0.375(n=8)  |z|  15.10  lam 0.0282 ratio  0.99x  lr 4.31e-05  1.95 it/s
step   9900  L   0.5125  L_act 0.2697  L_pil     3.519  acc 0.927  STOP-rec 0.286(n=14)  |z|  15.23  lam 0.0807 ratio  0.93x  lr 4.27e-05  1.95 it/s
step   9950  L   0.2839  L_act 0.1494  L_pil     3.619  acc 0.958  STOP-rec 0.667(n=3)  |z|  15.12  lam 0.0410 ratio  0.90x  lr 4.22e-05  1.95 it/s
step  10000  L   0.2836  L_act 0.1493  L_pil     3.495  acc 0.948  STOP-rec 0.385(n=13)  |z|  15.06  lam 0.0407 ratio  0.90x  lr 4.18e-05  1.95 it/s
  saved adapter (224 tensors) -> checkpoints/stage1_balanced/step10000
step  10050  L   0.3003  L_act 0.1581  L_pil     3.563  acc 0.965  STOP-rec 0.444(n=9)  |z|  15.61  lam 0.0431 ratio  0.91x  lr 4.14e-05  1.95 it/s
step  10100  L   0.1308  L_act 0.0689  L_pil     3.781  acc 0.973  STOP-rec 0.429(n=7)  |z|  14.98  lam 0.0171 ratio  0.93x  lr 4.10e-05  1.95 it/s
step  10150  L   0.4568  L_act 0.2404  L_pil     3.697  acc 0.945  STOP-rec 0.250(n=8)  |z|  15.08  lam 0.0654 ratio  1.02x  lr 4.06e-05  1.95 it/s
step  10200  L   0.3082  L_act 0.1622  L_pil     3.550  acc 0.958  STOP-rec 0.444(n=9)  |z|  15.09  lam 0.0451 ratio  0.93x  lr 4.01e-05  1.95 it/s
step  10250  L   0.2455  L_act 0.1292  L_pil     3.475  acc 0.960  STOP-rec 0.300(n=10)  |z|  14.93  lam 0.0331 ratio  0.93x  lr 3.97e-05  1.95 it/s
step  10300  L   0.4779  L_act 0.2515  L_pil     3.907  acc 0.950  STOP-rec 0.143(n=7)  |z|  15.69  lam 0.0601 ratio  0.96x  lr 3.93e-05  1.95 it/s
step  10350  L   0.4141  L_act 0.2179  L_pil     3.707  acc 0.935  STOP-rec 0.200(n=10)  |z|  15.34  lam 0.0606 ratio  0.91x  lr 3.89e-05  1.95 it/s
step  10400  L   0.2850  L_act 0.1500  L_pil     3.610  acc 0.965  STOP-rec 0.625(n=8)  |z|  15.65  lam 0.0429 ratio  0.90x  lr 3.85e-05  1.95 it/s
step  10450  L   0.4290  L_act 0.2258  L_pil     3.650  acc 0.943  STOP-rec 0.100(n=10)  |z|  14.87  lam 0.0656 ratio  0.90x  lr 3.81e-05  1.95 it/s
step  10500  L   0.3012  L_act 0.1585  L_pil     3.761  acc 0.958  STOP-rec 0.429(n=7)  |z|  15.39  lam 0.0395 ratio  0.90x  lr 3.77e-05  1.95 it/s
step  10550  L   0.2598  L_act 0.1367  L_pil     3.670  acc 0.965  STOP-rec 0.000(n=6)  |z|  14.97  lam 0.0359 ratio  0.90x  lr 3.72e-05  1.95 it/s
step  10600  L   0.2356  L_act 0.1240  L_pil     3.504  acc 0.968  STOP-rec 0.500(n=12)  |z|  15.22  lam 0.0380 ratio  0.90x  lr 3.68e-05  1.95 it/s
step  10650  L   0.2703  L_act 0.1422  L_pil     3.649  acc 0.970  STOP-rec 0.286(n=7)  |z|  15.00  lam 0.0370 ratio  1.00x  lr 3.64e-05  1.95 it/s
step  10700  L   0.4007  L_act 0.2109  L_pil     3.774  acc 0.950  STOP-rec 0.143(n=7)  |z|  14.81  lam 0.0556 ratio  0.93x  lr 3.60e-05  1.95 it/s
step  10750  L   0.4477  L_act 0.2357  L_pil     3.653  acc 0.948  STOP-rec 0.375(n=8)  |z|  15.15  lam 0.0634 ratio  0.90x  lr 3.56e-05  1.95 it/s
