Loading weights:   0%|          | 0/626 [00:00<?, ?it/s]Loading weights:   4%|▍         | 26/626 [00:00<00:02, 254.11it/s]Loading weights:  23%|██▎       | 144/626 [00:00<00:00, 790.44it/s]Loading weights:  42%|████▏     | 265/626 [00:00<00:00, 979.51it/s]Loading weights:  95%|█████████▍| 593/626 [00:00<00:00, 1881.58it/s]Loading weights: 100%|██████████| 626/626 [00:00<00:00, 1475.17it/s]
checkpoints/pointing_full3/step120000  K=2 stride=8

loading cached features from layerfeat_step120000_2000_1000.npz

layers (incl. embeddings): 29   train 2000  test 1000
stop base rate: train 0.0420  test 0.0270

 layer   u corr     act  stop AUC  stop sep
--------------------------------------------
/home/kneepolean/.local/lib/python3.10/site-packages/numpy/lib/_function_base_impl.py:3045: RuntimeWarning: invalid value encountered in divide
  c /= stddev[:, None]
/home/kneepolean/.local/lib/python3.10/site-packages/numpy/lib/_function_base_impl.py:3046: RuntimeWarning: invalid value encountered in divide
  c /= stddev[None, :]
     0      nan   0.646     0.514    0.0000
     1   -0.144   0.226     0.522    0.0755
     2    0.016   0.220     0.544    0.1233
     3   -0.076   0.162     0.552    0.1254
     4    0.027   0.174     0.525    0.1327
     5    0.041   0.216     0.565    0.2931
     6   -0.111   0.236     0.550    0.2505
     7    0.047   0.227     0.535    0.1312
     8    0.030   0.283     0.560    0.2442
     9   -0.155   0.320     0.561    0.2715
    10   -0.172   0.280     0.602    0.3211
    11   -0.164   0.257     0.558    0.1211
    12   -0.133   0.237     0.529    0.0771
    13    0.042   0.243     0.538    0.1010
    14    0.082   0.267     0.621    0.3474
    15    0.004   0.273     0.718    0.5783
    16    0.007   0.208     0.562    0.1347
    17    0.130   0.277     0.486   -0.0596
    18    0.280   0.303     0.572    0.1441
    19    0.252   0.345     0.522    0.0593
    20    0.261   0.357     0.444   -0.1035
    21    0.228   0.335     0.617    0.2219
    22    0.179   0.303     0.562    0.1205
    23    0.133   0.411     0.694    0.3493
    24    0.152   0.396     0.689    0.3283
    25    0.312   0.410     0.601    0.1678
    26    0.357   0.372     0.659    0.2514
    27    0.262   0.437     0.584    0.1078
    28    0.317   0.407     0.442   -0.1347

BEST SINGLE LAYER   u: 26 (0.357)   act: 0 (0.646)   stop: 15 (AUC 0.718)
FINAL LAYER (28)     u: 0.317   act: 0.407   stop AUC: 0.442

FUSION (concatenated layers):
                   combo                 layers   u corr     act  stop AUC
--------------------------------------------------------------------------
              final only                     28    0.317   0.407     0.442
           best-per-task                0,15,26    0.310   0.425     0.731
   quarter/half/3q/final             7,14,21,28    0.332   0.507     0.576
                  last 4            25,26,27,28    0.309   0.535     0.622
               every 4th 0,4,8,12,16,20,24,28,2    0.292   0.498     0.570

SEARCHING 570 fusion combinations (one block -> all outputs) ...

TOP 12 ALL-ROUND FUSIONS
              layers   u corr     act  stop AUC   score
--------------------------------------------------------
          5,23,26,28    0.303   0.577     0.736   0.815
         14,21,26,28    0.309   0.555     0.752   0.808
         21,23,26,28    0.303   0.555     0.760   0.806
         21,23,25,26    0.274   0.573     0.775   0.796
          0,23,25,26    0.298   0.547     0.764   0.788
            23,25,26    0.298   0.547     0.764   0.788
             0,23,26    0.302   0.519     0.798   0.788
               23,26    0.302   0.519     0.797   0.787
          5,24,26,28    0.311   0.574     0.700   0.785
         14,21,25,28    0.298   0.572     0.726   0.784
         23,24,26,28    0.302   0.567     0.725   0.784
          0,21,25,26    0.299   0.532     0.781   0.784

baseline final-only(28):  u 0.317  act 0.407  stop 0.442
