Loading weights:   0%|          | 0/626 [00:00<?, ?it/s]Loading weights:   4%|▎         | 23/626 [00:00<00:02, 229.67it/s]Loading weights:  22%|██▏       | 138/626 [00:00<00:00, 761.95it/s]Loading weights:  42%|████▏     | 263/626 [00:00<00:00, 982.70it/s]Loading weights:  94%|█████████▍| 589/626 [00:00<00:00, 1872.80it/s]Loading weights: 100%|██████████| 626/626 [00:00<00:00, 1472.68it/s]
checkpoints/pointing_full3/step120000  K=2 stride=8

  train: 200/2000
  train: 400/2000
  train: 600/2000
  train: 800/2000
  train: 1000/2000
  train: 1200/2000
  train: 1400/2000
  train: 1600/2000
  train: 1800/2000
  train: 2000/2000
  test: 200/1000
  test: 400/1000
  test: 600/1000
  test: 800/1000
  test: 1000/1000

layers (incl. embeddings): 29   train 2000  test 1000
stop base rate: train 0.0420  test 0.0270

 layer   u corr     act  stop AUC  stop sep
--------------------------------------------
     0    0.000   0.646     0.514    0.0000
     1   -0.145   0.223     0.522    0.0756
     2    0.016   0.220     0.544    0.1233
     3   -0.076   0.162     0.552    0.1254
     4    0.027   0.174     0.525    0.1326
     5    0.041   0.215     0.565    0.2929
     6   -0.111   0.235     0.549    0.2503
     7    0.047   0.227     0.535    0.1309
     8    0.030   0.282     0.560    0.2440
     9   -0.155   0.320     0.561    0.2713
    10   -0.172   0.280     0.602    0.3213
    11   -0.164   0.257     0.558    0.1210
    12   -0.133   0.237     0.529    0.0772
    13    0.042   0.243     0.538    0.1010
    14    0.082   0.267     0.621    0.3475
    15    0.004   0.273     0.718    0.5783
    16    0.007   0.208     0.562    0.1346
    17    0.130   0.277     0.486   -0.0599
    18    0.280   0.303     0.572    0.1442
    19    0.252   0.345     0.522    0.0594
    20    0.261   0.358     0.444   -0.1039
    21    0.228   0.335     0.616    0.2217
    22    0.179   0.303     0.562    0.1206
    23    0.133   0.411     0.694    0.3492
    24    0.152   0.397     0.689    0.3283
    25    0.312   0.410     0.601    0.1677
    26    0.357   0.372     0.659    0.2513
    27    0.262   0.437     0.584    0.1079
    28    0.317   0.407     0.441   -0.1347

BEST SINGLE LAYER   u: 26 (0.357)   act: 0 (0.646)   stop: 15 (AUC 0.718)
FINAL LAYER (28)     u: 0.317   act: 0.407   stop AUC: 0.441

FUSION (concatenated layers):
                   combo                 layers   u corr     act  stop AUC
--------------------------------------------------------------------------
              final only                     28    0.317   0.407     0.441
           best-per-task                0,15,26    0.310   0.425     0.732
   quarter/half/3q/final             7,14,21,28    0.332   0.506     0.576
                  last 4            25,26,27,28    0.309   0.535     0.622
               every 4th 0,4,8,12,16,20,24,28,2    0.292   0.498     0.570
