WARNING: Retrying (Retry(total=4, connect=None, read=None, redirect=None, status=None)) after connection broken by 'NewConnectionError('<pip._vendor.urllib3.connection.HTTPSConnection object at 0x7fa0f4aafa60>: Failed to establish a new connection: [Errno -2] Name or service not known')': /diffusers/
WARNING: Retrying (Retry(total=3, connect=None, read=None, redirect=None, status=None)) after connection broken by 'NewConnectionError('<pip._vendor.urllib3.connection.HTTPSConnection object at 0x7fa0f4aafd00>: Failed to establish a new connection: [Errno -2] Name or service not known')': /diffusers/
WARNING: Retrying (Retry(total=2, connect=None, read=None, redirect=None, status=None)) after connection broken by 'NewConnectionError('<pip._vendor.urllib3.connection.HTTPSConnection object at 0x7fa0f4aafee0>: Failed to establish a new connection: [Errno -2] Name or service not known')': /diffusers/
WARNING: Retrying (Retry(total=1, connect=None, read=None, redirect=None, status=None)) after connection broken by 'NewConnectionError('<pip._vendor.urllib3.connection.HTTPSConnection object at 0x7fa0f4aaffa0>: Failed to establish a new connection: [Errno -2] Name or service not known')': /diffusers/
WARNING: Retrying (Retry(total=0, connect=None, read=None, redirect=None, status=None)) after connection broken by 'NewConnectionError('<pip._vendor.urllib3.connection.HTTPSConnection object at 0x7fa0f48f0400>: Failed to establish a new connection: [Errno -2] Name or service not known')': /diffusers/
WARNING: Retrying (Retry(total=4, connect=None, read=None, redirect=None, status=None)) after connection broken by 'NewConnectionError('<pip._vendor.urllib3.connection.HTTPSConnection object at 0x7fa0f49aba90>: Failed to establish a new connection: [Errno -2] Name or service not known')': /importlib-metadata/
WARNING: Retrying (Retry(total=3, connect=None, read=None, redirect=None, status=None)) after connection broken by 'NewConnectionError('<pip._vendor.urllib3.connection.HTTPSConnection object at 0x7fa0f49abd00>: Failed to establish a new connection: [Errno -2] Name or service not known')': /importlib-metadata/
WARNING: Retrying (Retry(total=2, connect=None, read=None, redirect=None, status=None)) after connection broken by 'NewConnectionError('<pip._vendor.urllib3.connection.HTTPSConnection object at 0x7fa0f49abee0>: Failed to establish a new connection: [Errno -2] Name or service not known')': /importlib-metadata/
WARNING: Retrying (Retry(total=1, connect=None, read=None, redirect=None, status=None)) after connection broken by 'NewConnectionError('<pip._vendor.urllib3.connection.HTTPSConnection object at 0x7fa0f49abfa0>: Failed to establish a new connection: [Errno -2] Name or service not known')': /importlib-metadata/
WARNING: Retrying (Retry(total=0, connect=None, read=None, redirect=None, status=None)) after connection broken by 'NewConnectionError('<pip._vendor.urllib3.connection.HTTPSConnection object at 0x7fa0f49542b0>: Failed to establish a new connection: [Errno -2] Name or service not known')': /importlib-metadata/
WARNING: Retrying (Retry(total=4, connect=None, read=None, redirect=None, status=None)) after connection broken by 'NewConnectionError('<pip._vendor.urllib3.connection.HTTPSConnection object at 0x7fa0f4874d90>: Failed to establish a new connection: [Errno -2] Name or service not known')': /requests/
WARNING: Retrying (Retry(total=3, connect=None, read=None, redirect=None, status=None)) after connection broken by 'NewConnectionError('<pip._vendor.urllib3.connection.HTTPSConnection object at 0x7fa0f4875240>: Failed to establish a new connection: [Errno -2] Name or service not known')': /requests/
WARNING: Retrying (Retry(total=2, connect=None, read=None, redirect=None, status=None)) after connection broken by 'NewConnectionError('<pip._vendor.urllib3.connection.HTTPSConnection object at 0x7fa0f48753f0>: Failed to establish a new connection: [Errno -2] Name or service not known')': /requests/
WARNING: Retrying (Retry(total=1, connect=None, read=None, redirect=None, status=None)) after connection broken by 'NewConnectionError('<pip._vendor.urllib3.connection.HTTPSConnection object at 0x7fa0f48755a0>: Failed to establish a new connection: [Errno -2] Name or service not known')': /requests/
WARNING: Retrying (Retry(total=0, connect=None, read=None, redirect=None, status=None)) after connection broken by 'NewConnectionError('<pip._vendor.urllib3.connection.HTTPSConnection object at 0x7fa0f4875750>: Failed to establish a new connection: [Errno -2] Name or service not known')': /requests/
WARNING: Retrying (Retry(total=4, connect=None, read=None, redirect=None, status=None)) after connection broken by 'NewConnectionError('<pip._vendor.urllib3.connection.HTTPSConnection object at 0x7fa0f45e7eb0>: Failed to establish a new connection: [Errno -2] Name or service not known')': /zipp/
WARNING: Retrying (Retry(total=3, connect=None, read=None, redirect=None, status=None)) after connection broken by 'NewConnectionError('<pip._vendor.urllib3.connection.HTTPSConnection object at 0x7fa0f46083d0>: Failed to establish a new connection: [Errno -2] Name or service not known')': /zipp/
WARNING: Retrying (Retry(total=2, connect=None, read=None, redirect=None, status=None)) after connection broken by 'NewConnectionError('<pip._vendor.urllib3.connection.HTTPSConnection object at 0x7fa0f4608580>: Failed to establish a new connection: [Errno -2] Name or service not known')': /zipp/
WARNING: Retrying (Retry(total=1, connect=None, read=None, redirect=None, status=None)) after connection broken by 'NewConnectionError('<pip._vendor.urllib3.connection.HTTPSConnection object at 0x7fa0f4608730>: Failed to establish a new connection: [Errno -2] Name or service not known')': /zipp/
WARNING: Retrying (Retry(total=0, connect=None, read=None, redirect=None, status=None)) after connection broken by 'NewConnectionError('<pip._vendor.urllib3.connection.HTTPSConnection object at 0x7fa0f46088e0>: Failed to establish a new connection: [Errno -2] Name or service not known')': /zipp/
WARNING: Retrying (Retry(total=4, connect=None, read=None, redirect=None, status=None)) after connection broken by 'NewConnectionError('<pip._vendor.urllib3.connection.HTTPSConnection object at 0x7fa0f3ccfbe0>: Failed to establish a new connection: [Errno -2] Name or service not known')': /charset-normalizer/
WARNING: Retrying (Retry(total=3, connect=None, read=None, redirect=None, status=None)) after connection broken by 'NewConnectionError('<pip._vendor.urllib3.connection.HTTPSConnection object at 0x7fa0f3ccfe50>: Failed to establish a new connection: [Errno -2] Name or service not known')': /charset-normalizer/
WARNING: Retrying (Retry(total=2, connect=None, read=None, redirect=None, status=None)) after connection broken by 'NewConnectionError('<pip._vendor.urllib3.connection.HTTPSConnection object at 0x7fa0f3ccff40>: Failed to establish a new connection: [Errno -2] Name or service not known')': /charset-normalizer/
WARNING: Retrying (Retry(total=1, connect=None, read=None, redirect=None, status=None)) after connection broken by 'NewConnectionError('<pip._vendor.urllib3.connection.HTTPSConnection object at 0x7fa0f3f401f0>: Failed to establish a new connection: [Errno -2] Name or service not known')': /charset-normalizer/
WARNING: Retrying (Retry(total=0, connect=None, read=None, redirect=None, status=None)) after connection broken by 'NewConnectionError('<pip._vendor.urllib3.connection.HTTPSConnection object at 0x7fa0f3f403a0>: Failed to establish a new connection: [Errno -2] Name or service not known')': /charset-normalizer/
WARNING: Retrying (Retry(total=4, connect=None, read=None, redirect=None, status=None)) after connection broken by 'NewConnectionError('<pip._vendor.urllib3.connection.HTTPSConnection object at 0x7fa0f4078c40>: Failed to establish a new connection: [Errno -2] Name or service not known')': /urllib3/
WARNING: Retrying (Retry(total=3, connect=None, read=None, redirect=None, status=None)) after connection broken by 'NewConnectionError('<pip._vendor.urllib3.connection.HTTPSConnection object at 0x7fa0f40791b0>: Failed to establish a new connection: [Errno -2] Name or service not known')': /urllib3/
WARNING: Retrying (Retry(total=2, connect=None, read=None, redirect=None, status=None)) after connection broken by 'NewConnectionError('<pip._vendor.urllib3.connection.HTTPSConnection object at 0x7fa0f4079360>: Failed to establish a new connection: [Errno -2] Name or service not known')': /urllib3/
WARNING: Retrying (Retry(total=1, connect=None, read=None, redirect=None, status=None)) after connection broken by 'NewConnectionError('<pip._vendor.urllib3.connection.HTTPSConnection object at 0x7fa0f4079510>: Failed to establish a new connection: [Errno -2] Name or service not known')': /urllib3/
WARNING: Retrying (Retry(total=0, connect=None, read=None, redirect=None, status=None)) after connection broken by 'NewConnectionError('<pip._vendor.urllib3.connection.HTTPSConnection object at 0x7fa0f40796c0>: Failed to establish a new connection: [Errno -2] Name or service not known')': /urllib3/
ERROR: pip's dependency resolver does not currently take into account all the packages that are installed. This behaviour is the source of the following dependency conflicts.
avp-stream 2.51 requires flask, which is not installed.
avp-stream 2.51 requires opencv-python, which is not installed.
avp-stream 2.51 requires websocket-client, which is not installed.
datasets 5.0.1 requires pandas, which is not installed.
gdown 5.2.1 requires beautifulsoup4, which is not installed.
ultralytics 8.4.18 requires opencv-python>=4.6.0, which is not installed.
datasets 5.0.1 requires fsspec[http]<=2026.6.0,>=2023.1.0, but you have fsspec 2026.7.0 which is incompatible.

[notice] A new release of pip is available: 26.0.1 -> 26.2.1
[notice] To update, run: <conda>/envs/latentpilot/bin/python3.10 -m pip install --upgrade pip
