######## POINTING train started Wed Sep  2 20:14:18 EDT 2026 ########
split=train  episodes=4,203  steps=171,281
STOP fraction    = 0.0245  (pos_weight 39.8)
visible fraction = 0.6470
epochs over 171,281 steps at batch 8: 0.93

LR cosine: warmup 200 -> peak 1.00e-04 -> 5.00e-06 at step 20000 (floor 5% of peak)
trainable: 6,434,822 (LoRA + 12,294 head)

step     50  L  0.6499  point 0.0784  disp 0.1356  theta 0.0000  stop 0.6019  act-agree 0.665  p(stop) 0.042  lr 2.55e-05  2.02 it/s
step    100  L  0.5592  point 0.0567  disp 0.1195  theta 0.0000  stop 0.5079  act-agree 0.662  p(stop) 0.017  lr 5.05e-05  2.03 it/s
step    150  L  0.4559  point 0.0534  disp 0.1006  theta 0.0000  stop 0.3649  act-agree 0.652  p(stop) 0.010  lr 7.55e-05  2.03 it/s
step    200  L  0.9356  point 0.0592  disp 0.1571  theta 0.0000  stop 1.1627  act-agree 0.667  p(stop) 0.085  lr 1.00e-04  2.04 it/s
step    250  L  0.7336  point 0.0523  disp 0.1458  theta 0.0000  stop 0.8059  act-agree 0.662  p(stop) 0.028  lr 1.00e-04  2.04 it/s
step    300  L  0.6492  point 0.0510  disp 0.0892  theta 0.0000  stop 0.7533  act-agree 0.723  p(stop) 0.027  lr 1.00e-04  2.04 it/s
step    350  L  0.6707  point 0.0469  disp 0.1322  theta 0.0000  stop 0.7172  act-agree 0.690  p(stop) 0.025  lr 1.00e-04  2.04 it/s
step    400  L  0.7453  point 0.0432  disp 0.1429  theta 0.0000  stop 0.8512  act-agree 0.682  p(stop) 0.059  lr 1.00e-04  2.04 it/s
step    450  L  0.7316  point 0.0529  disp 0.1201  theta 0.0000  stop 0.8522  act-agree 0.645  p(stop) 0.038  lr 1.00e-04  2.04 it/s
step    500  L  0.8842  point 0.0459  disp 0.1426  theta 0.0000  stop 1.1408  act-agree 0.665  p(stop) 0.068  lr 9.99e-05  2.04 it/s
step    550  L  0.5315  point 0.0480  disp 0.1240  theta 0.0000  stop 0.4753  act-agree 0.642  p(stop) 0.016  lr 9.99e-05  2.05 it/s
step    600  L  0.6473  point 0.0535  disp 0.1304  theta 0.0000  stop 0.6807  act-agree 0.662  p(stop) 0.026  lr 9.99e-05  2.05 it/s
step    650  L  0.6293  point 0.0534  disp 0.1242  theta 0.0000  stop 0.6518  act-agree 0.698  p(stop) 0.018  lr 9.99e-05  2.05 it/s
step    700  L  0.6459  point 0.0512  disp 0.1077  theta 0.0000  stop 0.7282  act-agree 0.623  p(stop) 0.019  lr 9.99e-05  2.05 it/s
step    750  L  0.7507  point 0.0480  disp 0.1441  theta 0.0000  stop 0.8698  act-agree 0.655  p(stop) 0.026  lr 9.98e-05  2.05 it/s
step    800  L  0.5224  point 0.0404  disp 0.1065  theta 0.0000  stop 0.5161  act-agree 0.682  p(stop) 0.014  lr 9.98e-05  2.04 it/s
step    850  L  0.6274  point 0.0397  disp 0.1172  theta 0.0000  stop 0.7090  act-agree 0.682  p(stop) 0.013  lr 9.97e-05  2.05 it/s
step    900  L  0.7260  point 0.0450  disp 0.1164  theta 0.0000  stop 0.8867  act-agree 0.685  p(stop) 0.032  lr 9.97e-05  2.05 it/s
step    950  L  0.5124  point 0.0381  disp 0.1244  theta 0.0000  stop 0.4789  act-agree 0.623  p(stop) 0.020  lr 9.97e-05  2.05 it/s
step   1000  L  0.7752  point 0.0597  disp 0.1521  theta 0.0000  stop 0.8870  act-agree 0.625  p(stop) 0.028  lr 9.96e-05  2.05 it/s
step   1050  L  0.7154  point 0.0464  disp 0.1032  theta 0.0000  stop 0.9107  act-agree 0.675  p(stop) 0.028  lr 9.96e-05  2.05 it/s
step   1100  L  0.5262  point 0.0411  disp 0.1147  theta 0.0000  stop 0.5137  act-agree 0.662  p(stop) 0.020  lr 9.95e-05  2.05 it/s
step   1150  L  0.7443  point 0.0470  disp 0.1062  theta 0.0000  stop 0.9483  act-agree 0.688  p(stop) 0.037  lr 9.95e-05  2.05 it/s
step   1200  L  0.7509  point 0.0468  disp 0.1151  theta 0.0000  stop 0.9351  act-agree 0.688  p(stop) 0.044  lr 9.94e-05  2.05 it/s
step   1250  L  0.6071  point 0.0421  disp 0.1406  theta 0.0000  stop 0.6346  act-agree 0.667  p(stop) 0.021  lr 9.93e-05  2.05 it/s
step   1300  L  0.6972  point 0.0504  disp 0.1305  theta 0.0000  stop 0.7911  act-agree 0.675  p(stop) 0.027  lr 9.93e-05  2.05 it/s
step   1350  L  0.8176  point 0.0471  disp 0.1505  theta 0.0000  stop 1.0045  act-agree 0.640  p(stop) 0.032  lr 9.92e-05  2.05 it/s
step   1400  L  0.7422  point 0.0427  disp 0.1360  theta 0.0000  stop 0.8941  act-agree 0.655  p(stop) 0.021  lr 9.91e-05  2.05 it/s
step   1450  L  0.7082  point 0.0442  disp 0.1512  theta 0.0000  stop 0.7811  act-agree 0.675  p(stop) 0.033  lr 9.91e-05  2.05 it/s
step   1500  L  0.5481  point 0.0442  disp 0.1294  theta 0.0000  stop 0.5166  act-agree 0.680  p(stop) 0.026  lr 9.90e-05  2.05 it/s
step   1550  L  0.5660  point 0.0376  disp 0.1375  theta 0.0000  stop 0.5567  act-agree 0.667  p(stop) 0.022  lr 9.89e-05  2.05 it/s
step   1600  L  0.7454  point 0.0464  disp 0.1215  theta 0.0000  stop 0.9335  act-agree 0.688  p(stop) 0.050  lr 9.88e-05  2.05 it/s
step   1650  L  0.4919  point 0.0332  disp 0.1454  theta 0.0000  stop 0.3942  act-agree 0.640  p(stop) 0.009  lr 9.87e-05  2.05 it/s
step   1700  L  0.6698  point 0.0369  disp 0.1511  theta 0.0000  stop 0.7487  act-agree 0.632  p(stop) 0.043  lr 9.87e-05  2.05 it/s
step   1750  L  0.6133  point 0.0354  disp 0.0944  theta 0.0000  stop 0.7200  act-agree 0.703  p(stop) 0.030  lr 9.86e-05  2.05 it/s
step   1800  L  0.6333  point 0.0423  disp 0.1183  theta 0.0000  stop 0.7149  act-agree 0.677  p(stop) 0.018  lr 9.85e-05  2.05 it/s
step   1850  L  0.5408  point 0.0346  disp 0.1194  theta 0.0000  stop 0.5550  act-agree 0.667  p(stop) 0.020  lr 9.84e-05  2.05 it/s
step   1900  L  0.5455  point 0.0444  disp 0.1183  theta 0.0000  stop 0.5361  act-agree 0.640  p(stop) 0.010  lr 9.83e-05  2.05 it/s
step   1950  L  0.5303  point 0.0380  disp 0.1152  theta 0.0000  stop 0.5245  act-agree 0.675  p(stop) 0.011  lr 9.82e-05  2.05 it/s
step   2000  L  0.5379  point 0.0304  disp 0.1029  theta 0.0000  stop 0.5937  act-agree 0.698  p(stop) 0.012  lr 9.81e-05  2.05 it/s
step   2050  L  0.5128  point 0.0415  disp 0.1276  theta 0.0000  stop 0.4635  act-agree 0.665  p(stop) 0.015  lr 9.80e-05  2.05 it/s
step   2100  L  0.5287  point 0.0440  disp 0.0947  theta 0.0000  stop 0.5589  act-agree 0.637  p(stop) 0.021  lr 9.79e-05  2.05 it/s
step   2150  L  0.7498  point 0.0368  disp 0.1305  theta 0.0000  stop 0.9453  act-agree 0.680  p(stop) 0.023  lr 9.77e-05  2.05 it/s
step   2200  L  0.6636  point 0.0374  disp 0.1151  theta 0.0000  stop 0.7919  act-agree 0.662  p(stop) 0.016  lr 9.76e-05  2.05 it/s
step   2250  L  0.7264  point 0.0347  disp 0.1239  theta 0.0000  stop 0.9194  act-agree 0.680  p(stop) 0.043  lr 9.75e-05  2.05 it/s
step   2300  L  0.4958  point 0.0349  disp 0.1075  theta 0.0000  stop 0.4898  act-agree 0.632  p(stop) 0.013  lr 9.74e-05  2.05 it/s
step   2350  L  0.6362  point 0.0297  disp 0.1177  theta 0.0000  stop 0.7657  act-agree 0.725  p(stop) 0.019  lr 9.73e-05  2.05 it/s
step   2400  L  0.4792  point 0.0449  disp 0.1262  theta 0.0000  stop 0.3953  act-agree 0.685  p(stop) 0.030  lr 9.71e-05  2.05 it/s
step   2450  L  0.5322  point 0.0443  disp 0.0931  theta 0.0000  stop 0.5616  act-agree 0.693  p(stop) 0.015  lr 9.70e-05  2.05 it/s
step   2500  L  0.6113  point 0.0384  disp 0.1258  theta 0.0000  stop 0.6726  act-agree 0.662  p(stop) 0.019  lr 9.69e-05  2.05 it/s
step   2550  L  0.7243  point 0.0352  disp 0.1306  theta 0.0000  stop 0.9060  act-agree 0.672  p(stop) 0.060  lr 9.67e-05  2.05 it/s
step   2600  L  0.5607  point 0.0441  disp 0.0968  theta 0.0000  stop 0.6313  act-agree 0.713  p(stop) 0.023  lr 9.66e-05  2.05 it/s
step   2650  L  0.7492  point 0.0372  disp 0.1384  theta 0.0000  stop 0.9166  act-agree 0.693  p(stop) 0.039  lr 9.65e-05  2.05 it/s
step   2700  L  0.6893  point 0.0399  disp 0.1333  theta 0.0000  stop 0.8106  act-agree 0.705  p(stop) 0.029  lr 9.63e-05  2.05 it/s
step   2750  L  0.7831  point 0.0332  disp 0.1187  theta 0.0000  stop 1.0653  act-agree 0.705  p(stop) 0.043  lr 9.62e-05  2.05 it/s
step   2800  L  0.5848  point 0.0288  disp 0.1115  theta 0.0000  stop 0.6839  act-agree 0.695  p(stop) 0.025  lr 9.60e-05  2.05 it/s
step   2850  L  0.6725  point 0.0344  disp 0.1218  theta 0.0000  stop 0.8093  act-agree 0.693  p(stop) 0.045  lr 9.59e-05  2.05 it/s
step   2900  L  0.6602  point 0.0308  disp 0.1004  theta 0.0000  stop 0.8368  act-agree 0.713  p(stop) 0.047  lr 9.57e-05  2.05 it/s
step   2950  L  0.4827  point 0.0354  disp 0.1072  theta 0.0000  stop 0.4457  act-agree 0.725  p(stop) 0.027  lr 9.55e-05  2.05 it/s
step   3000  L  0.6539  point 0.0323  disp 0.1197  theta 0.0000  stop 0.8037  act-agree 0.700  p(stop) 0.035  lr 9.54e-05  2.05 it/s
step   3050  L  0.6119  point 0.0309  disp 0.1136  theta 0.0000  stop 0.7162  act-agree 0.685  p(stop) 0.038  lr 9.52e-05  2.05 it/s
step   3100  L  0.5458  point 0.0326  disp 0.1209  theta 0.0000  stop 0.5822  act-agree 0.715  p(stop) 0.028  lr 9.51e-05  2.05 it/s
step   3150  L  0.6499  point 0.0350  disp 0.1343  theta 0.0000  stop 0.7535  act-agree 0.665  p(stop) 0.064  lr 9.49e-05  2.05 it/s
step   3200  L  0.7208  point 0.0364  disp 0.1340  theta 0.0000  stop 0.8807  act-agree 0.728  p(stop) 0.032  lr 9.47e-05  2.05 it/s
step   3250  L  0.5047  point 0.0371  disp 0.1252  theta 0.0000  stop 0.4625  act-agree 0.640  p(stop) 0.029  lr 9.45e-05  2.05 it/s
step   3300  L  0.6839  point 0.0307  disp 0.1101  theta 0.0000  stop 0.8678  act-agree 0.715  p(stop) 0.020  lr 9.44e-05  2.05 it/s
step   3350  L  0.7445  point 0.0356  disp 0.1300  theta 0.0000  stop 0.9443  act-agree 0.690  p(stop) 0.081  lr 9.42e-05  2.05 it/s
step   3400  L  0.5023  point 0.0388  disp 0.0988  theta 0.0000  stop 0.5109  act-agree 0.680  p(stop) 0.025  lr 9.40e-05  2.05 it/s
step   3450  L  0.6396  point 0.0276  disp 0.0902  theta 0.0000  stop 0.8582  act-agree 0.720  p(stop) 0.045  lr 9.38e-05  2.05 it/s
step   3500  L  0.6653  point 0.0292  disp 0.1179  theta 0.0000  stop 0.8209  act-agree 0.693  p(stop) 0.034  lr 9.36e-05  2.05 it/s
step   3550  L  0.6259  point 0.0334  disp 0.1017  theta 0.0000  stop 0.7927  act-agree 0.700  p(stop) 0.029  lr 9.34e-05  2.05 it/s
step   3600  L  0.6027  point 0.0353  disp 0.1060  theta 0.0000  stop 0.7225  act-agree 0.680  p(stop) 0.052  lr 9.33e-05  2.05 it/s
step   3650  L  0.4656  point 0.0364  disp 0.1082  theta 0.0000  stop 0.4264  act-agree 0.698  p(stop) 0.010  lr 9.31e-05  2.05 it/s
step   3700  L  0.5564  point 0.0372  disp 0.1110  theta 0.0000  stop 0.6165  act-agree 0.705  p(stop) 0.022  lr 9.29e-05  2.05 it/s
step   3750  L  0.4469  point 0.0320  disp 0.1103  theta 0.0000  stop 0.4162  act-agree 0.690  p(stop) 0.008  lr 9.27e-05  2.05 it/s
step   3800  L  0.6760  point 0.0315  disp 0.1170  theta 0.0000  stop 0.8756  act-agree 0.715  p(stop) 0.010  lr 9.25e-05  2.05 it/s
step   3850  L  0.4347  point 0.0369  disp 0.1032  theta 0.0000  stop 0.3723  act-agree 0.657  p(stop) 0.009  lr 9.23e-05  2.05 it/s
step   3900  L  0.6908  point 0.0318  disp 0.1235  theta 0.0000  stop 0.8719  act-agree 0.682  p(stop) 0.046  lr 9.20e-05  2.05 it/s
step   3950  L  0.5438  point 0.0274  disp 0.1318  theta 0.0000  stop 0.5769  act-agree 0.685  p(stop) 0.059  lr 9.18e-05  2.05 it/s
step   4000  L  0.4614  point 0.0299  disp 0.1059  theta 0.0000  stop 0.4615  act-agree 0.723  p(stop) 0.008  lr 9.16e-05  2.05 it/s
step   4050  L  0.5322  point 0.0309  disp 0.1226  theta 0.0000  stop 0.5674  act-agree 0.642  p(stop) 0.013  lr 9.14e-05  2.05 it/s
step   4100  L  0.6376  point 0.0346  disp 0.1258  theta 0.0000  stop 0.7567  act-agree 0.698  p(stop) 0.025  lr 9.12e-05  2.05 it/s
step   4150  L  0.5887  point 0.0387  disp 0.1249  theta 0.0000  stop 0.6497  act-agree 0.690  p(stop) 0.021  lr 9.10e-05  2.05 it/s
step   4200  L  0.6008  point 0.0326  disp 0.1297  theta 0.0000  stop 0.6639  act-agree 0.710  p(stop) 0.007  lr 9.08e-05  2.05 it/s
step   4250  L  0.6125  point 0.0394  disp 0.1329  theta 0.0000  stop 0.6763  act-agree 0.710  p(stop) 0.033  lr 9.05e-05  2.05 it/s
step   4300  L  0.4437  point 0.0319  disp 0.1064  theta 0.0000  stop 0.4018  act-agree 0.695  p(stop) 0.012  lr 9.03e-05  2.05 it/s
step   4350  L  0.5832  point 0.0349  disp 0.0913  theta 0.0000  stop 0.7321  act-agree 0.688  p(stop) 0.029  lr 9.01e-05  2.05 it/s
step   4400  L  0.4358  point 0.0321  disp 0.1172  theta 0.0000  stop 0.3811  act-agree 0.672  p(stop) 0.007  lr 8.98e-05  2.05 it/s
step   4450  L  0.5636  point 0.0303  disp 0.0844  theta 0.0000  stop 0.7055  act-agree 0.750  p(stop) 0.011  lr 8.96e-05  2.05 it/s
step   4500  L  0.6249  point 0.0414  disp 0.1239  theta 0.0000  stop 0.7128  act-agree 0.677  p(stop) 0.010  lr 8.94e-05  2.05 it/s
step   4550  L  0.4400  point 0.0335  disp 0.0996  theta 0.0000  stop 0.4214  act-agree 0.738  p(stop) 0.007  lr 8.91e-05  2.05 it/s
step   4600  L  0.4535  point 0.0329  disp 0.0685  theta 0.0000  stop 0.4934  act-agree 0.718  p(stop) 0.013  lr 8.89e-05  2.05 it/s
step   4650  L  0.5842  point 0.0290  disp 0.1125  theta 0.0000  stop 0.6963  act-agree 0.703  p(stop) 0.018  lr 8.86e-05  2.05 it/s
step   4700  L  0.5649  point 0.0303  disp 0.0874  theta 0.0000  stop 0.6895  act-agree 0.745  p(stop) 0.060  lr 8.84e-05  2.05 it/s
step   4750  L  0.4303  point 0.0274  disp 0.1113  theta 0.0000  stop 0.3829  act-agree 0.698  p(stop) 0.029  lr 8.82e-05  2.05 it/s
step   4800  L  0.4085  point 0.0335  disp 0.1074  theta 0.0000  stop 0.3519  act-agree 0.680  p(stop) 0.011  lr 8.79e-05  2.05 it/s
step   4850  L  0.6444  point 0.0360  disp 0.1263  theta 0.0000  stop 0.7611  act-agree 0.723  p(stop) 0.012  lr 8.76e-05  2.05 it/s
step   4900  L  0.5090  point 0.0314  disp 0.1154  theta 0.0000  stop 0.5257  act-agree 0.705  p(stop) 0.031  lr 8.74e-05  2.05 it/s
step   4950  L  0.5027  point 0.0326  disp 0.0990  theta 0.0000  stop 0.5538  act-agree 0.710  p(stop) 0.019  lr 8.71e-05  2.05 it/s
step   5000  L  0.6069  point 0.0287  disp 0.1405  theta 0.0000  stop 0.6777  act-agree 0.667  p(stop) 0.011  lr 8.69e-05  2.05 it/s
step   5050  L  0.5498  point 0.0333  disp 0.1120  theta 0.0000  stop 0.6152  act-agree 0.665  p(stop) 0.018  lr 8.66e-05  2.05 it/s
step   5100  L  0.6046  point 0.0312  disp 0.1051  theta 0.0000  stop 0.7332  act-agree 0.660  p(stop) 0.017  lr 8.64e-05  2.05 it/s
step   5150  L  0.7005  point 0.0297  disp 0.1272  theta 0.0000  stop 0.8899  act-agree 0.698  p(stop) 0.032  lr 8.61e-05  2.05 it/s
step   5200  L  0.6212  point 0.0313  disp 0.1265  theta 0.0000  stop 0.7275  act-agree 0.703  p(stop) 0.049  lr 8.58e-05  2.05 it/s
step   5250  L  0.6014  point 0.0291  disp 0.1049  theta 0.0000  stop 0.7328  act-agree 0.725  p(stop) 0.016  lr 8.56e-05  2.05 it/s
step   5300  L  0.6044  point 0.0330  disp 0.1114  theta 0.0000  stop 0.7217  act-agree 0.725  p(stop) 0.020  lr 8.53e-05  2.05 it/s
step   5350  L  0.4233  point 0.0336  disp 0.0929  theta 0.0000  stop 0.3817  act-agree 0.745  p(stop) 0.024  lr 8.50e-05  2.05 it/s
step   5400  L  0.5054  point 0.0288  disp 0.1055  theta 0.0000  stop 0.5325  act-agree 0.705  p(stop) 0.020  lr 8.47e-05  2.05 it/s
step   5450  L  0.7042  point 0.0256  disp 0.1068  theta 0.0000  stop 0.9489  act-agree 0.735  p(stop) 0.028  lr 8.45e-05  2.05 it/s
step   5500  L  0.3665  point 0.0296  disp 0.1043  theta 0.0000  stop 0.2750  act-agree 0.698  p(stop) 0.015  lr 8.42e-05  2.05 it/s
step   5550  L  0.5130  point 0.0315  disp 0.1078  theta 0.0000  stop 0.5599  act-agree 0.723  p(stop) 0.009  lr 8.39e-05  2.05 it/s
step   5600  L  0.4591  point 0.0308  disp 0.0844  theta 0.0000  stop 0.5100  act-agree 0.723  p(stop) 0.033  lr 8.36e-05  2.05 it/s
step   5650  L  0.6266  point 0.0307  disp 0.1430  theta 0.0000  stop 0.7099  act-agree 0.665  p(stop) 0.054  lr 8.33e-05  2.05 it/s
step   5700  L  0.5782  point 0.0278  disp 0.1391  theta 0.0000  stop 0.6323  act-agree 0.718  p(stop) 0.017  lr 8.30e-05  2.05 it/s
step   5750  L  0.4692  point 0.0344  disp 0.1241  theta 0.0000  stop 0.4363  act-agree 0.675  p(stop) 0.008  lr 8.27e-05  2.05 it/s
step   5800  L  0.5615  point 0.0258  disp 0.1095  theta 0.0000  stop 0.6839  act-agree 0.690  p(stop) 0.048  lr 8.25e-05  2.05 it/s
step   5850  L  0.4885  point 0.0307  disp 0.1118  theta 0.0000  stop 0.5130  act-agree 0.688  p(stop) 0.007  lr 8.22e-05  2.05 it/s
step   5900  L  0.6466  point 0.0244  disp 0.1032  theta 0.0000  stop 0.8576  act-agree 0.725  p(stop) 0.083  lr 8.19e-05  2.05 it/s
step   5950  L  0.4739  point 0.0253  disp 0.1108  theta 0.0000  stop 0.5102  act-agree 0.738  p(stop) 0.065  lr 8.16e-05  2.05 it/s
step   6000  L  0.5265  point 0.0353  disp 0.0778  theta 0.0000  stop 0.6280  act-agree 0.720  p(stop) 0.017  lr 8.13e-05  2.05 it/s
step   6050  L  0.6255  point 0.0318  disp 0.1316  theta 0.0000  stop 0.7061  act-agree 0.700  p(stop) 0.046  lr 8.10e-05  2.05 it/s
step   6100  L  0.5856  point 0.0297  disp 0.0951  theta 0.0000  stop 0.7295  act-agree 0.728  p(stop) 0.052  lr 8.07e-05  2.05 it/s
step   6150  L  0.3301  point 0.0272  disp 0.0901  theta 0.0000  stop 0.2380  act-agree 0.720  p(stop) 0.008  lr 8.04e-05  2.05 it/s
step   6200  L  0.6873  point 0.0307  disp 0.1159  theta 0.0000  stop 0.9005  act-agree 0.715  p(stop) 0.042  lr 8.01e-05  2.05 it/s
step   6250  L  0.6163  point 0.0300  disp 0.0995  theta 0.0000  stop 0.7928  act-agree 0.755  p(stop) 0.019  lr 7.97e-05  2.05 it/s
step   6300  L  0.5470  point 0.0311  disp 0.1118  theta 0.0000  stop 0.6135  act-agree 0.710  p(stop) 0.009  lr 7.94e-05  2.05 it/s
step   6350  L  0.3179  point 0.0313  disp 0.0599  theta 0.0000  stop 0.2994  act-agree 0.710  p(stop) 0.024  lr 7.91e-05  2.05 it/s
step   6400  L  0.6610  point 0.0261  disp 0.1044  theta 0.0000  stop 0.8515  act-agree 0.677  p(stop) 0.011  lr 7.88e-05  2.05 it/s
step   6450  L  0.5975  point 0.0263  disp 0.1034  theta 0.0000  stop 0.7495  act-agree 0.725  p(stop) 0.051  lr 7.85e-05  2.05 it/s
step   6500  L  0.5807  point 0.0280  disp 0.0972  theta 0.0000  stop 0.7228  act-agree 0.772  p(stop) 0.029  lr 7.82e-05  2.05 it/s
step   6550  L  0.5828  point 0.0275  disp 0.1031  theta 0.0000  stop 0.7153  act-agree 0.680  p(stop) 0.022  lr 7.79e-05  2.05 it/s
step   6600  L  0.5421  point 0.0262  disp 0.0949  theta 0.0000  stop 0.6530  act-agree 0.760  p(stop) 0.039  lr 7.75e-05  2.05 it/s
step   6650  L  0.4727  point 0.0278  disp 0.0921  theta 0.0000  stop 0.5212  act-agree 0.672  p(stop) 0.022  lr 7.72e-05  2.05 it/s
step   6700  L  0.5497  point 0.0302  disp 0.1055  theta 0.0000  stop 0.6421  act-agree 0.672  p(stop) 0.018  lr 7.69e-05  2.05 it/s
step   6750  L  0.6056  point 0.0287  disp 0.1085  theta 0.0000  stop 0.7521  act-agree 0.698  p(stop) 0.018  lr 7.66e-05  2.05 it/s
step   6800  L  0.3539  point 0.0277  disp 0.1053  theta 0.0000  stop 0.2586  act-agree 0.720  p(stop) 0.017  lr 7.62e-05  2.05 it/s
step   6850  L  0.3827  point 0.0291  disp 0.0858  theta 0.0000  stop 0.3419  act-agree 0.743  p(stop) 0.008  lr 7.59e-05  2.05 it/s
step   6900  L  0.6615  point 0.0305  disp 0.1053  theta 0.0000  stop 0.8787  act-agree 0.695  p(stop) 0.011  lr 7.56e-05  2.05 it/s
step   6950  L  0.6343  point 0.0244  disp 0.1283  theta 0.0000  stop 0.7837  act-agree 0.723  p(stop) 0.075  lr 7.53e-05  2.05 it/s
step   7000  L  0.3402  point 0.0269  disp 0.1088  theta 0.0000  stop 0.2249  act-agree 0.730  p(stop) 0.009  lr 7.49e-05  2.05 it/s
step   7050  L  0.4897  point 0.0266  disp 0.0856  theta 0.0000  stop 0.5770  act-agree 0.713  p(stop) 0.021  lr 7.46e-05  2.05 it/s
step   7100  L  0.4403  point 0.0274  disp 0.1112  theta 0.0000  stop 0.4218  act-agree 0.685  p(stop) 0.018  lr 7.43e-05  2.05 it/s
step   7150  L  0.6437  point 0.0331  disp 0.1232  theta 0.0000  stop 0.8123  act-agree 0.703  p(stop) 0.049  lr 7.39e-05  2.05 it/s
step   7200  L  0.6253  point 0.0253  disp 0.1138  theta 0.0000  stop 0.7834  act-agree 0.723  p(stop) 0.011  lr 7.36e-05  2.05 it/s
step   7250  L  0.4663  point 0.0294  disp 0.0810  theta 0.0000  stop 0.5432  act-agree 0.728  p(stop) 0.010  lr 7.33e-05  2.05 it/s
step   7300  L  0.7204  point 0.0283  disp 0.1157  theta 0.0000  stop 0.9757  act-agree 0.680  p(stop) 0.016  lr 7.29e-05  2.05 it/s
step   7350  L  0.4743  point 0.0303  disp 0.0876  theta 0.0000  stop 0.5282  act-agree 0.703  p(stop) 0.017  lr 7.26e-05  2.05 it/s
step   7400  L  0.4689  point 0.0263  disp 0.0910  theta 0.0000  stop 0.5235  act-agree 0.667  p(stop) 0.027  lr 7.22e-05  2.05 it/s
step   7450  L  0.5335  point 0.0204  disp 0.1140  theta 0.0000  stop 0.6131  act-agree 0.723  p(stop) 0.009  lr 7.19e-05  2.05 it/s
step   7500  L  0.6469  point 0.0274  disp 0.1189  theta 0.0000  stop 0.8344  act-agree 0.675  p(stop) 0.012  lr 7.15e-05  2.05 it/s
step   7550  L  0.6982  point 0.0299  disp 0.1152  theta 0.0000  stop 0.9180  act-agree 0.677  p(stop) 0.017  lr 7.12e-05  2.05 it/s
step   7600  L  0.3948  point 0.0232  disp 0.0725  theta 0.0000  stop 0.4128  act-agree 0.735  p(stop) 0.035  lr 7.09e-05  2.05 it/s
step   7650  L  0.4835  point 0.0280  disp 0.1090  theta 0.0000  stop 0.5293  act-agree 0.700  p(stop) 0.008  lr 7.05e-05  2.05 it/s
step   7700  L  0.4571  point 0.0272  disp 0.0764  theta 0.0000  stop 0.5342  act-agree 0.738  p(stop) 0.008  lr 7.02e-05  2.05 it/s
step   7750  L  0.5452  point 0.0235  disp 0.1039  theta 0.0000  stop 0.6641  act-agree 0.725  p(stop) 0.007  lr 6.98e-05  2.05 it/s
step   7800  L  0.5394  point 0.0252  disp 0.1098  theta 0.0000  stop 0.6196  act-agree 0.715  p(stop) 0.008  lr 6.95e-05  2.05 it/s
step   7850  L  0.7356  point 0.0313  disp 0.1250  theta 0.0000  stop 0.9710  act-agree 0.680  p(stop) 0.009  lr 6.91e-05  2.05 it/s
step   7900  L  0.5629  point 0.0201  disp 0.1228  theta 0.0000  stop 0.6794  act-agree 0.713  p(stop) 0.028  lr 6.87e-05  2.05 it/s
step   7950  L  0.5837  point 0.0309  disp 0.1149  theta 0.0000  stop 0.6873  act-agree 0.708  p(stop) 0.019  lr 6.84e-05  2.05 it/s
step   8000  L  0.4802  point 0.0251  disp 0.0992  theta 0.0000  stop 0.5315  act-agree 0.730  p(stop) 0.038  lr 6.80e-05  2.05 it/s
step   8050  L  0.5984  point 0.0231  disp 0.1115  theta 0.0000  stop 0.7519  act-agree 0.757  p(stop) 0.007  lr 6.77e-05  2.05 it/s
step   8100  L  0.6089  point 0.0290  disp 0.1224  theta 0.0000  stop 0.7427  act-agree 0.703  p(stop) 0.076  lr 6.73e-05  2.05 it/s
step   8150  L  0.3439  point 0.0262  disp 0.0750  theta 0.0000  stop 0.3278  act-agree 0.723  p(stop) 0.014  lr 6.70e-05  2.05 it/s
step   8200  L  0.4696  point 0.0284  disp 0.0953  theta 0.0000  stop 0.5184  act-agree 0.662  p(stop) 0.021  lr 6.66e-05  2.05 it/s
step   8250  L  0.5316  point 0.0235  disp 0.1151  theta 0.0000  stop 0.5876  act-agree 0.718  p(stop) 0.006  lr 6.62e-05  2.05 it/s
step   8300  L  0.6396  point 0.0239  disp 0.1214  theta 0.0000  stop 0.8157  act-agree 0.685  p(stop) 0.029  lr 6.59e-05  2.05 it/s
step   8350  L  0.5581  point 0.0228  disp 0.1433  theta 0.0000  stop 0.6021  act-agree 0.685  p(stop) 0.038  lr 6.55e-05  2.05 it/s
step   8400  L  0.6155  point 0.0292  disp 0.1247  theta 0.0000  stop 0.7401  act-agree 0.740  p(stop) 0.036  lr 6.52e-05  2.05 it/s
step   8450  L  0.5369  point 0.0279  disp 0.1174  theta 0.0000  stop 0.5997  act-agree 0.757  p(stop) 0.005  lr 6.48e-05  2.05 it/s
step   8500  L  0.3777  point 0.0229  disp 0.1134  theta 0.0000  stop 0.3207  act-agree 0.685  p(stop) 0.009  lr 6.44e-05  2.05 it/s
step   8550  L  0.3739  point 0.0286  disp 0.0968  theta 0.0000  stop 0.3384  act-agree 0.693  p(stop) 0.034  lr 6.41e-05  2.05 it/s
step   8600  L  0.6419  point 0.0287  disp 0.1228  theta 0.0000  stop 0.7958  act-agree 0.718  p(stop) 0.095  lr 6.37e-05  2.05 it/s
step   8650  L  0.5545  point 0.0271  disp 0.1114  theta 0.0000  stop 0.6697  act-agree 0.725  p(stop) 0.028  lr 6.33e-05  2.05 it/s
step   8700  L  0.5002  point 0.0275  disp 0.0867  theta 0.0000  stop 0.6122  act-agree 0.738  p(stop) 0.048  lr 6.30e-05  2.05 it/s
step   8750  L  0.3953  point 0.0253  disp 0.1302  theta 0.0000  stop 0.3108  act-agree 0.698  p(stop) 0.010  lr 6.26e-05  2.05 it/s
step   8800  L  0.4350  point 0.0286  disp 0.1117  theta 0.0000  stop 0.4138  act-agree 0.728  p(stop) 0.016  lr 6.22e-05  2.05 it/s
step   8850  L  0.4935  point 0.0251  disp 0.0925  theta 0.0000  stop 0.5797  act-agree 0.680  p(stop) 0.004  lr 6.19e-05  2.05 it/s
step   8900  L  0.4763  point 0.0264  disp 0.0731  theta 0.0000  stop 0.5940  act-agree 0.738  p(stop) 0.005  lr 6.15e-05  2.05 it/s
step   8950  L  0.5592  point 0.0270  disp 0.1016  theta 0.0000  stop 0.6869  act-agree 0.748  p(stop) 0.052  lr 6.11e-05  2.05 it/s
step   9000  L  0.4922  point 0.0232  disp 0.0975  theta 0.0000  stop 0.5731  act-agree 0.703  p(stop) 0.003  lr 6.07e-05  2.05 it/s
step   9050  L  0.4823  point 0.0227  disp 0.1093  theta 0.0000  stop 0.5322  act-agree 0.713  p(stop) 0.023  lr 6.04e-05  2.05 it/s
step   9100  L  0.6136  point 0.0274  disp 0.1007  theta 0.0000  stop 0.7825  act-agree 0.723  p(stop) 0.053  lr 6.00e-05  2.05 it/s
step   9150  L  0.6164  point 0.0251  disp 0.1020  theta 0.0000  stop 0.8116  act-agree 0.745  p(stop) 0.045  lr 5.96e-05  2.05 it/s
step   9200  L  0.4535  point 0.0264  disp 0.0995  theta 0.0000  stop 0.4886  act-agree 0.705  p(stop) 0.014  lr 5.93e-05  2.05 it/s
step   9250  L  0.4171  point 0.0252  disp 0.0832  theta 0.0000  stop 0.4624  act-agree 0.703  p(stop) 0.038  lr 5.89e-05  2.05 it/s
step   9300  L  0.5911  point 0.0289  disp 0.0977  theta 0.0000  stop 0.7542  act-agree 0.728  p(stop) 0.023  lr 5.85e-05  2.05 it/s
step   9350  L  0.5547  point 0.0265  disp 0.0985  theta 0.0000  stop 0.6840  act-agree 0.735  p(stop) 0.040  lr 5.81e-05  2.05 it/s
step   9400  L  0.3487  point 0.0250  disp 0.0783  theta 0.0000  stop 0.3443  act-agree 0.750  p(stop) 0.003  lr 5.78e-05  2.05 it/s
step   9450  L  0.5605  point 0.0279  disp 0.0974  theta 0.0000  stop 0.6794  act-agree 0.715  p(stop) 0.019  lr 5.74e-05  2.05 it/s
step   9500  L  0.5089  point 0.0239  disp 0.1304  theta 0.0000  stop 0.5456  act-agree 0.688  p(stop) 0.012  lr 5.70e-05  2.05 it/s
step   9550  L  0.6668  point 0.0270  disp 0.1203  theta 0.0000  stop 0.8704  act-agree 0.735  p(stop) 0.019  lr 5.66e-05  2.05 it/s
step   9600  L  0.4092  point 0.0250  disp 0.0790  theta 0.0000  stop 0.4392  act-agree 0.710  p(stop) 0.009  lr 5.63e-05  2.05 it/s
step   9650  L  0.5881  point 0.0303  disp 0.1027  theta 0.0000  stop 0.7220  act-agree 0.723  p(stop) 0.038  lr 5.59e-05  2.05 it/s
step   9700  L  0.4993  point 0.0286  disp 0.1027  theta 0.0000  stop 0.5772  act-agree 0.740  p(stop) 0.027  lr 5.55e-05  2.05 it/s
step   9750  L  0.3990  point 0.0225  disp 0.0940  theta 0.0000  stop 0.3904  act-agree 0.723  p(stop) 0.005  lr 5.51e-05  2.05 it/s
step   9800  L  0.6141  point 0.0257  disp 0.1151  theta 0.0000  stop 0.7646  act-agree 0.730  p(stop) 0.017  lr 5.48e-05  2.05 it/s
step   9850  L  0.5227  point 0.0207  disp 0.0886  theta 0.0000  stop 0.6724  act-agree 0.738  p(stop) 0.038  lr 5.44e-05  2.05 it/s
step   9900  L  0.4687  point 0.0246  disp 0.1140  theta 0.0000  stop 0.4978  act-agree 0.740  p(stop) 0.034  lr 5.40e-05  2.05 it/s
step   9950  L  0.4908  point 0.0240  disp 0.1022  theta 0.0000  stop 0.5600  act-agree 0.685  p(stop) 0.070  lr 5.36e-05  2.05 it/s
step  10000  L  0.5565  point 0.0234  disp 0.0993  theta 0.0000  stop 0.7015  act-agree 0.695  p(stop) 0.023  lr 5.33e-05  2.05 it/s
step  10050  L  0.5940  point 0.0236  disp 0.0974  theta 0.0000  stop 0.7858  act-agree 0.728  p(stop) 0.007  lr 5.29e-05  2.05 it/s
step  10100  L  0.2972  point 0.0219  disp 0.0703  theta 0.0000  stop 0.2576  act-agree 0.720  p(stop) 0.024  lr 5.25e-05  2.05 it/s
step  10150  L  0.5863  point 0.0223  disp 0.1286  theta 0.0000  stop 0.7167  act-agree 0.718  p(stop) 0.021  lr 5.21e-05  2.05 it/s
step  10200  L  0.4272  point 0.0245  disp 0.0852  theta 0.0000  stop 0.4821  act-agree 0.762  p(stop) 0.031  lr 5.17e-05  2.05 it/s
step  10250  L  0.5316  point 0.0209  disp 0.0998  theta 0.0000  stop 0.6579  act-agree 0.713  p(stop) 0.024  lr 5.14e-05  2.05 it/s
step  10300  L  0.6114  point 0.0245  disp 0.1029  theta 0.0000  stop 0.8055  act-agree 0.772  p(stop) 0.022  lr 5.10e-05  2.05 it/s
step  10350  L  0.3994  point 0.0206  disp 0.0943  theta 0.0000  stop 0.4064  act-agree 0.730  p(stop) 0.018  lr 5.06e-05  2.05 it/s
step  10400  L  0.6551  point 0.0271  disp 0.1067  theta 0.0000  stop 0.8673  act-agree 0.735  p(stop) 0.040  lr 5.02e-05  2.05 it/s
step  10450  L  0.4194  point 0.0263  disp 0.0928  theta 0.0000  stop 0.4371  act-agree 0.720  p(stop) 0.009  lr 4.99e-05  2.05 it/s
step  10500  L  0.6518  point 0.0200  disp 0.1232  theta 0.0000  stop 0.8548  act-agree 0.725  p(stop) 0.020  lr 4.95e-05  2.05 it/s
step  10550  L  0.5322  point 0.0212  disp 0.0805  theta 0.0000  stop 0.7024  act-agree 0.757  p(stop) 0.043  lr 4.91e-05  2.05 it/s
step  10600  L  0.5086  point 0.0227  disp 0.0802  theta 0.0000  stop 0.6372  act-agree 0.718  p(stop) 0.028  lr 4.87e-05  2.04 it/s
step  10650  L  0.3939  point 0.0215  disp 0.0925  theta 0.0000  stop 0.4081  act-agree 0.735  p(stop) 0.102  lr 4.84e-05  2.04 it/s
step  10700  L  0.3611  point 0.0201  disp 0.0693  theta 0.0000  stop 0.4021  act-agree 0.748  p(stop) 0.013  lr 4.80e-05  2.03 it/s
step  10750  L  0.3154  point 0.0282  disp 0.0882  theta 0.0000  stop 0.2425  act-agree 0.705  p(stop) 0.004  lr 4.76e-05  2.03 it/s
step  10800  L  0.4243  point 0.0281  disp 0.1105  theta 0.0000  stop 0.4069  act-agree 0.718  p(stop) 0.019  lr 4.72e-05  2.02 it/s
step  10850  L  0.4323  point 0.0248  disp 0.0867  theta 0.0000  stop 0.4836  act-agree 0.762  p(stop) 0.012  lr 4.69e-05  2.02 it/s
step  10900  L  0.4848  point 0.0268  disp 0.1202  theta 0.0000  stop 0.5054  act-agree 0.765  p(stop) 0.011  lr 4.65e-05  2.02 it/s
step  10950  L  0.4520  point 0.0272  disp 0.0937  theta 0.0000  stop 0.5088  act-agree 0.708  p(stop) 0.019  lr 4.61e-05  2.01 it/s
step  11000  L  0.5862  point 0.0178  disp 0.1180  theta 0.0000  stop 0.7458  act-agree 0.718  p(stop) 0.005  lr 4.57e-05  2.01 it/s
step  11050  L  0.5773  point 0.0199  disp 0.1175  theta 0.0000  stop 0.7183  act-agree 0.740  p(stop) 0.024  lr 4.54e-05  2.00 it/s
step  11100  L  0.5407  point 0.0213  disp 0.0903  theta 0.0000  stop 0.7014  act-agree 0.740  p(stop) 0.071  lr 4.50e-05  2.00 it/s
step  11150  L  0.4329  point 0.0206  disp 0.0851  theta 0.0000  stop 0.4839  act-agree 0.750  p(stop) 0.002  lr 4.46e-05  2.00 it/s
step  11200  L  0.4550  point 0.0217  disp 0.0818  theta 0.0000  stop 0.5602  act-agree 0.720  p(stop) 0.009  lr 4.43e-05  1.99 it/s
step  11250  L  0.3897  point 0.0237  disp 0.1054  theta 0.0000  stop 0.3706  act-agree 0.723  p(stop) 0.015  lr 4.39e-05  1.99 it/s
step  11300  L  0.5441  point 0.0190  disp 0.1009  theta 0.0000  stop 0.6954  act-agree 0.745  p(stop) 0.015  lr 4.35e-05  1.98 it/s
step  11350  L  0.5142  point 0.0219  disp 0.1001  theta 0.0000  stop 0.6276  act-agree 0.713  p(stop) 0.041  lr 4.31e-05  1.98 it/s
step  11400  L  0.4482  point 0.0244  disp 0.0773  theta 0.0000  stop 0.5412  act-agree 0.757  p(stop) 0.011  lr 4.28e-05  1.98 it/s
step  11450  L  0.2916  point 0.0211  disp 0.0833  theta 0.0000  stop 0.2511  act-agree 0.752  p(stop) 0.020  lr 4.24e-05  1.98 it/s
step  11500  L  0.4770  point 0.0233  disp 0.0783  theta 0.0000  stop 0.6112  act-agree 0.745  p(stop) 0.017  lr 4.20e-05  1.98 it/s
step  11550  L  0.4454  point 0.0225  disp 0.0840  theta 0.0000  stop 0.5322  act-agree 0.770  p(stop) 0.018  lr 4.17e-05  1.97 it/s
step  11600  L  0.6096  point 0.0225  disp 0.0928  theta 0.0000  stop 0.8054  act-agree 0.743  p(stop) 0.019  lr 4.13e-05  1.97 it/s
step  11650  L  0.5162  point 0.0226  disp 0.0907  theta 0.0000  stop 0.6355  act-agree 0.733  p(stop) 0.007  lr 4.09e-05  1.97 it/s
step  11700  L  0.5454  point 0.0217  disp 0.0940  theta 0.0000  stop 0.6995  act-agree 0.740  p(stop) 0.022  lr 4.06e-05  1.96 it/s
step  11750  L  0.4080  point 0.0242  disp 0.0878  theta 0.0000  stop 0.4474  act-agree 0.762  p(stop) 0.020  lr 4.02e-05  1.96 it/s
step  11800  L  0.3046  point 0.0217  disp 0.0698  theta 0.0000  stop 0.2881  act-agree 0.667  p(stop) 0.024  lr 3.98e-05  1.96 it/s
step  11850  L  0.4766  point 0.0267  disp 0.0950  theta 0.0000  stop 0.5344  act-agree 0.748  p(stop) 0.032  lr 3.95e-05  1.95 it/s
step  11900  L  0.1943  point 0.0219  disp 0.0664  theta 0.0000  stop 0.0677  act-agree 0.767  p(stop) 0.028  lr 3.91e-05  1.95 it/s
step  11950  L  0.4940  point 0.0192  disp 0.0867  theta 0.0000  stop 0.6133  act-agree 0.765  p(stop) 0.033  lr 3.88e-05  1.95 it/s
step  12000  L  0.4258  point 0.0193  disp 0.0844  theta 0.0000  stop 0.4874  act-agree 0.728  p(stop) 0.006  lr 3.84e-05  1.94 it/s
step  12050  L  0.4994  point 0.0191  disp 0.0877  theta 0.0000  stop 0.6386  act-agree 0.740  p(stop) 0.094  lr 3.80e-05  1.94 it/s
step  12100  L  0.4288  point 0.0228  disp 0.0656  theta 0.0000  stop 0.5180  act-agree 0.728  p(stop) 0.032  lr 3.77e-05  1.94 it/s
step  12150  L  0.4851  point 0.0241  disp 0.0846  theta 0.0000  stop 0.6155  act-agree 0.757  p(stop) 0.001  lr 3.73e-05  1.93 it/s
step  12200  L  0.5243  point 0.0222  disp 0.0876  theta 0.0000  stop 0.6827  act-agree 0.718  p(stop) 0.111  lr 3.70e-05  1.93 it/s
step  12250  L  0.5402  point 0.0252  disp 0.0996  theta 0.0000  stop 0.6817  act-agree 0.703  p(stop) 0.137  lr 3.66e-05  1.93 it/s
step  12300  L  0.4940  point 0.0192  disp 0.0915  theta 0.0000  stop 0.6216  act-agree 0.757  p(stop) 0.005  lr 3.63e-05  1.92 it/s
step  12350  L  0.3778  point 0.0198  disp 0.0797  theta 0.0000  stop 0.4291  act-agree 0.720  p(stop) 0.015  lr 3.59e-05  1.92 it/s
step  12400  L  0.4445  point 0.0223  disp 0.0965  theta 0.0000  stop 0.5181  act-agree 0.708  p(stop) 0.021  lr 3.55e-05  1.92 it/s
step  12450  L  0.5542  point 0.0213  disp 0.1001  theta 0.0000  stop 0.7003  act-agree 0.767  p(stop) 0.007  lr 3.52e-05  1.92 it/s
step  12500  L  0.7401  point 0.0237  disp 0.0955  theta 0.0000  stop 1.0934  act-agree 0.762  p(stop) 0.060  lr 3.48e-05  1.91 it/s
step  12550  L  0.2810  point 0.0210  disp 0.0574  theta 0.0000  stop 0.2541  act-agree 0.770  p(stop) 0.023  lr 3.45e-05  1.91 it/s
step  12600  L  0.5153  point 0.0225  disp 0.0981  theta 0.0000  stop 0.6467  act-agree 0.752  p(stop) 0.030  lr 3.41e-05  1.91 it/s
step  12650  L  0.3519  point 0.0191  disp 0.0619  theta 0.0000  stop 0.4131  act-agree 0.782  p(stop) 0.005  lr 3.38e-05  1.91 it/s
step  12700  L  0.3457  point 0.0204  disp 0.0879  theta 0.0000  stop 0.3298  act-agree 0.728  p(stop) 0.004  lr 3.35e-05  1.90 it/s
step  12750  L  0.3156  point 0.0186  disp 0.0868  theta 0.0000  stop 0.2844  act-agree 0.715  p(stop) 0.010  lr 3.31e-05  1.90 it/s
step  12800  L  0.4512  point 0.0203  disp 0.0927  theta 0.0000  stop 0.4918  act-agree 0.743  p(stop) 0.015  lr 3.28e-05  1.90 it/s
step  12850  L  0.3758  point 0.0200  disp 0.0776  theta 0.0000  stop 0.4097  act-agree 0.703  p(stop) 0.005  lr 3.24e-05  1.89 it/s
step  12900  L  0.5051  point 0.0241  disp 0.1103  theta 0.0000  stop 0.6098  act-agree 0.675  p(stop) 0.003  lr 3.21e-05  1.89 it/s
step  12950  L  0.5097  point 0.0212  disp 0.1043  theta 0.0000  stop 0.6466  act-agree 0.728  p(stop) 0.008  lr 3.17e-05  1.89 it/s
step  13000  L  0.3153  point 0.0264  disp 0.0847  theta 0.0000  stop 0.2650  act-agree 0.748  p(stop) 0.009  lr 3.14e-05  1.89 it/s
step  13050  L  0.3723  point 0.0239  disp 0.0590  theta 0.0000  stop 0.4183  act-agree 0.703  p(stop) 0.032  lr 3.11e-05  1.89 it/s
step  13100  L  0.5289  point 0.0182  disp 0.0890  theta 0.0000  stop 0.6806  act-agree 0.708  p(stop) 0.020  lr 3.07e-05  1.88 it/s
step  13150  L  0.3839  point 0.0203  disp 0.0662  theta 0.0000  stop 0.4469  act-agree 0.745  p(stop) 0.011  lr 3.04e-05  1.88 it/s
step  13200  L  0.4385  point 0.0219  disp 0.0805  theta 0.0000  stop 0.5312  act-agree 0.748  p(stop) 0.026  lr 3.01e-05  1.88 it/s
step  13250  L  0.3820  point 0.0197  disp 0.0908  theta 0.0000  stop 0.4022  act-agree 0.730  p(stop) 0.011  lr 2.97e-05  1.88 it/s
step  13300  L  0.5537  point 0.0185  disp 0.1064  theta 0.0000  stop 0.7154  act-agree 0.743  p(stop) 0.016  lr 2.94e-05  1.87 it/s
step  13350  L  0.4150  point 0.0226  disp 0.0831  theta 0.0000  stop 0.4879  act-agree 0.752  p(stop) 0.056  lr 2.91e-05  1.87 it/s
step  13400  L  0.5052  point 0.0197  disp 0.0832  theta 0.0000  stop 0.6717  act-agree 0.745  p(stop) 0.016  lr 2.88e-05  1.87 it/s
step  13450  L  0.4635  point 0.0209  disp 0.0846  theta 0.0000  stop 0.5683  act-agree 0.735  p(stop) 0.014  lr 2.84e-05  1.86 it/s
step  13500  L  0.4575  point 0.0192  disp 0.0845  theta 0.0000  stop 0.5497  act-agree 0.757  p(stop) 0.025  lr 2.81e-05  1.86 it/s
step  13550  L  0.3038  point 0.0201  disp 0.0718  theta 0.0000  stop 0.2907  act-agree 0.755  p(stop) 0.007  lr 2.78e-05  1.86 it/s
step  13600  L  0.4723  point 0.0219  disp 0.0753  theta 0.0000  stop 0.6171  act-agree 0.738  p(stop) 0.018  lr 2.75e-05  1.86 it/s
step  13650  L  0.3995  point 0.0196  disp 0.0750  theta 0.0000  stop 0.4768  act-agree 0.723  p(stop) 0.015  lr 2.71e-05  1.86 it/s
step  13700  L  0.4156  point 0.0164  disp 0.0878  theta 0.0000  stop 0.4941  act-agree 0.710  p(stop) 0.018  lr 2.68e-05  1.85 it/s
step  13750  L  0.4896  point 0.0180  disp 0.0885  theta 0.0000  stop 0.6233  act-agree 0.762  p(stop) 0.006  lr 2.65e-05  1.85 it/s
step  13800  L  0.4159  point 0.0227  disp 0.0818  theta 0.0000  stop 0.4619  act-agree 0.730  p(stop) 0.037  lr 2.62e-05  1.85 it/s
step  13850  L  0.3131  point 0.0227  disp 0.0793  theta 0.0000  stop 0.2672  act-agree 0.752  p(stop) 0.011  lr 2.59e-05  1.85 it/s
step  13900  L  0.4574  point 0.0202  disp 0.0750  theta 0.0000  stop 0.5715  act-agree 0.750  p(stop) 0.014  lr 2.56e-05  1.85 it/s
step  13950  L  0.4177  point 0.0181  disp 0.0713  theta 0.0000  stop 0.5166  act-agree 0.777  p(stop) 0.022  lr 2.53e-05  1.84 it/s
step  14000  L  0.4561  point 0.0207  disp 0.0871  theta 0.0000  stop 0.5486  act-agree 0.750  p(stop) 0.065  lr 2.49e-05  1.84 it/s
step  14050  L  0.3858  point 0.0230  disp 0.1056  theta 0.0000  stop 0.3741  act-agree 0.708  p(stop) 0.002  lr 2.46e-05  1.84 it/s
step  14100  L  0.4758  point 0.0188  disp 0.0699  theta 0.0000  stop 0.6485  act-agree 0.728  p(stop) 0.018  lr 2.43e-05  1.84 it/s
step  14150  L  0.4105  point 0.0162  disp 0.0702  theta 0.0000  stop 0.4996  act-agree 0.720  p(stop) 0.001  lr 2.40e-05  1.83 it/s
step  14200  L  0.3426  point 0.0262  disp 0.0737  theta 0.0000  stop 0.3249  act-agree 0.695  p(stop) 0.006  lr 2.37e-05  1.83 it/s
step  14250  L  0.3090  point 0.0204  disp 0.0601  theta 0.0000  stop 0.3302  act-agree 0.767  p(stop) 0.009  lr 2.34e-05  1.83 it/s
step  14300  L  0.6645  point 0.0182  disp 0.0971  theta 0.0000  stop 0.9756  act-agree 0.772  p(stop) 0.022  lr 2.31e-05  1.83 it/s
step  14350  L  0.2068  point 0.0218  disp 0.0690  theta 0.0000  stop 0.0847  act-agree 0.725  p(stop) 0.008  lr 2.28e-05  1.83 it/s
step  14400  L  0.4997  point 0.0182  disp 0.0782  theta 0.0000  stop 0.6661  act-agree 0.715  p(stop) 0.012  lr 2.25e-05  1.82 it/s
step  14450  L  0.6128  point 0.0229  disp 0.1109  theta 0.0000  stop 0.8053  act-agree 0.693  p(stop) 0.004  lr 2.23e-05  1.82 it/s
step  14500  L  0.4016  point 0.0220  disp 0.0936  theta 0.0000  stop 0.4349  act-agree 0.710  p(stop) 0.011  lr 2.20e-05  1.82 it/s
step  14550  L  0.3789  point 0.0196  disp 0.0860  theta 0.0000  stop 0.4179  act-agree 0.740  p(stop) 0.013  lr 2.17e-05  1.82 it/s
step  14600  L  0.5051  point 0.0231  disp 0.1219  theta 0.0000  stop 0.5785  act-agree 0.723  p(stop) 0.020  lr 2.14e-05  1.82 it/s
step  14650  L  0.4308  point 0.0171  disp 0.0853  theta 0.0000  stop 0.5346  act-agree 0.770  p(stop) 0.016  lr 2.11e-05  1.82 it/s
step  14700  L  0.5186  point 0.0205  disp 0.0810  theta 0.0000  stop 0.7029  act-agree 0.802  p(stop) 0.012  lr 2.08e-05  1.81 it/s
step  14750  L  0.5454  point 0.0238  disp 0.1085  theta 0.0000  stop 0.6920  act-agree 0.685  p(stop) 0.012  lr 2.05e-05  1.81 it/s
step  14800  L  0.5292  point 0.0196  disp 0.0960  theta 0.0000  stop 0.6932  act-agree 0.718  p(stop) 0.003  lr 2.03e-05  1.81 it/s
step  14850  L  0.2946  point 0.0208  disp 0.0827  theta 0.0000  stop 0.2460  act-agree 0.750  p(stop) 0.004  lr 2.00e-05  1.81 it/s
step  14900  L  0.5685  point 0.0176  disp 0.0921  theta 0.0000  stop 0.7774  act-agree 0.725  p(stop) 0.020  lr 1.97e-05  1.81 it/s
step  14950  L  0.4728  point 0.0248  disp 0.0721  theta 0.0000  stop 0.6163  act-agree 0.723  p(stop) 0.004  lr 1.94e-05  1.80 it/s
step  15000  L  0.4296  point 0.0241  disp 0.0844  theta 0.0000  stop 0.4955  act-agree 0.750  p(stop) 0.035  lr 1.92e-05  1.80 it/s
step  15050  L  0.3382  point 0.0218  disp 0.0667  theta 0.0000  stop 0.3778  act-agree 0.757  p(stop) 0.004  lr 1.89e-05  1.80 it/s
step  15100  L  0.5408  point 0.0194  disp 0.0992  theta 0.0000  stop 0.7210  act-agree 0.733  p(stop) 0.022  lr 1.86e-05  1.80 it/s
step  15150  L  0.3392  point 0.0165  disp 0.0921  theta 0.0000  stop 0.3367  act-agree 0.760  p(stop) 0.015  lr 1.84e-05  1.80 it/s
step  15200  L  0.4241  point 0.0174  disp 0.0835  theta 0.0000  stop 0.5262  act-agree 0.770  p(stop) 0.005  lr 1.81e-05  1.80 it/s
step  15250  L  0.3628  point 0.0236  disp 0.0758  theta 0.0000  stop 0.3796  act-agree 0.718  p(stop) 0.006  lr 1.79e-05  1.79 it/s
step  15300  L  0.3981  point 0.0167  disp 0.0658  theta 0.0000  stop 0.5032  act-agree 0.775  p(stop) 0.024  lr 1.76e-05  1.79 it/s
step  15350  L  0.4394  point 0.0202  disp 0.0788  theta 0.0000  stop 0.5430  act-agree 0.765  p(stop) 0.030  lr 1.74e-05  1.79 it/s
step  15400  L  0.3242  point 0.0251  disp 0.0841  theta 0.0000  stop 0.3054  act-agree 0.713  p(stop) 0.007  lr 1.71e-05  1.79 it/s
step  15450  L  0.3340  point 0.0203  disp 0.0833  theta 0.0000  stop 0.3191  act-agree 0.730  p(stop) 0.019  lr 1.68e-05  1.79 it/s
step  15500  L  0.5152  point 0.0159  disp 0.0698  theta 0.0000  stop 0.7108  act-agree 0.782  p(stop) 0.013  lr 1.66e-05  1.79 it/s
step  15550  L  0.5458  point 0.0239  disp 0.0925  theta 0.0000  stop 0.7019  act-agree 0.698  p(stop) 0.011  lr 1.64e-05  1.78 it/s
step  15600  L  0.4953  point 0.0252  disp 0.0821  theta 0.0000  stop 0.6310  act-agree 0.740  p(stop) 0.006  lr 1.61e-05  1.78 it/s
step  15650  L  0.3368  point 0.0173  disp 0.0706  theta 0.0000  stop 0.3767  act-agree 0.770  p(stop) 0.004  lr 1.59e-05  1.78 it/s
step  15700  L  0.5528  point 0.0198  disp 0.0849  theta 0.0000  stop 0.7601  act-agree 0.772  p(stop) 0.003  lr 1.56e-05  1.78 it/s
step  15750  L  0.4628  point 0.0206  disp 0.0838  theta 0.0000  stop 0.5921  act-agree 0.735  p(stop) 0.016  lr 1.54e-05  1.78 it/s
step  15800  L  0.3070  point 0.0202  disp 0.0768  theta 0.0000  stop 0.3034  act-agree 0.757  p(stop) 0.087  lr 1.52e-05  1.78 it/s
step  15850  L  0.4737  point 0.0157  disp 0.0653  theta 0.0000  stop 0.6493  act-agree 0.757  p(stop) 0.041  lr 1.49e-05  1.78 it/s
step  15900  L  0.3825  point 0.0218  disp 0.0813  theta 0.0000  stop 0.4287  act-agree 0.762  p(stop) 0.028  lr 1.47e-05  1.78 it/s
step  15950  L  0.4070  point 0.0161  disp 0.0828  theta 0.0000  stop 0.4852  act-agree 0.787  p(stop) 0.040  lr 1.45e-05  1.78 it/s
step  16000  L  0.5661  point 0.0201  disp 0.0860  theta 0.0000  stop 0.7709  act-agree 0.780  p(stop) 0.014  lr 1.42e-05  1.78 it/s
step  16050  L  0.6014  point 0.0177  disp 0.0985  theta 0.0000  stop 0.8500  act-agree 0.760  p(stop) 0.028  lr 1.40e-05  1.78 it/s
step  16100  L  0.5414  point 0.0226  disp 0.0718  theta 0.0000  stop 0.7646  act-agree 0.757  p(stop) 0.012  lr 1.38e-05  1.78 it/s
step  16150  L  0.4151  point 0.0167  disp 0.0831  theta 0.0000  stop 0.5174  act-agree 0.760  p(stop) 0.005  lr 1.36e-05  1.78 it/s
step  16200  L  0.3185  point 0.0187  disp 0.0931  theta 0.0000  stop 0.2915  act-agree 0.720  p(stop) 0.022  lr 1.34e-05  1.78 it/s
step  16250  L  0.4987  point 0.0172  disp 0.0803  theta 0.0000  stop 0.6742  act-agree 0.738  p(stop) 0.014  lr 1.32e-05  1.78 it/s
step  16300  L  0.3888  point 0.0184  disp 0.0909  theta 0.0000  stop 0.4230  act-agree 0.752  p(stop) 0.007  lr 1.30e-05  1.78 it/s
step  16350  L  0.3395  point 0.0169  disp 0.0712  theta 0.0000  stop 0.3636  act-agree 0.770  p(stop) 0.042  lr 1.27e-05  1.78 it/s
step  16400  L  0.3326  point 0.0179  disp 0.0487  theta 0.0000  stop 0.3995  act-agree 0.743  p(stop) 0.008  lr 1.25e-05  1.78 it/s
step  16450  L  0.2972  point 0.0181  disp 0.0579  theta 0.0000  stop 0.3266  act-agree 0.787  p(stop) 0.034  lr 1.23e-05  1.78 it/s
step  16500  L  0.4804  point 0.0203  disp 0.0959  theta 0.0000  stop 0.5906  act-agree 0.685  p(stop) 0.063  lr 1.21e-05  1.78 it/s
step  16550  L  0.4949  point 0.0189  disp 0.0924  theta 0.0000  stop 0.6411  act-agree 0.745  p(stop) 0.008  lr 1.19e-05  1.78 it/s
step  16600  L  0.5511  point 0.0172  disp 0.0736  theta 0.0000  stop 0.8001  act-agree 0.772  p(stop) 0.005  lr 1.17e-05  1.78 it/s
step  16650  L  0.4419  point 0.0176  disp 0.0825  theta 0.0000  stop 0.5516  act-agree 0.730  p(stop) 0.005  lr 1.16e-05  1.78 it/s
step  16700  L  0.3022  point 0.0177  disp 0.0795  theta 0.0000  stop 0.2895  act-agree 0.750  p(stop) 0.006  lr 1.14e-05  1.78 it/s
step  16750  L  0.3215  point 0.0214  disp 0.0679  theta 0.0000  stop 0.3408  act-agree 0.740  p(stop) 0.005  lr 1.12e-05  1.78 it/s
step  16800  L  0.5387  point 0.0197  disp 0.0774  theta 0.0000  stop 0.7826  act-agree 0.745  p(stop) 0.033  lr 1.10e-05  1.77 it/s
step  16850  L  0.5773  point 0.0170  disp 0.1092  theta 0.0000  stop 0.7707  act-agree 0.725  p(stop) 0.019  lr 1.08e-05  1.77 it/s
step  16900  L  0.4038  point 0.0193  disp 0.0762  theta 0.0000  stop 0.4730  act-agree 0.743  p(stop) 0.014  lr 1.06e-05  1.77 it/s
step  16950  L  0.3544  point 0.0175  disp 0.0699  theta 0.0000  stop 0.4012  act-agree 0.762  p(stop) 0.083  lr 1.05e-05  1.77 it/s
step  17000  L  0.2289  point 0.0158  disp 0.0586  theta 0.0000  stop 0.1728  act-agree 0.780  p(stop) 0.004  lr 1.03e-05  1.77 it/s
step  17050  L  0.5589  point 0.0195  disp 0.0837  theta 0.0000  stop 0.7750  act-agree 0.745  p(stop) 0.055  lr 1.01e-05  1.77 it/s
step  17100  L  0.3577  point 0.0200  disp 0.0928  theta 0.0000  stop 0.3655  act-agree 0.740  p(stop) 0.017  lr 9.94e-06  1.77 it/s
step  17150  L  0.3719  point 0.0198  disp 0.0953  theta 0.0000  stop 0.3885  act-agree 0.723  p(stop) 0.016  lr 9.77e-06  1.76 it/s
step  17200  L  0.5348  point 0.0217  disp 0.1063  theta 0.0000  stop 0.6767  act-agree 0.752  p(stop) 0.025  lr 9.61e-06  1.76 it/s
step  17250  L  0.5344  point 0.0165  disp 0.0915  theta 0.0000  stop 0.7255  act-agree 0.738  p(stop) 0.046  lr 9.45e-06  1.76 it/s
step  17300  L  0.6188  point 0.0200  disp 0.1043  theta 0.0000  stop 0.8504  act-agree 0.782  p(stop) 0.027  lr 9.29e-06  1.76 it/s
step  17350  L  0.4925  point 0.0180  disp 0.1062  theta 0.0000  stop 0.6174  act-agree 0.760  p(stop) 0.010  lr 9.14e-06  1.76 it/s
step  17400  L  0.6024  point 0.0156  disp 0.1029  theta 0.0000  stop 0.8401  act-agree 0.748  p(stop) 0.010  lr 8.98e-06  1.76 it/s
step  17450  L  0.4172  point 0.0222  disp 0.0967  theta 0.0000  stop 0.4572  act-agree 0.728  p(stop) 0.003  lr 8.84e-06  1.76 it/s
step  17500  L  0.4265  point 0.0206  disp 0.0857  theta 0.0000  stop 0.4887  act-agree 0.750  p(stop) 0.035  lr 8.69e-06  1.76 it/s
step  17550  L  0.4636  point 0.0172  disp 0.0815  theta 0.0000  stop 0.5989  act-agree 0.757  p(stop) 0.006  lr 8.54e-06  1.75 it/s
step  17600  L  0.3267  point 0.0205  disp 0.0780  theta 0.0000  stop 0.3417  act-agree 0.740  p(stop) 0.033  lr 8.40e-06  1.75 it/s
step  17650  L  0.4675  point 0.0262  disp 0.0996  theta 0.0000  stop 0.5792  act-agree 0.757  p(stop) 0.012  lr 8.26e-06  1.75 it/s
step  17700  L  0.3143  point 0.0217  disp 0.0807  theta 0.0000  stop 0.2942  act-agree 0.762  p(stop) 0.030  lr 8.13e-06  1.75 it/s
step  17750  L  0.5775  point 0.0210  disp 0.0939  theta 0.0000  stop 0.7831  act-agree 0.730  p(stop) 0.038  lr 7.99e-06  1.75 it/s
step  17800  L  0.3914  point 0.0150  disp 0.0865  theta 0.0000  stop 0.4633  act-agree 0.748  p(stop) 0.006  lr 7.86e-06  1.75 it/s
step  17850  L  0.4326  point 0.0173  disp 0.0732  theta 0.0000  stop 0.5642  act-agree 0.735  p(stop) 0.005  lr 7.74e-06  1.75 it/s
step  17900  L  0.2946  point 0.0194  disp 0.0668  theta 0.0000  stop 0.2996  act-agree 0.755  p(stop) 0.008  lr 7.61e-06  1.76 it/s
step  17950  L  0.5471  point 0.0230  disp 0.0642  theta 0.0000  stop 0.7918  act-agree 0.772  p(stop) 0.039  lr 7.49e-06  1.76 it/s
step  18000  L  0.5157  point 0.0187  disp 0.0802  theta 0.0000  stop 0.7128  act-agree 0.770  p(stop) 0.028  lr 7.37e-06  1.76 it/s
step  18050  L  0.3386  point 0.0194  disp 0.0758  theta 0.0000  stop 0.3425  act-agree 0.767  p(stop) 0.011  lr 7.26e-06  1.76 it/s
step  18100  L  0.3665  point 0.0172  disp 0.0845  theta 0.0000  stop 0.4006  act-agree 0.740  p(stop) 0.048  lr 7.14e-06  1.76 it/s
step  18150  L  0.3947  point 0.0163  disp 0.0714  theta 0.0000  stop 0.4768  act-agree 0.782  p(stop) 0.009  lr 7.03e-06  1.76 it/s
step  18200  L  0.3687  point 0.0185  disp 0.0900  theta 0.0000  stop 0.3975  act-agree 0.708  p(stop) 0.002  lr 6.92e-06  1.76 it/s
step  18250  L  0.4333  point 0.0231  disp 0.0798  theta 0.0000  stop 0.5434  act-agree 0.723  p(stop) 0.008  lr 6.82e-06  1.76 it/s
step  18300  L  0.4535  point 0.0195  disp 0.0962  theta 0.0000  stop 0.5476  act-agree 0.728  p(stop) 0.037  lr 6.72e-06  1.76 it/s
step  18350  L  0.2985  point 0.0221  disp 0.0575  theta 0.0000  stop 0.3225  act-agree 0.752  p(stop) 0.029  lr 6.62e-06  1.76 it/s
step  18400  L  0.5056  point 0.0211  disp 0.0802  theta 0.0000  stop 0.6818  act-agree 0.728  p(stop) 0.003  lr 6.52e-06  1.76 it/s
step  18450  L  0.4360  point 0.0192  disp 0.0779  theta 0.0000  stop 0.5321  act-agree 0.760  p(stop) 0.002  lr 6.43e-06  1.76 it/s
step  18500  L  0.3436  point 0.0184  disp 0.0926  theta 0.0000  stop 0.3433  act-agree 0.755  p(stop) 0.003  lr 6.34e-06  1.76 it/s
step  18550  L  0.3411  point 0.0171  disp 0.0771  theta 0.0000  stop 0.3708  act-agree 0.780  p(stop) 0.016  lr 6.25e-06  1.76 it/s
step  18600  L  0.5113  point 0.0157  disp 0.0924  theta 0.0000  stop 0.6818  act-agree 0.755  p(stop) 0.007  lr 6.17e-06  1.76 it/s
step  18650  L  0.3779  point 0.0175  disp 0.0706  theta 0.0000  stop 0.4659  act-agree 0.760  p(stop) 0.018  lr 6.09e-06  1.77 it/s
step  18700  L  0.5528  point 0.0173  disp 0.0770  theta 0.0000  stop 0.7876  act-agree 0.770  p(stop) 0.002  lr 6.01e-06  1.77 it/s
step  18750  L  0.4260  point 0.0183  disp 0.0914  theta 0.0000  stop 0.5045  act-agree 0.733  p(stop) 0.003  lr 5.93e-06  1.77 it/s
step  18800  L  0.3287  point 0.0161  disp 0.0720  theta 0.0000  stop 0.3611  act-agree 0.767  p(stop) 0.003  lr 5.86e-06  1.77 it/s
step  18850  L  0.4356  point 0.0174  disp 0.0906  theta 0.0000  stop 0.5366  act-agree 0.748  p(stop) 0.022  lr 5.79e-06  1.77 it/s
step  18900  L  0.4072  point 0.0160  disp 0.0840  theta 0.0000  stop 0.5140  act-agree 0.755  p(stop) 0.046  lr 5.72e-06  1.77 it/s
step  18950  L  0.2767  point 0.0183  disp 0.0690  theta 0.0000  stop 0.2584  act-agree 0.760  p(stop) 0.002  lr 5.66e-06  1.77 it/s
step  19000  L  0.3647  point 0.0157  disp 0.1021  theta 0.0000  stop 0.3687  act-agree 0.767  p(stop) 0.035  lr 5.60e-06  1.77 it/s
step  19050  L  0.4566  point 0.0195  disp 0.0860  theta 0.0000  stop 0.5577  act-agree 0.752  p(stop) 0.004  lr 5.54e-06  1.77 it/s
step  19100  L  0.2940  point 0.0196  disp 0.0654  theta 0.0000  stop 0.3153  act-agree 0.755  p(stop) 0.005  lr 5.48e-06  1.77 it/s
step  19150  L  0.4338  point 0.0205  disp 0.0736  theta 0.0000  stop 0.5555  act-agree 0.762  p(stop) 0.036  lr 5.43e-06  1.77 it/s
step  19200  L  0.4356  point 0.0201  disp 0.0777  theta 0.0000  stop 0.5315  act-agree 0.728  p(stop) 0.011  lr 5.38e-06  1.77 it/s
step  19250  L  0.4426  point 0.0183  disp 0.0985  theta 0.0000  stop 0.5106  act-agree 0.743  p(stop) 0.017  lr 5.34e-06  1.77 it/s
step  19300  L  0.2973  point 0.0145  disp 0.0728  theta 0.0000  stop 0.2964  act-agree 0.757  p(stop) 0.055  lr 5.29e-06  1.77 it/s
step  19350  L  0.5185  point 0.0191  disp 0.0677  theta 0.0000  stop 0.7733  act-agree 0.750  p(stop) 0.045  lr 5.25e-06  1.77 it/s
step  19400  L  0.3705  point 0.0208  disp 0.0855  theta 0.0000  stop 0.4051  act-agree 0.735  p(stop) 0.020  lr 5.22e-06  1.77 it/s
step  19450  L  0.6338  point 0.0201  disp 0.1160  theta 0.0000  stop 0.8663  act-agree 0.760  p(stop) 0.015  lr 5.18e-06  1.78 it/s
step  19500  L  0.3676  point 0.0195  disp 0.0830  theta 0.0000  stop 0.4159  act-agree 0.762  p(stop) 0.013  lr 5.15e-06  1.78 it/s
step  19550  L  0.3499  point 0.0204  disp 0.0774  theta 0.0000  stop 0.3950  act-agree 0.755  p(stop) 0.030  lr 5.12e-06  1.78 it/s
step  19600  L  0.4253  point 0.0193  disp 0.0800  theta 0.0000  stop 0.5326  act-agree 0.743  p(stop) 0.007  lr 5.10e-06  1.78 it/s
step  19650  L  0.3447  point 0.0198  disp 0.0749  theta 0.0000  stop 0.4001  act-agree 0.723  p(stop) 0.014  lr 5.07e-06  1.78 it/s
step  19700  L  0.3475  point 0.0172  disp 0.0625  theta 0.0000  stop 0.4040  act-agree 0.738  p(stop) 0.002  lr 5.05e-06  1.78 it/s
step  19750  L  0.4710  point 0.0189  disp 0.0832  theta 0.0000  stop 0.6111  act-agree 0.752  p(stop) 0.050  lr 5.04e-06  1.78 it/s
step  19800  L  0.4685  point 0.0196  disp 0.0707  theta 0.0000  stop 0.6369  act-agree 0.728  p(stop) 0.034  lr 5.02e-06  1.78 it/s
step  19850  L  0.3268  point 0.0229  disp 0.0927  theta 0.0000  stop 0.2938  act-agree 0.748  p(stop) 0.020  lr 5.01e-06  1.78 it/s
step  19900  L  0.4887  point 0.0166  disp 0.0711  theta 0.0000  stop 0.6811  act-agree 0.723  p(stop) 0.010  lr 5.01e-06  1.78 it/s
step  19950  L  0.4200  point 0.0176  disp 0.0776  theta 0.0000  stop 0.5243  act-agree 0.767  p(stop) 0.020  lr 5.00e-06  1.78 it/s
step  20000  L  0.3955  point 0.0159  disp 0.0697  theta 0.0000  stop 0.4902  act-agree 0.718  p(stop) 0.002  lr 5.00e-06  1.78 it/s

saved -> checkpoints/pointing/final
######## POINTING train finished Wed Sep  2 23:21:32 EDT 2026 ########
