Renderer: NVIDIA GeForce RTX 4070 Ti SUPER/PCIe/SSE2 by NVIDIA Corporation
OpenGL version: 4.6.0 NVIDIA 580.173.02
Using optional features:
    GL_ARB_vertex_array_object
    GL_ARB_separate_shader_objects
    GL_ARB_robustness
    GL_ARB_texture_storage
    GL_ARB_texture_view
    GL_ARB_framebuffer_no_attachments
    GL_ARB_invalidate_subdata
    GL_ARB_texture_storage_multisample
    GL_ARB_multi_bind
    GL_ARB_direct_state_access
    GL_ARB_get_texture_sub_image
    GL_ARB_texture_filter_anisotropic
    GL_KHR_debug
    GL_KHR_parallel_shader_compile
    GL_NV_depth_buffer_float
Using driver workarounds:
    no-forward-compatible-core-context
    nv-egl-incorrect-gl11-function-pointers
    no-layout-qualifiers-on-old-glsl
    nv-zero-context-profile-mask
    nv-implementation-color-read-format-dsa-broken
    nv-cubemap-inconsistent-compressed-image-size
    nv-cubemap-broken-full-compressed-image-query
    nv-compressed-block-size-in-bits
[16:37:21:308209]:[Warning]:[Metadata] SceneDatasetAttributes.cpp(107)::addNewSceneInstanceToDataset : Dataset : 'default' : Lighting Layout Attributes 'no_lights' specified in Scene Attributes but does not exist in dataset, so creating default.
Multiple -pix_fmt options specified for stream 0, only the last option '-pix_fmt yuv420p' will be used.
  17DRP5sb8fy/10154: 33 steps -> 134 frames (8.9s)  653 KB  0.3s
Multiple -pix_fmt options specified for stream 0, only the last option '-pix_fmt yuv420p' will be used.
  17DRP5sb8fy/10155: 33 steps -> 134 frames (8.9s)  653 KB  0.2s
Multiple -pix_fmt options specified for stream 0, only the last option '-pix_fmt yuv420p' will be used.
  17DRP5sb8fy/10156: 33 steps -> 134 frames (8.9s)  653 KB  0.3s
Multiple -pix_fmt options specified for stream 0, only the last option '-pix_fmt yuv420p' will be used.
  17DRP5sb8fy/10355: 11 steps -> 42 frames (2.7s)  344 KB  0.1s
Multiple -pix_fmt options specified for stream 0, only the last option '-pix_fmt yuv420p' will be used.
  17DRP5sb8fy/10356: 11 steps -> 42 frames (2.7s)  344 KB  0.1s
Multiple -pix_fmt options specified for stream 0, only the last option '-pix_fmt yuv420p' will be used.
  17DRP5sb8fy/10357: 11 steps -> 42 frames (2.7s)  344 KB  0.1s
Multiple -pix_fmt options specified for stream 0, only the last option '-pix_fmt yuv420p' will be used.
  17DRP5sb8fy/10514: 18 steps -> 74 frames (4.9s)  425 KB  0.2s
Multiple -pix_fmt options specified for stream 0, only the last option '-pix_fmt yuv420p' will be used.
  17DRP5sb8fy/10515: 18 steps -> 74 frames (4.9s)  425 KB  0.2s

8 episodes  676 frames  3.9 MB  3.4s
per episode: 84 frames  480 KB  0.43s
per frame:   5.7 KB  5.0 ms

extrapolated to 13,436 episodes: 1.14 M frames, 6.6 GB, 1.6 GPU-hours
