######## STAGE 1 learned  started Wed Sep  2 12:00:59 EDT 2026 ########
split=train  episodes=1665  steps=69606
scans=6
marginal-prior loss H(actions) = 0.9744  (uniform ln(4) = 1.3863)
Eq.14 target coverage: 0.952 (steps with a v_bar_{t+2}; the rest are masked)

mean ||v_bar|| = 14.798

action prior: LEFT=0.183  FWD=0.639  RIGHT=0.154  STOP=0.024
BASELINES  loss: uniform=1.3863  marginal=0.9744

Eq.12/Eq.5 asymmetry: OK  (train=v_bar_{t+1}, eval=z_{t-1})
pilot_mode=action_query   g_psi=learned   lambda=0.1
LR cosine: warmup 100 -> peak 1.00e-04 -> 5.00e-06 at step 17400 (floor 5% of peak)
epochs over 69,606 steps at batch 8: 2.00

step     50  L   4.2325  L_act 2.7858  L_pil    14.468  acc 0.388  STOP-rec 0.000(n=7)  |z|  14.63  lr 5.10e-05  2.02 it/s
step    100  L   2.0927  L_act 1.0317  L_pil    10.610  acc 0.593  STOP-rec 0.000(n=7)  |z|  15.14  lr 1.00e-04  2.04 it/s
step    150  L   1.9488  L_act 1.0137  L_pil     9.351  acc 0.603  STOP-rec 0.000(n=9)  |z|  15.16  lr 1.00e-04  2.03 it/s
step    200  L   1.7579  L_act 0.9402  L_pil     8.177  acc 0.662  STOP-rec 0.000(n=7)  |z|  15.42  lr 1.00e-04  2.03 it/s
step    250  L   1.6713  L_act 0.9782  L_pil     6.931  acc 0.632  STOP-rec 0.000(n=9)  |z|  14.41  lr 1.00e-04  2.03 it/s
step    300  L   1.5965  L_act 0.9685  L_pil     6.280  acc 0.657  STOP-rec 0.000(n=13)  |z|  15.48  lr 1.00e-04  2.03 it/s
step    350  L   1.6093  L_act 0.9964  L_pil     6.130  acc 0.620  STOP-rec 0.000(n=12)  |z|  15.28  lr 1.00e-04  2.02 it/s
step    400  L   1.6298  L_act 0.9906  L_pil     6.392  acc 0.660  STOP-rec 0.000(n=11)  |z|  15.15  lr 9.99e-05  2.03 it/s
step    450  L   1.5903  L_act 0.9736  L_pil     6.167  acc 0.637  STOP-rec 0.000(n=7)  |z|  15.74  lr 9.99e-05  2.03 it/s
step    500  L   1.5354  L_act 0.9757  L_pil     5.596  acc 0.618  STOP-rec 0.000(n=8)  |z|  15.03  lr 9.99e-05  2.03 it/s
step    550  L   1.5069  L_act 0.9306  L_pil     5.763  acc 0.635  STOP-rec 0.000(n=7)  |z|  15.57  lr 9.98e-05  2.03 it/s
step    600  L   1.4078  L_act 0.8593  L_pil     5.484  acc 0.695  STOP-rec 0.000(n=9)  |z|  15.08  lr 9.98e-05  2.02 it/s
step    650  L   1.4554  L_act 0.9110  L_pil     5.444  acc 0.650  STOP-rec 0.000(n=4)  |z|  16.52  lr 9.98e-05  1.97 it/s
step    700  L   1.4689  L_act 0.9333  L_pil     5.356  acc 0.665  STOP-rec 0.000(n=14)  |z|  14.71  lr 9.97e-05  1.96 it/s
step    750  L   1.4117  L_act 0.9079  L_pil     5.038  acc 0.667  STOP-rec 0.000(n=11)  |z|  15.50  lr 9.97e-05  1.96 it/s
step    800  L   1.4418  L_act 0.9105  L_pil     5.313  acc 0.655  STOP-rec 0.000(n=10)  |z|  14.78  lr 9.96e-05  1.97 it/s
step    850  L   1.4248  L_act 0.9036  L_pil     5.211  acc 0.642  STOP-rec 0.000(n=10)  |z|  14.90  lr 9.96e-05  1.97 it/s
step    900  L   1.3229  L_act 0.8613  L_pil     4.616  acc 0.667  STOP-rec 0.000(n=8)  |z|  14.80  lr 9.95e-05  1.97 it/s
step    950  L   1.4429  L_act 0.9625  L_pil     4.804  acc 0.632  STOP-rec 0.000(n=9)  |z|  15.05  lr 9.94e-05  1.98 it/s
step   1000  L   1.3650  L_act 0.8980  L_pil     4.670  acc 0.675  STOP-rec 0.000(n=15)  |z|  14.63  lr 9.94e-05  1.98 it/s
step   1050  L   1.3253  L_act 0.8453  L_pil     4.801  acc 0.672  STOP-rec 0.000(n=10)  |z|  15.25  lr 9.93e-05  1.98 it/s
step   1100  L   1.2928  L_act 0.8478  L_pil     4.450  acc 0.682  STOP-rec 0.000(n=8)  |z|  14.71  lr 9.92e-05  1.98 it/s
step   1150  L   1.2700  L_act 0.7702  L_pil     4.997  acc 0.715  STOP-rec 0.000(n=9)  |z|  15.62  lr 9.91e-05  1.98 it/s
step   1200  L   1.2230  L_act 0.7694  L_pil     4.536  acc 0.713  STOP-rec 0.000(n=7)  |z|  14.50  lr 9.91e-05  1.99 it/s
step   1250  L   1.2616  L_act 0.7763  L_pil     4.853  acc 0.708  STOP-rec 0.000(n=7)  |z|  15.31  lr 9.90e-05  1.99 it/s
step   1300  L   1.2129  L_act 0.7085  L_pil     5.044  acc 0.748  STOP-rec 0.000(n=8)  |z|  15.99  lr 9.89e-05  1.99 it/s
step   1350  L   1.1887  L_act 0.7013  L_pil     4.874  acc 0.765  STOP-rec 0.000(n=13)  |z|  15.27  lr 9.88e-05  1.99 it/s
step   1400  L   1.0989  L_act 0.6570  L_pil     4.419  acc 0.767  STOP-rec 0.000(n=13)  |z|  14.71  lr 9.87e-05  1.99 it/s
step   1450  L   1.1448  L_act 0.6758  L_pil     4.690  acc 0.752  STOP-rec 0.000(n=8)  |z|  15.34  lr 9.86e-05  1.99 it/s
step   1500  L   1.0683  L_act 0.6008  L_pil     4.675  acc 0.780  STOP-rec 0.000(n=6)  |z|  15.44  lr 9.85e-05  2.00 it/s
step   1550  L   1.0896  L_act 0.6363  L_pil     4.533  acc 0.762  STOP-rec 0.000(n=10)  |z|  15.86  lr 9.84e-05  2.00 it/s
step   1600  L   1.0585  L_act 0.6178  L_pil     4.407  acc 0.782  STOP-rec 0.000(n=13)  |z|  14.95  lr 9.82e-05  2.00 it/s
step   1650  L   0.9680  L_act 0.5158  L_pil     4.521  acc 0.807  STOP-rec 0.000(n=6)  |z|  15.37  lr 9.81e-05  2.00 it/s
step   1700  L   1.0486  L_act 0.6030  L_pil     4.456  acc 0.787  STOP-rec 0.000(n=16)  |z|  14.94  lr 9.80e-05  2.00 it/s
step   1750  L   0.9548  L_act 0.5140  L_pil     4.408  acc 0.828  STOP-rec 0.000(n=6)  |z|  15.09  lr 9.79e-05  2.00 it/s
step   1800  L   1.1151  L_act 0.6609  L_pil     4.542  acc 0.748  STOP-rec 0.000(n=9)  |z|  15.10  lr 9.78e-05  2.00 it/s
step   1850  L   0.9789  L_act 0.5348  L_pil     4.440  acc 0.815  STOP-rec 0.000(n=10)  |z|  14.97  lr 9.76e-05  2.00 it/s
step   1900  L   0.9920  L_act 0.5794  L_pil     4.126  acc 0.785  STOP-rec 0.000(n=10)  |z|  15.39  lr 9.75e-05  2.00 it/s
step   1950  L   1.0211  L_act 0.5663  L_pil     4.548  acc 0.795  STOP-rec 0.000(n=10)  |z|  15.62  lr 9.73e-05  2.00 it/s
step   2000  L   0.9150  L_act 0.4824  L_pil     4.326  acc 0.820  STOP-rec 0.000(n=7)  |z|  14.98  lr 9.72e-05  2.00 it/s
  saved adapter (224 tensors) -> checkpoints/stage1_learned/step2000
step   2050  L   0.9010  L_act 0.4697  L_pil     4.313  acc 0.853  STOP-rec 0.000(n=5)  |z|  15.06  lr 9.71e-05  2.00 it/s
step   2100  L   0.8829  L_act 0.4553  L_pil     4.276  acc 0.845  STOP-rec 0.000(n=7)  |z|  15.42  lr 9.69e-05  2.00 it/s
step   2150  L   0.9394  L_act 0.5060  L_pil     4.334  acc 0.833  STOP-rec 0.000(n=9)  |z|  14.80  lr 9.67e-05  2.00 it/s
step   2200  L   0.9183  L_act 0.5057  L_pil     4.126  acc 0.845  STOP-rec 0.000(n=14)  |z|  14.31  lr 9.66e-05  2.00 it/s
step   2250  L   0.8884  L_act 0.4403  L_pil     4.481  acc 0.835  STOP-rec 0.000(n=14)  |z|  15.13  lr 9.64e-05  2.00 it/s
step   2300  L   0.9749  L_act 0.5429  L_pil     4.320  acc 0.825  STOP-rec 0.000(n=7)  |z|  14.77  lr 9.63e-05  2.00 it/s
step   2350  L   0.9131  L_act 0.4786  L_pil     4.345  acc 0.850  STOP-rec 0.000(n=15)  |z|  15.27  lr 9.61e-05  2.00 it/s
step   2400  L   0.8835  L_act 0.4527  L_pil     4.309  acc 0.848  STOP-rec 0.000(n=9)  |z|  15.54  lr 9.59e-05  2.01 it/s
step   2450  L   0.9192  L_act 0.4806  L_pil     4.386  acc 0.853  STOP-rec 0.000(n=9)  |z|  15.65  lr 9.57e-05  2.01 it/s
step   2500  L   0.9396  L_act 0.5328  L_pil     4.068  acc 0.802  STOP-rec 0.000(n=10)  |z|  14.94  lr 9.56e-05  2.01 it/s
step   2550  L   0.9659  L_act 0.5249  L_pil     4.410  acc 0.823  STOP-rec 0.000(n=15)  |z|  14.40  lr 9.54e-05  2.01 it/s
step   2600  L   0.8949  L_act 0.4635  L_pil     4.314  acc 0.830  STOP-rec 0.000(n=8)  |z|  15.45  lr 9.52e-05  2.01 it/s
step   2650  L   0.7753  L_act 0.3466  L_pil     4.286  acc 0.895  STOP-rec 0.000(n=8)  |z|  15.56  lr 9.50e-05  2.01 it/s
step   2700  L   0.9209  L_act 0.5015  L_pil     4.193  acc 0.823  STOP-rec 0.000(n=15)  |z|  14.67  lr 9.48e-05  2.01 it/s
step   2750  L   0.8317  L_act 0.4107  L_pil     4.210  acc 0.860  STOP-rec 0.000(n=14)  |z|  15.48  lr 9.46e-05  2.00 it/s
step   2800  L   0.7504  L_act 0.3414  L_pil     4.090  acc 0.875  STOP-rec 0.000(n=7)  |z|  15.32  lr 9.44e-05  2.00 it/s
step   2850  L   0.7903  L_act 0.3486  L_pil     4.417  acc 0.887  STOP-rec 0.000(n=11)  |z|  15.44  lr 9.42e-05  1.99 it/s
step   2900  L   0.8988  L_act 0.4718  L_pil     4.270  acc 0.843  STOP-rec 0.000(n=13)  |z|  15.23  lr 9.40e-05  1.98 it/s
step   2950  L   0.9374  L_act 0.4976  L_pil     4.398  acc 0.850  STOP-rec 0.000(n=10)  |z|  15.24  lr 9.38e-05  1.97 it/s
step   3000  L   0.8256  L_act 0.3937  L_pil     4.319  acc 0.865  STOP-rec 0.000(n=7)  |z|  15.16  lr 9.36e-05  1.96 it/s
step   3050  L   0.9016  L_act 0.4998  L_pil     4.018  acc 0.825  STOP-rec 0.000(n=16)  |z|  15.03  lr 9.33e-05  1.96 it/s
step   3100  L   0.8037  L_act 0.3784  L_pil     4.253  acc 0.870  STOP-rec 0.000(n=7)  |z|  14.91  lr 9.31e-05  1.95 it/s
step   3150  L   0.8671  L_act 0.4465  L_pil     4.205  acc 0.830  STOP-rec 0.000(n=9)  |z|  15.63  lr 9.29e-05  1.95 it/s
step   3200  L   0.8078  L_act 0.3937  L_pil     4.140  acc 0.870  STOP-rec 0.000(n=10)  |z|  15.14  lr 9.27e-05  1.96 it/s
step   3250  L   0.7601  L_act 0.3375  L_pil     4.226  acc 0.890  STOP-rec 0.000(n=9)  |z|  14.83  lr 9.24e-05  1.96 it/s
step   3300  L   0.7709  L_act 0.3626  L_pil     4.083  acc 0.895  STOP-rec 0.000(n=8)  |z|  14.79  lr 9.22e-05  1.96 it/s
step   3350  L   0.8502  L_act 0.3971  L_pil     4.531  acc 0.890  STOP-rec 0.000(n=8)  |z|  14.83  lr 9.20e-05  1.96 it/s
step   3400  L   0.7810  L_act 0.3526  L_pil     4.284  acc 0.885  STOP-rec 0.000(n=3)  |z|  14.92  lr 9.17e-05  1.96 it/s
step   3450  L   0.7570  L_act 0.3436  L_pil     4.134  acc 0.892  STOP-rec 0.000(n=7)  |z|  15.84  lr 9.15e-05  1.96 it/s
step   3500  L   0.8215  L_act 0.4026  L_pil     4.189  acc 0.850  STOP-rec 0.100(n=10)  |z|  15.66  lr 9.12e-05  1.96 it/s
step   3550  L   0.7136  L_act 0.2951  L_pil     4.186  acc 0.905  STOP-rec 0.000(n=9)  |z|  15.64  lr 9.10e-05  1.96 it/s
step   3600  L   0.8253  L_act 0.4049  L_pil     4.204  acc 0.873  STOP-rec 0.000(n=8)  |z|  15.56  lr 9.07e-05  1.96 it/s
step   3650  L   0.8015  L_act 0.3584  L_pil     4.431  acc 0.885  STOP-rec 0.000(n=8)  |z|  14.98  lr 9.05e-05  1.96 it/s
step   3700  L   0.6845  L_act 0.2605  L_pil     4.240  acc 0.905  STOP-rec 0.167(n=6)  |z|  14.98  lr 9.02e-05  1.96 it/s
step   3750  L   0.8036  L_act 0.3756  L_pil     4.281  acc 0.895  STOP-rec 0.167(n=12)  |z|  15.21  lr 8.99e-05  1.96 it/s
step   3800  L   0.8210  L_act 0.4043  L_pil     4.167  acc 0.870  STOP-rec 0.000(n=12)  |z|  14.30  lr 8.97e-05  1.97 it/s
step   3850  L   0.8269  L_act 0.4084  L_pil     4.185  acc 0.880  STOP-rec 0.000(n=9)  |z|  15.36  lr 8.94e-05  1.97 it/s
step   3900  L   0.7991  L_act 0.3824  L_pil     4.167  acc 0.877  STOP-rec 0.000(n=10)  |z|  15.54  lr 8.91e-05  1.97 it/s
step   3950  L   0.7040  L_act 0.2989  L_pil     4.051  acc 0.905  STOP-rec 0.091(n=11)  |z|  15.35  lr 8.89e-05  1.97 it/s
step   4000  L   0.8320  L_act 0.4104  L_pil     4.217  acc 0.877  STOP-rec 0.000(n=8)  |z|  14.57  lr 8.86e-05  1.97 it/s
  saved adapter (224 tensors) -> checkpoints/stage1_learned/step4000
step   4050  L   0.6931  L_act 0.2812  L_pil     4.119  acc 0.907  STOP-rec 0.000(n=9)  |z|  15.53  lr 8.83e-05  1.97 it/s
step   4100  L   0.6971  L_act 0.2945  L_pil     4.026  acc 0.907  STOP-rec 0.000(n=9)  |z|  16.01  lr 8.80e-05  1.97 it/s
step   4150  L   0.7860  L_act 0.3677  L_pil     4.183  acc 0.890  STOP-rec 0.000(n=11)  |z|  15.29  lr 8.77e-05  1.97 it/s
step   4200  L   0.7716  L_act 0.3263  L_pil     4.453  acc 0.910  STOP-rec 0.000(n=10)  |z|  15.08  lr 8.74e-05  1.97 it/s
step   4250  L   0.7041  L_act 0.2936  L_pil     4.105  acc 0.915  STOP-rec 0.000(n=9)  |z|  15.86  lr 8.71e-05  1.97 it/s
step   4300  L   0.7416  L_act 0.3278  L_pil     4.138  acc 0.905  STOP-rec 0.000(n=12)  |z|  15.40  lr 8.68e-05  1.97 it/s
step   4350  L   0.7500  L_act 0.3457  L_pil     4.042  acc 0.880  STOP-rec 0.000(n=12)  |z|  14.92  lr 8.65e-05  1.97 it/s
step   4400  L   0.7314  L_act 0.3344  L_pil     3.970  acc 0.877  STOP-rec 0.000(n=11)  |z|  15.52  lr 8.62e-05  1.97 it/s
step   4450  L   0.7814  L_act 0.3954  L_pil     3.860  acc 0.885  STOP-rec 0.000(n=10)  |z|  14.77  lr 8.59e-05  1.97 it/s
step   4500  L   0.7663  L_act 0.3616  L_pil     4.047  acc 0.885  STOP-rec 0.083(n=12)  |z|  15.62  lr 8.56e-05  1.97 it/s
step   4550  L   0.7141  L_act 0.3064  L_pil     4.077  acc 0.895  STOP-rec 0.000(n=10)  |z|  15.82  lr 8.53e-05  1.98 it/s
step   4600  L   0.7073  L_act 0.2993  L_pil     4.080  acc 0.917  STOP-rec 0.000(n=4)  |z|  15.29  lr 8.50e-05  1.98 it/s
step   4650  L   0.6900  L_act 0.2913  L_pil     3.986  acc 0.907  STOP-rec 0.000(n=6)  |z|  15.82  lr 8.47e-05  1.98 it/s
step   4700  L   0.7214  L_act 0.3063  L_pil     4.151  acc 0.912  STOP-rec 0.000(n=10)  |z|  15.20  lr 8.44e-05  1.98 it/s
step   4750  L   0.7232  L_act 0.3224  L_pil     4.008  acc 0.890  STOP-rec 0.000(n=6)  |z|  15.45  lr 8.40e-05  1.98 it/s
step   4800  L   0.7242  L_act 0.3260  L_pil     3.982  acc 0.902  STOP-rec 0.000(n=7)  |z|  15.32  lr 8.37e-05  1.98 it/s
step   4850  L   0.7756  L_act 0.3889  L_pil     3.867  acc 0.877  STOP-rec 0.111(n=9)  |z|  15.55  lr 8.34e-05  1.98 it/s
step   4900  L   0.6808  L_act 0.2776  L_pil     4.031  acc 0.920  STOP-rec 0.000(n=6)  |z|  14.92  lr 8.31e-05  1.98 it/s
step   4950  L   0.7582  L_act 0.3407  L_pil     4.175  acc 0.892  STOP-rec 0.000(n=12)  |z|  15.22  lr 8.27e-05  1.98 it/s
step   5000  L   0.7223  L_act 0.3193  L_pil     4.031  acc 0.895  STOP-rec 0.294(n=17)  |z|  15.19  lr 8.24e-05  1.98 it/s
step   5050  L   0.7090  L_act 0.3092  L_pil     3.998  acc 0.910  STOP-rec 0.000(n=10)  |z|  14.73  lr 8.21e-05  1.98 it/s
step   5100  L   0.6619  L_act 0.2415  L_pil     4.204  acc 0.915  STOP-rec 0.000(n=6)  |z|  14.79  lr 8.17e-05  1.98 it/s
step   5150  L   0.7601  L_act 0.3638  L_pil     3.962  acc 0.875  STOP-rec 0.000(n=17)  |z|  15.80  lr 8.14e-05  1.98 it/s
step   5200  L   0.6979  L_act 0.3115  L_pil     3.864  acc 0.912  STOP-rec 0.077(n=13)  |z|  15.54  lr 8.10e-05  1.98 it/s
step   5250  L   0.6761  L_act 0.2973  L_pil     3.788  acc 0.902  STOP-rec 0.000(n=15)  |z|  15.38  lr 8.07e-05  1.98 it/s
step   5300  L   0.6920  L_act 0.2951  L_pil     3.970  acc 0.910  STOP-rec 0.167(n=6)  |z|  14.81  lr 8.03e-05  1.98 it/s
step   5350  L   0.7022  L_act 0.2947  L_pil     4.075  acc 0.907  STOP-rec 0.143(n=7)  |z|  14.74  lr 8.00e-05  1.98 it/s
step   5400  L   0.7017  L_act 0.2950  L_pil     4.067  acc 0.910  STOP-rec 0.000(n=7)  |z|  14.78  lr 7.96e-05  1.98 it/s
step   5450  L   0.6619  L_act 0.2543  L_pil     4.076  acc 0.910  STOP-rec 0.143(n=7)  |z|  15.33  lr 7.93e-05  1.98 it/s
step   5500  L   0.7348  L_act 0.3376  L_pil     3.971  acc 0.900  STOP-rec 0.000(n=11)  |z|  14.84  lr 7.89e-05  1.98 it/s
step   5550  L   0.6846  L_act 0.2719  L_pil     4.127  acc 0.905  STOP-rec 0.143(n=7)  |z|  15.54  lr 7.86e-05  1.98 it/s
step   5600  L   0.6597  L_act 0.2497  L_pil     4.100  acc 0.932  STOP-rec 0.222(n=9)  |z|  14.37  lr 7.82e-05  1.98 it/s
step   5650  L   0.6030  L_act 0.2001  L_pil     4.028  acc 0.938  STOP-rec 0.111(n=9)  |z|  14.66  lr 7.78e-05  1.98 it/s
step   5700  L   0.6984  L_act 0.2964  L_pil     4.021  acc 0.915  STOP-rec 0.250(n=8)  |z|  15.29  lr 7.75e-05  1.98 it/s
step   5750  L   0.5925  L_act 0.2111  L_pil     3.814  acc 0.945  STOP-rec 0.222(n=9)  |z|  15.00  lr 7.71e-05  1.99 it/s
step   5800  L   0.6328  L_act 0.2297  L_pil     4.030  acc 0.930  STOP-rec 0.250(n=8)  |z|  15.40  lr 7.67e-05  1.99 it/s
step   5850  L   0.6220  L_act 0.2422  L_pil     3.798  acc 0.925  STOP-rec 0.143(n=7)  |z|  15.00  lr 7.64e-05  1.99 it/s
step   5900  L   0.6625  L_act 0.2458  L_pil     4.168  acc 0.925  STOP-rec 0.000(n=7)  |z|  14.81  lr 7.60e-05  1.99 it/s
step   5950  L   0.7212  L_act 0.3193  L_pil     4.019  acc 0.902  STOP-rec 0.083(n=12)  |z|  15.34  lr 7.56e-05  1.99 it/s
step   6000  L   0.7056  L_act 0.3115  L_pil     3.942  acc 0.922  STOP-rec 0.200(n=15)  |z|  16.08  lr 7.52e-05  1.99 it/s
  saved adapter (224 tensors) -> checkpoints/stage1_learned/step6000
step   6050  L   0.6455  L_act 0.2494  L_pil     3.961  acc 0.917  STOP-rec 0.000(n=10)  |z|  14.94  lr 7.49e-05  1.99 it/s
step   6100  L   0.6384  L_act 0.2857  L_pil     3.526  acc 0.912  STOP-rec 0.167(n=12)  |z|  15.42  lr 7.45e-05  1.99 it/s
step   6150  L   0.6357  L_act 0.2419  L_pil     3.938  acc 0.925  STOP-rec 0.111(n=9)  |z|  15.25  lr 7.41e-05  1.99 it/s
step   6200  L   0.7143  L_act 0.3292  L_pil     3.851  acc 0.910  STOP-rec 0.385(n=13)  |z|  15.49  lr 7.37e-05  1.99 it/s
step   6250  L   0.6667  L_act 0.2743  L_pil     3.924  acc 0.907  STOP-rec 0.222(n=9)  |z|  15.20  lr 7.33e-05  1.99 it/s
step   6300  L   0.6606  L_act 0.2825  L_pil     3.781  acc 0.895  STOP-rec 0.100(n=10)  |z|  15.07  lr 7.29e-05  1.99 it/s
step   6350  L   0.6598  L_act 0.2741  L_pil     3.857  acc 0.922  STOP-rec 0.154(n=13)  |z|  15.21  lr 7.26e-05  1.99 it/s
step   6400  L   0.5791  L_act 0.2050  L_pil     3.741  acc 0.935  STOP-rec 0.250(n=8)  |z|  15.19  lr 7.22e-05  1.99 it/s
step   6450  L   0.5920  L_act 0.2036  L_pil     3.884  acc 0.932  STOP-rec 0.000(n=6)  |z|  15.08  lr 7.18e-05  1.99 it/s
step   6500  L   0.5576  L_act 0.1834  L_pil     3.743  acc 0.945  STOP-rec 0.286(n=7)  |z|  15.15  lr 7.14e-05  1.99 it/s
step   6550  L   0.6663  L_act 0.2980  L_pil     3.682  acc 0.900  STOP-rec 0.100(n=10)  |z|  15.44  lr 7.10e-05  1.99 it/s
step   6600  L   0.6409  L_act 0.2440  L_pil     3.969  acc 0.920  STOP-rec 0.231(n=13)  |z|  15.53  lr 7.06e-05  1.99 it/s
step   6650  L   0.5842  L_act 0.2103  L_pil     3.739  acc 0.930  STOP-rec 0.222(n=9)  |z|  15.25  lr 7.02e-05  1.99 it/s
step   6700  L   0.6697  L_act 0.2967  L_pil     3.730  acc 0.907  STOP-rec 0.077(n=13)  |z|  15.18  lr 6.98e-05  1.99 it/s
step   6750  L   0.5777  L_act 0.2087  L_pil     3.690  acc 0.927  STOP-rec 0.273(n=11)  |z|  15.57  lr 6.94e-05  1.99 it/s
step   6800  L   0.5974  L_act 0.2149  L_pil     3.825  acc 0.932  STOP-rec 0.000(n=7)  |z|  15.84  lr 6.90e-05  1.99 it/s
step   6850  L   0.5670  L_act 0.1853  L_pil     3.817  acc 0.938  STOP-rec 0.100(n=10)  |z|  15.21  lr 6.86e-05  1.99 it/s
step   6900  L   0.6182  L_act 0.2581  L_pil     3.602  acc 0.922  STOP-rec 0.333(n=9)  |z|  14.84  lr 6.82e-05  1.99 it/s
step   6950  L   0.6678  L_act 0.2587  L_pil     4.091  acc 0.902  STOP-rec 0.375(n=16)  |z|  15.28  lr 6.78e-05  1.99 it/s
step   7000  L   0.7012  L_act 0.3153  L_pil     3.859  acc 0.920  STOP-rec 0.286(n=14)  |z|  16.12  lr 6.73e-05  1.99 it/s
step   7050  L   0.5940  L_act 0.2207  L_pil     3.733  acc 0.935  STOP-rec 0.250(n=12)  |z|  15.21  lr 6.69e-05  1.99 it/s
step   7100  L   0.6723  L_act 0.3031  L_pil     3.693  acc 0.885  STOP-rec 0.143(n=14)  |z|  14.90  lr 6.65e-05  1.99 it/s
step   7150  L   0.6345  L_act 0.2675  L_pil     3.670  acc 0.912  STOP-rec 0.273(n=11)  |z|  14.98  lr 6.61e-05  1.99 it/s
step   7200  L   0.5596  L_act 0.2032  L_pil     3.564  acc 0.927  STOP-rec 0.000(n=5)  |z|  15.09  lr 6.57e-05  1.99 it/s
step   7250  L   0.5749  L_act 0.1997  L_pil     3.752  acc 0.938  STOP-rec 0.000(n=5)  |z|  15.44  lr 6.53e-05  1.99 it/s
step   7300  L   0.6298  L_act 0.2514  L_pil     3.784  acc 0.920  STOP-rec 0.100(n=10)  |z|  15.54  lr 6.49e-05  1.99 it/s
step   7350  L   0.6418  L_act 0.2688  L_pil     3.731  acc 0.925  STOP-rec 0.000(n=7)  |z|  15.64  lr 6.44e-05  1.99 it/s
step   7400  L   0.5777  L_act 0.2115  L_pil     3.662  acc 0.945  STOP-rec 0.125(n=8)  |z|  15.85  lr 6.40e-05  1.99 it/s
step   7450  L   0.5426  L_act 0.1879  L_pil     3.547  acc 0.940  STOP-rec 0.231(n=13)  |z|  15.54  lr 6.36e-05  2.00 it/s
step   7500  L   0.6234  L_act 0.2472  L_pil     3.762  acc 0.927  STOP-rec 0.333(n=12)  |z|  15.01  lr 6.32e-05  2.00 it/s
step   7550  L   0.5543  L_act 0.1972  L_pil     3.571  acc 0.932  STOP-rec 0.200(n=10)  |z|  15.22  lr 6.28e-05  2.00 it/s
step   7600  L   0.5705  L_act 0.2019  L_pil     3.685  acc 0.940  STOP-rec 0.182(n=11)  |z|  15.52  lr 6.23e-05  2.00 it/s
step   7650  L   0.5658  L_act 0.1915  L_pil     3.743  acc 0.943  STOP-rec 0.250(n=8)  |z|  15.65  lr 6.19e-05  2.00 it/s
step   7700  L   0.5951  L_act 0.2536  L_pil     3.416  acc 0.922  STOP-rec 0.000(n=7)  |z|  15.51  lr 6.15e-05  2.00 it/s
step   7750  L   0.5751  L_act 0.2067  L_pil     3.684  acc 0.943  STOP-rec 0.182(n=11)  |z|  15.65  lr 6.11e-05  2.00 it/s
step   7800  L   0.6077  L_act 0.2413  L_pil     3.665  acc 0.927  STOP-rec 0.125(n=8)  |z|  15.30  lr 6.07e-05  2.00 it/s
step   7850  L   0.5982  L_act 0.2421  L_pil     3.561  acc 0.935  STOP-rec 0.125(n=8)  |z|  15.70  lr 6.02e-05  2.00 it/s
step   7900  L   0.5415  L_act 0.1777  L_pil     3.637  acc 0.943  STOP-rec 0.250(n=12)  |z|  14.96  lr 5.98e-05  2.00 it/s
step   7950  L   0.5339  L_act 0.1669  L_pil     3.670  acc 0.948  STOP-rec 0.429(n=14)  |z|  15.35  lr 5.94e-05  2.00 it/s
step   8000  L   0.5713  L_act 0.1904  L_pil     3.809  acc 0.945  STOP-rec 0.500(n=6)  |z|  15.41  lr 5.89e-05  2.00 it/s
  saved adapter (224 tensors) -> checkpoints/stage1_learned/step8000
step   8050  L   0.4502  L_act 0.1087  L_pil     3.415  acc 0.968  STOP-rec 0.375(n=8)  |z|  15.19  lr 5.85e-05  2.00 it/s
step   8100  L   0.6233  L_act 0.2380  L_pil     3.853  acc 0.930  STOP-rec 0.200(n=10)  |z|  15.25  lr 5.81e-05  2.00 it/s
step   8150  L   0.5551  L_act 0.1712  L_pil     3.840  acc 0.948  STOP-rec 0.286(n=7)  |z|  14.65  lr 5.77e-05  2.00 it/s
step   8200  L   0.5424  L_act 0.1983  L_pil     3.441  acc 0.935  STOP-rec 0.273(n=11)  |z|  15.21  lr 5.72e-05  2.00 it/s
step   8250  L   0.5365  L_act 0.1791  L_pil     3.574  acc 0.945  STOP-rec 0.308(n=13)  |z|  15.47  lr 5.68e-05  2.00 it/s
step   8300  L   0.4549  L_act 0.1060  L_pil     3.489  acc 0.965  STOP-rec 0.857(n=7)  |z|  14.60  lr 5.64e-05  2.00 it/s
step   8350  L   0.5728  L_act 0.1827  L_pil     3.901  acc 0.943  STOP-rec 0.200(n=5)  |z|  15.01  lr 5.59e-05  2.00 it/s
step   8400  L   0.5519  L_act 0.1990  L_pil     3.529  acc 0.950  STOP-rec 0.333(n=6)  |z|  15.07  lr 5.55e-05  2.00 it/s
step   8450  L   0.5275  L_act 0.1763  L_pil     3.513  acc 0.950  STOP-rec 0.222(n=9)  |z|  14.94  lr 5.51e-05  2.00 it/s
step   8500  L   0.5601  L_act 0.2186  L_pil     3.415  acc 0.935  STOP-rec 0.000(n=8)  |z|  15.03  lr 5.47e-05  2.00 it/s
step   8550  L   0.5373  L_act 0.1776  L_pil     3.597  acc 0.950  STOP-rec 0.385(n=13)  |z|  14.96  lr 5.42e-05  2.00 it/s
step   8600  L   0.5442  L_act 0.1819  L_pil     3.623  acc 0.927  STOP-rec 0.000(n=7)  |z|  15.59  lr 5.38e-05  2.00 it/s
step   8650  L   0.5174  L_act 0.1663  L_pil     3.511  acc 0.953  STOP-rec 0.000(n=7)  |z|  15.14  lr 5.34e-05  2.00 it/s
step   8700  L   0.5380  L_act 0.1677  L_pil     3.704  acc 0.940  STOP-rec 0.182(n=11)  |z|  14.48  lr 5.29e-05  2.00 it/s
step   8750  L   0.3974  L_act 0.0651  L_pil     3.322  acc 0.975  STOP-rec 0.875(n=8)  |z|  16.21  lr 5.25e-05  2.00 it/s
step   8800  L   0.4938  L_act 0.1422  L_pil     3.516  acc 0.965  STOP-rec 0.714(n=7)  |z|  15.34  lr 5.21e-05  2.00 it/s
step   8850  L   0.4630  L_act 0.1415  L_pil     3.216  acc 0.953  STOP-rec 0.769(n=13)  |z|  15.27  lr 5.16e-05  2.00 it/s
step   8900  L   0.4437  L_act 0.1053  L_pil     3.383  acc 0.970  STOP-rec 0.636(n=11)  |z|  15.90  lr 5.12e-05  2.00 it/s
step   8950  L   0.5245  L_act 0.1900  L_pil     3.345  acc 0.945  STOP-rec 0.500(n=14)  |z|  16.15  lr 5.08e-05  2.00 it/s
step   9000  L   0.4835  L_act 0.1380  L_pil     3.455  acc 0.950  STOP-rec 0.333(n=9)  |z|  15.00  lr 5.03e-05  2.00 it/s
step   9050  L   0.4599  L_act 0.1192  L_pil     3.407  acc 0.958  STOP-rec 0.615(n=13)  |z|  15.07  lr 4.99e-05  2.00 it/s
step   9100  L   0.4871  L_act 0.1389  L_pil     3.482  acc 0.965  STOP-rec 0.333(n=6)  |z|  15.04  lr 4.95e-05  2.00 it/s
step   9150  L   0.4197  L_act 0.0933  L_pil     3.265  acc 0.983  STOP-rec 0.857(n=7)  |z|  15.97  lr 4.91e-05  2.00 it/s
step   9200  L   0.4909  L_act 0.1704  L_pil     3.205  acc 0.948  STOP-rec 0.625(n=8)  |z|  15.49  lr 4.86e-05  2.00 it/s
step   9250  L   0.4202  L_act 0.0700  L_pil     3.502  acc 0.973  STOP-rec 0.400(n=5)  |z|  16.15  lr 4.82e-05  2.00 it/s
step   9300  L   0.5036  L_act 0.1720  L_pil     3.316  acc 0.948  STOP-rec 0.300(n=10)  |z|  15.43  lr 4.78e-05  2.00 it/s
step   9350  L   0.5187  L_act 0.1627  L_pil     3.561  acc 0.953  STOP-rec 0.583(n=12)  |z|  15.59  lr 4.73e-05  2.00 it/s
step   9400  L   0.5080  L_act 0.1791  L_pil     3.288  acc 0.948  STOP-rec 0.571(n=14)  |z|  15.69  lr 4.69e-05  2.00 it/s
step   9450  L   0.4408  L_act 0.0995  L_pil     3.413  acc 0.973  STOP-rec 0.500(n=10)  |z|  15.24  lr 4.65e-05  2.00 it/s
step   9500  L   0.5109  L_act 0.1678  L_pil     3.432  acc 0.958  STOP-rec 0.333(n=12)  |z|  15.22  lr 4.61e-05  2.00 it/s
step   9550  L   0.4580  L_act 0.1108  L_pil     3.472  acc 0.973  STOP-rec 0.500(n=10)  |z|  14.80  lr 4.56e-05  2.00 it/s
step   9600  L   0.5326  L_act 0.2020  L_pil     3.306  acc 0.955  STOP-rec 0.364(n=11)  |z|  14.62  lr 4.52e-05  2.00 it/s
step   9650  L   0.4672  L_act 0.1462  L_pil     3.210  acc 0.965  STOP-rec 0.750(n=8)  |z|  14.78  lr 4.48e-05  2.00 it/s
step   9700  L   0.4649  L_act 0.1348  L_pil     3.302  acc 0.963  STOP-rec 0.444(n=9)  |z|  15.42  lr 4.43e-05  2.00 it/s
step   9750  L   0.4545  L_act 0.1167  L_pil     3.377  acc 0.960  STOP-rec 0.500(n=12)  |z|  15.27  lr 4.39e-05  2.00 it/s
step   9800  L   0.4316  L_act 0.0824  L_pil     3.493  acc 0.978  STOP-rec 0.857(n=7)  |z|  15.22  lr 4.35e-05  2.00 it/s
step   9850  L   0.4259  L_act 0.0826  L_pil     3.434  acc 0.975  STOP-rec 0.625(n=8)  |z|  14.94  lr 4.31e-05  2.00 it/s
step   9900  L   0.5011  L_act 0.1712  L_pil     3.300  acc 0.950  STOP-rec 0.643(n=14)  |z|  15.07  lr 4.27e-05  2.00 it/s
step   9950  L   0.4313  L_act 0.1062  L_pil     3.251  acc 0.958  STOP-rec 0.333(n=3)  |z|  15.02  lr 4.22e-05  2.00 it/s
step  10000  L   0.4213  L_act 0.1000  L_pil     3.213  acc 0.965  STOP-rec 0.615(n=13)  |z|  15.07  lr 4.18e-05  2.00 it/s
  saved adapter (224 tensors) -> checkpoints/stage1_learned/step10000
step  10050  L   0.4638  L_act 0.1398  L_pil     3.239  acc 0.958  STOP-rec 0.667(n=9)  |z|  15.26  lr 4.14e-05  2.00 it/s
step  10100  L   0.4278  L_act 0.0868  L_pil     3.411  acc 0.978  STOP-rec 0.714(n=7)  |z|  15.03  lr 4.10e-05  2.00 it/s
step  10150  L   0.4799  L_act 0.1422  L_pil     3.377  acc 0.955  STOP-rec 0.500(n=8)  |z|  15.03  lr 4.06e-05  2.00 it/s
step  10200  L   0.5028  L_act 0.1734  L_pil     3.295  acc 0.950  STOP-rec 0.444(n=9)  |z|  15.05  lr 4.01e-05  2.00 it/s
step  10250  L   0.3636  L_act 0.0509  L_pil     3.127  acc 0.980  STOP-rec 0.700(n=10)  |z|  14.82  lr 3.97e-05  2.00 it/s
step  10300  L   0.5448  L_act 0.1930  L_pil     3.518  acc 0.943  STOP-rec 0.286(n=7)  |z|  15.64  lr 3.93e-05  2.00 it/s
step  10350  L   0.4871  L_act 0.1484  L_pil     3.387  acc 0.940  STOP-rec 0.600(n=10)  |z|  15.40  lr 3.89e-05  2.00 it/s
step  10400  L   0.4346  L_act 0.1155  L_pil     3.191  acc 0.973  STOP-rec 0.750(n=8)  |z|  15.55  lr 3.85e-05  2.00 it/s
step  10450  L   0.4639  L_act 0.1356  L_pil     3.283  acc 0.953  STOP-rec 0.500(n=10)  |z|  14.78  lr 3.81e-05  2.00 it/s
step  10500  L   0.4584  L_act 0.1272  L_pil     3.312  acc 0.950  STOP-rec 0.429(n=7)  |z|  15.64  lr 3.77e-05  2.00 it/s
step  10550  L   0.4516  L_act 0.1227  L_pil     3.290  acc 0.973  STOP-rec 0.000(n=6)  |z|  14.98  lr 3.72e-05  2.00 it/s
step  10600  L   0.4451  L_act 0.1320  L_pil     3.131  acc 0.963  STOP-rec 0.500(n=12)  |z|  15.46  lr 3.68e-05  2.01 it/s
step  10650  L   0.4021  L_act 0.0832  L_pil     3.189  acc 0.973  STOP-rec 0.429(n=7)  |z|  14.98  lr 3.64e-05  2.01 it/s
step  10700  L   0.5058  L_act 0.1621  L_pil     3.437  acc 0.963  STOP-rec 0.429(n=7)  |z|  14.83  lr 3.60e-05  2.01 it/s
step  10750  L   0.4608  L_act 0.1278  L_pil     3.330  acc 0.960  STOP-rec 0.625(n=8)  |z|  15.15  lr 3.56e-05  2.01 it/s
step  10800  L   0.4387  L_act 0.1169  L_pil     3.217  acc 0.955  STOP-rec 0.364(n=11)  |z|  15.47  lr 3.52e-05  2.01 it/s
step  10850  L   0.4248  L_act 0.0993  L_pil     3.255  acc 0.970  STOP-rec 0.571(n=7)  |z|  15.36  lr 3.48e-05  2.01 it/s
step  10900  L   0.4325  L_act 0.1187  L_pil     3.139  acc 0.970  STOP-rec 0.786(n=14)  |z|  14.81  lr 3.44e-05  2.01 it/s
step  10950  L   0.4531  L_act 0.1483  L_pil     3.048  acc 0.965  STOP-rec 0.545(n=11)  |z|  15.47  lr 3.40e-05  2.01 it/s
step  11000  L   0.4592  L_act 0.1245  L_pil     3.348  acc 0.965  STOP-rec 0.643(n=14)  |z|  15.93  lr 3.36e-05  2.01 it/s
step  11050  L   0.4215  L_act 0.0844  L_pil     3.372  acc 0.975  STOP-rec 0.750(n=4)  |z|  15.08  lr 3.32e-05  2.01 it/s
step  11100  L   0.4498  L_act 0.1279  L_pil     3.220  acc 0.963  STOP-rec 0.706(n=17)  |z|  15.65  lr 3.28e-05  2.01 it/s
step  11150  L   0.4376  L_act 0.1232  L_pil     3.144  acc 0.975  STOP-rec 0.833(n=6)  |z|  15.04  lr 3.24e-05  2.01 it/s
step  11200  L   0.3781  L_act 0.0553  L_pil     3.228  acc 0.983  STOP-rec 0.600(n=10)  |z|  15.58  lr 3.21e-05  2.01 it/s
step  11250  L   0.3976  L_act 0.0812  L_pil     3.164  acc 0.975  STOP-rec 0.875(n=8)  |z|  15.36  lr 3.17e-05  2.01 it/s
step  11300  L   0.4079  L_act 0.0954  L_pil     3.125  acc 0.965  STOP-rec 0.625(n=8)  |z|  15.35  lr 3.13e-05  2.01 it/s
step  11350  L   0.3910  L_act 0.0795  L_pil     3.115  acc 0.985  STOP-rec 0.778(n=9)  |z|  15.42  lr 3.09e-05  2.01 it/s
step  11400  L   0.4442  L_act 0.1088  L_pil     3.354  acc 0.973  STOP-rec 0.800(n=5)  |z|  15.25  lr 3.05e-05  2.01 it/s
step  11450  L   0.4630  L_act 0.1434  L_pil     3.196  acc 0.965  STOP-rec 0.625(n=8)  |z|  14.80  lr 3.01e-05  2.01 it/s
step  11500  L   0.4506  L_act 0.1265  L_pil     3.242  acc 0.970  STOP-rec 0.636(n=11)  |z|  15.26  lr 2.98e-05  2.01 it/s
step  11550  L   0.4312  L_act 0.1037  L_pil     3.276  acc 0.975  STOP-rec 0.500(n=10)  |z|  14.46  lr 2.94e-05  2.01 it/s
step  11600  L   0.4058  L_act 0.0883  L_pil     3.176  acc 0.975  STOP-rec 0.800(n=10)  |z|  15.97  lr 2.90e-05  2.01 it/s
step  11650  L   0.4041  L_act 0.0987  L_pil     3.054  acc 0.975  STOP-rec 0.889(n=9)  |z|  15.59  lr 2.86e-05  2.01 it/s
step  11700  L   0.3674  L_act 0.0497  L_pil     3.177  acc 0.985  STOP-rec 0.833(n=12)  |z|  15.32  lr 2.83e-05  2.01 it/s
step  11750  L   0.4402  L_act 0.1194  L_pil     3.207  acc 0.973  STOP-rec 0.500(n=8)  |z|  15.57  lr 2.79e-05  2.01 it/s
step  11800  L   0.4316  L_act 0.1137  L_pil     3.179  acc 0.975  STOP-rec 0.818(n=11)  |z|  15.13  lr 2.75e-05  2.01 it/s
step  11850  L   0.3926  L_act 0.0769  L_pil     3.157  acc 0.980  STOP-rec 0.625(n=8)  |z|  14.92  lr 2.72e-05  2.01 it/s
step  11900  L   0.4545  L_act 0.1507  L_pil     3.038  acc 0.948  STOP-rec 0.462(n=13)  |z|  15.13  lr 2.68e-05  2.01 it/s
step  11950  L   0.4259  L_act 0.1029  L_pil     3.231  acc 0.970  STOP-rec 0.333(n=6)  |z|  15.44  lr 2.64e-05  2.01 it/s
step  12000  L   0.3854  L_act 0.0820  L_pil     3.034  acc 0.975  STOP-rec 0.333(n=9)  |z|  15.29  lr 2.61e-05  2.01 it/s
  saved adapter (224 tensors) -> checkpoints/stage1_learned/step12000
step  12050  L   0.3833  L_act 0.0723  L_pil     3.111  acc 0.983  STOP-rec 0.867(n=15)  |z|  15.35  lr 2.57e-05  2.01 it/s
step  12100  L   0.3952  L_act 0.0742  L_pil     3.210  acc 0.975  STOP-rec 0.800(n=15)  |z|  14.69  lr 2.54e-05  2.01 it/s
step  12150  L   0.4193  L_act 0.1121  L_pil     3.072  acc 0.965  STOP-rec 0.583(n=12)  |z|  14.58  lr 2.50e-05  2.01 it/s
step  12200  L   0.3828  L_act 0.0549  L_pil     3.279  acc 0.980  STOP-rec 0.857(n=7)  |z|  15.22  lr 2.47e-05  2.01 it/s
step  12250  L   0.3643  L_act 0.0395  L_pil     3.247  acc 0.988  STOP-rec 0.800(n=10)  |z|  15.35  lr 2.43e-05  2.01 it/s
step  12300  L   0.3597  L_act 0.0676  L_pil     2.921  acc 0.993  STOP-rec 0.800(n=10)  |z|  15.30  lr 2.40e-05  2.01 it/s
step  12350  L   0.4008  L_act 0.0959  L_pil     3.048  acc 0.970  STOP-rec 0.333(n=9)  |z|  15.54  lr 2.36e-05  2.01 it/s
step  12400  L   0.3999  L_act 0.0807  L_pil     3.192  acc 0.983  STOP-rec 0.889(n=9)  |z|  15.12  lr 2.33e-05  2.01 it/s
step  12450  L   0.4647  L_act 0.1495  L_pil     3.152  acc 0.968  STOP-rec 0.471(n=17)  |z|  15.29  lr 2.29e-05  2.01 it/s
step  12500  L   0.4074  L_act 0.1062  L_pil     3.012  acc 0.968  STOP-rec 0.667(n=12)  |z|  15.89  lr 2.26e-05  2.01 it/s
step  12550  L   0.4134  L_act 0.1001  L_pil     3.133  acc 0.973  STOP-rec 0.818(n=11)  |z|  14.13  lr 2.23e-05  2.01 it/s
step  12600  L   0.4286  L_act 0.1163  L_pil     3.123  acc 0.970  STOP-rec 0.583(n=12)  |z|  14.96  lr 2.19e-05  2.01 it/s
step  12650  L   0.3500  L_act 0.0311  L_pil     3.189  acc 0.985  STOP-rec 0.750(n=12)  |z|  15.44  lr 2.16e-05  2.01 it/s
step  12700  L   0.3660  L_act 0.0590  L_pil     3.070  acc 0.993  STOP-rec 0.875(n=8)  |z|  15.73  lr 2.13e-05  2.01 it/s
step  12750  L   0.4162  L_act 0.0880  L_pil     3.282  acc 0.975  STOP-rec 0.833(n=12)  |z|  14.97  lr 2.10e-05  2.01 it/s
step  12800  L   0.4347  L_act 0.1198  L_pil     3.150  acc 0.963  STOP-rec 0.500(n=6)  |z|  15.30  lr 2.06e-05  2.01 it/s
step  12850  L   0.4024  L_act 0.1002  L_pil     3.022  acc 0.973  STOP-rec 0.714(n=7)  |z|  15.11  lr 2.03e-05  2.01 it/s
step  12900  L   0.3761  L_act 0.0750  L_pil     3.011  acc 0.978  STOP-rec 0.500(n=8)  |z|  15.08  lr 2.00e-05  2.01 it/s
step  12950  L   0.4384  L_act 0.1270  L_pil     3.114  acc 0.965  STOP-rec 0.571(n=7)  |z|  14.98  lr 1.97e-05  2.01 it/s
step  13000  L   0.3852  L_act 0.0867  L_pil     2.985  acc 0.978  STOP-rec 0.667(n=9)  |z|  16.01  lr 1.94e-05  2.01 it/s
step  13050  L   0.3656  L_act 0.0418  L_pil     3.238  acc 0.985  STOP-rec 0.500(n=4)  |z|  15.11  lr 1.91e-05  2.01 it/s
step  13100  L   0.3392  L_act 0.0358  L_pil     3.035  acc 0.993  STOP-rec 1.000(n=6)  |z|  15.40  lr 1.88e-05  2.01 it/s
step  13150  L   0.4256  L_act 0.1176  L_pil     3.080  acc 0.973  STOP-rec 0.923(n=13)  |z|  14.88  lr 1.85e-05  2.01 it/s
step  13200  L   0.3323  L_act 0.0217  L_pil     3.106  acc 0.993  STOP-rec 1.000(n=5)  |z|  15.41  lr 1.82e-05  2.01 it/s
step  13250  L   0.4138  L_act 0.1102  L_pil     3.036  acc 0.973  STOP-rec 0.286(n=7)  |z|  15.49  lr 1.79e-05  2.01 it/s
step  13300  L   0.3836  L_act 0.0662  L_pil     3.174  acc 0.980  STOP-rec 0.750(n=8)  |z|  14.84  lr 1.76e-05  2.01 it/s
step  13350  L   0.4231  L_act 0.1162  L_pil     3.068  acc 0.975  STOP-rec 0.667(n=15)  |z|  15.97  lr 1.73e-05  2.01 it/s
step  13400  L   0.3457  L_act 0.0333  L_pil     3.125  acc 0.993  STOP-rec 1.000(n=3)  |z|  14.99  lr 1.70e-05  2.01 it/s
step  13450  L   0.4187  L_act 0.0858  L_pil     3.328  acc 0.978  STOP-rec 0.667(n=6)  |z|  15.15  lr 1.67e-05  2.01 it/s
step  13500  L   0.3431  L_act 0.0566  L_pil     2.866  acc 0.975  STOP-rec 0.667(n=12)  |z|  15.70  lr 1.64e-05  2.01 it/s
step  13550  L   0.3924  L_act 0.0755  L_pil     3.169  acc 0.980  STOP-rec 0.700(n=10)  |z|  15.75  lr 1.61e-05  2.01 it/s
step  13600  L   0.3914  L_act 0.0541  L_pil     3.372  acc 0.978  STOP-rec 1.000(n=8)  |z|  15.31  lr 1.59e-05  2.01 it/s
step  13650  L   0.4144  L_act 0.1132  L_pil     3.012  acc 0.983  STOP-rec 0.818(n=11)  |z|  16.00  lr 1.56e-05  2.01 it/s
step  13700  L   0.3533  L_act 0.0339  L_pil     3.194  acc 0.990  STOP-rec 1.000(n=9)  |z|  15.36  lr 1.53e-05  2.01 it/s
step  13750  L   0.3490  L_act 0.0513  L_pil     2.977  acc 0.990  STOP-rec 0.750(n=8)  |z|  14.85  lr 1.51e-05  2.01 it/s
step  13800  L   0.3530  L_act 0.0460  L_pil     3.070  acc 0.983  STOP-rec 0.727(n=11)  |z|  15.21  lr 1.48e-05  2.01 it/s
step  13850  L   0.3976  L_act 0.0895  L_pil     3.081  acc 0.983  STOP-rec 0.857(n=7)  |z|  15.46  lr 1.45e-05  2.01 it/s
step  13900  L   0.4320  L_act 0.1221  L_pil     3.099  acc 0.975  STOP-rec 0.600(n=5)  |z|  14.70  lr 1.43e-05  2.01 it/s
step  13950  L   0.3381  L_act 0.0527  L_pil     2.854  acc 0.985  STOP-rec 0.923(n=13)  |z|  15.31  lr 1.40e-05  2.01 it/s
step  14000  L   0.4205  L_act 0.0890  L_pil     3.315  acc 0.980  STOP-rec 0.833(n=18)  |z|  15.92  lr 1.38e-05  2.01 it/s
  saved adapter (224 tensors) -> checkpoints/stage1_learned/step14000
step  14050  L   0.3759  L_act 0.0454  L_pil     3.305  acc 0.988  STOP-rec 0.833(n=6)  |z|  15.00  lr 1.35e-05  2.01 it/s
step  14100  L   0.4065  L_act 0.1017  L_pil     3.049  acc 0.973  STOP-rec 0.714(n=14)  |z|  15.37  lr 1.33e-05  2.01 it/s
step  14150  L   0.3827  L_act 0.0820  L_pil     3.007  acc 0.985  STOP-rec 0.750(n=8)  |z|  15.48  lr 1.30e-05  2.01 it/s
step  14200  L   0.4365  L_act 0.1257  L_pil     3.108  acc 0.975  STOP-rec 0.778(n=9)  |z|  15.21  lr 1.28e-05  2.01 it/s
step  14250  L   0.3443  L_act 0.0377  L_pil     3.066  acc 0.988  STOP-rec 0.889(n=9)  |z|  15.21  lr 1.26e-05  2.01 it/s
step  14300  L   0.3831  L_act 0.0809  L_pil     3.022  acc 0.980  STOP-rec 0.444(n=9)  |z|  15.44  lr 1.23e-05  2.01 it/s
step  14350  L   0.3873  L_act 0.0933  L_pil     2.939  acc 0.980  STOP-rec 0.778(n=9)  |z|  15.43  lr 1.21e-05  2.01 it/s
step  14400  L   0.2998  L_act 0.0215  L_pil     2.783  acc 0.993  STOP-rec 0.769(n=13)  |z|  15.36  lr 1.19e-05  2.01 it/s
step  14450  L   0.3447  L_act 0.0424  L_pil     3.024  acc 0.985  STOP-rec 0.714(n=7)  |z|  15.09  lr 1.17e-05  2.01 it/s
step  14500  L   0.3345  L_act 0.0255  L_pil     3.090  acc 0.995  STOP-rec 0.929(n=14)  |z|  15.23  lr 1.14e-05  2.01 it/s
step  14550  L   0.3792  L_act 0.0769  L_pil     3.024  acc 0.983  STOP-rec 0.900(n=10)  |z|  14.77  lr 1.12e-05  2.01 it/s
step  14600  L   0.3279  L_act 0.0284  L_pil     2.996  acc 0.995  STOP-rec 1.000(n=8)  |z|  14.60  lr 1.10e-05  2.01 it/s
step  14650  L   0.3744  L_act 0.0587  L_pil     3.158  acc 0.983  STOP-rec 0.889(n=9)  |z|  15.52  lr 1.08e-05  2.01 it/s
step  14700  L   0.3722  L_act 0.0549  L_pil     3.173  acc 0.988  STOP-rec 0.750(n=8)  |z|  15.71  lr 1.06e-05  2.01 it/s
step  14750  L   0.3233  L_act 0.0265  L_pil     2.968  acc 0.990  STOP-rec 0.833(n=6)  |z|  15.30  lr 1.04e-05  2.01 it/s
step  14800  L   0.3281  L_act 0.0256  L_pil     3.025  acc 0.993  STOP-rec 0.778(n=9)  |z|  15.17  lr 1.02e-05  2.01 it/s
step  14850  L   0.3608  L_act 0.0592  L_pil     3.015  acc 0.983  STOP-rec 0.545(n=11)  |z|  15.63  lr 1.00e-05  2.01 it/s
step  14900  L   0.3261  L_act 0.0196  L_pil     3.064  acc 0.993  STOP-rec 0.857(n=7)  |z|  14.94  lr 9.81e-06  2.01 it/s
step  14950  L   0.3514  L_act 0.0500  L_pil     3.014  acc 0.988  STOP-rec 0.800(n=5)  |z|  14.73  lr 9.62e-06  2.01 it/s
step  15000  L   0.3703  L_act 0.0375  L_pil     3.328  acc 0.993  STOP-rec 1.000(n=9)  |z|  15.07  lr 9.44e-06  2.01 it/s
step  15050  L   0.3107  L_act 0.0109  L_pil     2.998  acc 0.998  STOP-rec 1.000(n=3)  |z|  15.56  lr 9.26e-06  2.01 it/s
step  15100  L   0.3868  L_act 0.0898  L_pil     2.970  acc 0.980  STOP-rec 0.786(n=14)  |z|  14.63  lr 9.08e-06  2.01 it/s
step  15150  L   0.3969  L_act 0.0963  L_pil     3.006  acc 0.983  STOP-rec 0.714(n=7)  |z|  15.81  lr 8.91e-06  2.01 it/s
step  15200  L   0.4037  L_act 0.0915  L_pil     3.122  acc 0.978  STOP-rec 0.846(n=13)  |z|  15.18  lr 8.74e-06  2.01 it/s
step  15250  L   0.3853  L_act 0.0813  L_pil     3.041  acc 0.980  STOP-rec 0.875(n=8)  |z|  14.91  lr 8.57e-06  2.01 it/s
step  15300  L   0.3692  L_act 0.0647  L_pil     3.045  acc 0.985  STOP-rec 0.600(n=5)  |z|  15.11  lr 8.41e-06  2.01 it/s
step  15350  L   0.3179  L_act 0.0321  L_pil     2.858  acc 0.995  STOP-rec 0.938(n=16)  |z|  15.51  lr 8.25e-06  2.01 it/s
step  15400  L   0.3029  L_act 0.0222  L_pil     2.806  acc 0.993  STOP-rec 1.000(n=14)  |z|  15.30  lr 8.10e-06  2.01 it/s
step  15450  L   0.4317  L_act 0.1338  L_pil     2.979  acc 0.975  STOP-rec 0.818(n=11)  |z|  15.69  lr 7.95e-06  2.01 it/s
step  15500  L   0.3435  L_act 0.0364  L_pil     3.072  acc 0.988  STOP-rec 0.889(n=9)  |z|  15.41  lr 7.80e-06  2.01 it/s
step  15550  L   0.3823  L_act 0.0858  L_pil     2.965  acc 0.980  STOP-rec 0.200(n=5)  |z|  14.97  lr 7.66e-06  2.01 it/s
step  15600  L   0.4055  L_act 0.0953  L_pil     3.102  acc 0.973  STOP-rec 0.000(n=3)  |z|  15.32  lr 7.52e-06  2.01 it/s
step  15650  L   0.3723  L_act 0.0622  L_pil     3.101  acc 0.975  STOP-rec 0.917(n=12)  |z|  15.26  lr 7.38e-06  2.01 it/s
step  15700  L   0.3773  L_act 0.0737  L_pil     3.037  acc 0.978  STOP-rec 0.889(n=9)  |z|  15.55  lr 7.25e-06  2.01 it/s
step  15750  L   0.3715  L_act 0.0750  L_pil     2.965  acc 0.983  STOP-rec 0.714(n=7)  |z|  15.62  lr 7.12e-06  2.01 it/s
step  15800  L   0.3949  L_act 0.1031  L_pil     2.917  acc 0.978  STOP-rec 0.727(n=11)  |z|  15.22  lr 6.99e-06  2.01 it/s
step  15850  L   0.3501  L_act 0.0507  L_pil     2.994  acc 0.985  STOP-rec 0.857(n=14)  |z|  15.36  lr 6.87e-06  2.01 it/s
step  15900  L   0.3571  L_act 0.0526  L_pil     3.045  acc 0.985  STOP-rec 0.923(n=13)  |z|  15.37  lr 6.75e-06  2.01 it/s
step  15950  L   0.3751  L_act 0.0519  L_pil     3.233  acc 0.988  STOP-rec 1.000(n=5)  |z|  15.53  lr 6.64e-06  2.01 it/s
step  16000  L   0.3267  L_act 0.0421  L_pil     2.845  acc 0.983  STOP-rec 0.900(n=10)  |z|  15.55  lr 6.53e-06  2.01 it/s
  saved adapter (224 tensors) -> checkpoints/stage1_learned/step16000
step  16050  L   0.3756  L_act 0.0793  L_pil     2.963  acc 0.978  STOP-rec 0.800(n=10)  |z|  15.28  lr 6.42e-06  2.01 it/s
step  16100  L   0.3267  L_act 0.0234  L_pil     3.033  acc 0.995  STOP-rec 0.929(n=14)  |z|  15.33  lr 6.32e-06  2.01 it/s
step  16150  L   0.3762  L_act 0.0614  L_pil     3.148  acc 0.983  STOP-rec 1.000(n=4)  |z|  15.03  lr 6.22e-06  2.01 it/s
step  16200  L   0.3088  L_act 0.0167  L_pil     2.921  acc 0.993  STOP-rec 0.833(n=12)  |z|  15.82  lr 6.12e-06  2.01 it/s
step  16250  L   0.3556  L_act 0.0526  L_pil     3.030  acc 0.978  STOP-rec 1.000(n=10)  |z|  14.39  lr 6.03e-06  2.01 it/s
step  16300  L   0.3114  L_act 0.0256  L_pil     2.857  acc 0.988  STOP-rec 0.938(n=16)  |z|  15.18  lr 5.94e-06  2.01 it/s
step  16350  L   0.3332  L_act 0.0363  L_pil     2.969  acc 0.983  STOP-rec 0.714(n=14)  |z|  15.47  lr 5.86e-06  2.01 it/s
step  16400  L   0.3401  L_act 0.0221  L_pil     3.181  acc 0.993  STOP-rec 0.889(n=9)  |z|  15.47  lr 5.78e-06  2.01 it/s
step  16450  L   0.3237  L_act 0.0353  L_pil     2.884  acc 0.993  STOP-rec 0.929(n=14)  |z|  15.56  lr 5.71e-06  2.01 it/s
step  16500  L   0.3296  L_act 0.0363  L_pil     2.933  acc 0.990  STOP-rec 0.833(n=12)  |z|  15.00  lr 5.63e-06  2.01 it/s
step  16550  L   0.3424  L_act 0.0449  L_pil     2.976  acc 0.990  STOP-rec 1.000(n=5)  |z|  15.03  lr 5.56e-06  2.01 it/s
step  16600  L   0.3393  L_act 0.0548  L_pil     2.845  acc 0.990  STOP-rec 0.667(n=6)  |z|  15.43  lr 5.50e-06  2.01 it/s
step  16650  L   0.3601  L_act 0.0673  L_pil     2.928  acc 0.983  STOP-rec 0.833(n=6)  |z|  15.10  lr 5.44e-06  2.01 it/s
step  16700  L   0.3120  L_act 0.0187  L_pil     2.933  acc 0.993  STOP-rec 0.900(n=10)  |z|  14.56  lr 5.38e-06  2.01 it/s
step  16750  L   0.3434  L_act 0.0332  L_pil     3.103  acc 0.990  STOP-rec 1.000(n=9)  |z|  15.20  lr 5.33e-06  2.01 it/s
step  16800  L   0.3204  L_act 0.0464  L_pil     2.740  acc 0.988  STOP-rec 0.727(n=11)  |z|  15.39  lr 5.28e-06  2.01 it/s
step  16850  L   0.3086  L_act 0.0127  L_pil     2.959  acc 0.993  STOP-rec 1.000(n=9)  |z|  14.61  lr 5.24e-06  2.01 it/s
step  16900  L   0.3537  L_act 0.0585  L_pil     2.952  acc 0.985  STOP-rec 0.727(n=11)  |z|  15.38  lr 5.20e-06  2.01 it/s
step  16950  L   0.4190  L_act 0.1244  L_pil     2.946  acc 0.978  STOP-rec 0.727(n=11)  |z|  15.48  lr 5.16e-06  2.01 it/s
step  17000  L   0.3456  L_act 0.0377  L_pil     3.079  acc 0.983  STOP-rec 0.778(n=9)  |z|  15.19  lr 5.13e-06  2.01 it/s
step  17050  L   0.3845  L_act 0.1052  L_pil     2.793  acc 0.978  STOP-rec 0.750(n=16)  |z|  15.28  lr 5.10e-06  2.01 it/s
step  17100  L   0.3288  L_act 0.0511  L_pil     2.777  acc 0.978  STOP-rec 0.818(n=11)  |z|  15.09  lr 5.07e-06  2.01 it/s
step  17150  L   0.3254  L_act 0.0228  L_pil     3.025  acc 0.995  STOP-rec 0.889(n=9)  |z|  15.01  lr 5.05e-06  2.01 it/s
step  17200  L   0.3484  L_act 0.0565  L_pil     2.918  acc 0.990  STOP-rec 0.909(n=11)  |z|  14.95  lr 5.03e-06  2.01 it/s
step  17250  L   0.3609  L_act 0.0701  L_pil     2.908  acc 0.985  STOP-rec 0.917(n=12)  |z|  15.21  lr 5.02e-06  2.01 it/s
step  17300  L   0.3317  L_act 0.0408  L_pil     2.909  acc 0.995  STOP-rec 1.000(n=9)  |z|  14.90  lr 5.01e-06  2.01 it/s
step  17350  L   0.3498  L_act 0.0542  L_pil     2.956  acc 0.985  STOP-rec 0.875(n=8)  |z|  15.25  lr 5.00e-06  2.01 it/s
step  17400  L   0.3565  L_act 0.0547  L_pil     3.018  acc 0.988  STOP-rec 0.923(n=13)  |z|  14.90  lr 5.00e-06  2.01 it/s

saved adapter (224 tensors) + pilot -> checkpoints/stage1_learned/final
log -> checkpoints/stage1_learned/trainlog.json
######## STAGE 1 learned  finished Wed Sep  2 14:25:08 EDT 2026 ########
######## STAGE 1 identity started Wed Sep  2 14:25:08 EDT 2026 ########
split=train  episodes=1665  steps=69606
scans=6
marginal-prior loss H(actions) = 0.9744  (uniform ln(4) = 1.3863)
Eq.14 target coverage: 0.952 (steps with a v_bar_{t+2}; the rest are masked)

mean ||v_bar|| = 14.798

action prior: LEFT=0.183  FWD=0.639  RIGHT=0.154  STOP=0.024
BASELINES  loss: uniform=1.3863  marginal=0.9744

Eq.12/Eq.5 asymmetry: OK  (train=v_bar_{t+1}, eval=z_{t-1})
pilot_mode=action_query   g_psi=identity   lambda=0.1
LR cosine: warmup 100 -> peak 1.00e-04 -> 5.00e-06 at step 17400 (floor 5% of peak)
epochs over 69,606 steps at batch 8: 2.00

step     50  L 511.6644  L_act 4.6275  L_pil  5070.369  acc 0.142  STOP-rec 0.143(n=7)  |z|  28.40  lr 5.10e-05  2.03 it/s
step    100  L  37.0032  L_act 1.5634  L_pil   354.398  acc 0.430  STOP-rec 0.000(n=7)  |z|  12.78  lr 1.00e-04  2.05 it/s
step    150  L   8.0395  L_act 1.0288  L_pil    70.107  acc 0.620  STOP-rec 0.000(n=9)  |z|  14.48  lr 1.00e-04  2.04 it/s
step    200  L   5.1803  L_act 0.9615  L_pil    42.188  acc 0.657  STOP-rec 0.000(n=7)  |z|  15.79  lr 1.00e-04  2.04 it/s
step    250  L   4.9805  L_act 1.0034  L_pil    39.770  acc 0.650  STOP-rec 0.000(n=9)  |z|  15.33  lr 1.00e-04  2.04 it/s
step    300  L   4.5523  L_act 0.9636  L_pil    35.886  acc 0.660  STOP-rec 0.000(n=13)  |z|  15.44  lr 1.00e-04  2.03 it/s
step    350  L   4.4874  L_act 1.0057  L_pil    34.817  acc 0.632  STOP-rec 0.000(n=12)  |z|  15.01  lr 1.00e-04  2.03 it/s
step    400  L   4.4607  L_act 1.0504  L_pil    34.103  acc 0.630  STOP-rec 0.000(n=11)  |z|  15.42  lr 9.99e-05  2.03 it/s
step    450  L   4.4215  L_act 1.0310  L_pil    33.905  acc 0.623  STOP-rec 0.000(n=7)  |z|  15.42  lr 9.99e-05  2.03 it/s
step    500  L   4.2918  L_act 1.0378  L_pil    32.540  acc 0.595  STOP-rec 0.000(n=8)  |z|  14.55  lr 9.99e-05  2.03 it/s
step    550  L   4.1095  L_act 1.0022  L_pil    31.073  acc 0.620  STOP-rec 0.000(n=7)  |z|  16.02  lr 9.98e-05  2.03 it/s
step    600  L   3.9680  L_act 0.9616  L_pil    30.065  acc 0.655  STOP-rec 0.000(n=9)  |z|  15.20  lr 9.98e-05  2.03 it/s
step    650  L   3.9378  L_act 0.9545  L_pil    29.833  acc 0.637  STOP-rec 0.000(n=4)  |z|  15.65  lr 9.98e-05  2.03 it/s
step    700  L   3.8440  L_act 1.0366  L_pil    28.074  acc 0.640  STOP-rec 0.000(n=14)  |z|  14.81  lr 9.97e-05  2.03 it/s
step    750  L   3.7945  L_act 0.9819  L_pil    28.126  acc 0.640  STOP-rec 0.000(n=11)  |z|  15.01  lr 9.97e-05  2.03 it/s
step    800  L   3.7533  L_act 1.0186  L_pil    27.346  acc 0.605  STOP-rec 0.000(n=10)  |z|  14.58  lr 9.96e-05  2.00 it/s
step    850  L   3.7591  L_act 1.0116  L_pil    27.476  acc 0.595  STOP-rec 0.000(n=10)  |z|  14.83  lr 9.96e-05  1.94 it/s
step    900  L   3.5295  L_act 0.9758  L_pil    25.537  acc 0.613  STOP-rec 0.000(n=8)  |z|  14.76  lr 9.95e-05  1.91 it/s
step    950  L   3.5790  L_act 1.0965  L_pil    24.825  acc 0.603  STOP-rec 0.000(n=9)  |z|  14.78  lr 9.94e-05  1.88 it/s
step   1000  L   3.4148  L_act 1.0037  L_pil    24.111  acc 0.635  STOP-rec 0.000(n=15)  |z|  14.85  lr 9.94e-05  1.85 it/s
step   1050  L   3.3716  L_act 1.0001  L_pil    23.715  acc 0.615  STOP-rec 0.000(n=10)  |z|  15.18  lr 9.93e-05  1.82 it/s
step   1100  L   3.3391  L_act 0.9726  L_pil    23.666  acc 0.642  STOP-rec 0.000(n=8)  |z|  14.34  lr 9.92e-05  1.79 it/s
step   1150  L   3.3166  L_act 0.9076  L_pil    24.090  acc 0.652  STOP-rec 0.000(n=9)  |z|  15.10  lr 9.91e-05  1.77 it/s
step   1200  L   3.3155  L_act 0.9759  L_pil    23.395  acc 0.630  STOP-rec 0.000(n=7)  |z|  14.24  lr 9.91e-05  1.75 it/s
step   1250  L   3.3417  L_act 0.9597  L_pil    23.820  acc 0.635  STOP-rec 0.000(n=7)  |z|  15.26  lr 9.90e-05  1.73 it/s
step   1300  L   3.3724  L_act 0.9696  L_pil    24.029  acc 0.623  STOP-rec 0.000(n=8)  |z|  14.80  lr 9.89e-05  1.73 it/s
step   1350  L   3.3053  L_act 0.9891  L_pil    23.162  acc 0.640  STOP-rec 0.000(n=13)  |z|  14.84  lr 9.88e-05  1.74 it/s
step   1400  L   3.3023  L_act 0.9211  L_pil    23.812  acc 0.670  STOP-rec 0.000(n=13)  |z|  14.41  lr 9.87e-05  1.75 it/s
step   1450  L   3.2994  L_act 0.9174  L_pil    23.820  acc 0.655  STOP-rec 0.000(n=8)  |z|  14.83  lr 9.86e-05  1.76 it/s
step   1500  L   3.2608  L_act 0.9007  L_pil    23.600  acc 0.660  STOP-rec 0.000(n=6)  |z|  14.79  lr 9.85e-05  1.77 it/s
step   1550  L   3.2846  L_act 0.9478  L_pil    23.368  acc 0.652  STOP-rec 0.000(n=10)  |z|  16.07  lr 9.84e-05  1.76 it/s
step   1600  L   3.2823  L_act 0.9933  L_pil    22.891  acc 0.625  STOP-rec 0.000(n=13)  |z|  14.84  lr 9.82e-05  1.76 it/s
step   1650  L   3.0416  L_act 0.8426  L_pil    21.990  acc 0.688  STOP-rec 0.000(n=6)  |z|  15.22  lr 9.81e-05  1.75 it/s
step   1700  L   3.1895  L_act 0.9403  L_pil    22.492  acc 0.662  STOP-rec 0.000(n=16)  |z|  15.37  lr 9.80e-05  1.75 it/s
step   1750  L   3.1614  L_act 0.9302  L_pil    22.312  acc 0.632  STOP-rec 0.000(n=6)  |z|  14.50  lr 9.79e-05  1.74 it/s
step   1800  L   3.2121  L_act 0.9723  L_pil    22.398  acc 0.625  STOP-rec 0.000(n=9)  |z|  14.96  lr 9.78e-05  1.74 it/s
step   1850  L   3.0842  L_act 0.8992  L_pil    21.850  acc 0.688  STOP-rec 0.000(n=10)  |z|  15.12  lr 9.76e-05  1.73 it/s
step   1900  L   3.0650  L_act 0.9348  L_pil    21.301  acc 0.662  STOP-rec 0.000(n=10)  |z|  15.67  lr 9.75e-05  1.74 it/s
step   1950  L   3.0178  L_act 0.9064  L_pil    21.113  acc 0.672  STOP-rec 0.000(n=10)  |z|  15.37  lr 9.73e-05  1.75 it/s
step   2000  L   2.9425  L_act 0.8526  L_pil    20.899  acc 0.690  STOP-rec 0.000(n=7)  |z|  15.15  lr 9.72e-05  1.75 it/s
  saved adapter (224 tensors) -> checkpoints/stage1_identity/step2000
step   2050  L   3.0684  L_act 0.9656  L_pil    21.028  acc 0.618  STOP-rec 0.000(n=5)  |z|  14.11  lr 9.71e-05  1.76 it/s
step   2100  L   2.9435  L_act 0.8938  L_pil    20.497  acc 0.665  STOP-rec 0.000(n=7)  |z|  15.03  lr 9.69e-05  1.76 it/s
step   2150  L   2.9505  L_act 0.9314  L_pil    20.192  acc 0.647  STOP-rec 0.000(n=9)  |z|  15.08  lr 9.67e-05  1.77 it/s
step   2200  L   2.8968  L_act 0.8939  L_pil    20.030  acc 0.700  STOP-rec 0.000(n=14)  |z|  14.40  lr 9.66e-05  1.77 it/s
step   2250  L   2.9763  L_act 0.9516  L_pil    20.247  acc 0.645  STOP-rec 0.000(n=14)  |z|  15.02  lr 9.64e-05  1.78 it/s
step   2300  L   2.8932  L_act 0.8882  L_pil    20.050  acc 0.682  STOP-rec 0.000(n=7)  |z|  14.48  lr 9.63e-05  1.78 it/s
step   2350  L   2.8408  L_act 0.9304  L_pil    19.104  acc 0.657  STOP-rec 0.000(n=15)  |z|  14.67  lr 9.61e-05  1.79 it/s
step   2400  L   2.8269  L_act 0.9482  L_pil    18.786  acc 0.635  STOP-rec 0.000(n=9)  |z|  14.96  lr 9.59e-05  1.79 it/s
step   2450  L   2.8428  L_act 0.9449  L_pil    18.979  acc 0.642  STOP-rec 0.000(n=9)  |z|  15.02  lr 9.57e-05  1.80 it/s
step   2500  L   2.7820  L_act 0.9361  L_pil    18.459  acc 0.635  STOP-rec 0.000(n=10)  |z|  14.78  lr 9.56e-05  1.80 it/s
step   2550  L   2.8476  L_act 0.9859  L_pil    18.617  acc 0.637  STOP-rec 0.000(n=15)  |z|  14.75  lr 9.54e-05  1.80 it/s
step   2600  L   2.8576  L_act 0.9522  L_pil    19.053  acc 0.625  STOP-rec 0.000(n=8)  |z|  15.42  lr 9.52e-05  1.81 it/s
step   2650  L   2.6339  L_act 0.8059  L_pil    18.281  acc 0.708  STOP-rec 0.000(n=8)  |z|  15.24  lr 9.50e-05  1.81 it/s
step   2700  L   2.7654  L_act 0.9810  L_pil    17.844  acc 0.627  STOP-rec 0.000(n=15)  |z|  14.56  lr 9.48e-05  1.82 it/s
step   2750  L   2.6693  L_act 0.9326  L_pil    17.367  acc 0.662  STOP-rec 0.000(n=14)  |z|  15.04  lr 9.46e-05  1.82 it/s
step   2800  L   2.6445  L_act 0.8853  L_pil    17.592  acc 0.662  STOP-rec 0.000(n=7)  |z|  14.83  lr 9.44e-05  1.82 it/s
step   2850  L   2.6228  L_act 0.8719  L_pil    17.508  acc 0.685  STOP-rec 0.000(n=11)  |z|  15.17  lr 9.42e-05  1.83 it/s
step   2900  L   2.6438  L_act 0.9177  L_pil    17.261  acc 0.665  STOP-rec 0.000(n=13)  |z|  15.12  lr 9.40e-05  1.83 it/s
step   2950  L   2.6667  L_act 0.9111  L_pil    17.556  acc 0.657  STOP-rec 0.000(n=10)  |z|  15.33  lr 9.38e-05  1.83 it/s
step   3000  L   2.5631  L_act 0.8277  L_pil    17.354  acc 0.700  STOP-rec 0.000(n=7)  |z|  15.10  lr 9.36e-05  1.83 it/s
step   3050  L   2.5554  L_act 0.9348  L_pil    16.206  acc 0.672  STOP-rec 0.000(n=16)  |z|  14.88  lr 9.33e-05  1.84 it/s
step   3100  L   2.6111  L_act 0.9011  L_pil    17.100  acc 0.667  STOP-rec 0.000(n=7)  |z|  14.82  lr 9.31e-05  1.84 it/s
step   3150  L   2.6122  L_act 0.8995  L_pil    17.127  acc 0.665  STOP-rec 0.000(n=9)  |z|  15.04  lr 9.29e-05  1.84 it/s
step   3200  L   2.5631  L_act 0.9186  L_pil    16.446  acc 0.637  STOP-rec 0.000(n=10)  |z|  15.16  lr 9.27e-05  1.85 it/s
step   3250  L   2.4903  L_act 0.8764  L_pil    16.138  acc 0.690  STOP-rec 0.000(n=9)  |z|  15.06  lr 9.24e-05  1.85 it/s
step   3300  L   2.5872  L_act 0.9310  L_pil    16.562  acc 0.655  STOP-rec 0.000(n=8)  |z|  14.98  lr 9.22e-05  1.85 it/s
step   3350  L   2.5375  L_act 0.8671  L_pil    16.704  acc 0.685  STOP-rec 0.000(n=8)  |z|  14.74  lr 9.20e-05  1.85 it/s
step   3400  L   2.4698  L_act 0.8044  L_pil    16.654  acc 0.705  STOP-rec 0.000(n=3)  |z|  15.46  lr 9.17e-05  1.86 it/s
step   3450  L   2.4786  L_act 0.8651  L_pil    16.134  acc 0.698  STOP-rec 0.000(n=7)  |z|  15.45  lr 9.15e-05  1.86 it/s
step   3500  L   2.5362  L_act 0.9123  L_pil    16.239  acc 0.665  STOP-rec 0.000(n=10)  |z|  15.46  lr 9.12e-05  1.86 it/s
step   3550  L   2.4415  L_act 0.8612  L_pil    15.804  acc 0.672  STOP-rec 0.000(n=9)  |z|  15.52  lr 9.10e-05  1.86 it/s
step   3600  L   2.4570  L_act 0.8886  L_pil    15.684  acc 0.650  STOP-rec 0.000(n=8)  |z|  15.23  lr 9.07e-05  1.86 it/s
step   3650  L   2.4553  L_act 0.9039  L_pil    15.513  acc 0.657  STOP-rec 0.000(n=8)  |z|  14.61  lr 9.05e-05  1.87 it/s
step   3700  L   2.2926  L_act 0.8196  L_pil    14.730  acc 0.690  STOP-rec 0.000(n=6)  |z|  15.14  lr 9.02e-05  1.87 it/s
step   3750  L   2.3525  L_act 0.8424  L_pil    15.101  acc 0.695  STOP-rec 0.000(n=12)  |z|  15.20  lr 8.99e-05  1.87 it/s
step   3800  L   2.3869  L_act 0.8764  L_pil    15.105  acc 0.685  STOP-rec 0.000(n=12)  |z|  14.66  lr 8.97e-05  1.87 it/s
step   3850  L   2.4477  L_act 0.9269  L_pil    15.208  acc 0.647  STOP-rec 0.000(n=9)  |z|  14.96  lr 8.94e-05  1.87 it/s
step   3900  L   2.3684  L_act 0.9108  L_pil    14.577  acc 0.670  STOP-rec 0.000(n=10)  |z|  15.54  lr 8.91e-05  1.88 it/s
step   3950  L   2.3404  L_act 0.8308  L_pil    15.096  acc 0.720  STOP-rec 0.000(n=11)  |z|  14.62  lr 8.89e-05  1.88 it/s
step   4000  L   2.3060  L_act 0.8665  L_pil    14.395  acc 0.667  STOP-rec 0.000(n=8)  |z|  14.99  lr 8.86e-05  1.88 it/s
  saved adapter (224 tensors) -> checkpoints/stage1_identity/step4000
step   4050  L   2.3254  L_act 0.8793  L_pil    14.461  acc 0.682  STOP-rec 0.000(n=9)  |z|  15.34  lr 8.83e-05  1.88 it/s
step   4100  L   2.2394  L_act 0.8535  L_pil    13.860  acc 0.688  STOP-rec 0.000(n=9)  |z|  15.48  lr 8.80e-05  1.88 it/s
step   4150  L   2.2920  L_act 0.8685  L_pil    14.234  acc 0.680  STOP-rec 0.000(n=11)  |z|  15.37  lr 8.77e-05  1.88 it/s
step   4200  L   2.3955  L_act 0.9133  L_pil    14.822  acc 0.642  STOP-rec 0.000(n=10)  |z|  14.96  lr 8.74e-05  1.89 it/s
step   4250  L   2.2700  L_act 0.8362  L_pil    14.338  acc 0.708  STOP-rec 0.000(n=9)  |z|  15.36  lr 8.71e-05  1.89 it/s
step   4300  L   2.2400  L_act 0.8919  L_pil    13.481  acc 0.677  STOP-rec 0.000(n=12)  |z|  15.22  lr 8.68e-05  1.89 it/s
step   4350  L   2.2831  L_act 0.8776  L_pil    14.055  acc 0.688  STOP-rec 0.000(n=12)  |z|  14.61  lr 8.65e-05  1.89 it/s
step   4400  L   2.2801  L_act 0.9194  L_pil    13.607  acc 0.655  STOP-rec 0.000(n=11)  |z|  15.64  lr 8.62e-05  1.89 it/s
step   4450  L   2.2390  L_act 0.8646  L_pil    13.744  acc 0.675  STOP-rec 0.000(n=10)  |z|  14.85  lr 8.59e-05  1.89 it/s
step   4500  L   2.1832  L_act 0.8725  L_pil    13.107  acc 0.693  STOP-rec 0.000(n=12)  |z|  15.72  lr 8.56e-05  1.89 it/s
step   4550  L   2.1783  L_act 0.8317  L_pil    13.466  acc 0.705  STOP-rec 0.000(n=10)  |z|  15.41  lr 8.53e-05  1.90 it/s
step   4600  L   2.1448  L_act 0.7885  L_pil    13.563  acc 0.710  STOP-rec 0.000(n=4)  |z|  15.23  lr 8.50e-05  1.90 it/s
step   4650  L   2.1432  L_act 0.8181  L_pil    13.251  acc 0.695  STOP-rec 0.000(n=6)  |z|  15.32  lr 8.47e-05  1.90 it/s
step   4700  L   2.0856  L_act 0.8023  L_pil    12.833  acc 0.730  STOP-rec 0.000(n=10)  |z|  14.63  lr 8.44e-05  1.90 it/s
step   4750  L   2.1198  L_act 0.8489  L_pil    12.709  acc 0.693  STOP-rec 0.000(n=6)  |z|  15.41  lr 8.40e-05  1.90 it/s
step   4800  L   2.1391  L_act 0.8544  L_pil    12.847  acc 0.642  STOP-rec 0.000(n=7)  |z|  15.48  lr 8.37e-05  1.90 it/s
step   4850  L   2.2268  L_act 0.9746  L_pil    12.522  acc 0.630  STOP-rec 0.000(n=9)  |z|  15.24  lr 8.34e-05  1.90 it/s
step   4900  L   2.0722  L_act 0.8395  L_pil    12.327  acc 0.693  STOP-rec 0.000(n=6)  |z|  14.43  lr 8.31e-05  1.90 it/s
step   4950  L   2.2280  L_act 0.9429  L_pil    12.851  acc 0.627  STOP-rec 0.000(n=12)  |z|  15.45  lr 8.27e-05  1.91 it/s
step   5000  L   2.1342  L_act 0.9493  L_pil    11.849  acc 0.637  STOP-rec 0.000(n=17)  |z|  15.12  lr 8.24e-05  1.91 it/s
step   5050  L   2.1539  L_act 0.9114  L_pil    12.425  acc 0.650  STOP-rec 0.000(n=10)  |z|  14.94  lr 8.21e-05  1.91 it/s
step   5100  L   2.1022  L_act 0.8318  L_pil    12.704  acc 0.700  STOP-rec 0.000(n=6)  |z|  15.22  lr 8.17e-05  1.91 it/s
step   5150  L   2.0866  L_act 0.8812  L_pil    12.053  acc 0.675  STOP-rec 0.000(n=17)  |z|  15.57  lr 8.14e-05  1.91 it/s
step   5200  L   2.0056  L_act 0.8228  L_pil    11.827  acc 0.675  STOP-rec 0.000(n=13)  |z|  15.43  lr 8.10e-05  1.91 it/s
step   5250  L   1.9736  L_act 0.8357  L_pil    11.379  acc 0.682  STOP-rec 0.000(n=15)  |z|  14.96  lr 8.07e-05  1.91 it/s
step   5300  L   2.1554  L_act 0.8858  L_pil    12.695  acc 0.655  STOP-rec 0.000(n=6)  |z|  15.26  lr 8.03e-05  1.91 it/s
step   5350  L   2.0902  L_act 0.8660  L_pil    12.242  acc 0.650  STOP-rec 0.000(n=7)  |z|  14.51  lr 8.00e-05  1.91 it/s
step   5400  L   2.0585  L_act 0.8723  L_pil    11.861  acc 0.640  STOP-rec 0.000(n=7)  |z|  15.06  lr 7.96e-05  1.92 it/s
step   5450  L   2.0198  L_act 0.8329  L_pil    11.868  acc 0.688  STOP-rec 0.000(n=7)  |z|  15.29  lr 7.93e-05  1.92 it/s
step   5500  L   1.9222  L_act 0.7848  L_pil    11.374  acc 0.735  STOP-rec 0.000(n=11)  |z|  14.92  lr 7.89e-05  1.92 it/s
step   5550  L   2.0309  L_act 0.8330  L_pil    11.980  acc 0.675  STOP-rec 0.000(n=7)  |z|  15.51  lr 7.86e-05  1.92 it/s
step   5600  L   2.0101  L_act 0.8329  L_pil    11.772  acc 0.685  STOP-rec 0.000(n=9)  |z|  14.50  lr 7.82e-05  1.92 it/s
step   5650  L   2.0137  L_act 0.8618  L_pil    11.519  acc 0.667  STOP-rec 0.000(n=9)  |z|  14.62  lr 7.78e-05  1.92 it/s
step   5700  L   1.9889  L_act 0.8624  L_pil    11.265  acc 0.662  STOP-rec 0.000(n=8)  |z|  15.16  lr 7.75e-05  1.92 it/s
step   5750  L   1.8780  L_act 0.7898  L_pil    10.882  acc 0.720  STOP-rec 0.000(n=9)  |z|  15.04  lr 7.71e-05  1.92 it/s
step   5800  L   1.9161  L_act 0.7775  L_pil    11.387  acc 0.715  STOP-rec 0.000(n=8)  |z|  15.14  lr 7.67e-05  1.92 it/s
step   5850  L   1.9422  L_act 0.8438  L_pil    10.983  acc 0.667  STOP-rec 0.000(n=7)  |z|  14.86  lr 7.64e-05  1.92 it/s
step   5900  L   1.9360  L_act 0.8410  L_pil    10.950  acc 0.672  STOP-rec 0.000(n=7)  |z|  15.10  lr 7.60e-05  1.92 it/s
step   5950  L   1.9574  L_act 0.9115  L_pil    10.459  acc 0.667  STOP-rec 0.000(n=12)  |z|  14.81  lr 7.56e-05  1.93 it/s
step   6000  L   1.9587  L_act 0.9094  L_pil    10.493  acc 0.688  STOP-rec 0.000(n=15)  |z|  15.72  lr 7.52e-05  1.93 it/s
  saved adapter (224 tensors) -> checkpoints/stage1_identity/step6000
step   6050  L   1.8047  L_act 0.7999  L_pil    10.048  acc 0.715  STOP-rec 0.000(n=10)  |z|  14.45  lr 7.49e-05  1.93 it/s
step   6100  L   1.8172  L_act 0.8492  L_pil     9.680  acc 0.695  STOP-rec 0.000(n=12)  |z|  15.37  lr 7.45e-05  1.93 it/s
step   6150  L   1.8965  L_act 0.8726  L_pil    10.238  acc 0.695  STOP-rec 0.000(n=9)  |z|  15.27  lr 7.41e-05  1.93 it/s
step   6200  L   1.8672  L_act 0.8377  L_pil    10.295  acc 0.700  STOP-rec 0.000(n=13)  |z|  15.38  lr 7.37e-05  1.93 it/s
step   6250  L   1.8366  L_act 0.8126  L_pil    10.240  acc 0.725  STOP-rec 0.000(n=9)  |z|  15.16  lr 7.33e-05  1.93 it/s
step   6300  L   1.8664  L_act 0.8436  L_pil    10.228  acc 0.698  STOP-rec 0.000(n=10)  |z|  14.95  lr 7.29e-05  1.93 it/s
step   6350  L   1.8010  L_act 0.8229  L_pil     9.780  acc 0.695  STOP-rec 0.000(n=13)  |z|  15.20  lr 7.26e-05  1.93 it/s
step   6400  L   1.8248  L_act 0.8203  L_pil    10.045  acc 0.698  STOP-rec 0.000(n=8)  |z|  15.13  lr 7.22e-05  1.93 it/s
step   6450  L   1.8164  L_act 0.8403  L_pil     9.761  acc 0.688  STOP-rec 0.000(n=6)  |z|  15.13  lr 7.18e-05  1.93 it/s
step   6500  L   1.7354  L_act 0.7731  L_pil     9.623  acc 0.723  STOP-rec 0.000(n=7)  |z|  14.89  lr 7.14e-05  1.93 it/s
step   6550  L   1.7943  L_act 0.8517  L_pil     9.426  acc 0.682  STOP-rec 0.000(n=10)  |z|  15.08  lr 7.10e-05  1.93 it/s
step   6600  L   1.8476  L_act 0.8892  L_pil     9.584  acc 0.645  STOP-rec 0.000(n=13)  |z|  15.15  lr 7.06e-05  1.94 it/s
step   6650  L   1.8465  L_act 0.8862  L_pil     9.603  acc 0.652  STOP-rec 0.000(n=9)  |z|  15.59  lr 7.02e-05  1.94 it/s
step   6700  L   1.8162  L_act 0.8975  L_pil     9.187  acc 0.667  STOP-rec 0.000(n=13)  |z|  14.95  lr 6.98e-05  1.94 it/s
step   6750  L   1.7835  L_act 0.8564  L_pil     9.270  acc 0.700  STOP-rec 0.000(n=11)  |z|  15.37  lr 6.94e-05  1.94 it/s
step   6800  L   1.8030  L_act 0.8456  L_pil     9.574  acc 0.700  STOP-rec 0.000(n=7)  |z|  15.25  lr 6.90e-05  1.94 it/s
step   6850  L   1.7575  L_act 0.8275  L_pil     9.300  acc 0.705  STOP-rec 0.000(n=10)  |z|  15.17  lr 6.86e-05  1.94 it/s
step   6900  L   1.6648  L_act 0.7791  L_pil     8.857  acc 0.730  STOP-rec 0.000(n=9)  |z|  14.61  lr 6.82e-05  1.94 it/s
step   6950  L   1.8816  L_act 0.9138  L_pil     9.678  acc 0.670  STOP-rec 0.000(n=16)  |z|  14.90  lr 6.78e-05  1.94 it/s
step   7000  L   1.8047  L_act 0.8863  L_pil     9.184  acc 0.670  STOP-rec 0.000(n=14)  |z|  15.62  lr 6.73e-05  1.94 it/s
step   7050  L   1.6992  L_act 0.7948  L_pil     9.044  acc 0.718  STOP-rec 0.000(n=12)  |z|  14.95  lr 6.69e-05  1.94 it/s
step   7100  L   1.7218  L_act 0.8269  L_pil     8.949  acc 0.703  STOP-rec 0.000(n=14)  |z|  14.88  lr 6.65e-05  1.94 it/s
step   7150  L   1.7482  L_act 0.8766  L_pil     8.717  acc 0.682  STOP-rec 0.000(n=11)  |z|  14.78  lr 6.61e-05  1.94 it/s
step   7200  L   1.7219  L_act 0.7940  L_pil     9.280  acc 0.713  STOP-rec 0.000(n=5)  |z|  14.91  lr 6.57e-05  1.94 it/s
step   7250  L   1.7054  L_act 0.8206  L_pil     8.849  acc 0.693  STOP-rec 0.000(n=5)  |z|  15.34  lr 6.53e-05  1.94 it/s
step   7300  L   1.7328  L_act 0.8314  L_pil     9.014  acc 0.705  STOP-rec 0.000(n=10)  |z|  15.26  lr 6.49e-05  1.94 it/s
step   7350  L   1.7033  L_act 0.8057  L_pil     8.976  acc 0.713  STOP-rec 0.000(n=7)  |z|  15.98  lr 6.44e-05  1.95 it/s
step   7400  L   1.7682  L_act 0.8449  L_pil     9.233  acc 0.690  STOP-rec 0.000(n=8)  |z|  15.34  lr 6.40e-05  1.95 it/s
step   7450  L   1.7159  L_act 0.8406  L_pil     8.753  acc 0.688  STOP-rec 0.000(n=13)  |z|  15.31  lr 6.36e-05  1.95 it/s
step   7500  L   1.7671  L_act 0.8672  L_pil     8.999  acc 0.670  STOP-rec 0.000(n=12)  |z|  15.20  lr 6.32e-05  1.95 it/s
step   7550  L   1.7676  L_act 0.9111  L_pil     8.564  acc 0.657  STOP-rec 0.000(n=10)  |z|  15.28  lr 6.28e-05  1.95 it/s
step   7600  L   1.6789  L_act 0.8098  L_pil     8.691  acc 0.718  STOP-rec 0.000(n=11)  |z|  15.57  lr 6.23e-05  1.95 it/s
step   7650  L   1.7135  L_act 0.8320  L_pil     8.816  acc 0.708  STOP-rec 0.000(n=8)  |z|  15.18  lr 6.19e-05  1.95 it/s
step   7700  L   1.6667  L_act 0.8153  L_pil     8.514  acc 0.730  STOP-rec 0.000(n=7)  |z|  15.22  lr 6.15e-05  1.95 it/s
step   7750  L   1.6822  L_act 0.8369  L_pil     8.453  acc 0.710  STOP-rec 0.000(n=11)  |z|  15.22  lr 6.11e-05  1.95 it/s
step   7800  L   1.6373  L_act 0.7931  L_pil     8.441  acc 0.735  STOP-rec 0.000(n=8)  |z|  14.93  lr 6.07e-05  1.95 it/s
step   7850  L   1.7080  L_act 0.8450  L_pil     8.631  acc 0.700  STOP-rec 0.000(n=8)  |z|  15.52  lr 6.02e-05  1.95 it/s
step   7900  L   1.7565  L_act 0.8970  L_pil     8.595  acc 0.672  STOP-rec 0.000(n=12)  |z|  14.63  lr 5.98e-05  1.95 it/s
step   7950  L   1.7447  L_act 0.8777  L_pil     8.670  acc 0.690  STOP-rec 0.000(n=14)  |z|  15.30  lr 5.94e-05  1.95 it/s
step   8000  L   1.7099  L_act 0.8466  L_pil     8.634  acc 0.680  STOP-rec 0.000(n=6)  |z|  14.89  lr 5.89e-05  1.95 it/s
  saved adapter (224 tensors) -> checkpoints/stage1_identity/step8000
step   8050  L   1.6677  L_act 0.8148  L_pil     8.528  acc 0.708  STOP-rec 0.000(n=8)  |z|  15.29  lr 5.85e-05  1.95 it/s
step   8100  L   1.7458  L_act 0.8919  L_pil     8.539  acc 0.652  STOP-rec 0.000(n=10)  |z|  15.09  lr 5.81e-05  1.95 it/s
step   8150  L   1.6871  L_act 0.8013  L_pil     8.858  acc 0.695  STOP-rec 0.000(n=7)  |z|  14.89  lr 5.77e-05  1.95 it/s
step   8200  L   1.6369  L_act 0.7964  L_pil     8.405  acc 0.713  STOP-rec 0.000(n=11)  |z|  15.35  lr 5.72e-05  1.95 it/s
step   8250  L   1.7062  L_act 0.8634  L_pil     8.429  acc 0.708  STOP-rec 0.000(n=13)  |z|  15.18  lr 5.68e-05  1.95 it/s
step   8300  L   1.5639  L_act 0.7513  L_pil     8.127  acc 0.738  STOP-rec 0.000(n=7)  |z|  14.85  lr 5.64e-05  1.96 it/s
step   8350  L   1.7177  L_act 0.8375  L_pil     8.802  acc 0.698  STOP-rec 0.000(n=5)  |z|  14.58  lr 5.59e-05  1.96 it/s
step   8400  L   1.6399  L_act 0.8104  L_pil     8.295  acc 0.703  STOP-rec 0.000(n=6)  |z|  15.38  lr 5.55e-05  1.96 it/s
step   8450  L   1.6805  L_act 0.8671  L_pil     8.133  acc 0.677  STOP-rec 0.000(n=9)  |z|  14.70  lr 5.51e-05  1.96 it/s
step   8500  L   1.6253  L_act 0.8275  L_pil     7.978  acc 0.693  STOP-rec 0.000(n=8)  |z|  14.84  lr 5.47e-05  1.96 it/s
step   8550  L   1.6921  L_act 0.8531  L_pil     8.390  acc 0.698  STOP-rec 0.000(n=13)  |z|  14.95  lr 5.42e-05  1.96 it/s
step   8600  L   1.6495  L_act 0.7985  L_pil     8.510  acc 0.723  STOP-rec 0.000(n=7)  |z|  15.41  lr 5.38e-05  1.96 it/s
step   8650  L   1.6011  L_act 0.7780  L_pil     8.231  acc 0.725  STOP-rec 0.000(n=7)  |z|  14.83  lr 5.34e-05  1.96 it/s
step   8700  L   1.6681  L_act 0.8377  L_pil     8.303  acc 0.700  STOP-rec 0.000(n=11)  |z|  14.71  lr 5.29e-05  1.96 it/s
step   8750  L   1.5818  L_act 0.7818  L_pil     8.000  acc 0.703  STOP-rec 0.000(n=8)  |z|  15.73  lr 5.25e-05  1.96 it/s
step   8800  L   1.6056  L_act 0.7747  L_pil     8.309  acc 0.735  STOP-rec 0.000(n=7)  |z|  14.93  lr 5.21e-05  1.96 it/s
step   8850  L   1.5819  L_act 0.8007  L_pil     7.813  acc 0.713  STOP-rec 0.000(n=13)  |z|  15.11  lr 5.16e-05  1.96 it/s
step   8900  L   1.5822  L_act 0.7768  L_pil     8.054  acc 0.723  STOP-rec 0.000(n=11)  |z|  15.95  lr 5.12e-05  1.96 it/s
step   8950  L   1.5951  L_act 0.8155  L_pil     7.796  acc 0.710  STOP-rec 0.000(n=14)  |z|  16.09  lr 5.08e-05  1.96 it/s
step   9000  L   1.6404  L_act 0.8155  L_pil     8.249  acc 0.703  STOP-rec 0.000(n=9)  |z|  15.06  lr 5.03e-05  1.96 it/s
step   9050  L   1.6408  L_act 0.8519  L_pil     7.889  acc 0.680  STOP-rec 0.000(n=13)  |z|  14.96  lr 4.99e-05  1.96 it/s
step   9100  L   1.6694  L_act 0.8431  L_pil     8.263  acc 0.672  STOP-rec 0.000(n=6)  |z|  15.15  lr 4.95e-05  1.96 it/s
step   9150  L   1.5854  L_act 0.7962  L_pil     7.892  acc 0.720  STOP-rec 0.000(n=7)  |z|  15.53  lr 4.91e-05  1.96 it/s
step   9200  L   1.5652  L_act 0.7911  L_pil     7.741  acc 0.703  STOP-rec 0.000(n=8)  |z|  15.68  lr 4.86e-05  1.96 it/s
step   9250  L   1.6484  L_act 0.8462  L_pil     8.022  acc 0.670  STOP-rec 0.000(n=5)  |z|  15.70  lr 4.82e-05  1.96 it/s
step   9300  L   1.5620  L_act 0.7781  L_pil     7.838  acc 0.752  STOP-rec 0.000(n=10)  |z|  15.29  lr 4.78e-05  1.96 it/s
step   9350  L   1.6676  L_act 0.8633  L_pil     8.043  acc 0.688  STOP-rec 0.000(n=12)  |z|  15.41  lr 4.73e-05  1.96 it/s
step   9400  L   1.5689  L_act 0.8079  L_pil     7.610  acc 0.723  STOP-rec 0.000(n=14)  |z|  15.46  lr 4.69e-05  1.96 it/s
step   9450  L   1.6328  L_act 0.8376  L_pil     7.952  acc 0.695  STOP-rec 0.000(n=10)  |z|  14.76  lr 4.65e-05  1.96 it/s
step   9500  L   1.6251  L_act 0.8158  L_pil     8.093  acc 0.700  STOP-rec 0.000(n=12)  |z|  15.11  lr 4.61e-05  1.96 it/s
step   9550  L   1.5624  L_act 0.7912  L_pil     7.712  acc 0.725  STOP-rec 0.000(n=10)  |z|  15.01  lr 4.56e-05  1.96 it/s
step   9600  L   1.5072  L_act 0.7435  L_pil     7.637  acc 0.750  STOP-rec 0.000(n=11)  |z|  14.65  lr 4.52e-05  1.96 it/s
step   9650  L   1.6034  L_act 0.8315  L_pil     7.719  acc 0.698  STOP-rec 0.000(n=8)  |z|  14.77  lr 4.48e-05  1.97 it/s
step   9700  L   1.5286  L_act 0.7799  L_pil     7.486  acc 0.728  STOP-rec 0.000(n=9)  |z|  15.45  lr 4.43e-05  1.97 it/s
step   9750  L   1.5953  L_act 0.7979  L_pil     7.974  acc 0.703  STOP-rec 0.000(n=12)  |z|  15.12  lr 4.39e-05  1.97 it/s
step   9800  L   1.5483  L_act 0.7502  L_pil     7.982  acc 0.730  STOP-rec 0.000(n=7)  |z|  14.94  lr 4.35e-05  1.97 it/s
step   9850  L   1.6098  L_act 0.8087  L_pil     8.011  acc 0.713  STOP-rec 0.000(n=8)  |z|  15.00  lr 4.31e-05  1.97 it/s
step   9900  L   1.5975  L_act 0.8368  L_pil     7.607  acc 0.725  STOP-rec 0.000(n=14)  |z|  15.25  lr 4.27e-05  1.97 it/s
step   9950  L   1.5498  L_act 0.7823  L_pil     7.675  acc 0.718  STOP-rec 0.000(n=3)  |z|  14.92  lr 4.22e-05  1.97 it/s
step  10000  L   1.5887  L_act 0.8301  L_pil     7.586  acc 0.690  STOP-rec 0.000(n=13)  |z|  14.72  lr 4.18e-05  1.97 it/s
  saved adapter (224 tensors) -> checkpoints/stage1_identity/step10000
step  10050  L   1.5422  L_act 0.7635  L_pil     7.786  acc 0.730  STOP-rec 0.000(n=9)  |z|  15.19  lr 4.14e-05  1.97 it/s
step  10100  L   1.5495  L_act 0.7531  L_pil     7.964  acc 0.718  STOP-rec 0.000(n=7)  |z|  14.80  lr 4.10e-05  1.97 it/s
step  10150  L   1.5507  L_act 0.7537  L_pil     7.971  acc 0.720  STOP-rec 0.000(n=8)  |z|  15.02  lr 4.06e-05  1.97 it/s
step  10200  L   1.5650  L_act 0.8131  L_pil     7.519  acc 0.713  STOP-rec 0.000(n=9)  |z|  14.58  lr 4.01e-05  1.97 it/s
step  10250  L   1.5565  L_act 0.8046  L_pil     7.518  acc 0.708  STOP-rec 0.000(n=10)  |z|  14.90  lr 3.97e-05  1.97 it/s
step  10300  L   1.5702  L_act 0.7786  L_pil     7.916  acc 0.698  STOP-rec 0.000(n=7)  |z|  15.15  lr 3.93e-05  1.97 it/s
step  10350  L   1.5828  L_act 0.7958  L_pil     7.870  acc 0.715  STOP-rec 0.000(n=10)  |z|  14.94  lr 3.89e-05  1.97 it/s
step  10400  L   1.4522  L_act 0.7078  L_pil     7.444  acc 0.755  STOP-rec 0.000(n=8)  |z|  15.22  lr 3.85e-05  1.97 it/s
step  10450  L   1.5030  L_act 0.7508  L_pil     7.523  acc 0.750  STOP-rec 0.000(n=10)  |z|  14.50  lr 3.81e-05  1.97 it/s
step  10500  L   1.6183  L_act 0.8424  L_pil     7.759  acc 0.677  STOP-rec 0.000(n=7)  |z|  15.28  lr 3.77e-05  1.97 it/s
step  10550  L   1.4776  L_act 0.7334  L_pil     7.442  acc 0.730  STOP-rec 0.000(n=6)  |z|  14.90  lr 3.72e-05  1.97 it/s
step  10600  L   1.5583  L_act 0.8168  L_pil     7.415  acc 0.680  STOP-rec 0.000(n=12)  |z|  15.08  lr 3.68e-05  1.97 it/s
step  10650  L   1.5819  L_act 0.8280  L_pil     7.539  acc 0.703  STOP-rec 0.000(n=7)  |z|  15.02  lr 3.64e-05  1.97 it/s
step  10700  L   1.5634  L_act 0.7846  L_pil     7.788  acc 0.720  STOP-rec 0.000(n=7)  |z|  14.55  lr 3.60e-05  1.97 it/s
step  10750  L   1.5774  L_act 0.7970  L_pil     7.804  acc 0.723  STOP-rec 0.000(n=8)  |z|  14.87  lr 3.56e-05  1.97 it/s
step  10800  L   1.4846  L_act 0.7461  L_pil     7.385  acc 0.743  STOP-rec 0.000(n=11)  |z|  15.52  lr 3.52e-05  1.97 it/s
step  10850  L   1.5418  L_act 0.7650  L_pil     7.768  acc 0.725  STOP-rec 0.000(n=7)  |z|  14.97  lr 3.48e-05  1.97 it/s
step  10900  L   1.5109  L_act 0.7712  L_pil     7.397  acc 0.730  STOP-rec 0.000(n=14)  |z|  14.92  lr 3.44e-05  1.97 it/s
step  10950  L   1.4906  L_act 0.7456  L_pil     7.450  acc 0.755  STOP-rec 0.000(n=11)  |z|  15.70  lr 3.40e-05  1.97 it/s
step  11000  L   1.6245  L_act 0.8464  L_pil     7.781  acc 0.698  STOP-rec 0.000(n=14)  |z|  15.58  lr 3.36e-05  1.97 it/s
step  11050  L   1.5106  L_act 0.7489  L_pil     7.617  acc 0.730  STOP-rec 0.000(n=4)  |z|  14.86  lr 3.32e-05  1.97 it/s
step  11100  L   1.5056  L_act 0.7810  L_pil     7.246  acc 0.743  STOP-rec 0.000(n=17)  |z|  15.38  lr 3.28e-05  1.97 it/s
step  11150  L   1.5363  L_act 0.7766  L_pil     7.598  acc 0.720  STOP-rec 0.000(n=6)  |z|  14.96  lr 3.24e-05  1.97 it/s
step  11200  L   1.5080  L_act 0.7555  L_pil     7.525  acc 0.703  STOP-rec 0.000(n=10)  |z|  15.47  lr 3.21e-05  1.97 it/s
step  11250  L   1.5604  L_act 0.8036  L_pil     7.568  acc 0.693  STOP-rec 0.000(n=8)  |z|  15.15  lr 3.17e-05  1.97 it/s
step  11300  L   1.4993  L_act 0.7719  L_pil     7.274  acc 0.728  STOP-rec 0.000(n=8)  |z|  15.02  lr 3.13e-05  1.98 it/s
step  11350  L   1.4510  L_act 0.7225  L_pil     7.285  acc 0.750  STOP-rec 0.000(n=9)  |z|  15.24  lr 3.09e-05  1.98 it/s
step  11400  L   1.5518  L_act 0.7706  L_pil     7.812  acc 0.713  STOP-rec 0.000(n=5)  |z|  15.18  lr 3.05e-05  1.98 it/s
step  11450  L   1.4142  L_act 0.6806  L_pil     7.335  acc 0.775  STOP-rec 0.000(n=8)  |z|  14.69  lr 3.01e-05  1.98 it/s
step  11500  L   1.5089  L_act 0.7738  L_pil     7.351  acc 0.728  STOP-rec 0.000(n=11)  |z|  15.27  lr 2.98e-05  1.98 it/s
step  11550  L   1.5314  L_act 0.7908  L_pil     7.406  acc 0.735  STOP-rec 0.000(n=10)  |z|  14.48  lr 2.94e-05  1.98 it/s
step  11600  L   1.5281  L_act 0.7891  L_pil     7.390  acc 0.725  STOP-rec 0.000(n=10)  |z|  15.93  lr 2.90e-05  1.98 it/s
step  11650  L   1.4424  L_act 0.7166  L_pil     7.259  acc 0.755  STOP-rec 0.000(n=9)  |z|  15.47  lr 2.86e-05  1.98 it/s
step  11700  L   1.5000  L_act 0.7777  L_pil     7.223  acc 0.728  STOP-rec 0.000(n=12)  |z|  15.13  lr 2.83e-05  1.98 it/s
step  11750  L   1.4150  L_act 0.6968  L_pil     7.182  acc 0.743  STOP-rec 0.000(n=8)  |z|  15.72  lr 2.79e-05  1.98 it/s
step  11800  L   1.4725  L_act 0.7322  L_pil     7.403  acc 0.752  STOP-rec 0.000(n=11)  |z|  14.80  lr 2.75e-05  1.98 it/s
step  11850  L   1.4994  L_act 0.7598  L_pil     7.397  acc 0.728  STOP-rec 0.000(n=8)  |z|  14.82  lr 2.72e-05  1.98 it/s
step  11900  L   1.5580  L_act 0.8545  L_pil     7.035  acc 0.700  STOP-rec 0.000(n=13)  |z|  14.85  lr 2.68e-05  1.98 it/s
step  11950  L   1.4214  L_act 0.6761  L_pil     7.452  acc 0.757  STOP-rec 0.000(n=6)  |z|  15.20  lr 2.64e-05  1.98 it/s
step  12000  L   1.4195  L_act 0.7201  L_pil     6.994  acc 0.740  STOP-rec 0.000(n=9)  |z|  15.41  lr 2.61e-05  1.98 it/s
  saved adapter (224 tensors) -> checkpoints/stage1_identity/step12000
step  12050  L   1.4829  L_act 0.7696  L_pil     7.133  acc 0.728  STOP-rec 0.000(n=15)  |z|  15.49  lr 2.57e-05  1.98 it/s
step  12100  L   1.5354  L_act 0.7873  L_pil     7.481  acc 0.723  STOP-rec 0.000(n=15)  |z|  14.51  lr 2.54e-05  1.98 it/s
step  12150  L   1.4772  L_act 0.7547  L_pil     7.225  acc 0.733  STOP-rec 0.000(n=12)  |z|  14.65  lr 2.50e-05  1.98 it/s
step  12200  L   1.5327  L_act 0.7870  L_pil     7.457  acc 0.708  STOP-rec 0.000(n=7)  |z|  15.13  lr 2.47e-05  1.98 it/s
step  12250  L   1.4404  L_act 0.6958  L_pil     7.446  acc 0.750  STOP-rec 0.000(n=10)  |z|  15.32  lr 2.43e-05  1.98 it/s
step  12300  L   1.4870  L_act 0.7892  L_pil     6.979  acc 0.723  STOP-rec 0.000(n=10)  |z|  15.49  lr 2.40e-05  1.98 it/s
step  12350  L   1.4076  L_act 0.6913  L_pil     7.162  acc 0.780  STOP-rec 0.000(n=9)  |z|  15.43  lr 2.36e-05  1.98 it/s
step  12400  L   1.5439  L_act 0.8010  L_pil     7.429  acc 0.693  STOP-rec 0.000(n=9)  |z|  14.90  lr 2.33e-05  1.98 it/s
step  12450  L   1.4968  L_act 0.7899  L_pil     7.069  acc 0.715  STOP-rec 0.000(n=17)  |z|  14.91  lr 2.29e-05  1.98 it/s
step  12500  L   1.5870  L_act 0.8802  L_pil     7.068  acc 0.672  STOP-rec 0.000(n=12)  |z|  15.36  lr 2.26e-05  1.98 it/s
step  12550  L   1.4909  L_act 0.7641  L_pil     7.269  acc 0.748  STOP-rec 0.000(n=11)  |z|  14.39  lr 2.23e-05  1.98 it/s
step  12600  L   1.3974  L_act 0.7036  L_pil     6.938  acc 0.757  STOP-rec 0.000(n=12)  |z|  14.83  lr 2.19e-05  1.98 it/s
step  12650  L   1.5023  L_act 0.7771  L_pil     7.252  acc 0.713  STOP-rec 0.000(n=12)  |z|  15.43  lr 2.16e-05  1.98 it/s
step  12700  L   1.4678  L_act 0.7718  L_pil     6.960  acc 0.723  STOP-rec 0.000(n=8)  |z|  15.47  lr 2.13e-05  1.98 it/s
step  12750  L   1.5405  L_act 0.7997  L_pil     7.407  acc 0.735  STOP-rec 0.000(n=12)  |z|  15.02  lr 2.10e-05  1.98 it/s
step  12800  L   1.4578  L_act 0.7350  L_pil     7.228  acc 0.738  STOP-rec 0.000(n=6)  |z|  15.12  lr 2.06e-05  1.98 it/s
step  12850  L   1.4323  L_act 0.7260  L_pil     7.063  acc 0.740  STOP-rec 0.000(n=7)  |z|  14.98  lr 2.03e-05  1.98 it/s
step  12900  L   1.4704  L_act 0.7536  L_pil     7.168  acc 0.738  STOP-rec 0.000(n=8)  |z|  14.93  lr 2.00e-05  1.98 it/s
step  12950  L   1.4658  L_act 0.7450  L_pil     7.208  acc 0.735  STOP-rec 0.000(n=7)  |z|  15.12  lr 1.97e-05  1.98 it/s
step  13000  L   1.4145  L_act 0.7201  L_pil     6.944  acc 0.738  STOP-rec 0.000(n=9)  |z|  15.73  lr 1.94e-05  1.98 it/s
step  13050  L   1.5189  L_act 0.7908  L_pil     7.280  acc 0.705  STOP-rec 0.000(n=4)  |z|  15.02  lr 1.91e-05  1.98 it/s
step  13100  L   1.4311  L_act 0.7483  L_pil     6.828  acc 0.735  STOP-rec 0.000(n=6)  |z|  15.19  lr 1.88e-05  1.98 it/s
step  13150  L   1.5003  L_act 0.7945  L_pil     7.058  acc 0.725  STOP-rec 0.000(n=13)  |z|  15.02  lr 1.85e-05  1.98 it/s
step  13200  L   1.4949  L_act 0.7663  L_pil     7.285  acc 0.693  STOP-rec 0.000(n=5)  |z|  14.81  lr 1.82e-05  1.98 it/s
step  13250  L   1.4509  L_act 0.7343  L_pil     7.166  acc 0.733  STOP-rec 0.000(n=7)  |z|  15.34  lr 1.79e-05  1.98 it/s
step  13300  L   1.4110  L_act 0.6798  L_pil     7.312  acc 0.765  STOP-rec 0.000(n=8)  |z|  14.83  lr 1.76e-05  1.98 it/s
step  13350  L   1.4902  L_act 0.7751  L_pil     7.151  acc 0.760  STOP-rec 0.000(n=15)  |z|  15.98  lr 1.73e-05  1.98 it/s
step  13400  L   1.4046  L_act 0.6946  L_pil     7.100  acc 0.750  STOP-rec 0.000(n=3)  |z|  14.88  lr 1.70e-05  1.98 it/s
step  13450  L   1.5250  L_act 0.7785  L_pil     7.466  acc 0.728  STOP-rec 0.000(n=6)  |z|  15.20  lr 1.67e-05  1.98 it/s
step  13500  L   1.4535  L_act 0.7692  L_pil     6.843  acc 0.733  STOP-rec 0.000(n=12)  |z|  15.29  lr 1.64e-05  1.98 it/s
step  13550  L   1.4297  L_act 0.7092  L_pil     7.205  acc 0.767  STOP-rec 0.000(n=10)  |z|  15.47  lr 1.61e-05  1.98 it/s
step  13600  L   1.4703  L_act 0.7271  L_pil     7.431  acc 0.740  STOP-rec 0.000(n=8)  |z|  15.75  lr 1.59e-05  1.98 it/s
step  13650  L   1.3852  L_act 0.6877  L_pil     6.975  acc 0.755  STOP-rec 0.000(n=11)  |z|  15.82  lr 1.56e-05  1.98 it/s
step  13700  L   1.3916  L_act 0.6735  L_pil     7.181  acc 0.770  STOP-rec 0.000(n=9)  |z|  15.31  lr 1.53e-05  1.98 it/s
step  13750  L   1.4264  L_act 0.7371  L_pil     6.893  acc 0.728  STOP-rec 0.000(n=8)  |z|  14.78  lr 1.51e-05  1.98 it/s
step  13800  L   1.4374  L_act 0.7183  L_pil     7.191  acc 0.760  STOP-rec 0.000(n=11)  |z|  15.14  lr 1.48e-05  1.98 it/s
step  13850  L   1.3789  L_act 0.6529  L_pil     7.260  acc 0.780  STOP-rec 0.000(n=7)  |z|  15.31  lr 1.45e-05  1.98 it/s
step  13900  L   1.3892  L_act 0.6823  L_pil     7.069  acc 0.760  STOP-rec 0.000(n=5)  |z|  14.59  lr 1.43e-05  1.99 it/s
step  13950  L   1.3387  L_act 0.6499  L_pil     6.888  acc 0.792  STOP-rec 0.000(n=13)  |z|  15.10  lr 1.40e-05  1.99 it/s
step  14000  L   1.4535  L_act 0.7370  L_pil     7.164  acc 0.745  STOP-rec 0.000(n=18)  |z|  15.47  lr 1.38e-05  1.99 it/s
  saved adapter (224 tensors) -> checkpoints/stage1_identity/step14000
step  14050  L   1.4970  L_act 0.7516  L_pil     7.454  acc 0.733  STOP-rec 0.000(n=6)  |z|  15.06  lr 1.35e-05  1.99 it/s
step  14100  L   1.4779  L_act 0.7923  L_pil     6.856  acc 0.718  STOP-rec 0.000(n=14)  |z|  15.22  lr 1.33e-05  1.99 it/s
step  14150  L   1.3919  L_act 0.6841  L_pil     7.078  acc 0.743  STOP-rec 0.000(n=8)  |z|  15.13  lr 1.30e-05  1.99 it/s
step  14200  L   1.4767  L_act 0.7718  L_pil     7.049  acc 0.713  STOP-rec 0.000(n=9)  |z|  15.22  lr 1.28e-05  1.99 it/s
step  14250  L   1.3196  L_act 0.6232  L_pil     6.964  acc 0.790  STOP-rec 0.000(n=9)  |z|  15.20  lr 1.26e-05  1.99 it/s
step  14300  L   1.3685  L_act 0.6570  L_pil     7.115  acc 0.785  STOP-rec 0.000(n=9)  |z|  15.55  lr 1.23e-05  1.99 it/s
step  14350  L   1.3722  L_act 0.7036  L_pil     6.685  acc 0.755  STOP-rec 0.000(n=9)  |z|  15.14  lr 1.21e-05  1.99 it/s
step  14400  L   1.3469  L_act 0.6686  L_pil     6.783  acc 0.765  STOP-rec 0.000(n=13)  |z|  15.06  lr 1.19e-05  1.99 it/s
step  14450  L   1.3474  L_act 0.6430  L_pil     7.044  acc 0.775  STOP-rec 0.000(n=7)  |z|  15.17  lr 1.17e-05  1.99 it/s
step  14500  L   1.4675  L_act 0.7551  L_pil     7.124  acc 0.757  STOP-rec 0.000(n=14)  |z|  15.15  lr 1.14e-05  1.99 it/s
step  14550  L   1.4005  L_act 0.7106  L_pil     6.899  acc 0.738  STOP-rec 0.000(n=10)  |z|  14.69  lr 1.12e-05  1.99 it/s
step  14600  L   1.4256  L_act 0.7449  L_pil     6.806  acc 0.718  STOP-rec 0.000(n=8)  |z|  14.64  lr 1.10e-05  1.99 it/s
step  14650  L   1.4742  L_act 0.7406  L_pil     7.336  acc 0.720  STOP-rec 0.000(n=9)  |z|  15.50  lr 1.08e-05  1.99 it/s
step  14700  L   1.4068  L_act 0.6850  L_pil     7.218  acc 0.755  STOP-rec 0.000(n=8)  |z|  15.43  lr 1.06e-05  1.99 it/s
step  14750  L   1.3762  L_act 0.6874  L_pil     6.888  acc 0.762  STOP-rec 0.000(n=6)  |z|  15.09  lr 1.04e-05  1.99 it/s
step  14800  L   1.4220  L_act 0.7030  L_pil     7.190  acc 0.738  STOP-rec 0.000(n=9)  |z|  14.83  lr 1.02e-05  1.99 it/s
step  14850  L   1.4323  L_act 0.7350  L_pil     6.973  acc 0.740  STOP-rec 0.000(n=11)  |z|  15.45  lr 1.00e-05  1.99 it/s
step  14900  L   1.3354  L_act 0.6412  L_pil     6.943  acc 0.775  STOP-rec 0.000(n=7)  |z|  14.90  lr 9.81e-06  1.99 it/s
step  14950  L   1.3220  L_act 0.6415  L_pil     6.805  acc 0.787  STOP-rec 0.000(n=5)  |z|  14.69  lr 9.62e-06  1.99 it/s
step  15000  L   1.4722  L_act 0.7384  L_pil     7.338  acc 0.733  STOP-rec 0.000(n=9)  |z|  15.05  lr 9.44e-06  1.99 it/s
step  15050  L   1.3565  L_act 0.6703  L_pil     6.862  acc 0.755  STOP-rec 0.000(n=3)  |z|  15.37  lr 9.26e-06  1.99 it/s
step  15100  L   1.4071  L_act 0.7360  L_pil     6.711  acc 0.762  STOP-rec 0.000(n=14)  |z|  14.68  lr 9.08e-06  1.99 it/s
step  15150  L   1.3946  L_act 0.6849  L_pil     7.097  acc 0.748  STOP-rec 0.000(n=7)  |z|  15.58  lr 8.91e-06  1.99 it/s
step  15200  L   1.5005  L_act 0.8125  L_pil     6.880  acc 0.720  STOP-rec 0.000(n=13)  |z|  14.90  lr 8.74e-06  1.99 it/s
step  15250  L   1.3952  L_act 0.6955  L_pil     6.997  acc 0.752  STOP-rec 0.000(n=8)  |z|  14.93  lr 8.57e-06  1.99 it/s
step  15300  L   1.4483  L_act 0.7379  L_pil     7.104  acc 0.720  STOP-rec 0.000(n=5)  |z|  14.85  lr 8.41e-06  1.99 it/s
step  15350  L   1.4058  L_act 0.7433  L_pil     6.626  acc 0.752  STOP-rec 0.000(n=16)  |z|  15.48  lr 8.25e-06  1.99 it/s
step  15400  L   1.4323  L_act 0.7675  L_pil     6.648  acc 0.738  STOP-rec 0.000(n=14)  |z|  15.12  lr 8.10e-06  1.99 it/s
step  15450  L   1.3666  L_act 0.6643  L_pil     7.022  acc 0.792  STOP-rec 0.000(n=11)  |z|  15.53  lr 7.95e-06  1.99 it/s
step  15500  L   1.4166  L_act 0.7308  L_pil     6.858  acc 0.738  STOP-rec 0.000(n=9)  |z|  15.23  lr 7.80e-06  1.99 it/s
step  15550  L   1.2725  L_act 0.5899  L_pil     6.826  acc 0.810  STOP-rec 0.000(n=5)  |z|  14.80  lr 7.66e-06  1.99 it/s
step  15600  L   1.3141  L_act 0.6168  L_pil     6.973  acc 0.792  STOP-rec 0.000(n=3)  |z|  15.08  lr 7.52e-06  1.99 it/s
step  15650  L   1.3927  L_act 0.6866  L_pil     7.061  acc 0.767  STOP-rec 0.000(n=12)  |z|  15.04  lr 7.38e-06  1.99 it/s
step  15700  L   1.4278  L_act 0.7432  L_pil     6.846  acc 0.733  STOP-rec 0.000(n=9)  |z|  15.56  lr 7.25e-06  1.99 it/s
step  15750  L   1.3912  L_act 0.7026  L_pil     6.886  acc 0.762  STOP-rec 0.000(n=7)  |z|  15.54  lr 7.12e-06  1.99 it/s
step  15800  L   1.4721  L_act 0.7883  L_pil     6.838  acc 0.708  STOP-rec 0.000(n=11)  |z|  14.98  lr 6.99e-06  1.99 it/s
step  15850  L   1.4562  L_act 0.7869  L_pil     6.693  acc 0.715  STOP-rec 0.000(n=14)  |z|  15.17  lr 6.87e-06  1.99 it/s
step  15900  L   1.5210  L_act 0.8109  L_pil     7.102  acc 0.708  STOP-rec 0.000(n=13)  |z|  15.10  lr 6.75e-06  1.99 it/s
step  15950  L   1.4144  L_act 0.7022  L_pil     7.122  acc 0.757  STOP-rec 0.000(n=5)  |z|  15.31  lr 6.64e-06  1.99 it/s
step  16000  L   1.3865  L_act 0.6980  L_pil     6.885  acc 0.748  STOP-rec 0.000(n=10)  |z|  15.37  lr 6.53e-06  1.99 it/s
  saved adapter (224 tensors) -> checkpoints/stage1_identity/step16000
step  16050  L   1.3385  L_act 0.6606  L_pil     6.779  acc 0.792  STOP-rec 0.000(n=10)  |z|  15.32  lr 6.42e-06  1.99 it/s
step  16100  L   1.4824  L_act 0.8112  L_pil     6.712  acc 0.705  STOP-rec 0.000(n=14)  |z|  15.20  lr 6.32e-06  1.99 it/s
step  16150  L   1.4679  L_act 0.7571  L_pil     7.109  acc 0.733  STOP-rec 0.000(n=4)  |z|  15.07  lr 6.22e-06  1.99 it/s
step  16200  L   1.3911  L_act 0.7242  L_pil     6.669  acc 0.765  STOP-rec 0.000(n=12)  |z|  15.78  lr 6.12e-06  1.99 it/s
step  16250  L   1.4076  L_act 0.7248  L_pil     6.828  acc 0.745  STOP-rec 0.000(n=10)  |z|  14.40  lr 6.03e-06  1.99 it/s
step  16300  L   1.4802  L_act 0.7834  L_pil     6.967  acc 0.710  STOP-rec 0.000(n=16)  |z|  15.06  lr 5.94e-06  1.99 it/s
step  16350  L   1.4301  L_act 0.7626  L_pil     6.675  acc 0.740  STOP-rec 0.000(n=14)  |z|  15.15  lr 5.86e-06  1.99 it/s
step  16400  L   1.4098  L_act 0.7014  L_pil     7.084  acc 0.760  STOP-rec 0.000(n=9)  |z|  15.34  lr 5.78e-06  1.99 it/s
step  16450  L   1.4198  L_act 0.7608  L_pil     6.590  acc 0.728  STOP-rec 0.000(n=14)  |z|  15.20  lr 5.71e-06  1.99 it/s
step  16500  L   1.3963  L_act 0.7171  L_pil     6.792  acc 0.743  STOP-rec 0.000(n=12)  |z|  14.86  lr 5.63e-06  1.99 it/s
step  16550  L   1.4114  L_act 0.7130  L_pil     6.984  acc 0.752  STOP-rec 0.000(n=5)  |z|  14.99  lr 5.56e-06  1.99 it/s
step  16600  L   1.3509  L_act 0.6673  L_pil     6.836  acc 0.757  STOP-rec 0.000(n=6)  |z|  15.19  lr 5.50e-06  1.99 it/s
step  16650  L   1.3310  L_act 0.6458  L_pil     6.852  acc 0.777  STOP-rec 0.000(n=6)  |z|  14.73  lr 5.44e-06  1.99 it/s
step  16700  L   1.3760  L_act 0.6973  L_pil     6.786  acc 0.767  STOP-rec 0.000(n=10)  |z|  14.47  lr 5.38e-06  1.99 it/s
step  16750  L   1.4630  L_act 0.7366  L_pil     7.264  acc 0.745  STOP-rec 0.000(n=9)  |z|  15.18  lr 5.33e-06  1.99 it/s
step  16800  L   1.3131  L_act 0.6556  L_pil     6.575  acc 0.782  STOP-rec 0.000(n=11)  |z|  15.42  lr 5.28e-06  1.99 it/s
step  16850  L   1.3881  L_act 0.7223  L_pil     6.657  acc 0.760  STOP-rec 0.000(n=9)  |z|  14.66  lr 5.24e-06  1.99 it/s
step  16900  L   1.3464  L_act 0.6703  L_pil     6.761  acc 0.775  STOP-rec 0.000(n=11)  |z|  15.39  lr 5.20e-06  1.99 it/s
step  16950  L   1.3832  L_act 0.6877  L_pil     6.955  acc 0.770  STOP-rec 0.000(n=11)  |z|  15.23  lr 5.16e-06  1.99 it/s
step  17000  L   1.4011  L_act 0.7138  L_pil     6.874  acc 0.745  STOP-rec 0.000(n=9)  |z|  14.98  lr 5.13e-06  1.99 it/s
step  17050  L   1.3770  L_act 0.7296  L_pil     6.474  acc 0.743  STOP-rec 0.000(n=16)  |z|  15.09  lr 5.10e-06  1.99 it/s
step  17100  L   1.2649  L_act 0.6121  L_pil     6.528  acc 0.797  STOP-rec 0.000(n=11)  |z|  15.00  lr 5.07e-06  1.99 it/s
step  17150  L   1.3524  L_act 0.6650  L_pil     6.874  acc 0.770  STOP-rec 0.000(n=9)  |z|  14.84  lr 5.05e-06  1.99 it/s
step  17200  L   1.4438  L_act 0.7526  L_pil     6.912  acc 0.728  STOP-rec 0.000(n=11)  |z|  14.95  lr 5.03e-06  1.99 it/s
step  17250  L   1.3675  L_act 0.6917  L_pil     6.758  acc 0.767  STOP-rec 0.000(n=12)  |z|  14.98  lr 5.02e-06  1.99 it/s
step  17300  L   1.3629  L_act 0.6845  L_pil     6.784  acc 0.777  STOP-rec 0.000(n=9)  |z|  14.93  lr 5.01e-06  1.99 it/s
step  17350  L   1.3147  L_act 0.6403  L_pil     6.744  acc 0.775  STOP-rec 0.000(n=8)  |z|  15.11  lr 5.00e-06  1.99 it/s
step  17400  L   1.4246  L_act 0.7447  L_pil     6.799  acc 0.748  STOP-rec 0.000(n=13)  |z|  14.78  lr 5.00e-06  1.99 it/s

saved adapter (224 tensors) + pilot -> checkpoints/stage1_identity/final
log -> checkpoints/stage1_identity/trainlog.json
######## STAGE 1 identity finished Wed Sep  2 16:50:40 EDT 2026 ########
######## ALL DONE Wed Sep  2 16:50:40 EDT 2026 ########
