Loading pointing policy from checkpoints/pointing_hist/final ...
Loading weights:   0%|          | 0/626 [00:00<?, ?it/s]Loading weights:   4%|▎         | 23/626 [00:00<00:02, 228.25it/s]Loading weights:  19%|█▉        | 120/626 [00:00<00:00, 660.15it/s]Loading weights:  38%|███▊      | 237/626 [00:00<00:00, 883.53it/s]Loading weights:  79%|███████▉  | 494/626 [00:00<00:00, 1537.59it/s]Loading weights: 100%|██████████| 626/626 [00:00<00:00, 1396.29it/s]
  history_frames = 2 (stride 1, spans 2 steps) [from checkpoint config]
  head reads layers: final only
  loaded 224 LoRA tensors (r=16) + pointing head
stop_threshold=0.05  turn=7.5 deg
  STRICT: success requires the model's OWN stop within 3 m

split=val_unseen  episodes=150  scans=8


====================================================================
  POINTING EVAL — checkpoints/pointing_hist/final
  split=val_unseen  n=150  stop_thr=0.05  STRICT (own STOP only)
====================================================================
    SR    = 0.1800
    SPL   = 0.1680
    OS    = 0.2267
    nDTW  = 0.3937
    NE    = 6.5540

  TERMINATION:
    model_stop       102  ( 68.0%)
    within_radius      0  (  0.0%)
    timeout           48  ( 32.0%)

  DISTANCE TO GOAL (m):
    closest approach : mean  5.29  median  4.87  p25  3.12  min  0.12
    final position   : mean  6.55  median  5.73
    ever within  3.0m :  22.7%
    ever within  5.0m :  51.3%
    ever within 10.0m :  92.7%
    where it STOPPED : mean  5.63  median  4.43  within 3m 25.5%

  p(stop) over 9,209 steps: mean 0.0056  p95 0.0275  max 0.1652
    (threshold 0.05 would fire on 1.11% of steps)
====================================================================
