v_bar reference: mean ||v_bar|| = 14.75
Loading Stage 0' policy from checkpoints/stage2_p75/final ...
Loading weights:   0%|          | 0/626 [00:00<?, ?it/s]Loading weights:   0%|          | 1/626 [00:00<03:04,  3.38it/s]Loading weights:   8%|▊         | 53/626 [00:00<00:03, 171.55it/s]Loading weights:  17%|█▋        | 104/626 [00:00<00:01, 269.67it/s]Loading weights:  25%|██▌       | 157/626 [00:00<00:01, 346.51it/s]Loading weights:  33%|███▎      | 209/626 [00:00<00:01, 398.81it/s]Loading weights:  41%|████▏     | 259/626 [00:00<00:00, 428.52it/s]Loading weights:  59%|█████▊    | 367/626 [00:00<00:00, 622.71it/s]Loading weights:  96%|█████████▌| 600/626 [00:01<00:00, 1104.79it/s]Loading weights: 100%|██████████| 626/626 [00:01<00:00, 592.48it/s] 
  loaded adapter.pt (224 LoRA tensors, r=16)
  adapter: 6,422,528 LoRA params
  pilot  : mode=action_query (B -- distinct h_act/h_pil)
slot_mode = z
split=val_unseen  episodes=150  scans=8

  25/150  (0.23 ep/s)
  50/150  (0.24 ep/s)
  75/150  (0.25 ep/s)
  100/150  (0.25 ep/s)
  125/150  (0.25 ep/s)
  150/150  (0.26 ep/s)

====================================================================
  STAGE 0' EVAL — checkpoints/stage2_p75/final
  slot_mode=z
  split=val_unseen  n=150  diagnostic (3m early exit)
====================================================================
    SR    = 0.1800
    SPL   = 0.1800
    OS    = 0.1800
    nDTW  = 0.3146
    NE    = 7.9897

  TERMINATION:
    model_stop         2  (  1.3%)
    within_radius     27  ( 18.0%)
    timeout          121  ( 80.7%)

  ||z_t|| over 13,298 steps: mean 15.01  min 13.22  max 16.90
    (Stage 2 wants this DRIFT to shrink; record it as the Stage 0' reference)

  Paper NaN row (Table 3): SR 51.7  SPL 47.1  NE 5.3  OS 57.0
====================================================================
