v_bar reference: mean ||v_bar|| = 14.75
Loading Stage 0' policy from checkpoints/stage2_p50/final ...
Loading weights:   0%|          | 0/626 [00:00<?, ?it/s]Loading weights:   4%|▍         | 27/626 [00:00<00:02, 262.54it/s]Loading weights:  15%|█▌        | 97/626 [00:00<00:01, 516.29it/s]Loading weights:  27%|██▋       | 170/626 [00:00<00:00, 611.00it/s]Loading weights:  39%|███▉      | 246/626 [00:00<00:00, 668.76it/s]Loading weights:  56%|█████▌    | 351/626 [00:00<00:00, 803.39it/s]Loading weights:  98%|█████████▊| 612/626 [00:00<00:00, 1410.57it/s]Loading weights: 100%|██████████| 626/626 [00:00<00:00, 1019.11it/s]
  loaded adapter.pt (224 LoRA tensors, r=16)
  adapter: 6,422,528 LoRA params
  pilot  : mode=action_query (B -- distinct h_act/h_pil)
slot_mode = z
split=val_unseen  episodes=150  scans=8

  25/150  (0.15 ep/s)
  50/150  (0.15 ep/s)
  75/150  (0.16 ep/s)
  100/150  (0.16 ep/s)
  125/150  (0.16 ep/s)
  150/150  (0.16 ep/s)

====================================================================
  STAGE 0' EVAL — checkpoints/stage2_p50/final
  slot_mode=z
  split=val_unseen  n=150  diagnostic (3m early exit)
====================================================================
    SR    = 0.1667
    SPL   = 0.1667
    OS    = 0.1667
    nDTW  = 0.3122
    NE    = 7.9781

  TERMINATION:
    model_stop         4  (  2.7%)
    within_radius     25  ( 16.7%)
    timeout          121  ( 80.7%)

  ||z_t|| over 13,322 steps: mean 15.06  min 13.21  max 17.09
    (Stage 2 wants this DRIFT to shrink; record it as the Stage 0' reference)

  Paper NaN row (Table 3): SR 51.7  SPL 47.1  NE 5.3  OS 57.0
====================================================================
