Loading pointing policy from checkpoints/pointing_fusion/step120000 ...
Loading weights:   0%|          | 0/626 [00:00<?, ?it/s]Loading weights:   3%|▎         | 16/626 [00:00<00:03, 154.18it/s]Loading weights:  17%|█▋        | 105/626 [00:00<00:00, 574.41it/s]Loading weights:  36%|███▌      | 224/626 [00:00<00:00, 847.12it/s]Loading weights:  71%|███████▏  | 447/626 [00:00<00:00, 1384.53it/s]Loading weights: 100%|██████████| 626/626 [00:00<00:00, 1361.17it/s]
  history_frames = 2 (stride 8, spans 16 steps) [from checkpoint config]
  head reads layers: (23, 26, 28)
  loaded 224 LoRA tensors (r=16) + pointing head
stop_threshold=0.3  turn=7.5 deg
  STRICT: success requires the model's OWN stop within 3 m

split=val_seen  episodes=150  scans=8


====================================================================
  POINTING EVAL — checkpoints/pointing_fusion/step120000
  split=val_seen  n=150  stop_thr=0.3  STRICT (own STOP only)
====================================================================
    SR    = 0.3333
    SPL   = 0.2866
    OS    = 0.5933
    nDTW  = 0.3076
    NE    = 6.4932

  TERMINATION:
    model_stop        54  ( 36.0%)
    within_radius      0  (  0.0%)
    timeout           96  ( 64.0%)

  DISTANCE TO GOAL (m):
    closest approach : mean  3.84  median  2.47  p25  1.25  min  0.05
    final position   : mean  6.49  median  5.17
    ever within  3.0m :  59.3%
    ever within  5.0m :  71.3%
    ever within 10.0m :  92.7%
    where it STOPPED : mean  3.65  median  2.24  within 3m 68.5%

  p(stop) over 11,919 steps: mean 0.0149  p95 0.0828  max 0.5826
    (threshold 0.3 would fire on 0.45% of steps)
====================================================================
