[2026-09-30 17:00:01] a Stage 2 run is in progress; waiting
[2026-09-30 17:15:01] a Stage 2 run is in progress; waiting
[2026-09-30 17:30:01] a Stage 2 run is in progress; waiting
[2026-09-30 17:45:01] start cl_stage2_p50 (attempt 1)
[2026-09-30 18:00:30] done  cl_stage2_p50
[2026-09-30 18:00:30] start cl_stage2_p75 (attempt 1)
[2026-09-30 18:10:05] done  cl_stage2_p75
[2026-09-30 18:10:05] start cl_pointing_final (attempt 1)
[2026-09-30 18:15:59] done  cl_pointing_final
[2026-09-30 18:15:59] start cl_pointing_hist (attempt 1)
[2026-09-30 18:25:14] done  cl_pointing_hist
[2026-09-30 18:25:14] start cl_pointing_full3_40k (attempt 1)
[2026-09-30 18:35:16] done  cl_pointing_full3_40k
[2026-09-30 18:35:16] start cl_valseen_thr0.10 (attempt 1)
[2026-09-30 18:43:39] done  cl_valseen_thr0.10
[2026-09-30 18:43:39] start cl_valseen_thr0.15 (attempt 1)
[2026-09-30 18:53:24] done  cl_valseen_thr0.15
[2026-09-30 18:53:24] start cl_valseen_thr0.20 (attempt 1)
[2026-09-30 19:03:51] done  cl_valseen_thr0.20
[2026-09-30 19:03:51] start cl_valseen_thr0.30 (attempt 1)
[2026-09-30 19:15:32] done  cl_valseen_thr0.30
[2026-09-30 19:15:32] start cl_reasoner_strict_r1 (attempt 1)
[2026-09-30 19:23:04] done  cl_reasoner_strict_r1
[2026-09-30 19:23:04] start cl_reasoner_strict_r2 (attempt 1)
[2026-09-30 19:30:58] done  cl_reasoner_strict_r2
[2026-09-30 19:30:58] start cl_reasoner_strict_r3 (attempt 1)
[2026-09-30 19:38:22] done  cl_reasoner_strict_r3
[2026-09-30 19:38:22] start cl_reasoner_diag_r2 (attempt 1)
[2026-09-30 19:44:08] done  cl_reasoner_diag_r2
[2026-09-30 19:44:08] start cl_reasoner_diag_r3 (attempt 1)
[2026-09-30 19:49:55] done  cl_reasoner_diag_r3
[2026-09-30 19:49:55] start summary (attempt 1)
[2026-09-30 19:49:55] done  summary
[2026-09-30 19:49:58] ALL DONE -- see results/followups/summary.md
